./annexB/B.2.1.js
./annexB/B.2.1.propertyCheck.js
./annexB/B.2.2.js
./annexB/B.2.2.propertyCheck.js
./bestPractice/Sbp_7.8.4_A6.1_T4.js
./bestPractice/Sbp_7.8.4_A6.2_T1.js
./bestPractice/Sbp_7.8.4_A6.2_T2.js
./bestPractice/Sbp_7.9_A9_T3.js
./bestPractice/Sbp_7.9_A9_T4.js
./bestPractice/Sbp_A10_T1.js
./bestPractice/Sbp_A10_T2.js
./bestPractice/Sbp_A2_T1.js
./bestPractice/Sbp_A2_T2.js
./bestPractice/Sbp_A4_T1.js
./bestPractice/Sbp_A4_T2.js
./bestPractice/Sbp_A5_T1.js
./bestPractice/Sbp_A5_T2.js
./ch07/7.3/7.3-1.js
./ch07/7.3/7.3-2.js
./ch07/7.3/7.3-5.js
./ch07/7.3/7.3-6.js
./ch07/7.3/7.3-7.js
./ch07/7.3/7.3-8.js
./ch07/7.3/S7.3_A1.3.js
./ch07/7.3/S7.3_A1.4.js
./ch07/7.4/S7.4_A1_T1.js
./ch07/7.4/S7.4_A2_T1.js
./ch07/7.4/S7.4_A5.js
./ch07/7.4/S7.4_A6.js
./ch07/7.7/S7.7_A1.js
./ch07/7.9/S7.9_A2.js
./ch07/7.9/S7.9_A5.5_T2.js
./ch07/7.9/S7.9_A5.5_T3.js
./ch07/7.9/S7.9_A9_T1.js
./ch07/7.9/S7.9_A9_T2.js
./ch07/7.9/S7.9_A9_T5.js
./ch07/7.9/S7.9_A9_T9.js
./ch08/8.1/S8.1_A1_T2.js
./ch08/8.1/S8.1_A2_T1.js
./ch08/8.1/S8.1_A2_T2.js
./ch08/8.1/S8.1_A4.js
./ch08/8.3/S8.3_A1_T1.js
./ch08/8.4/S8.4_A12.js
./ch08/8.4/S8.4_A9_T1.js
./ch08/8.4/S8.4_A9_T2.js
./ch08/8.4/S8.4_A9_T3.js
./ch08/8.5/8.5.1.js
./ch08/8.5/S8.5_A5.js
./ch08/8.6/S8.6_A4_T1.js
./ch08/8.7/S8.7.1_A1.js
./ch08/8.7/S8.7.1_A2.js
./ch08/8.7/S8.7.2_A3.js
./ch08/8.7/S8.7_A1.js
./ch08/8.7/S8.7_A2.js
./ch08/8.7/S8.7_A3.js
./ch08/8.7/S8.7_A4.js
./ch08/8.7/S8.7_A5_T1.js
./ch08/8.7/S8.7_A5_T2.js
./ch08/8.7/S8.7_A6.js
./ch08/8.8/S8.8_A2_T2.js
./ch08/8.8/S8.8_A2_T3.js
./ch09/9.2/S9.2_A1_T1.js
./ch09/9.2/S9.2_A1_T2.js
./ch09/9.2/S9.2_A6_T1.js
./ch09/9.2/S9.2_A6_T2.js
./ch09/9.3/S9.3_A1_T1.js
./ch09/9.3/S9.3_A1_T2.js
./ch09/9.3/S9.3_A5_T1.js
./ch09/9.3/S9.3_A5_T2.js
./ch09/9.4/S9.4_A3_T1.js
./ch09/9.4/S9.4_A3_T2.js
./ch09/9.5/S9.5_A1_T1.js
./ch09/9.5/S9.5_A3.1_T1.js
./ch09/9.5/S9.5_A3.1_T2.js
./ch09/9.5/S9.5_A3.1_T3.js
./ch09/9.5/S9.5_A3.1_T4.js
./ch09/9.6/S9.6_A1.js
./ch09/9.6/S9.6_A3.1_T1.js
./ch09/9.6/S9.6_A3.1_T2.js
./ch09/9.6/S9.6_A3.1_T3.js
./ch09/9.6/S9.6_A3.1_T4.js
./ch09/9.7/S9.7_A3.1_T1.js
./ch09/9.7/S9.7_A3.1_T2.js
./ch09/9.7/S9.7_A3.1_T3.js
./ch09/9.7/S9.7_A3.1_T4.js
./ch09/9.8/S9.8_A1_T1.js
./ch09/9.8/S9.8_A1_T2.js
./ch09/9.8/S9.8_A5_T1.js
./ch09/9.8/S9.8_A5_T2.js
./ch09/9.9/S9.9_A1.js
./ch09/9.9/S9.9_A2.js
./ch09/9.9/S9.9_A6.js
./ch10/10.1/S10.1.1_A1_T3.js
./ch10/10.1/S10.1.6_A1_T1.js
./ch10/10.1/S10.1.6_A1_T2.js
./ch10/10.1/S10.1.6_A1_T3.js
./ch10/10.1/S10.1.7_A1_T1.js
./ch10/10.5/10.5-1-s.js
./ch10/10.5/10.5-7-b-1-s.js
./ch10/10.5/10.5-7-b-2-s.js
./ch10/10.5/10.5-7-b-3-s.js
./ch10/10.5/10.5-7-b-4-s.js
./ch10/10.6/10.6-10-c-ii-1.js
./ch10/10.6/10.6-10-c-ii-2-s.js
./ch10/10.6/10.6-10-c-ii-2.js
./ch10/10.6/10.6-11-b-1.js
./ch10/10.6/10.6-12-1.js
./ch10/10.6/10.6-12-2.js
./ch10/10.6/10.6-13-1.js
./ch10/10.6/10.6-13-a-1.js
./ch10/10.6/10.6-13-a-2.js
./ch10/10.6/10.6-13-a-3.js
./ch10/10.6/10.6-13-b-1-s.js
./ch10/10.6/10.6-13-c-1-s.js
./ch10/10.6/10.6-14-b-4-s.js
./ch10/10.6/10.6-14-c-4-s.js
./ch10/10.6/10.6-1gs.js
./ch10/10.6/10.6-6-3.js
./ch10/10.6/10.6-6-4.js
./ch10/10.6/10.6-7-1.js
./ch10/10.6/S10.6_A2.js
./ch10/10.6/S10.6_A3_T3.js
./ch10/10.6/S10.6_A3_T4.js
./ch10/10.6/S10.6_A4.js
./ch10/10.6/S10.6_A5_T3.js
./ch10/10.6/S10.6_A7.js
./ch11/11.12/S11.12_A2.1_T1.js
./ch11/11.12/S11.12_A2.1_T5.js
./ch11/11.12/S11.12_A2.1_T6.js
./ch11/11.12/S11.12_A3_T1.js
./ch11/11.12/S11.12_A3_T2.js
./ch11/11.12/S11.12_A3_T3.js
./ch11/11.12/S11.12_A4_T1.js
./ch11/11.12/S11.12_A4_T2.js
./ch11/11.12/S11.12_A4_T3.js
./ch11/11.14/S11.14_A1.js
./ch11/11.14/S11.14_A2.1_T1.js
./ch11/11.14/S11.14_A2.1_T2.js
./ch11/11.14/S11.14_A2.1_T3.js
./ch11/11.14/S11.14_A3.js
./ch12/12.1/S12.1_A2.js
./ch12/12.10/12.10-0-1.js
./ch12/12.10/12.10-0-10.js
./ch12/12.10/12.10-0-11.js
./ch12/12.10/12.10-0-12.js
./ch12/12.10/12.10-0-3.js
./ch12/12.10/12.10-0-7.js
./ch12/12.10/12.10-0-8.js
./ch12/12.10/12.10-0-9.js
./ch12/12.10/12.10-2-1.js
./ch12/12.10/12.10-2-2.js
./ch12/12.10/12.10-2-3.js
./ch12/12.10/12.10-7-1.js
./ch12/12.10/S12.10_A1.10_T1.js
./ch12/12.10/S12.10_A1.10_T2.js
./ch12/12.10/S12.10_A1.10_T3.js
./ch12/12.10/S12.10_A1.10_T4.js
./ch12/12.10/S12.10_A1.10_T5.js
./ch12/12.10/S12.10_A1.11_T1.js
./ch12/12.10/S12.10_A1.11_T2.js
./ch12/12.10/S12.10_A1.11_T3.js
./ch12/12.10/S12.10_A1.11_T4.js
./ch12/12.10/S12.10_A1.11_T5.js
./ch12/12.10/S12.10_A1.12_T1.js
./ch12/12.10/S12.10_A1.12_T2.js
./ch12/12.10/S12.10_A1.12_T3.js
./ch12/12.10/S12.10_A1.12_T4.js
./ch12/12.10/S12.10_A1.12_T5.js
./ch12/12.10/S12.10_A1.1_T1.js
./ch12/12.10/S12.10_A1.1_T2.js
./ch12/12.10/S12.10_A1.1_T3.js
./ch12/12.10/S12.10_A1.2_T1.js
./ch12/12.10/S12.10_A1.2_T2.js
./ch12/12.10/S12.10_A1.2_T3.js
./ch12/12.10/S12.10_A1.2_T4.js
./ch12/12.10/S12.10_A1.2_T5.js
./ch12/12.10/S12.10_A1.3_T1.js
./ch12/12.10/S12.10_A1.3_T2.js
./ch12/12.10/S12.10_A1.3_T3.js
./ch12/12.10/S12.10_A1.3_T4.js
./ch12/12.10/S12.10_A1.3_T5.js
./ch12/12.10/S12.10_A1.4_T1.js
./ch12/12.10/S12.10_A1.4_T2.js
./ch12/12.10/S12.10_A1.4_T3.js
./ch12/12.10/S12.10_A1.4_T4.js
./ch12/12.10/S12.10_A1.4_T5.js
./ch12/12.10/S12.10_A1.5_T1.js
./ch12/12.10/S12.10_A1.5_T2.js
./ch12/12.10/S12.10_A1.5_T3.js
./ch12/12.10/S12.10_A1.5_T4.js
./ch12/12.10/S12.10_A1.5_T5.js
./ch12/12.10/S12.10_A1.6_T1.js
./ch12/12.10/S12.10_A1.6_T2.js
./ch12/12.10/S12.10_A1.6_T3.js
./ch12/12.10/S12.10_A1.7_T1.js
./ch12/12.10/S12.10_A1.7_T2.js
./ch12/12.10/S12.10_A1.7_T3.js
./ch12/12.10/S12.10_A1.7_T4.js
./ch12/12.10/S12.10_A1.7_T5.js
./ch12/12.10/S12.10_A1.8_T1.js
./ch12/12.10/S12.10_A1.8_T2.js
./ch12/12.10/S12.10_A1.8_T3.js
./ch12/12.10/S12.10_A1.8_T4.js
./ch12/12.10/S12.10_A1.8_T5.js
./ch12/12.10/S12.10_A1.9_T1.js
./ch12/12.10/S12.10_A1.9_T2.js
./ch12/12.10/S12.10_A1.9_T3.js
./ch12/12.10/S12.10_A3.10_T1.js
./ch12/12.10/S12.10_A3.10_T2.js
./ch12/12.10/S12.10_A3.10_T3.js
./ch12/12.10/S12.10_A3.10_T4.js
./ch12/12.10/S12.10_A3.10_T5.js
./ch12/12.10/S12.10_A3.11_T1.js
./ch12/12.10/S12.10_A3.11_T2.js
./ch12/12.10/S12.10_A3.11_T3.js
./ch12/12.10/S12.10_A3.11_T4.js
./ch12/12.10/S12.10_A3.11_T5.js
./ch12/12.10/S12.10_A3.12_T1.js
./ch12/12.10/S12.10_A3.12_T2.js
./ch12/12.10/S12.10_A3.12_T3.js
./ch12/12.10/S12.10_A3.12_T4.js
./ch12/12.10/S12.10_A3.12_T5.js
./ch12/12.10/S12.10_A3.1_T1.js
./ch12/12.10/S12.10_A3.1_T2.js
./ch12/12.10/S12.10_A3.1_T3.js
./ch12/12.10/S12.10_A3.2_T1.js
./ch12/12.10/S12.10_A3.2_T2.js
./ch12/12.10/S12.10_A3.2_T3.js
./ch12/12.10/S12.10_A3.2_T4.js
./ch12/12.10/S12.10_A3.2_T5.js
./ch12/12.10/S12.10_A3.3_T1.js
./ch12/12.10/S12.10_A3.3_T2.js
./ch12/12.10/S12.10_A3.3_T3.js
./ch12/12.10/S12.10_A3.3_T4.js
./ch12/12.10/S12.10_A3.4_T1.js
./ch12/12.10/S12.10_A3.4_T2.js
./ch12/12.10/S12.10_A3.4_T3.js
./ch12/12.10/S12.10_A3.4_T4.js
./ch12/12.10/S12.10_A3.4_T5.js
./ch12/12.10/S12.10_A3.5_T1.js
./ch12/12.10/S12.10_A3.5_T2.js
./ch12/12.10/S12.10_A3.5_T3.js
./ch12/12.10/S12.10_A3.5_T4.js
./ch12/12.10/S12.10_A3.5_T5.js
./ch12/12.10/S12.10_A3.6_T1.js
./ch12/12.10/S12.10_A3.6_T2.js
./ch12/12.10/S12.10_A3.6_T3.js
./ch12/12.10/S12.10_A3.7_T1.js
./ch12/12.10/S12.10_A3.7_T2.js
./ch12/12.10/S12.10_A3.7_T3.js
./ch12/12.10/S12.10_A3.7_T4.js
./ch12/12.10/S12.10_A3.7_T5.js
./ch12/12.10/S12.10_A3.8_T1.js
./ch12/12.10/S12.10_A3.8_T2.js
./ch12/12.10/S12.10_A3.8_T3.js
./ch12/12.10/S12.10_A3.8_T4.js
./ch12/12.10/S12.10_A3.8_T5.js
./ch12/12.10/S12.10_A3.9_T1.js
./ch12/12.10/S12.10_A3.9_T2.js
./ch12/12.10/S12.10_A3.9_T3.js
./ch12/12.10/S12.10_A4_T1.js
./ch12/12.10/S12.10_A4_T2.js
./ch12/12.10/S12.10_A4_T3.js
./ch12/12.10/S12.10_A4_T4.js
./ch12/12.10/S12.10_A4_T5.js
./ch12/12.10/S12.10_A4_T6.js
./ch12/12.10/S12.10_A5_T1.js
./ch12/12.10/S12.10_A5_T2.js
./ch12/12.10/S12.10_A5_T3.js
./ch12/12.10/S12.10_A5_T4.js
./ch12/12.10/S12.10_A5_T5.js
./ch12/12.10/S12.10_A5_T6.js
./ch12/12.11/S12.11_A1_T1.js
./ch12/12.11/S12.11_A1_T2.js
./ch12/12.11/S12.11_A1_T3.js
./ch12/12.11/S12.11_A1_T4.js
./ch12/12.11/S12.11_A4_T1.js
./ch12/12.12/S12.12_A1_T1.js
./ch12/12.13/S12.13_A2_T7.js
./ch12/12.13/S12.13_A3_T4.js
./ch12/12.14/12.14-1.js
./ch12/12.14/12.14-13.js
./ch12/12.14/12.14-14.js
./ch12/12.14/12.14-15.js
./ch12/12.14/12.14-16.js
./ch12/12.14/12.14-2.js
./ch12/12.14/S12.14_A10_T2.js
./ch12/12.14/S12.14_A10_T3.js
./ch12/12.14/S12.14_A10_T5.js
./ch12/12.14/S12.14_A11_T2.js
./ch12/12.14/S12.14_A11_T3.js
./ch12/12.14/S12.14_A11_T4.js
./ch12/12.14/S12.14_A12_T1.js
./ch12/12.14/S12.14_A12_T2.js
./ch12/12.14/S12.14_A12_T3.js
./ch12/12.14/S12.14_A12_T4.js
./ch12/12.14/S12.14_A13_T2.js
./ch12/12.14/S12.14_A13_T3.js
./ch12/12.14/S12.14_A14.js
./ch12/12.14/S12.14_A15.js
./ch12/12.14/S12.14_A17.js
./ch12/12.14/S12.14_A18_T7.js
./ch12/12.14/S12.14_A19_T1.js
./ch12/12.14/S12.14_A19_T2.js
./ch12/12.14/S12.14_A2.js
./ch12/12.14/S12.14_A3.js
./ch12/12.14/S12.14_A4.js
./ch12/12.14/S12.14_A5.js
./ch12/12.14/S12.14_A6.js
./ch12/12.14/S12.14_A7_T1.js
./ch12/12.14/S12.14_A7_T2.js
./ch12/12.14/S12.14_A7_T3.js
./ch12/12.14/S12.14_A9_T1.js
./ch12/12.14/S12.14_A9_T2.js
./ch12/12.14/S12.14_A9_T3.js
./ch12/12.14/S12.14_A9_T4.js
./ch12/12.14/S12.14_A9_T5.js
./ch12/12.2/S12.2_A1.js
./ch12/12.2/S12.2_A10.js
./ch12/12.2/S12.2_A11.js
./ch12/12.2/S12.2_A12.js
./ch12/12.2/S12.2_A2.js
./ch12/12.2/S12.2_A4.js
./ch12/12.2/S12.2_A5.js
./ch12/12.2/S12.2_A6_T1.js
./ch12/12.2/S12.2_A6_T2.js
./ch12/12.2/S12.2_A7.js
./ch12/12.2/S12.2_A9.js
./ch12/12.4/S12.4_A2_T1.js
./ch12/12.4/S12.4_A2_T2.js
./ch12/12.5/S12.5_A1.2_T1.js
./ch12/12.5/S12.5_A1.2_T2.js
./ch12/12.7/12.7-1.js
./ch12/12.7/S12.7_A2.js
./ch12/12.7/S12.7_A7.js
./ch12/12.8/12.8-1.js
./ch12/12.8/S12.8_A2.js
./ch12/12.8/S12.8_A3.js
./ch12/12.8/S12.8_A4_T1.js
./ch12/12.8/S12.8_A4_T2.js
./ch12/12.8/S12.8_A4_T3.js
./ch12/12.8/S12.8_A7.js
./ch12/12.9/12.9-1.js
./ch12/12.9/S12.9_A3.js
./ch12/12.9/S12.9_A4.js
./ch13/13.0/13.0-10-s.js
./ch13/13.0/13.0-11-s.js
./ch13/13.0/13.0-12-s.js
./ch13/13.0/13.0-13-s.js
./ch13/13.0/13.0-14-s.js
./ch13/13.0/13.0-17-s.js
./ch13/13.0/13.0-8-s.js
./ch13/13.0/13.0-9-s.js
./ch13/13.0/S13_A1.js
./ch13/13.0/S13_A11_T1.js
./ch13/13.0/S13_A11_T2.js
./ch13/13.0/S13_A11_T3.js
./ch13/13.0/S13_A11_T4.js
./ch13/13.0/S13_A12_T1.js
./ch13/13.0/S13_A12_T2.js
./ch13/13.0/S13_A13_T1.js
./ch13/13.0/S13_A13_T2.js
./ch13/13.0/S13_A13_T3.js
./ch13/13.0/S13_A15_T1.js
./ch13/13.0/S13_A15_T2.js
./ch13/13.0/S13_A15_T3.js
./ch13/13.0/S13_A15_T4.js
./ch13/13.0/S13_A15_T5.js
./ch13/13.0/S13_A17_T1.js
./ch13/13.0/S13_A17_T2.js
./ch13/13.0/S13_A18.js
./ch13/13.0/S13_A19_T1.js
./ch13/13.0/S13_A19_T2.js
./ch13/13.0/S13_A2_T1.js
./ch13/13.0/S13_A2_T2.js
./ch13/13.0/S13_A2_T3.js
./ch13/13.0/S13_A4_T3.js
./ch13/13.1/13.1-1-1.js
./ch13/13.1/13.1-1-s.js
./ch13/13.1/13.1-10-s.js
./ch13/13.1/13.1-11-s.js
./ch13/13.1/13.1-12-s.js
./ch13/13.1/13.1-13-s.js
./ch13/13.1/13.1-14-s.js
./ch13/13.1/13.1-2-s.js
./ch13/13.1/13.1-3-7.js
./ch13/13.1/13.1-3-s.js
./ch13/13.1/13.1-4-s.js
./ch13/13.1/13.1-5-s.js
./ch13/13.1/13.1-6-s.js
./ch13/13.1/13.1-7-s.js
./ch13/13.1/13.1-8-s.js
./ch13/13.1/13.1-9-s.js
./ch13/13.2/13.2-1-s.js
./ch13/13.2/13.2-13-s.js
./ch13/13.2/13.2-14-s.js
./ch13/13.2/13.2-15-1.js
./ch13/13.2/13.2-15-s.js
./ch13/13.2/13.2-16-s.js
./ch13/13.2/13.2-17-1.js
./ch13/13.2/13.2-18-1.js
./ch13/13.2/13.2-2-s.js
./ch13/13.2/13.2-21-s.js
./ch13/13.2/13.2-22-s.js
./ch13/13.2/13.2-25-s.js
./ch13/13.2/13.2-26-s.js
./ch13/13.2/13.2-3-s.js
./ch13/13.2/13.2-31-s.js
./ch13/13.2/13.2-35-s.js
./ch13/13.2/13.2-4-s.js
./ch13/13.2/13.2-5-s.js
./ch13/13.2/13.2-6-s.js
./ch13/13.2/13.2-7-s.js
./ch13/13.2/13.2-8-s.js
./ch13/13.2/S13.2.1_A4_T3.js
./ch13/13.2/S13.2.1_A4_T4.js
./ch13/13.2/S13.2.1_A5_T1.js
./ch13/13.2/S13.2.1_A6_T1.js
./ch13/13.2/S13.2.1_A6_T2.js
./ch13/13.2/S13.2.1_A7_T3.js
./ch13/13.2/S13.2.1_A7_T4.js
./ch13/13.2/S13.2.2_A10.js
./ch13/13.2/S13.2.2_A11.js
./ch13/13.2/S13.2.2_A12.js
./ch13/13.2/S13.2.2_A13.js
./ch13/13.2/S13.2.2_A14.js
./ch13/13.2/S13.2.2_A15_T1.js
./ch13/13.2/S13.2.2_A15_T2.js
./ch13/13.2/S13.2.2_A15_T3.js
./ch13/13.2/S13.2.2_A15_T4.js
./ch13/13.2/S13.2.2_A16_T1.js
./ch13/13.2/S13.2.2_A16_T2.js
./ch13/13.2/S13.2.2_A16_T3.js
./ch13/13.2/S13.2.2_A17_T2.js
./ch13/13.2/S13.2.2_A17_T3.js
./ch13/13.2/S13.2.2_A18_T1.js
./ch13/13.2/S13.2.2_A18_T2.js
./ch13/13.2/S13.2.2_A19_T1.js
./ch13/13.2/S13.2.2_A19_T2.js
./ch13/13.2/S13.2.2_A19_T3.js
./ch13/13.2/S13.2.2_A19_T4.js
./ch13/13.2/S13.2.2_A19_T5.js
./ch13/13.2/S13.2.2_A19_T6.js
./ch13/13.2/S13.2.2_A19_T7.js
./ch13/13.2/S13.2.2_A19_T8.js
./ch13/13.2/S13.2.2_A1_T1.js
./ch13/13.2/S13.2.2_A1_T2.js
./ch13/13.2/S13.2.2_A2.js
./ch13/13.2/S13.2.2_A3_T1.js
./ch13/13.2/S13.2.2_A3_T2.js
./ch13/13.2/S13.2.2_A4_T1.js
./ch13/13.2/S13.2.2_A4_T2.js
./ch13/13.2/S13.2.2_A5_T1.js
./ch13/13.2/S13.2.2_A5_T2.js
./ch13/13.2/S13.2.2_A6_T1.js
./ch13/13.2/S13.2.2_A6_T2.js
./ch13/13.2/S13.2.2_A7_T1.js
./ch13/13.2/S13.2.2_A7_T2.js
./ch13/13.2/S13.2.2_A8_T1.js
./ch13/13.2/S13.2.2_A8_T2.js
./ch13/13.2/S13.2.2_A8_T3.js
./ch13/13.2/S13.2.2_A9.js
./ch13/13.2/S13.2.3_A1.js
./ch13/13.2/S13.2_A3.js
./ch13/13.2/S13.2_A5.js
./ch13/13.2/S13.2_A8_T1.js
./ch13/13.2/S13.2_A8_T2.js
./ch14/14.0/S14_A1.js
./ch14/14.0/S14_A2.js
./ch14/14.0/S14_A3.js
./ch14/14.1/14.1-16-s.js
./ch14/14.1/14.1-17-s.js
./ch14/14.1/14.1-3-s.js
./ch14/14.1/14.1-4-s.js
./ch14/14.1/14.1-5-s.js
./ch14/14.1/14.1-6-s.js
./ch14/14.1/14.1-7-s.js
./ch15/15.11/15.11-1.js
./ch15/15.11/15.11-2.js
./ch15/15.12/15.12-0-2.js
./ch15/15.12/15.12-0-3.js
./ch15/15.2/S15.2_A1.js
./ch15/15.3/S15.3.1_A1_T1.js
./ch15/15.3/S15.3_A1.js
./ch15/15.3/S15.3_A3_T1.js
./ch15/15.3/S15.3_A3_T2.js
./ch15/15.3/S15.3_A3_T3.js
./ch15/15.3/S15.3_A3_T4.js
./ch15/15.3/S15.3_A3_T5.js
./ch15/15.3/S15.3_A3_T6.js
./ch15/15.4/S15.4_A1.1_T1.js
./ch15/15.4/S15.4_A1.1_T10.js
./ch15/15.4/S15.4_A1.1_T2.js
./ch15/15.4/S15.4_A1.1_T3.js
./ch15/15.4/S15.4_A1.1_T4.js
./ch15/15.4/S15.4_A1.1_T5.js
./ch15/15.4/S15.4_A1.1_T6.js
./ch15/15.4/S15.4_A1.1_T7.js
./ch15/15.4/S15.4_A1.1_T8.js
./ch15/15.4/S15.4_A1.1_T9.js
./ch07/7.6/7.6.1/7.6.1-1-1.js
./ch07/7.6/7.6.1/7.6.1-1-10.js
./ch07/7.6/7.6.1/7.6.1-1-11.js
./ch07/7.6/7.6.1/7.6.1-1-12.js
./ch07/7.6/7.6.1/7.6.1-1-13.js
./ch07/7.6/7.6.1/7.6.1-1-14.js
./ch07/7.6/7.6.1/7.6.1-1-15.js
./ch07/7.6/7.6.1/7.6.1-1-16.js
./ch07/7.6/7.6.1/7.6.1-1-2.js
./ch07/7.6/7.6.1/7.6.1-1-3.js
./ch07/7.6/7.6.1/7.6.1-1-4.js
./ch07/7.6/7.6.1/7.6.1-1-5.js
./ch07/7.6/7.6.1/7.6.1-1-6.js
./ch07/7.6/7.6.1/7.6.1-1-7.js
./ch07/7.6/7.6.1/7.6.1-1-8.js
./ch07/7.6/7.6.1/7.6.1-1-9.js
./ch07/7.6/7.6.1/7.6.1-2-1.js
./ch07/7.6/7.6.1/7.6.1-2-10.js
./ch07/7.6/7.6.1/7.6.1-2-11.js
./ch07/7.6/7.6.1/7.6.1-2-12.js
./ch07/7.6/7.6.1/7.6.1-2-13.js
./ch07/7.6/7.6.1/7.6.1-2-14.js
./ch07/7.6/7.6.1/7.6.1-2-15.js
./ch07/7.6/7.6.1/7.6.1-2-16.js
./ch07/7.6/7.6.1/7.6.1-2-2.js
./ch07/7.6/7.6.1/7.6.1-2-3.js
./ch07/7.6/7.6.1/7.6.1-2-4.js
./ch07/7.6/7.6.1/7.6.1-2-5.js
./ch07/7.6/7.6.1/7.6.1-2-6.js
./ch07/7.6/7.6.1/7.6.1-2-7.js
./ch07/7.6/7.6.1/7.6.1-2-8.js
./ch07/7.6/7.6.1/7.6.1-2-9.js
./ch07/7.6/7.6.1/7.6.1-3-1.js
./ch07/7.6/7.6.1/7.6.1-3-10.js
./ch07/7.6/7.6.1/7.6.1-3-11.js
./ch07/7.6/7.6.1/7.6.1-3-12.js
./ch07/7.6/7.6.1/7.6.1-3-13.js
./ch07/7.6/7.6.1/7.6.1-3-14.js
./ch07/7.6/7.6.1/7.6.1-3-15.js
./ch07/7.6/7.6.1/7.6.1-3-16.js
./ch07/7.6/7.6.1/7.6.1-3-2.js
./ch07/7.6/7.6.1/7.6.1-3-3.js
./ch07/7.6/7.6.1/7.6.1-3-4.js
./ch07/7.6/7.6.1/7.6.1-3-5.js
./ch07/7.6/7.6.1/7.6.1-3-6.js
./ch07/7.6/7.6.1/7.6.1-3-7.js
./ch07/7.6/7.6.1/7.6.1-3-8.js
./ch07/7.6/7.6.1/7.6.1-3-9.js
./ch07/7.6/7.6.1/7.6.1-5-1.js
./ch07/7.6/7.6.1/7.6.1-5-10.js
./ch07/7.6/7.6.1/7.6.1-5-11.js
./ch07/7.6/7.6.1/7.6.1-5-12.js
./ch07/7.6/7.6.1/7.6.1-5-13.js
./ch07/7.6/7.6.1/7.6.1-5-14.js
./ch07/7.6/7.6.1/7.6.1-5-15.js
./ch07/7.6/7.6.1/7.6.1-5-16.js
./ch07/7.6/7.6.1/7.6.1-5-2.js
./ch07/7.6/7.6.1/7.6.1-5-3.js
./ch07/7.6/7.6.1/7.6.1-5-4.js
./ch07/7.6/7.6.1/7.6.1-5-5.js
./ch07/7.6/7.6.1/7.6.1-5-6.js
./ch07/7.6/7.6.1/7.6.1-5-7.js
./ch07/7.6/7.6.1/7.6.1-5-8.js
./ch07/7.6/7.6.1/7.6.1-5-9.js
./ch07/7.6/7.6.1/7.6.1-6-1.js
./ch07/7.6/7.6.1/7.6.1-6-10.js
./ch07/7.6/7.6.1/7.6.1-6-11.js
./ch07/7.6/7.6.1/7.6.1-6-12.js
./ch07/7.6/7.6.1/7.6.1-6-13.js
./ch07/7.6/7.6.1/7.6.1-6-14.js
./ch07/7.6/7.6.1/7.6.1-6-15.js
./ch07/7.6/7.6.1/7.6.1-6-16.js
./ch07/7.6/7.6.1/7.6.1-6-2.js
./ch07/7.6/7.6.1/7.6.1-6-3.js
./ch07/7.6/7.6.1/7.6.1-6-4.js
./ch07/7.6/7.6.1/7.6.1-6-5.js
./ch07/7.6/7.6.1/7.6.1-6-6.js
./ch07/7.6/7.6.1/7.6.1-6-7.js
./ch07/7.6/7.6.1/7.6.1-6-8.js
./ch07/7.6/7.6.1/7.6.1-6-9.js
./ch07/7.6/7.6.1/7.6.1-7-1.js
./ch07/7.6/7.6.1/7.6.1-7-10.js
./ch07/7.6/7.6.1/7.6.1-7-11.js
./ch07/7.6/7.6.1/7.6.1-7-12.js
./ch07/7.6/7.6.1/7.6.1-7-13.js
./ch07/7.6/7.6.1/7.6.1-7-14.js
./ch07/7.6/7.6.1/7.6.1-7-15.js
./ch07/7.6/7.6.1/7.6.1-7-16.js
./ch07/7.6/7.6.1/7.6.1-7-2.js
./ch07/7.6/7.6.1/7.6.1-7-3.js
./ch07/7.6/7.6.1/7.6.1-7-4.js
./ch07/7.6/7.6.1/7.6.1-7-5.js
./ch07/7.6/7.6.1/7.6.1-7-6.js
./ch07/7.6/7.6.1/7.6.1-7-7.js
./ch07/7.6/7.6.1/7.6.1-7-8.js
./ch07/7.6/7.6.1/7.6.1-7-9.js
./ch07/7.6/7.6.1/7.6.1-8-1.js
./ch07/7.6/7.6.1/7.6.1-8-10.js
./ch07/7.6/7.6.1/7.6.1-8-11.js
./ch07/7.6/7.6.1/7.6.1-8-12.js
./ch07/7.6/7.6.1/7.6.1-8-13.js
./ch07/7.6/7.6.1/7.6.1-8-14.js
./ch07/7.6/7.6.1/7.6.1-8-15.js
./ch07/7.6/7.6.1/7.6.1-8-16.js
./ch07/7.6/7.6.1/7.6.1-8-2.js
./ch07/7.6/7.6.1/7.6.1-8-3.js
./ch07/7.6/7.6.1/7.6.1-8-4.js
./ch07/7.6/7.6.1/7.6.1-8-5.js
./ch07/7.6/7.6.1/7.6.1-8-6.js
./ch07/7.6/7.6.1/7.6.1-8-7.js
./ch07/7.6/7.6.1/7.6.1-8-8.js
./ch07/7.6/7.6.1/7.6.1-8-9.js
./ch07/7.8/7.8.3/7.8.3-1-s.js
./ch07/7.8/7.8.3/7.8.3-2-s.js
./ch07/7.8/7.8.3/7.8.3-3-s.js
./ch07/7.8/7.8.3/7.8.3-3gs.js
./ch07/7.8/7.8.3/7.8.3-4-s.js
./ch07/7.8/7.8.3/7.8.3-5-s.js
./ch07/7.8/7.8.3/7.8.3-6-s.js
./ch07/7.8/7.8.3/7.8.3-7-s.js
./ch07/7.8/7.8.4/S7.8.4_A2.1_T1.js
./ch07/7.8/7.8.4/S7.8.4_A2.1_T2.js
./ch07/7.8/7.8.4/S7.8.4_A2.2_T1.js
./ch07/7.8/7.8.4/S7.8.4_A2.2_T2.js
./ch07/7.8/7.8.4/S7.8.4_A2.3_T1.js
./ch07/7.8/7.8.4/S7.8.4_A4.2_T1.js
./ch07/7.8/7.8.4/S7.8.4_A4.2_T3.js
./ch07/7.8/7.8.4/S7.8.4_A4.2_T5.js
./ch07/7.8/7.8.4/S7.8.4_A4.2_T7.js
./ch07/7.8/7.8.4/S7.8.4_A6.1_T2.js
./ch07/7.8/7.8.4/S7.8.4_A6.1_T3.js
./ch07/7.8/7.8.4/S7.8.4_A7.1_T2.js
./ch07/7.8/7.8.4/S7.8.4_A7.1_T3.js
./ch07/7.8/7.8.4/S7.8.4_A7.1_T4.js
./ch07/7.8/7.8.4/S7.8.4_A7.2_T1.js
./ch07/7.8/7.8.4/S7.8.4_A7.2_T2.js
./ch07/7.8/7.8.4/S7.8.4_A7.2_T3.js
./ch07/7.8/7.8.4/S7.8.4_A7.2_T4.js
./ch07/7.8/7.8.4/S7.8.4_A7.2_T5.js
./ch07/7.8/7.8.4/S7.8.4_A7.2_T6.js
./ch07/7.8/7.8.5/7.8.5-2gs.js
./ch07/7.8/7.8.5/S7.8.5_A1.1_T2.js
./ch07/7.8/7.8.5/S7.8.5_A1.4_T2.js
./ch07/7.8/7.8.5/S7.8.5_A2.1_T2.js
./ch07/7.8/7.8.5/S7.8.5_A2.4_T2.js
./ch07/7.8/7.8.5/S7.8.5_A4.1.js
./ch08/8.12/8.12.3/S8.12.3_A1.js
./ch08/8.12/8.12.4/8.14.4-8-b_1.js
./ch08/8.12/8.12.4/8.14.4-8-b_2.js
./ch08/8.12/8.12.5/8.12.5-3-b_1.js
./ch08/8.12/8.12.5/8.12.5-3-b_2.js
./ch08/8.12/8.12.5/8.12.5-5-b_1.js
./ch08/8.12/8.12.5/S8.12.5_A1.js
./ch08/8.12/8.12.5/S8.12.5_A2.js
./ch08/8.12/8.12.6/S8.12.6_A2_T2.js
./ch08/8.12/8.12.7/S8.12.7_A1.js
./ch08/8.12/8.12.7/S8.12.7_A2_T1.js
./ch08/8.12/8.12.7/S8.12.7_A2_T2.js
./ch08/8.12/8.12.7/S8.12.7_A3.js
./ch08/8.12/8.12.8/S8.12.8_A1.js
./ch08/8.12/8.12.8/S8.12.8_A2.js
./ch08/8.12/8.12.8/S8.12.8_A3.js
./ch08/8.12/8.12.8/S8.12.8_A4.js
./ch08/8.6/8.6.1/S8.6.1_A3.js
./ch08/8.6/8.6.2/S8.6.2_A1.js
./ch08/8.6/8.6.2/S8.6.2_A2.js
./ch08/8.6/8.6.2/S8.6.2_A4.js
./ch08/8.6/8.6.2/S8.6.2_A5_T1.js
./ch08/8.6/8.6.2/S8.6.2_A5_T2.js
./ch08/8.6/8.6.2/S8.6.2_A5_T3.js
./ch08/8.6/8.6.2/S8.6.2_A5_T4.js
./ch08/8.6/8.6.2/S8.6.2_A6.js
./ch08/8.6/8.6.2/S8.6.2_A8.js
./ch08/8.7/8.7.2/8.7.2-1-s.js
./ch08/8.7/8.7.2/8.7.2-3-s.js
./ch08/8.7/8.7.2/8.7.2-4-s.js
./ch08/8.7/8.7.2/8.7.2-5-s.js
./ch10/10.1/10.1.1/10.1.1-1-s.js
./ch10/10.1/10.1.1/10.1.1-10-s.js
./ch10/10.1/10.1.1/10.1.1-11-s.js
./ch10/10.1/10.1.1/10.1.1-12-s.js
./ch10/10.1/10.1.1/10.1.1-13-s.js
./ch10/10.1/10.1.1/10.1.1-14-s.js
./ch10/10.1/10.1.1/10.1.1-15-s.js
./ch10/10.1/10.1.1/10.1.1-16-s.js
./ch10/10.1/10.1.1/10.1.1-17-s.js
./ch10/10.1/10.1.1/10.1.1-18-s.js
./ch10/10.1/10.1.1/10.1.1-19-s.js
./ch10/10.1/10.1.1/10.1.1-2-s.js
./ch10/10.1/10.1.1/10.1.1-20-s.js
./ch10/10.1/10.1.1/10.1.1-21-s.js
./ch10/10.1/10.1.1/10.1.1-22-s.js
./ch10/10.1/10.1.1/10.1.1-23-s.js
./ch10/10.1/10.1.1/10.1.1-24-s.js
./ch10/10.1/10.1.1/10.1.1-25-s.js
./ch10/10.1/10.1.1/10.1.1-26-s.js
./ch10/10.1/10.1.1/10.1.1-27-s.js
./ch10/10.1/10.1.1/10.1.1-28-s.js
./ch10/10.1/10.1.1/10.1.1-29-s.js
./ch10/10.1/10.1.1/10.1.1-3-s.js
./ch10/10.1/10.1.1/10.1.1-30-s.js
./ch10/10.1/10.1.1/10.1.1-31-s.js
./ch10/10.1/10.1.1/10.1.1-32-s.js
./ch10/10.1/10.1.1/10.1.1-4-s.js
./ch10/10.1/10.1.1/10.1.1-5-s.js
./ch10/10.1/10.1.1/10.1.1-6-s.js
./ch10/10.1/10.1.1/10.1.1-7-s.js
./ch10/10.1/10.1.1/10.1.1-8-s.js
./ch10/10.1/10.1.1/10.1.1-9-s.js
./ch10/10.2/10.2.1/S10.2.1_A2.js
./ch10/10.2/10.2.1/S10.2.1_A3.js
./ch10/10.2/10.2.1/S10.2.1_A4_T1.js
./ch10/10.2/10.2.1/S10.2.1_A4_T2.js
./ch10/10.2/10.2.1/S10.2.1_A5.2_T1.js
./ch10/10.2/10.2.2/S10.2.2_A1_T3.js
./ch10/10.2/10.2.2/S10.2.2_A1_T5.js
./ch10/10.2/10.2.2/S10.2.2_A1_T6.js
./ch10/10.2/10.2.2/S10.2.2_A1_T7.js
./ch10/10.2/10.2.2/S10.2.2_A1_T8.js
./ch10/10.2/10.2.2/S10.2.2_A1_T9.js
./ch10/10.4/10.4.1/S10.4.1_A1_T1.js
./ch10/10.4/10.4.1/S10.4.1_A1_T2.js
./ch10/10.4/10.4.2/10.4.2-1-1.js
./ch10/10.4/10.4.2/10.4.2-1-2.js
./ch10/10.4/10.4.2/10.4.2-1-3.js
./ch10/10.4/10.4.2/10.4.2-1-4.js
./ch10/10.4/10.4.2/10.4.2-1-5.js
./ch10/10.4/10.4.2/10.4.2-2-s.js
./ch10/10.4/10.4.2/10.4.2-3-c-1-s.js
./ch10/10.4/10.4.2/10.4.2-3-c-2-s.js
./ch10/10.4/10.4.2/10.4.2.1-2-s.js
./ch10/10.4/10.4.2/10.4.2.1-4-s.js
./ch10/10.4/10.4.2/S10.4.2.1_A1.js
./ch10/10.4/10.4.2/S10.4.2_A1.1_T1.js
./ch10/10.4/10.4.2/S10.4.2_A1.1_T10.js
./ch10/10.4/10.4.2/S10.4.2_A1.1_T11.js
./ch10/10.4/10.4.2/S10.4.2_A1.1_T2.js
./ch10/10.4/10.4.2/S10.4.2_A1.1_T3.js
./ch10/10.4/10.4.2/S10.4.2_A1.1_T4.js
./ch10/10.4/10.4.2/S10.4.2_A1.1_T5.js
./ch10/10.4/10.4.2/S10.4.2_A1.1_T6.js
./ch10/10.4/10.4.2/S10.4.2_A1.1_T7.js
./ch10/10.4/10.4.2/S10.4.2_A1.1_T8.js
./ch10/10.4/10.4.2/S10.4.2_A1.1_T9.js
./ch10/10.4/10.4.2/S10.4.2_A1.2_T1.js
./ch10/10.4/10.4.2/S10.4.2_A1.2_T10.js
./ch10/10.4/10.4.2/S10.4.2_A1.2_T11.js
./ch10/10.4/10.4.2/S10.4.2_A1.2_T2.js
./ch10/10.4/10.4.2/S10.4.2_A1.2_T3.js
./ch10/10.4/10.4.2/S10.4.2_A1.2_T4.js
./ch10/10.4/10.4.2/S10.4.2_A1.2_T5.js
./ch10/10.4/10.4.2/S10.4.2_A1.2_T6.js
./ch10/10.4/10.4.2/S10.4.2_A1.2_T7.js
./ch10/10.4/10.4.2/S10.4.2_A1.2_T8.js
./ch10/10.4/10.4.2/S10.4.2_A1.2_T9.js
./ch10/10.4/10.4.3/10.4.3-1-1-s.js
./ch10/10.4/10.4.3/10.4.3-1-101-s.js
./ch10/10.4/10.4.3/10.4.3-1-101gs.js
./ch10/10.4/10.4.3/10.4.3-1-103.js
./ch10/10.4/10.4.3/10.4.3-1-104.js
./ch10/10.4/10.4.3/10.4.3-1-105.js
./ch10/10.4/10.4.3/10.4.3-1-106.js
./ch10/10.4/10.4.3/10.4.3-1-15-s.js
./ch10/10.4/10.4.3/10.4.3-1-15gs.js
./ch10/10.4/10.4.3/10.4.3-1-16-s.js
./ch10/10.4/10.4.3/10.4.3-1-16gs.js
./ch10/10.4/10.4.3/10.4.3-1-17-s.js
./ch10/10.4/10.4.3/10.4.3-1-17gs.js
./ch10/10.4/10.4.3/10.4.3-1-18gs.js
./ch10/10.4/10.4.3/10.4.3-1-19-s.js
./ch10/10.4/10.4.3/10.4.3-1-19gs.js
./ch10/10.4/10.4.3/10.4.3-1-2-s.js
./ch10/10.4/10.4.3/10.4.3-1-20-s.js
./ch10/10.4/10.4.3/10.4.3-1-20gs.js
./ch10/10.4/10.4.3/10.4.3-1-21-s.js
./ch10/10.4/10.4.3/10.4.3-1-21gs.js
./ch10/10.4/10.4.3/10.4.3-1-22-s.js
./ch10/10.4/10.4.3/10.4.3-1-22gs.js
./ch10/10.4/10.4.3/10.4.3-1-23-s.js
./ch10/10.4/10.4.3/10.4.3-1-23gs.js
./ch10/10.4/10.4.3/10.4.3-1-24-s.js
./ch10/10.4/10.4.3/10.4.3-1-24gs.js
./ch10/10.4/10.4.3/10.4.3-1-25-s.js
./ch10/10.4/10.4.3/10.4.3-1-25gs.js
./ch10/10.4/10.4.3/10.4.3-1-26-s.js
./ch10/10.4/10.4.3/10.4.3-1-26gs.js
./ch10/10.4/10.4.3/10.4.3-1-3-s.js
./ch10/10.4/10.4.3/10.4.3-1-4-s.js
./ch10/10.4/10.4.3/10.4.3-1-45-s.js
./ch10/10.4/10.4.3/10.4.3-1-45gs.js
./ch10/10.4/10.4.3/10.4.3-1-46-s.js
./ch10/10.4/10.4.3/10.4.3-1-46gs.js
./ch10/10.4/10.4.3/10.4.3-1-47-s.js
./ch10/10.4/10.4.3/10.4.3-1-47gs.js
./ch10/10.4/10.4.3/10.4.3-1-48-s.js
./ch10/10.4/10.4.3/10.4.3-1-48gs.js
./ch10/10.4/10.4.3/10.4.3-1-49-s.js
./ch10/10.4/10.4.3/10.4.3-1-49gs.js
./ch10/10.4/10.4.3/10.4.3-1-50-s.js
./ch10/10.4/10.4.3/10.4.3-1-50gs.js
./ch10/10.4/10.4.3/10.4.3-1-51-s.js
./ch10/10.4/10.4.3/10.4.3-1-51gs.js
./ch10/10.4/10.4.3/10.4.3-1-52-s.js
./ch10/10.4/10.4.3/10.4.3-1-52gs.js
./ch10/10.4/10.4.3/10.4.3-1-53-s.js
./ch10/10.4/10.4.3/10.4.3-1-53gs.js
./ch10/10.4/10.4.3/10.4.3-1-64-s.js
./ch10/10.4/10.4.3/10.4.3-1-64gs.js
./ch10/10.4/10.4.3/10.4.3-1-65-s.js
./ch10/10.4/10.4.3/10.4.3-1-65gs.js
./ch10/10.4/10.4.3/10.4.3-1-70-s.js
./ch10/10.4/10.4.3/10.4.3-1-70gs.js
./ch10/10.4/10.4.3/10.4.3-1-75-s.js
./ch10/10.4/10.4.3/10.4.3-1-75gs.js
./ch10/10.4/10.4.3/10.4.3-1-80-s.js
./ch10/10.4/10.4.3/10.4.3-1-80gs.js
./ch10/10.4/10.4.3/10.4.3-1-81-s.js
./ch10/10.4/10.4.3/10.4.3-1-81gs.js
./ch10/10.4/10.4.3/10.4.3-1-82-s.js
./ch10/10.4/10.4.3/10.4.3-1-82gs.js
./ch10/10.4/10.4.3/10.4.3-1-83-s.js
./ch10/10.4/10.4.3/10.4.3-1-83gs.js
./ch10/10.4/10.4.3/10.4.3-1-84-s.js
./ch10/10.4/10.4.3/10.4.3-1-84gs.js
./ch10/10.4/10.4.3/10.4.3-1-85-s.js
./ch10/10.4/10.4.3/10.4.3-1-85gs.js
./ch10/10.4/10.4.3/10.4.3-1-86-s.js
./ch10/10.4/10.4.3/10.4.3-1-86gs.js
./ch10/10.4/10.4.3/10.4.3-1-87-s.js
./ch10/10.4/10.4.3/10.4.3-1-87gs.js
./ch10/10.4/10.4.3/10.4.3-1-89-s.js
./ch10/10.4/10.4.3/10.4.3-1-89gs.js
./ch10/10.4/10.4.3/10.4.3-1-90-s.js
./ch10/10.4/10.4.3/10.4.3-1-90gs.js
./ch10/10.4/10.4.3/10.4.3-1-91-s.js
./ch10/10.4/10.4.3/10.4.3-1-91gs.js
./ch10/10.4/10.4.3/10.4.3-1-92-s.js
./ch10/10.4/10.4.3/10.4.3-1-92gs.js
./ch10/10.4/10.4.3/10.4.3-1-94-s.js
./ch10/10.4/10.4.3/10.4.3-1-94gs.js
./ch10/10.4/10.4.3/10.4.3-1-95-s.js
./ch10/10.4/10.4.3/10.4.3-1-95gs.js
./ch10/10.4/10.4.3/10.4.3-1-96-s.js
./ch10/10.4/10.4.3/10.4.3-1-96gs.js
./ch10/10.4/10.4.3/10.4.3-1-97-s.js
./ch10/10.4/10.4.3/10.4.3-1-97gs.js
./ch10/10.4/10.4.3/10.4.3-1-99-s.js
./ch10/10.4/10.4.3/10.4.3-1-99gs.js
./ch11/11.1/11.1.1/11.1.1-1gs.js
./ch11/11.1/11.1.1/S11.1.1_A3.2.js
./ch11/11.1/11.1.1/S11.1.1_A4.1.js
./ch11/11.1/11.1.1/S11.1.1_A4.2.js
./ch11/11.1/11.1.2/S11.1.2_A1_T1.js
./ch11/11.1/11.1.2/S11.1.2_A1_T2.js
./ch11/11.1/11.1.4/11.1.4-0.js
./ch11/11.1/11.1.4/11.1.4_4-5-1.js
./ch11/11.1/11.1.4/11.1.4_5-6-1.js
./ch11/11.1/11.1.4/S11.1.4_A1.1.js
./ch11/11.1/11.1.4/S11.1.4_A1.2.js
./ch11/11.1/11.1.4/S11.1.4_A1.3.js
./ch11/11.1/11.1.4/S11.1.4_A1.4.js
./ch11/11.1/11.1.4/S11.1.4_A1.5.js
./ch11/11.1/11.1.4/S11.1.4_A1.6.js
./ch11/11.1/11.1.4/S11.1.4_A1.7.js
./ch11/11.1/11.1.4/S11.1.4_A2.js
./ch11/11.1/11.1.5/11.1.5-1-s.js
./ch11/11.1/11.1.5/11.1.5-2-s.js
./ch11/11.1/11.1.5/11.1.5_6-2-1-s.js
./ch11/11.1/11.1.5/11.1.5_6-3-1.js
./ch11/11.1/11.1.5/11.1.5_7-2-1-s.js
./ch11/11.1/11.1.5/11.1.5_7-2-2-s.js
./ch11/11.1/11.1.5/11.1.5_7-3-1.js
./ch11/11.1/11.1.5/S11.1.5_A1.1.js
./ch11/11.1/11.1.5/S11.1.5_A1.2.js
./ch11/11.1/11.1.5/S11.1.5_A1.3.js
./ch11/11.1/11.1.5/S11.1.5_A1.4.js
./ch11/11.1/11.1.5/S11.1.5_A2.js
./ch11/11.1/11.1.6/S11.1.6_A2.js
./ch11/11.1/11.1.6/S11.1.6_A3_T1.js
./ch11/11.1/11.1.6/S11.1.6_A3_T2.js
./ch11/11.1/11.1.6/S11.1.6_A3_T3.js
./ch11/11.1/11.1.6/S11.1.6_A3_T4.js
./ch11/11.1/11.1.6/S11.1.6_A3_T5.js
./ch11/11.1/11.1.6/S11.1.6_A3_T6.js
./ch11/11.10/11.10.1/S11.10.1_A2.1_T1.js
./ch11/11.10/11.10.1/S11.10.1_A2.2_T1.js
./ch11/11.10/11.10.1/S11.10.1_A2.4_T3.js
./ch11/11.10/11.10.1/S11.10.1_A3_T1.1.js
./ch11/11.10/11.10.1/S11.10.1_A3_T1.2.js
./ch11/11.10/11.10.1/S11.10.1_A3_T1.3.js
./ch11/11.10/11.10.1/S11.10.1_A3_T2.1.js
./ch11/11.10/11.10.1/S11.10.1_A3_T2.2.js
./ch11/11.10/11.10.1/S11.10.1_A3_T2.3.js
./ch11/11.10/11.10.1/S11.10.1_A3_T2.4.js
./ch11/11.10/11.10.1/S11.10.1_A3_T2.5.js
./ch11/11.10/11.10.1/S11.10.1_A3_T2.6.js
./ch11/11.10/11.10.1/S11.10.1_A3_T2.7.js
./ch11/11.10/11.10.1/S11.10.1_A3_T2.8.js
./ch11/11.10/11.10.1/S11.10.1_A3_T2.9.js
./ch11/11.10/11.10.2/S11.10.2_A2.1_T1.js
./ch11/11.10/11.10.2/S11.10.2_A2.2_T1.js
./ch11/11.10/11.10.2/S11.10.2_A2.4_T3.js
./ch11/11.10/11.10.2/S11.10.2_A3_T1.1.js
./ch11/11.10/11.10.2/S11.10.2_A3_T1.2.js
./ch11/11.10/11.10.2/S11.10.2_A3_T1.3.js
./ch11/11.10/11.10.2/S11.10.2_A3_T1.4.js
./ch11/11.10/11.10.2/S11.10.2_A3_T2.1.js
./ch11/11.10/11.10.2/S11.10.2_A3_T2.2.js
./ch11/11.10/11.10.2/S11.10.2_A3_T2.3.js
./ch11/11.10/11.10.2/S11.10.2_A3_T2.4.js
./ch11/11.10/11.10.2/S11.10.2_A3_T2.5.js
./ch11/11.10/11.10.2/S11.10.2_A3_T2.6.js
./ch11/11.10/11.10.2/S11.10.2_A3_T2.7.js
./ch11/11.10/11.10.2/S11.10.2_A3_T2.8.js
./ch11/11.10/11.10.2/S11.10.2_A3_T2.9.js
./ch11/11.10/11.10.3/S11.10.3_A2.1_T1.js
./ch11/11.10/11.10.3/S11.10.3_A2.2_T1.js
./ch11/11.10/11.10.3/S11.10.3_A2.4_T3.js
./ch11/11.10/11.10.3/S11.10.3_A3_T1.1.js
./ch11/11.10/11.10.3/S11.10.3_A3_T1.2.js
./ch11/11.10/11.10.3/S11.10.3_A3_T1.3.js
./ch11/11.10/11.10.3/S11.10.3_A3_T1.4.js
./ch11/11.10/11.10.3/S11.10.3_A3_T2.1.js
./ch11/11.10/11.10.3/S11.10.3_A3_T2.2.js
./ch11/11.10/11.10.3/S11.10.3_A3_T2.3.js
./ch11/11.10/11.10.3/S11.10.3_A3_T2.4.js
./ch11/11.10/11.10.3/S11.10.3_A3_T2.5.js
./ch11/11.10/11.10.3/S11.10.3_A3_T2.6.js
./ch11/11.10/11.10.3/S11.10.3_A3_T2.7.js
./ch11/11.10/11.10.3/S11.10.3_A3_T2.8.js
./ch11/11.10/11.10.3/S11.10.3_A3_T2.9.js
./ch11/11.11/11.11.1/S11.11.1_A2.1_T1.js
./ch11/11.11/11.11.1/S11.11.1_A2.4_T3.js
./ch11/11.11/11.11.1/S11.11.1_A4_T1.js
./ch11/11.11/11.11.1/S11.11.1_A4_T2.js
./ch11/11.11/11.11.1/S11.11.1_A4_T3.js
./ch11/11.11/11.11.2/S11.11.2_A2.1_T1.js
./ch11/11.11/11.11.2/S11.11.2_A2.4_T3.js
./ch11/11.11/11.11.2/S11.11.2_A3_T1.js
./ch11/11.11/11.11.2/S11.11.2_A3_T2.js
./ch11/11.11/11.11.2/S11.11.2_A3_T3.js
./ch11/11.11/11.11.2/S11.11.2_A4_T1.js
./ch11/11.11/11.11.2/S11.11.2_A4_T2.js
./ch11/11.11/11.11.2/S11.11.2_A4_T3.js
./ch11/11.13/11.13.1/11.13.1-1-1.js
./ch11/11.13/11.13.1/11.13.1-1-2.js
./ch11/11.13/11.13.1/11.13.1-1-3.js
./ch11/11.13/11.13.1/11.13.1-1-4.js
./ch11/11.13/11.13.1/11.13.1-1-s.js
./ch11/11.13/11.13.1/11.13.1-2-s.js
./ch11/11.13/11.13.1/11.13.1-3-s.js
./ch11/11.13/11.13.1/11.13.1-4-1.js
./ch11/11.13/11.13.1/11.13.1-4-14-s.js
./ch11/11.13/11.13.1/11.13.1-4-27-s.js
./ch11/11.13/11.13.1/11.13.1-4-28-s.js
./ch11/11.13/11.13.1/11.13.1-4-29-s.js
./ch11/11.13/11.13.1/11.13.1-4-29gs.js
./ch11/11.13/11.13.1/11.13.1-4-3-s.js
./ch11/11.13/11.13.1/11.13.1-4-30-s.js
./ch11/11.13/11.13.1/11.13.1-4-31-s.js
./ch11/11.13/11.13.1/11.13.1-4-6-s.js
./ch11/11.13/11.13.1/S11.13.1_A1.js
./ch11/11.13/11.13.1/S11.13.1_A2.1_T1.js
./ch11/11.13/11.13.1/S11.13.1_A3.1.js
./ch11/11.13/11.13.1/S11.13.1_A4_T1.js
./ch11/11.13/11.13.2/11.13.2-12-s.js
./ch11/11.13/11.13.2/11.13.2-13-s.js
./ch11/11.13/11.13.2/11.13.2-14-s.js
./ch11/11.13/11.13.2/11.13.2-15-s.js
./ch11/11.13/11.13.2/11.13.2-16-s.js
./ch11/11.13/11.13.2/11.13.2-17-s.js
./ch11/11.13/11.13.2/11.13.2-18-s.js
./ch11/11.13/11.13.2/11.13.2-19-s.js
./ch11/11.13/11.13.2/11.13.2-20-s.js
./ch11/11.13/11.13.2/11.13.2-21-s.js
./ch11/11.13/11.13.2/11.13.2-22-s.js
./ch11/11.13/11.13.2/11.13.2-23-s.js
./ch11/11.13/11.13.2/11.13.2-24-s.js
./ch11/11.13/11.13.2/11.13.2-25-s.js
./ch11/11.13/11.13.2/11.13.2-26-s.js
./ch11/11.13/11.13.2/11.13.2-27-s.js
./ch11/11.13/11.13.2/11.13.2-28-s.js
./ch11/11.13/11.13.2/11.13.2-29-s.js
./ch11/11.13/11.13.2/11.13.2-30-s.js
./ch11/11.13/11.13.2/11.13.2-31-s.js
./ch11/11.13/11.13.2/11.13.2-32-s.js
./ch11/11.13/11.13.2/11.13.2-33-s.js
./ch11/11.13/11.13.2/11.13.2-34-s.js
./ch11/11.13/11.13.2/11.13.2-35-s.js
./ch11/11.13/11.13.2/11.13.2-36-s.js
./ch11/11.13/11.13.2/11.13.2-37-s.js
./ch11/11.13/11.13.2/11.13.2-38-s.js
./ch11/11.13/11.13.2/11.13.2-39-s.js
./ch11/11.13/11.13.2/11.13.2-40-s.js
./ch11/11.13/11.13.2/11.13.2-41-s.js
./ch11/11.13/11.13.2/11.13.2-42-s.js
./ch11/11.13/11.13.2/11.13.2-43-s.js
./ch11/11.13/11.13.2/11.13.2-44-s.js
./ch11/11.13/11.13.2/11.13.2-45-s.js
./ch11/11.13/11.13.2/11.13.2-46-s.js
./ch11/11.13/11.13.2/11.13.2-47-s.js
./ch11/11.13/11.13.2/11.13.2-48-s.js
./ch11/11.13/11.13.2/11.13.2-49-s.js
./ch11/11.13/11.13.2/11.13.2-50-s.js
./ch11/11.13/11.13.2/11.13.2-51-s.js
./ch11/11.13/11.13.2/11.13.2-52-s.js
./ch11/11.13/11.13.2/11.13.2-53-s.js
./ch11/11.13/11.13.2/11.13.2-54-s.js
./ch11/11.13/11.13.2/11.13.2-55-s.js
./ch11/11.13/11.13.2/11.13.2-6-1-s.js
./ch11/11.13/11.13.2/11.13.2-6-10-s.js
./ch11/11.13/11.13.2/11.13.2-6-11-s.js
./ch11/11.13/11.13.2/11.13.2-6-12-s.js
./ch11/11.13/11.13.2/11.13.2-6-13-s.js
./ch11/11.13/11.13.2/11.13.2-6-14-s.js
./ch11/11.13/11.13.2/11.13.2-6-15-s.js
./ch11/11.13/11.13.2/11.13.2-6-16-s.js
./ch11/11.13/11.13.2/11.13.2-6-17-s.js
./ch11/11.13/11.13.2/11.13.2-6-18-s.js
./ch11/11.13/11.13.2/11.13.2-6-19-s.js
./ch11/11.13/11.13.2/11.13.2-6-2-s.js
./ch11/11.13/11.13.2/11.13.2-6-20-s.js
./ch11/11.13/11.13.2/11.13.2-6-21-s.js
./ch11/11.13/11.13.2/11.13.2-6-22-s.js
./ch11/11.13/11.13.2/11.13.2-6-3-s.js
./ch11/11.13/11.13.2/11.13.2-6-4-s.js
./ch11/11.13/11.13.2/11.13.2-6-5-s.js
./ch11/11.13/11.13.2/11.13.2-6-6-s.js
./ch11/11.13/11.13.2/11.13.2-6-7-s.js
./ch11/11.13/11.13.2/11.13.2-6-8-s.js
./ch11/11.13/11.13.2/11.13.2-6-9-s.js
./ch11/11.13/11.13.2/S11.13.2_A1_T1.js
./ch11/11.13/11.13.2/S11.13.2_A1_T10.js
./ch11/11.13/11.13.2/S11.13.2_A1_T11.js
./ch11/11.13/11.13.2/S11.13.2_A1_T2.js
./ch11/11.13/11.13.2/S11.13.2_A1_T3.js
./ch11/11.13/11.13.2/S11.13.2_A1_T4.js
./ch11/11.13/11.13.2/S11.13.2_A1_T5.js
./ch11/11.13/11.13.2/S11.13.2_A1_T6.js
./ch11/11.13/11.13.2/S11.13.2_A1_T7.js
./ch11/11.13/11.13.2/S11.13.2_A1_T8.js
./ch11/11.13/11.13.2/S11.13.2_A1_T9.js
./ch11/11.13/11.13.2/S11.13.2_A2.1_T1.1.js
./ch11/11.13/11.13.2/S11.13.2_A2.1_T1.10.js
./ch11/11.13/11.13.2/S11.13.2_A2.1_T1.11.js
./ch11/11.13/11.13.2/S11.13.2_A2.1_T1.2.js
./ch11/11.13/11.13.2/S11.13.2_A2.1_T1.3.js
./ch11/11.13/11.13.2/S11.13.2_A2.1_T1.4.js
./ch11/11.13/11.13.2/S11.13.2_A2.1_T1.5.js
./ch11/11.13/11.13.2/S11.13.2_A2.1_T1.6.js
./ch11/11.13/11.13.2/S11.13.2_A2.1_T1.7.js
./ch11/11.13/11.13.2/S11.13.2_A2.1_T1.8.js
./ch11/11.13/11.13.2/S11.13.2_A2.1_T1.9.js
./ch11/11.13/11.13.2/S11.13.2_A3.1_T1.js
./ch11/11.13/11.13.2/S11.13.2_A3.1_T10.js
./ch11/11.13/11.13.2/S11.13.2_A3.1_T11.js
./ch11/11.13/11.13.2/S11.13.2_A3.1_T2.js
./ch11/11.13/11.13.2/S11.13.2_A3.1_T3.js
./ch11/11.13/11.13.2/S11.13.2_A3.1_T4.js
./ch11/11.13/11.13.2/S11.13.2_A3.1_T5.js
./ch11/11.13/11.13.2/S11.13.2_A3.1_T6.js
./ch11/11.13/11.13.2/S11.13.2_A3.1_T7.js
./ch11/11.13/11.13.2/S11.13.2_A3.1_T8.js
./ch11/11.13/11.13.2/S11.13.2_A3.1_T9.js
./ch11/11.13/11.13.2/S11.13.2_A3.2_T1.js
./ch11/11.13/11.13.2/S11.13.2_A3.2_T10.js
./ch11/11.13/11.13.2/S11.13.2_A3.2_T11.js
./ch11/11.13/11.13.2/S11.13.2_A3.2_T2.js
./ch11/11.13/11.13.2/S11.13.2_A3.2_T3.js
./ch11/11.13/11.13.2/S11.13.2_A3.2_T4.js
./ch11/11.13/11.13.2/S11.13.2_A3.2_T5.js
./ch11/11.13/11.13.2/S11.13.2_A3.2_T6.js
./ch11/11.13/11.13.2/S11.13.2_A3.2_T7.js
./ch11/11.13/11.13.2/S11.13.2_A3.2_T8.js
./ch11/11.13/11.13.2/S11.13.2_A3.2_T9.js
./ch11/11.13/11.13.2/S11.13.2_A4.10_T1.1.js
./ch11/11.13/11.13.2/S11.13.2_A4.10_T1.2.js
./ch11/11.13/11.13.2/S11.13.2_A4.10_T1.3.js
./ch11/11.13/11.13.2/S11.13.2_A4.10_T1.4.js
./ch11/11.13/11.13.2/S11.13.2_A4.10_T2.1.js
./ch11/11.13/11.13.2/S11.13.2_A4.10_T2.2.js
./ch11/11.13/11.13.2/S11.13.2_A4.10_T2.3.js
./ch11/11.13/11.13.2/S11.13.2_A4.10_T2.4.js
./ch11/11.13/11.13.2/S11.13.2_A4.10_T2.5.js
./ch11/11.13/11.13.2/S11.13.2_A4.10_T2.6.js
./ch11/11.13/11.13.2/S11.13.2_A4.10_T2.7.js
./ch11/11.13/11.13.2/S11.13.2_A4.10_T2.8.js
./ch11/11.13/11.13.2/S11.13.2_A4.10_T2.9.js
./ch11/11.13/11.13.2/S11.13.2_A4.11_T1.1.js
./ch11/11.13/11.13.2/S11.13.2_A4.11_T1.2.js
./ch11/11.13/11.13.2/S11.13.2_A4.11_T1.3.js
./ch11/11.13/11.13.2/S11.13.2_A4.11_T1.4.js
./ch11/11.13/11.13.2/S11.13.2_A4.11_T2.1.js
./ch11/11.13/11.13.2/S11.13.2_A4.11_T2.2.js
./ch11/11.13/11.13.2/S11.13.2_A4.11_T2.3.js
./ch11/11.13/11.13.2/S11.13.2_A4.11_T2.4.js
./ch11/11.13/11.13.2/S11.13.2_A4.11_T2.5.js
./ch11/11.13/11.13.2/S11.13.2_A4.11_T2.6.js
./ch11/11.13/11.13.2/S11.13.2_A4.11_T2.7.js
./ch11/11.13/11.13.2/S11.13.2_A4.11_T2.8.js
./ch11/11.13/11.13.2/S11.13.2_A4.11_T2.9.js
./ch11/11.13/11.13.2/S11.13.2_A4.1_T1.1.js
./ch11/11.13/11.13.2/S11.13.2_A4.1_T1.2.js
./ch11/11.13/11.13.2/S11.13.2_A4.1_T1.3.js
./ch11/11.13/11.13.2/S11.13.2_A4.1_T1.4.js
./ch11/11.13/11.13.2/S11.13.2_A4.1_T2.1.js
./ch11/11.13/11.13.2/S11.13.2_A4.1_T2.2.js
./ch11/11.13/11.13.2/S11.13.2_A4.1_T2.3.js
./ch11/11.13/11.13.2/S11.13.2_A4.1_T2.4.js
./ch11/11.13/11.13.2/S11.13.2_A4.1_T2.5.js
./ch11/11.13/11.13.2/S11.13.2_A4.1_T2.6.js
./ch11/11.13/11.13.2/S11.13.2_A4.1_T2.7.js
./ch11/11.13/11.13.2/S11.13.2_A4.1_T2.8.js
./ch11/11.13/11.13.2/S11.13.2_A4.1_T2.9.js
./ch11/11.13/11.13.2/S11.13.2_A4.2_T1.1.js
./ch11/11.13/11.13.2/S11.13.2_A4.2_T1.2.js
./ch11/11.13/11.13.2/S11.13.2_A4.2_T1.3.js
./ch11/11.13/11.13.2/S11.13.2_A4.2_T1.4.js
./ch11/11.13/11.13.2/S11.13.2_A4.2_T2.1.js
./ch11/11.13/11.13.2/S11.13.2_A4.2_T2.2.js
./ch11/11.13/11.13.2/S11.13.2_A4.2_T2.3.js
./ch11/11.13/11.13.2/S11.13.2_A4.2_T2.4.js
./ch11/11.13/11.13.2/S11.13.2_A4.2_T2.5.js
./ch11/11.13/11.13.2/S11.13.2_A4.2_T2.6.js
./ch11/11.13/11.13.2/S11.13.2_A4.2_T2.7.js
./ch11/11.13/11.13.2/S11.13.2_A4.2_T2.8.js
./ch11/11.13/11.13.2/S11.13.2_A4.2_T2.9.js
./ch11/11.13/11.13.2/S11.13.2_A4.3_T1.1.js
./ch11/11.13/11.13.2/S11.13.2_A4.3_T1.2.js
./ch11/11.13/11.13.2/S11.13.2_A4.3_T1.3.js
./ch11/11.13/11.13.2/S11.13.2_A4.3_T1.4.js
./ch11/11.13/11.13.2/S11.13.2_A4.3_T2.1.js
./ch11/11.13/11.13.2/S11.13.2_A4.3_T2.2.js
./ch11/11.13/11.13.2/S11.13.2_A4.3_T2.3.js
./ch11/11.13/11.13.2/S11.13.2_A4.3_T2.4.js
./ch11/11.13/11.13.2/S11.13.2_A4.3_T2.5.js
./ch11/11.13/11.13.2/S11.13.2_A4.3_T2.6.js
./ch11/11.13/11.13.2/S11.13.2_A4.3_T2.7.js
./ch11/11.13/11.13.2/S11.13.2_A4.3_T2.8.js
./ch11/11.13/11.13.2/S11.13.2_A4.3_T2.9.js
./ch11/11.13/11.13.2/S11.13.2_A4.4_T1.1.js
./ch11/11.13/11.13.2/S11.13.2_A4.4_T1.2.js
./ch11/11.13/11.13.2/S11.13.2_A4.4_T1.3.js
./ch11/11.13/11.13.2/S11.13.2_A4.4_T1.4.js
./ch11/11.13/11.13.2/S11.13.2_A4.4_T2.1.js
./ch11/11.13/11.13.2/S11.13.2_A4.4_T2.2.js
./ch11/11.13/11.13.2/S11.13.2_A4.4_T2.3.js
./ch11/11.13/11.13.2/S11.13.2_A4.4_T2.4.js
./ch11/11.13/11.13.2/S11.13.2_A4.4_T2.5.js
./ch11/11.13/11.13.2/S11.13.2_A4.4_T2.6.js
./ch11/11.13/11.13.2/S11.13.2_A4.4_T2.7.js
./ch11/11.13/11.13.2/S11.13.2_A4.4_T2.8.js
./ch11/11.13/11.13.2/S11.13.2_A4.4_T2.9.js
./ch11/11.13/11.13.2/S11.13.2_A4.5_T1.1.js
./ch11/11.13/11.13.2/S11.13.2_A4.5_T1.2.js
./ch11/11.13/11.13.2/S11.13.2_A4.5_T1.3.js
./ch11/11.13/11.13.2/S11.13.2_A4.5_T1.4.js
./ch11/11.13/11.13.2/S11.13.2_A4.5_T2.1.js
./ch11/11.13/11.13.2/S11.13.2_A4.5_T2.2.js
./ch11/11.13/11.13.2/S11.13.2_A4.5_T2.3.js
./ch11/11.13/11.13.2/S11.13.2_A4.5_T2.4.js
./ch11/11.13/11.13.2/S11.13.2_A4.5_T2.5.js
./ch11/11.13/11.13.2/S11.13.2_A4.5_T2.6.js
./ch11/11.13/11.13.2/S11.13.2_A4.5_T2.7.js
./ch11/11.13/11.13.2/S11.13.2_A4.5_T2.8.js
./ch11/11.13/11.13.2/S11.13.2_A4.5_T2.9.js
./ch11/11.13/11.13.2/S11.13.2_A4.6_T1.1.js
./ch11/11.13/11.13.2/S11.13.2_A4.6_T1.2.js
./ch11/11.13/11.13.2/S11.13.2_A4.6_T1.3.js
./ch11/11.13/11.13.2/S11.13.2_A4.6_T1.4.js
./ch11/11.13/11.13.2/S11.13.2_A4.6_T2.1.js
./ch11/11.13/11.13.2/S11.13.2_A4.6_T2.2.js
./ch11/11.13/11.13.2/S11.13.2_A4.6_T2.3.js
./ch11/11.13/11.13.2/S11.13.2_A4.6_T2.4.js
./ch11/11.13/11.13.2/S11.13.2_A4.6_T2.5.js
./ch11/11.13/11.13.2/S11.13.2_A4.6_T2.6.js
./ch11/11.13/11.13.2/S11.13.2_A4.6_T2.7.js
./ch11/11.13/11.13.2/S11.13.2_A4.6_T2.8.js
./ch11/11.13/11.13.2/S11.13.2_A4.6_T2.9.js
./ch11/11.13/11.13.2/S11.13.2_A4.7_T1.1.js
./ch11/11.13/11.13.2/S11.13.2_A4.7_T1.2.js
./ch11/11.13/11.13.2/S11.13.2_A4.7_T1.3.js
./ch11/11.13/11.13.2/S11.13.2_A4.7_T1.4.js
./ch11/11.13/11.13.2/S11.13.2_A4.7_T2.1.js
./ch11/11.13/11.13.2/S11.13.2_A4.7_T2.2.js
./ch11/11.13/11.13.2/S11.13.2_A4.7_T2.3.js
./ch11/11.13/11.13.2/S11.13.2_A4.7_T2.4.js
./ch11/11.13/11.13.2/S11.13.2_A4.7_T2.5.js
./ch11/11.13/11.13.2/S11.13.2_A4.7_T2.6.js
./ch11/11.13/11.13.2/S11.13.2_A4.7_T2.7.js
./ch11/11.13/11.13.2/S11.13.2_A4.7_T2.8.js
./ch11/11.13/11.13.2/S11.13.2_A4.7_T2.9.js
./ch11/11.13/11.13.2/S11.13.2_A4.8_T1.1.js
./ch11/11.13/11.13.2/S11.13.2_A4.8_T1.2.js
./ch11/11.13/11.13.2/S11.13.2_A4.8_T1.3.js
./ch11/11.13/11.13.2/S11.13.2_A4.8_T1.4.js
./ch11/11.13/11.13.2/S11.13.2_A4.8_T2.1.js
./ch11/11.13/11.13.2/S11.13.2_A4.8_T2.2.js
./ch11/11.13/11.13.2/S11.13.2_A4.8_T2.3.js
./ch11/11.13/11.13.2/S11.13.2_A4.8_T2.4.js
./ch11/11.13/11.13.2/S11.13.2_A4.8_T2.5.js
./ch11/11.13/11.13.2/S11.13.2_A4.8_T2.6.js
./ch11/11.13/11.13.2/S11.13.2_A4.8_T2.7.js
./ch11/11.13/11.13.2/S11.13.2_A4.8_T2.8.js
./ch11/11.13/11.13.2/S11.13.2_A4.8_T2.9.js
./ch11/11.13/11.13.2/S11.13.2_A4.9_T1.1.js
./ch11/11.13/11.13.2/S11.13.2_A4.9_T1.2.js
./ch11/11.13/11.13.2/S11.13.2_A4.9_T1.3.js
./ch11/11.13/11.13.2/S11.13.2_A4.9_T1.4.js
./ch11/11.13/11.13.2/S11.13.2_A4.9_T2.1.js
./ch11/11.13/11.13.2/S11.13.2_A4.9_T2.2.js
./ch11/11.13/11.13.2/S11.13.2_A4.9_T2.3.js
./ch11/11.13/11.13.2/S11.13.2_A4.9_T2.4.js
./ch11/11.13/11.13.2/S11.13.2_A4.9_T2.5.js
./ch11/11.13/11.13.2/S11.13.2_A4.9_T2.6.js
./ch11/11.13/11.13.2/S11.13.2_A4.9_T2.7.js
./ch11/11.13/11.13.2/S11.13.2_A4.9_T2.8.js
./ch11/11.13/11.13.2/S11.13.2_A4.9_T2.9.js
./ch11/11.2/11.2.1/S11.2.1_A3_T1.js
./ch11/11.2/11.2.1/S11.2.1_A3_T2.js
./ch11/11.2/11.2.1/S11.2.1_A3_T3.js
./ch11/11.2/11.2.1/S11.2.1_A3_T4.js
./ch11/11.2/11.2.1/S11.2.1_A3_T5.js
./ch11/11.2/11.2.1/S11.2.1_A4_T1.js
./ch11/11.2/11.2.1/S11.2.1_A4_T4.js
./ch11/11.2/11.2.2/S11.2.2_A1.1.js
./ch11/11.2/11.2.2/S11.2.2_A1.2.js
./ch11/11.2/11.2.2/S11.2.2_A3_T1.js
./ch11/11.2/11.2.2/S11.2.2_A3_T2.js
./ch11/11.2/11.2.2/S11.2.2_A3_T3.js
./ch11/11.2/11.2.2/S11.2.2_A3_T4.js
./ch11/11.2/11.2.2/S11.2.2_A3_T5.js
./ch11/11.2/11.2.2/S11.2.2_A4_T1.js
./ch11/11.2/11.2.2/S11.2.2_A4_T2.js
./ch11/11.2/11.2.2/S11.2.2_A4_T3.js
./ch11/11.2/11.2.2/S11.2.2_A4_T4.js
./ch11/11.2/11.2.2/S11.2.2_A4_T5.js
./ch11/11.2/11.2.3/11.2.3-3_1.js
./ch11/11.2/11.2.3/11.2.3-3_2.js
./ch11/11.2/11.2.3/11.2.3-3_3.js
./ch11/11.2/11.2.3/11.2.3-3_4.js
./ch11/11.2/11.2.3/11.2.3-3_5.js
./ch11/11.2/11.2.3/11.2.3-3_6.js
./ch11/11.2/11.2.3/11.2.3-3_7.js
./ch11/11.2/11.2.3/11.2.3-3_8.js
./ch11/11.2/11.2.3/S11.2.3_A3_T1.js
./ch11/11.2/11.2.3/S11.2.3_A3_T2.js
./ch11/11.2/11.2.3/S11.2.3_A3_T3.js
./ch11/11.2/11.2.3/S11.2.3_A3_T4.js
./ch11/11.2/11.2.3/S11.2.3_A3_T5.js
./ch11/11.2/11.2.3/S11.2.3_A4_T1.js
./ch11/11.2/11.2.3/S11.2.3_A4_T2.js
./ch11/11.2/11.2.3/S11.2.3_A4_T3.js
./ch11/11.2/11.2.3/S11.2.3_A4_T4.js
./ch11/11.2/11.2.3/S11.2.3_A4_T5.js
./ch11/11.2/11.2.4/S11.2.4_A1.1_T2.js
./ch11/11.2/11.2.4/S11.2.4_A1.2_T1.js
./ch11/11.2/11.2.4/S11.2.4_A1.2_T2.js
./ch11/11.2/11.2.4/S11.2.4_A1.4_T1.js
./ch11/11.2/11.2.4/S11.2.4_A1.4_T3.js
./ch11/11.3/11.3.1/11.3.1-2-1-s.js
./ch11/11.3/11.3.1/11.3.1-2-2-s.js
./ch11/11.3/11.3.1/11.3.1-2-3-s.js
./ch11/11.3/11.3.1/S11.3.1_A1.2_T1.js
./ch11/11.3/11.3.1/S11.3.1_A2.1_T1.js
./ch11/11.3/11.3.1/S11.3.1_A2.2_T1.js
./ch11/11.3/11.3.1/S11.3.1_A3_T1.js
./ch11/11.3/11.3.1/S11.3.1_A3_T2.js
./ch11/11.3/11.3.1/S11.3.1_A3_T3.js
./ch11/11.3/11.3.1/S11.3.1_A4_T1.js
./ch11/11.3/11.3.1/S11.3.1_A4_T2.js
./ch11/11.3/11.3.1/S11.3.1_A4_T3.js
./ch11/11.3/11.3.1/S11.3.1_A4_T4.js
./ch11/11.3/11.3.2/11.3.2-2-1-s.js
./ch11/11.3/11.3.2/11.3.2-2-2-s.js
./ch11/11.3/11.3.2/11.3.2-2-3-s.js
./ch11/11.3/11.3.2/S11.3.2_A1.2_T1.js
./ch11/11.3/11.3.2/S11.3.2_A2.1_T1.js
./ch11/11.3/11.3.2/S11.3.2_A2.2_T1.js
./ch11/11.3/11.3.2/S11.3.2_A3_T1.js
./ch11/11.3/11.3.2/S11.3.2_A3_T2.js
./ch11/11.3/11.3.2/S11.3.2_A3_T3.js
./ch11/11.3/11.3.2/S11.3.2_A4_T1.js
./ch11/11.3/11.3.2/S11.3.2_A4_T2.js
./ch11/11.3/11.3.2/S11.3.2_A4_T3.js
./ch11/11.3/11.3.2/S11.3.2_A4_T4.js
./ch11/11.4/11.4.1/11.4.1-0-1.js
./ch11/11.4/11.4.1/11.4.1-2-1.js
./ch11/11.4/11.4.1/11.4.1-2-2.js
./ch11/11.4/11.4.1/11.4.1-2-3.js
./ch11/11.4/11.4.1/11.4.1-2-4.js
./ch11/11.4/11.4.1/11.4.1-2-5.js
./ch11/11.4/11.4.1/11.4.1-2-6.js
./ch11/11.4/11.4.1/11.4.1-3-1.js
./ch11/11.4/11.4.1/11.4.1-3-3.js
./ch11/11.4/11.4.1/11.4.1-3-a-1-s.js
./ch11/11.4/11.4.1/11.4.1-4-a-1-s.js
./ch11/11.4/11.4.1/11.4.1-4-a-2-s.js
./ch11/11.4/11.4.1/11.4.1-4-a-3-s.js
./ch11/11.4/11.4.1/11.4.1-4-a-4-s.js
./ch11/11.4/11.4.1/11.4.1-4.a-1.js
./ch11/11.4/11.4.1/11.4.1-4.a-10.js
./ch11/11.4/11.4.1/11.4.1-4.a-11.js
./ch11/11.4/11.4.1/11.4.1-4.a-12.js
./ch11/11.4/11.4.1/11.4.1-4.a-13.js
./ch11/11.4/11.4.1/11.4.1-4.a-14.js
./ch11/11.4/11.4.1/11.4.1-4.a-15.js
./ch11/11.4/11.4.1/11.4.1-4.a-16.js
./ch11/11.4/11.4.1/11.4.1-4.a-17.js
./ch11/11.4/11.4.1/11.4.1-4.a-2.js
./ch11/11.4/11.4.1/11.4.1-4.a-3-s.js
./ch11/11.4/11.4.1/11.4.1-4.a-3.js
./ch11/11.4/11.4.1/11.4.1-4.a-4.js
./ch11/11.4/11.4.1/11.4.1-4.a-5.js
./ch11/11.4/11.4.1/11.4.1-4.a-6.js
./ch11/11.4/11.4.1/11.4.1-4.a-7.js
./ch11/11.4/11.4.1/11.4.1-4.a-8-s.js
./ch11/11.4/11.4.1/11.4.1-4.a-8.js
./ch11/11.4/11.4.1/11.4.1-4.a-9-s.js
./ch11/11.4/11.4.1/11.4.1-4.a-9.js
./ch11/11.4/11.4.1/11.4.1-5-1.js
./ch11/11.4/11.4.1/11.4.1-5-2.js
./ch11/11.4/11.4.1/11.4.1-5-3.js
./ch11/11.4/11.4.1/11.4.1-5-a-1-s.js
./ch11/11.4/11.4.1/11.4.1-5-a-10-s.js
./ch11/11.4/11.4.1/11.4.1-5-a-11-s.js
./ch11/11.4/11.4.1/11.4.1-5-a-12-s.js
./ch11/11.4/11.4.1/11.4.1-5-a-13-s.js
./ch11/11.4/11.4.1/11.4.1-5-a-14-s.js
./ch11/11.4/11.4.1/11.4.1-5-a-15-s.js
./ch11/11.4/11.4.1/11.4.1-5-a-16-s.js
./ch11/11.4/11.4.1/11.4.1-5-a-17-s.js
./ch11/11.4/11.4.1/11.4.1-5-a-18-s.js
./ch11/11.4/11.4.1/11.4.1-5-a-19-s.js
./ch11/11.4/11.4.1/11.4.1-5-a-2-s.js
./ch11/11.4/11.4.1/11.4.1-5-a-20-s.js
./ch11/11.4/11.4.1/11.4.1-5-a-21-s.js
./ch11/11.4/11.4.1/11.4.1-5-a-22-s.js
./ch11/11.4/11.4.1/11.4.1-5-a-23-s.js
./ch11/11.4/11.4.1/11.4.1-5-a-24-s.js
./ch11/11.4/11.4.1/11.4.1-5-a-25-s.js
./ch11/11.4/11.4.1/11.4.1-5-a-26-s.js
./ch11/11.4/11.4.1/11.4.1-5-a-27-s.js
./ch11/11.4/11.4.1/11.4.1-5-a-28-s.js
./ch11/11.4/11.4.1/11.4.1-5-a-3-s.js
./ch11/11.4/11.4.1/11.4.1-5-a-4-s.js
./ch11/11.4/11.4.1/11.4.1-5-a-5-s.js
./ch11/11.4/11.4.1/11.4.1-5-a-6-s.js
./ch11/11.4/11.4.1/11.4.1-5-a-7-s.js
./ch11/11.4/11.4.1/11.4.1-5-a-8-s.js
./ch11/11.4/11.4.1/11.4.1-5-a-9-s.js
./ch11/11.4/11.4.1/11.4.4-4.a-3-s.js
./ch11/11.4/11.4.1/S11.4.1_A1.js
./ch11/11.4/11.4.1/S11.4.1_A2.1.js
./ch11/11.4/11.4.1/S11.4.1_A2.2_T1.js
./ch11/11.4/11.4.1/S11.4.1_A2.2_T2.js
./ch11/11.4/11.4.1/S11.4.1_A3.1.js
./ch11/11.4/11.4.1/S11.4.1_A3.2.js
./ch11/11.4/11.4.1/S11.4.1_A3.3.js
./ch11/11.4/11.4.1/S11.4.1_A4.js
./ch11/11.4/11.4.1/S11.4.1_A5.js
./ch11/11.4/11.4.2/S11.4.2_A1.js
./ch11/11.4/11.4.2/S11.4.2_A2_T1.js
./ch11/11.4/11.4.2/S11.4.2_A4_T1.js
./ch11/11.4/11.4.2/S11.4.2_A4_T2.js
./ch11/11.4/11.4.2/S11.4.2_A4_T3.js
./ch11/11.4/11.4.2/S11.4.2_A4_T4.js
./ch11/11.4/11.4.2/S11.4.2_A4_T5.js
./ch11/11.4/11.4.2/S11.4.2_A4_T6.js
./ch11/11.4/11.4.3/S11.4.3_A2_T1.js
./ch11/11.4/11.4.3/S11.4.3_A2_T2.js
./ch11/11.4/11.4.3/S11.4.3_A3.1.js
./ch11/11.4/11.4.3/S11.4.3_A3.6.js
./ch11/11.4/11.4.3/S11.4.3_A3.7.js
./ch11/11.4/11.4.4/11.4.4-2-1-s.js
./ch11/11.4/11.4.4/11.4.4-2-2-s.js
./ch11/11.4/11.4.4/11.4.4-2-3-s.js
./ch11/11.4/11.4.4/S11.4.4_A1.js
./ch11/11.4/11.4.4/S11.4.4_A2.1_T1.js
./ch11/11.4/11.4.4/S11.4.4_A2.2_T1.js
./ch11/11.4/11.4.4/S11.4.4_A3_T1.js
./ch11/11.4/11.4.4/S11.4.4_A3_T2.js
./ch11/11.4/11.4.4/S11.4.4_A3_T3.js
./ch11/11.4/11.4.4/S11.4.4_A4_T1.js
./ch11/11.4/11.4.4/S11.4.4_A4_T2.js
./ch11/11.4/11.4.4/S11.4.4_A4_T3.js
./ch11/11.4/11.4.5/11.4.5-2-1-s.js
./ch11/11.4/11.4.5/11.4.5-2-2-s.js
./ch11/11.4/11.4.5/11.4.5-2-3-s.js
./ch11/11.4/11.4.5/S11.4.5_A1.js
./ch11/11.4/11.4.5/S11.4.5_A2.1_T1.js
./ch11/11.4/11.4.5/S11.4.5_A2.2_T1.js
./ch11/11.4/11.4.5/S11.4.5_A3_T1.js
./ch11/11.4/11.4.5/S11.4.5_A3_T2.js
./ch11/11.4/11.4.5/S11.4.5_A3_T3.js
./ch11/11.4/11.4.5/S11.4.5_A4_T1.js
./ch11/11.4/11.4.5/S11.4.5_A4_T2.js
./ch11/11.4/11.4.5/S11.4.5_A4_T3.js
./ch11/11.4/11.4.6/S11.4.6_A2.1_T1.js
./ch11/11.4/11.4.6/S11.4.6_A2.2_T1.js
./ch11/11.4/11.4.6/S11.4.6_A3_T1.js
./ch11/11.4/11.4.6/S11.4.6_A3_T2.js
./ch11/11.4/11.4.6/S11.4.6_A3_T3.js
./ch11/11.4/11.4.6/S11.4.6_A3_T4.js
./ch11/11.4/11.4.7/S11.4.7_A2.1_T1.js
./ch11/11.4/11.4.7/S11.4.7_A2.2_T1.js
./ch11/11.4/11.4.7/S11.4.7_A3_T1.js
./ch11/11.4/11.4.7/S11.4.7_A3_T2.js
./ch11/11.4/11.4.7/S11.4.7_A3_T3.js
./ch11/11.4/11.4.7/S11.4.7_A3_T4.js
./ch11/11.4/11.4.8/S11.4.8_A2.1_T1.js
./ch11/11.4/11.4.8/S11.4.8_A2.2_T1.js
./ch11/11.4/11.4.8/S11.4.8_A3_T1.js
./ch11/11.4/11.4.8/S11.4.8_A3_T2.js
./ch11/11.4/11.4.8/S11.4.8_A3_T3.js
./ch11/11.4/11.4.8/S11.4.8_A3_T4.js
./ch11/11.4/11.4.9/S11.4.9_A2.1_T1.js
./ch11/11.4/11.4.9/S11.4.9_A3_T1.js
./ch11/11.4/11.4.9/S11.4.9_A3_T2.js
./ch11/11.4/11.4.9/S11.4.9_A3_T3.js
./ch11/11.4/11.4.9/S11.4.9_A3_T4.js
./ch11/11.5/11.5.1/S11.5.1_A2.1_T1.js
./ch11/11.5/11.5.1/S11.5.1_A2.2_T1.js
./ch11/11.5/11.5.1/S11.5.1_A2.4_T3.js
./ch11/11.5/11.5.1/S11.5.1_A3_T1.1.js
./ch11/11.5/11.5.1/S11.5.1_A3_T1.2.js
./ch11/11.5/11.5.1/S11.5.1_A3_T1.3.js
./ch11/11.5/11.5.1/S11.5.1_A3_T2.1.js
./ch11/11.5/11.5.1/S11.5.1_A3_T2.2.js
./ch11/11.5/11.5.1/S11.5.1_A3_T2.3.js
./ch11/11.5/11.5.1/S11.5.1_A3_T2.4.js
./ch11/11.5/11.5.1/S11.5.1_A3_T2.5.js
./ch11/11.5/11.5.1/S11.5.1_A3_T2.6.js
./ch11/11.5/11.5.1/S11.5.1_A3_T2.7.js
./ch11/11.5/11.5.1/S11.5.1_A3_T2.8.js
./ch11/11.5/11.5.1/S11.5.1_A3_T2.9.js
./ch11/11.5/11.5.1/S11.5.1_A4_T2.js
./ch11/11.5/11.5.2/S11.5.2_A2.1_T1.js
./ch11/11.5/11.5.2/S11.5.2_A2.2_T1.js
./ch11/11.5/11.5.2/S11.5.2_A2.4_T3.js
./ch11/11.5/11.5.2/S11.5.2_A3_T1.1.js
./ch11/11.5/11.5.2/S11.5.2_A3_T1.2.js
./ch11/11.5/11.5.2/S11.5.2_A3_T1.3.js
./ch11/11.5/11.5.2/S11.5.2_A3_T2.1.js
./ch11/11.5/11.5.2/S11.5.2_A3_T2.2.js
./ch11/11.5/11.5.2/S11.5.2_A3_T2.3.js
./ch11/11.5/11.5.2/S11.5.2_A3_T2.4.js
./ch11/11.5/11.5.2/S11.5.2_A3_T2.5.js
./ch11/11.5/11.5.2/S11.5.2_A3_T2.6.js
./ch11/11.5/11.5.2/S11.5.2_A3_T2.7.js
./ch11/11.5/11.5.2/S11.5.2_A3_T2.8.js
./ch11/11.5/11.5.2/S11.5.2_A3_T2.9.js
./ch11/11.5/11.5.3/S11.5.3_A2.1_T1.js
./ch11/11.5/11.5.3/S11.5.3_A2.2_T1.js
./ch11/11.5/11.5.3/S11.5.3_A2.4_T3.js
./ch11/11.5/11.5.3/S11.5.3_A3_T1.1.js
./ch11/11.5/11.5.3/S11.5.3_A3_T1.2.js
./ch11/11.5/11.5.3/S11.5.3_A3_T1.3.js
./ch11/11.5/11.5.3/S11.5.3_A3_T2.1.js
./ch11/11.5/11.5.3/S11.5.3_A3_T2.2.js
./ch11/11.5/11.5.3/S11.5.3_A3_T2.3.js
./ch11/11.5/11.5.3/S11.5.3_A3_T2.4.js
./ch11/11.5/11.5.3/S11.5.3_A3_T2.5.js
./ch11/11.5/11.5.3/S11.5.3_A3_T2.6.js
./ch11/11.5/11.5.3/S11.5.3_A3_T2.7.js
./ch11/11.5/11.5.3/S11.5.3_A3_T2.8.js
./ch11/11.5/11.5.3/S11.5.3_A3_T2.9.js
./ch11/11.5/11.5.3/S11.5.3_A4_T2.js
./ch11/11.5/11.5.3/S11.5.3_A4_T6.js
./ch11/11.5/11.5.3/S11.5.3_A4_T7.js
./ch11/11.6/11.6.1/S11.6.1_A2.1_T1.js
./ch11/11.6/11.6.1/S11.6.1_A2.2_T1.js
./ch11/11.6/11.6.1/S11.6.1_A2.2_T2.js
./ch11/11.6/11.6.1/S11.6.1_A2.4_T3.js
./ch11/11.6/11.6.1/S11.6.1_A3.1_T1.1.js
./ch11/11.6/11.6.1/S11.6.1_A3.1_T1.2.js
./ch11/11.6/11.6.1/S11.6.1_A3.1_T2.1.js
./ch11/11.6/11.6.1/S11.6.1_A3.1_T2.2.js
./ch11/11.6/11.6.1/S11.6.1_A3.1_T2.3.js
./ch11/11.6/11.6.1/S11.6.1_A3.1_T2.4.js
./ch11/11.6/11.6.1/S11.6.1_A3.1_T2.5.js
./ch11/11.6/11.6.1/S11.6.1_A3.2_T1.1.js
./ch11/11.6/11.6.1/S11.6.1_A3.2_T2.1.js
./ch11/11.6/11.6.1/S11.6.1_A3.2_T2.2.js
./ch11/11.6/11.6.1/S11.6.1_A3.2_T2.3.js
./ch11/11.6/11.6.1/S11.6.1_A3.2_T2.4.js
./ch11/11.6/11.6.1/S11.6.1_A4_T9.js
./ch11/11.6/11.6.2/S11.6.2_A2.1_T1.js
./ch11/11.6/11.6.2/S11.6.2_A2.2_T1.js
./ch11/11.6/11.6.2/S11.6.2_A2.4_T3.js
./ch11/11.6/11.6.2/S11.6.2_A3_T1.1.js
./ch11/11.6/11.6.2/S11.6.2_A3_T1.2.js
./ch11/11.6/11.6.2/S11.6.2_A3_T1.3.js
./ch11/11.6/11.6.2/S11.6.2_A3_T2.1.js
./ch11/11.6/11.6.2/S11.6.2_A3_T2.2.js
./ch11/11.6/11.6.2/S11.6.2_A3_T2.3.js
./ch11/11.6/11.6.2/S11.6.2_A3_T2.4.js
./ch11/11.6/11.6.2/S11.6.2_A3_T2.5.js
./ch11/11.6/11.6.2/S11.6.2_A3_T2.6.js
./ch11/11.6/11.6.2/S11.6.2_A3_T2.7.js
./ch11/11.6/11.6.2/S11.6.2_A3_T2.8.js
./ch11/11.6/11.6.2/S11.6.2_A3_T2.9.js
./ch11/11.7/11.7.1/S11.7.1_A2.1_T1.js
./ch11/11.7/11.7.1/S11.7.1_A2.2_T1.js
./ch11/11.7/11.7.1/S11.7.1_A2.4_T3.js
./ch11/11.7/11.7.1/S11.7.1_A3_T1.1.js
./ch11/11.7/11.7.1/S11.7.1_A3_T1.2.js
./ch11/11.7/11.7.1/S11.7.1_A3_T1.3.js
./ch11/11.7/11.7.1/S11.7.1_A3_T2.1.js
./ch11/11.7/11.7.1/S11.7.1_A3_T2.2.js
./ch11/11.7/11.7.1/S11.7.1_A3_T2.3.js
./ch11/11.7/11.7.1/S11.7.1_A3_T2.4.js
./ch11/11.7/11.7.1/S11.7.1_A3_T2.5.js
./ch11/11.7/11.7.1/S11.7.1_A3_T2.6.js
./ch11/11.7/11.7.1/S11.7.1_A3_T2.7.js
./ch11/11.7/11.7.1/S11.7.1_A3_T2.8.js
./ch11/11.7/11.7.1/S11.7.1_A3_T2.9.js
./ch11/11.7/11.7.2/S11.7.2_A2.1_T1.js
./ch11/11.7/11.7.2/S11.7.2_A2.2_T1.js
./ch11/11.7/11.7.2/S11.7.2_A2.4_T3.js
./ch11/11.7/11.7.2/S11.7.2_A3_T1.1.js
./ch11/11.7/11.7.2/S11.7.2_A3_T1.2.js
./ch11/11.7/11.7.2/S11.7.2_A3_T1.3.js
./ch11/11.7/11.7.2/S11.7.2_A3_T2.1.js
./ch11/11.7/11.7.2/S11.7.2_A3_T2.2.js
./ch11/11.7/11.7.2/S11.7.2_A3_T2.3.js
./ch11/11.7/11.7.2/S11.7.2_A3_T2.4.js
./ch11/11.7/11.7.2/S11.7.2_A3_T2.5.js
./ch11/11.7/11.7.2/S11.7.2_A3_T2.6.js
./ch11/11.7/11.7.2/S11.7.2_A3_T2.7.js
./ch11/11.7/11.7.2/S11.7.2_A3_T2.8.js
./ch11/11.7/11.7.2/S11.7.2_A3_T2.9.js
./ch11/11.7/11.7.3/S11.7.3_A2.1_T1.js
./ch11/11.7/11.7.3/S11.7.3_A2.2_T1.js
./ch11/11.7/11.7.3/S11.7.3_A2.4_T3.js
./ch11/11.7/11.7.3/S11.7.3_A3_T1.1.js
./ch11/11.7/11.7.3/S11.7.3_A3_T1.2.js
./ch11/11.7/11.7.3/S11.7.3_A3_T1.3.js
./ch11/11.7/11.7.3/S11.7.3_A3_T2.1.js
./ch11/11.7/11.7.3/S11.7.3_A3_T2.2.js
./ch11/11.7/11.7.3/S11.7.3_A3_T2.3.js
./ch11/11.7/11.7.3/S11.7.3_A3_T2.4.js
./ch11/11.7/11.7.3/S11.7.3_A3_T2.5.js
./ch11/11.7/11.7.3/S11.7.3_A3_T2.6.js
./ch11/11.7/11.7.3/S11.7.3_A3_T2.7.js
./ch11/11.7/11.7.3/S11.7.3_A3_T2.8.js
./ch11/11.7/11.7.3/S11.7.3_A3_T2.9.js
./ch11/11.8/11.8.1/S11.8.1_A2.1_T1.js
./ch11/11.8/11.8.1/S11.8.1_A2.2_T1.js
./ch11/11.8/11.8.1/S11.8.1_A2.4_T3.js
./ch11/11.8/11.8.1/S11.8.1_A3.1_T1.1.js
./ch11/11.8/11.8.1/S11.8.1_A3.1_T1.2.js
./ch11/11.8/11.8.1/S11.8.1_A3.1_T2.1.js
./ch11/11.8/11.8.1/S11.8.1_A3.1_T2.2.js
./ch11/11.8/11.8.1/S11.8.1_A3.1_T2.3.js
./ch11/11.8/11.8.1/S11.8.1_A3.1_T2.4.js
./ch11/11.8/11.8.1/S11.8.1_A3.1_T2.5.js
./ch11/11.8/11.8.1/S11.8.1_A3.1_T2.6.js
./ch11/11.8/11.8.1/S11.8.1_A3.1_T2.7.js
./ch11/11.8/11.8.1/S11.8.1_A3.1_T2.8.js
./ch11/11.8/11.8.1/S11.8.1_A3.1_T2.9.js
./ch11/11.8/11.8.1/S11.8.1_A3.2_T1.1.js
./ch11/11.8/11.8.2/S11.8.2_A2.1_T1.js
./ch11/11.8/11.8.2/S11.8.2_A2.2_T1.js
./ch11/11.8/11.8.2/S11.8.2_A2.4_T3.js
./ch11/11.8/11.8.2/S11.8.2_A3.1_T1.1.js
./ch11/11.8/11.8.2/S11.8.2_A3.1_T1.2.js
./ch11/11.8/11.8.2/S11.8.2_A3.1_T2.1.js
./ch11/11.8/11.8.2/S11.8.2_A3.1_T2.2.js
./ch11/11.8/11.8.2/S11.8.2_A3.1_T2.3.js
./ch11/11.8/11.8.2/S11.8.2_A3.1_T2.4.js
./ch11/11.8/11.8.2/S11.8.2_A3.1_T2.5.js
./ch11/11.8/11.8.2/S11.8.2_A3.1_T2.6.js
./ch11/11.8/11.8.2/S11.8.2_A3.1_T2.7.js
./ch11/11.8/11.8.2/S11.8.2_A3.1_T2.8.js
./ch11/11.8/11.8.2/S11.8.2_A3.1_T2.9.js
./ch11/11.8/11.8.2/S11.8.2_A3.2_T1.1.js
./ch11/11.8/11.8.3/S11.8.3_A2.1_T1.js
./ch11/11.8/11.8.3/S11.8.3_A2.2_T1.js
./ch11/11.8/11.8.3/S11.8.3_A2.4_T3.js
./ch11/11.8/11.8.3/S11.8.3_A3.1_T1.1.js
./ch11/11.8/11.8.3/S11.8.3_A3.1_T1.2.js
./ch11/11.8/11.8.3/S11.8.3_A3.1_T2.1.js
./ch11/11.8/11.8.3/S11.8.3_A3.1_T2.2.js
./ch11/11.8/11.8.3/S11.8.3_A3.1_T2.3.js
./ch11/11.8/11.8.3/S11.8.3_A3.1_T2.4.js
./ch11/11.8/11.8.3/S11.8.3_A3.1_T2.5.js
./ch11/11.8/11.8.3/S11.8.3_A3.1_T2.6.js
./ch11/11.8/11.8.3/S11.8.3_A3.1_T2.7.js
./ch11/11.8/11.8.3/S11.8.3_A3.1_T2.8.js
./ch11/11.8/11.8.3/S11.8.3_A3.1_T2.9.js
./ch11/11.8/11.8.3/S11.8.3_A3.2_T1.1.js
./ch11/11.8/11.8.4/S11.8.4_A2.1_T1.js
./ch11/11.8/11.8.4/S11.8.4_A2.2_T1.js
./ch11/11.8/11.8.4/S11.8.4_A2.4_T3.js
./ch11/11.8/11.8.4/S11.8.4_A3.1_T1.1.js
./ch11/11.8/11.8.4/S11.8.4_A3.1_T1.2.js
./ch11/11.8/11.8.4/S11.8.4_A3.1_T2.1.js
./ch11/11.8/11.8.4/S11.8.4_A3.1_T2.2.js
./ch11/11.8/11.8.4/S11.8.4_A3.1_T2.3.js
./ch11/11.8/11.8.4/S11.8.4_A3.1_T2.4.js
./ch11/11.8/11.8.4/S11.8.4_A3.1_T2.5.js
./ch11/11.8/11.8.4/S11.8.4_A3.1_T2.6.js
./ch11/11.8/11.8.4/S11.8.4_A3.1_T2.7.js
./ch11/11.8/11.8.4/S11.8.4_A3.1_T2.8.js
./ch11/11.8/11.8.4/S11.8.4_A3.1_T2.9.js
./ch11/11.8/11.8.4/S11.8.4_A3.2_T1.1.js
./ch11/11.8/11.8.6/S11.8.6_A1.js
./ch11/11.8/11.8.6/S11.8.6_A2.1_T1.js
./ch11/11.8/11.8.6/S11.8.6_A2.4_T1.js
./ch11/11.8/11.8.6/S11.8.6_A2.4_T3.js
./ch11/11.8/11.8.6/S11.8.6_A3.js
./ch11/11.8/11.8.6/S11.8.6_A4_T1.js
./ch11/11.8/11.8.6/S11.8.6_A4_T2.js
./ch11/11.8/11.8.6/S11.8.6_A4_T3.js
./ch11/11.8/11.8.6/S11.8.6_A5_T1.js
./ch11/11.8/11.8.6/S11.8.6_A5_T2.js
./ch11/11.8/11.8.6/S11.8.6_A6_T1.js
./ch11/11.8/11.8.6/S11.8.6_A6_T2.js
./ch11/11.8/11.8.6/S11.8.6_A6_T3.js
./ch11/11.8/11.8.6/S11.8.6_A6_T4.js
./ch11/11.8/11.8.6/S11.8.6_A7_T1.js
./ch11/11.8/11.8.6/S11.8.6_A7_T2.js
./ch11/11.8/11.8.6/S11.8.6_A7_T3.js
./ch11/11.8/11.8.7/S11.8.7_A1.js
./ch11/11.8/11.8.7/S11.8.7_A2.4_T1.js
./ch11/11.8/11.8.7/S11.8.7_A2.4_T3.js
./ch11/11.8/11.8.7/S11.8.7_A3.js
./ch11/11.8/11.8.7/S11.8.7_A4.js
./ch11/11.9/11.9.1/S11.9.1_A2.1_T1.js
./ch11/11.9/11.9.1/S11.9.1_A2.4_T3.js
./ch11/11.9/11.9.1/S11.9.1_A4.1_T1.js
./ch11/11.9/11.9.1/S11.9.1_A4.1_T2.js
./ch11/11.9/11.9.1/S11.9.1_A6.1.js
./ch11/11.9/11.9.1/S11.9.1_A7.1.js
./ch11/11.9/11.9.1/S11.9.1_A7.2.js
./ch11/11.9/11.9.1/S11.9.1_A7.3.js
./ch11/11.9/11.9.1/S11.9.1_A7.4.js
./ch11/11.9/11.9.1/S11.9.1_A7.5.js
./ch11/11.9/11.9.1/S11.9.1_A7.6.js
./ch11/11.9/11.9.1/S11.9.1_A7.7.js
./ch11/11.9/11.9.1/S11.9.1_A7.8.js
./ch11/11.9/11.9.1/S11.9.1_A7.9.js
./ch11/11.9/11.9.2/S11.9.2_A2.1_T1.js
./ch11/11.9/11.9.2/S11.9.2_A2.4_T3.js
./ch11/11.9/11.9.2/S11.9.2_A3.2.js
./ch11/11.9/11.9.2/S11.9.2_A3.3.js
./ch11/11.9/11.9.2/S11.9.2_A4.1_T1.js
./ch11/11.9/11.9.2/S11.9.2_A4.1_T2.js
./ch11/11.9/11.9.2/S11.9.2_A6.1.js
./ch11/11.9/11.9.2/S11.9.2_A7.1.js
./ch11/11.9/11.9.2/S11.9.2_A7.2.js
./ch11/11.9/11.9.2/S11.9.2_A7.3.js
./ch11/11.9/11.9.2/S11.9.2_A7.4.js
./ch11/11.9/11.9.2/S11.9.2_A7.5.js
./ch11/11.9/11.9.2/S11.9.2_A7.6.js
./ch11/11.9/11.9.2/S11.9.2_A7.7.js
./ch11/11.9/11.9.2/S11.9.2_A7.8.js
./ch11/11.9/11.9.2/S11.9.2_A7.9.js
./ch11/11.9/11.9.4/S11.9.4_A2.1_T1.js
./ch11/11.9/11.9.4/S11.9.4_A2.4_T3.js
./ch11/11.9/11.9.4/S11.9.4_A4.1_T1.js
./ch11/11.9/11.9.4/S11.9.4_A4.1_T2.js
./ch11/11.9/11.9.4/S11.9.4_A6.1.js
./ch11/11.9/11.9.4/S11.9.4_A7.js
./ch11/11.9/11.9.4/S11.9.4_A8_T1.js
./ch11/11.9/11.9.4/S11.9.4_A8_T2.js
./ch11/11.9/11.9.4/S11.9.4_A8_T3.js
./ch11/11.9/11.9.4/S11.9.4_A8_T4.js
./ch11/11.9/11.9.5/S11.9.5_A2.1_T1.js
./ch11/11.9/11.9.5/S11.9.5_A2.4_T3.js
./ch11/11.9/11.9.5/S11.9.5_A4.1_T1.js
./ch11/11.9/11.9.5/S11.9.5_A4.1_T2.js
./ch11/11.9/11.9.5/S11.9.5_A6.1.js
./ch11/11.9/11.9.5/S11.9.5_A7.js
./ch11/11.9/11.9.5/S11.9.5_A8_T1.js
./ch11/11.9/11.9.5/S11.9.5_A8_T2.js
./ch11/11.9/11.9.5/S11.9.5_A8_T3.js
./ch11/11.9/11.9.5/S11.9.5_A8_T4.js
./ch12/12.10/12.10.1/12.10.1-10-s.js
./ch12/12.10/12.10.1/12.10.1-11-s.js
./ch12/12.10/12.10.1/12.10.1-13-s.js
./ch12/12.10/12.10.1/12.10.1-14-s.js
./ch12/12.10/12.10.1/12.10.1-15-s.js
./ch12/12.10/12.10.1/12.10.1-16-s.js
./ch12/12.10/12.10.1/12.10.1-7-s.js
./ch12/12.14/12.14.1/12.14.1-1-s.js
./ch12/12.14/12.14.1/12.14.1-2-s.js
./ch12/12.14/12.14.1/12.14.1-4-s.js
./ch12/12.14/12.14.1/12.14.1-5-s.js
./ch12/12.14/12.14.1/12.14.1-6-s.js
./ch12/12.2/12.2.1/12.2.1-1-s.js
./ch12/12.2/12.2.1/12.2.1-11.js
./ch12/12.2/12.2.1/12.2.1-12-s.js
./ch12/12.2/12.2.1/12.2.1-13-s.js
./ch12/12.2/12.2.1/12.2.1-14-s.js
./ch12/12.2/12.2.1/12.2.1-15-s.js
./ch12/12.2/12.2.1/12.2.1-18-s.js
./ch12/12.2/12.2.1/12.2.1-19-s.js
./ch12/12.2/12.2.1/12.2.1-2-s.js
./ch12/12.2/12.2.1/12.2.1-23-s.js
./ch12/12.2/12.2.1/12.2.1-24-s.js
./ch12/12.2/12.2.1/12.2.1-25-s.js
./ch12/12.2/12.2.1/12.2.1-26-s.js
./ch12/12.2/12.2.1/12.2.1-27-s.js
./ch12/12.2/12.2.1/12.2.1-28-s.js
./ch12/12.2/12.2.1/12.2.1-29-s.js
./ch12/12.2/12.2.1/12.2.1-3-s.js
./ch12/12.2/12.2.1/12.2.1-30-s.js
./ch12/12.2/12.2.1/12.2.1-31-s.js
./ch12/12.2/12.2.1/12.2.1-32-s.js
./ch12/12.2/12.2.1/12.2.1-33-s.js
./ch12/12.2/12.2.1/12.2.1-34-s.js
./ch12/12.2/12.2.1/12.2.1-35-s.js
./ch12/12.2/12.2.1/12.2.1-36-s.js
./ch12/12.2/12.2.1/12.2.1-37-s.js
./ch12/12.2/12.2.1/12.2.1-4-s.js
./ch12/12.2/12.2.1/12.2.1-7-s.js
./ch12/12.2/12.2.1/12.2.1-8-s.js
./ch12/12.6/12.6.1/S12.6.1_A1.js
./ch12/12.6/12.6.1/S12.6.1_A10.js
./ch12/12.6/12.6.1/S12.6.1_A11.js
./ch12/12.6/12.6.1/S12.6.1_A14_T1.js
./ch12/12.6/12.6.1/S12.6.1_A14_T2.js
./ch12/12.6/12.6.1/S12.6.1_A2.js
./ch12/12.6/12.6.1/S12.6.1_A3.js
./ch12/12.6/12.6.1/S12.6.1_A4_T1.js
./ch12/12.6/12.6.1/S12.6.1_A4_T2.js
./ch12/12.6/12.6.1/S12.6.1_A4_T3.js
./ch12/12.6/12.6.1/S12.6.1_A4_T4.js
./ch12/12.6/12.6.1/S12.6.1_A4_T5.js
./ch12/12.6/12.6.1/S12.6.1_A5.js
./ch12/12.6/12.6.1/S12.6.1_A7.js
./ch12/12.6/12.6.1/S12.6.1_A8.js
./ch12/12.6/12.6.1/S12.6.1_A9.js
./ch12/12.6/12.6.2/S12.6.2_A10.js
./ch12/12.6/12.6.2/S12.6.2_A2.js
./ch12/12.6/12.6.2/S12.6.2_A3.js
./ch12/12.6/12.6.2/S12.6.2_A4_T1.js
./ch12/12.6/12.6.2/S12.6.2_A4_T2.js
./ch12/12.6/12.6.2/S12.6.2_A4_T3.js
./ch12/12.6/12.6.2/S12.6.2_A4_T4.js
./ch12/12.6/12.6.2/S12.6.2_A5.js
./ch12/12.6/12.6.2/S12.6.2_A7.js
./ch12/12.6/12.6.2/S12.6.2_A8.js
./ch12/12.6/12.6.2/S12.6.2_A9.js
./ch12/12.6/12.6.3/12.6.3_2-3-a-ii-10.js
./ch12/12.6/12.6.3/12.6.3_2-3-a-ii-11.js
./ch12/12.6/12.6.3/12.6.3_2-3-a-ii-12.js
./ch12/12.6/12.6.3/12.6.3_2-3-a-ii-13.js
./ch12/12.6/12.6.3/12.6.3_2-3-a-ii-14.js
./ch12/12.6/12.6.3/12.6.3_2-3-a-ii-15.js
./ch12/12.6/12.6.3/12.6.3_2-3-a-ii-16.js
./ch12/12.6/12.6.3/12.6.3_2-3-a-ii-18.js
./ch12/12.6/12.6.3/12.6.3_2-3-a-ii-2.js
./ch12/12.6/12.6.3/12.6.3_2-3-a-ii-3.js
./ch12/12.6/12.6.3/12.6.3_2-3-a-ii-4.js
./ch12/12.6/12.6.3/12.6.3_2-3-a-ii-5.js
./ch12/12.6/12.6.3/12.6.3_2-3-a-ii-6.js
./ch12/12.6/12.6.3/12.6.3_2-3-a-ii-7.js
./ch12/12.6/12.6.3/12.6.3_2-3-a-ii-8.js
./ch12/12.6/12.6.3/12.6.3_2-3-a-ii-9.js
./ch12/12.6/12.6.3/S12.6.3_A10.1.js
./ch12/12.6/12.6.3/S12.6.3_A10.js
./ch12/12.6/12.6.3/S12.6.3_A11.1_T1.js
./ch12/12.6/12.6.3/S12.6.3_A11.1_T2.js
./ch12/12.6/12.6.3/S12.6.3_A11_T1.js
./ch12/12.6/12.6.3/S12.6.3_A11_T2.js
./ch12/12.6/12.6.3/S12.6.3_A12.1_T1.js
./ch12/12.6/12.6.3/S12.6.3_A12.1_T2.js
./ch12/12.6/12.6.3/S12.6.3_A12_T1.js
./ch12/12.6/12.6.3/S12.6.3_A12_T2.js
./ch12/12.6/12.6.3/S12.6.3_A13.js
./ch12/12.6/12.6.3/S12.6.3_A14.js
./ch12/12.6/12.6.3/S12.6.3_A15.js
./ch12/12.6/12.6.3/S12.6.3_A2.js
./ch12/12.6/12.6.3/S12.6.3_A3.js
./ch12/12.6/12.6.3/S12.6.3_A5.js
./ch12/12.6/12.6.3/S12.6.3_A9.1.js
./ch12/12.6/12.6.3/S12.6.3_A9.js
./ch12/12.6/12.6.4/12.6.4-1.js
./ch12/12.6/12.6.4/12.6.4-2.js
./ch12/12.6/12.6.4/S12.6.4_A1.js
./ch12/12.6/12.6.4/S12.6.4_A14_T2.js
./ch12/12.6/12.6.4/S12.6.4_A2.js
./ch12/12.6/12.6.4/S12.6.4_A3.1.js
./ch12/12.6/12.6.4/S12.6.4_A3.js
./ch12/12.6/12.6.4/S12.6.4_A4.1.js
./ch12/12.6/12.6.4/S12.6.4_A4.js
./ch12/12.6/12.6.4/S12.6.4_A5.1.js
./ch12/12.6/12.6.4/S12.6.4_A5.js
./ch12/12.6/12.6.4/S12.6.4_A6.1.js
./ch12/12.6/12.6.4/S12.6.4_A6.js
./ch12/12.6/12.6.4/S12.6.4_A7_T1.js
./ch12/12.6/12.6.4/S12.6.4_A7_T2.js
./ch15/15.10/15.10.1/S15.10.1_A1_T1.js
./ch15/15.10/15.10.1/S15.10.1_A1_T10.js
./ch15/15.10/15.10.1/S15.10.1_A1_T11.js
./ch15/15.10/15.10.1/S15.10.1_A1_T12.js
./ch15/15.10/15.10.1/S15.10.1_A1_T13.js
./ch15/15.10/15.10.1/S15.10.1_A1_T14.js
./ch15/15.10/15.10.1/S15.10.1_A1_T15.js
./ch15/15.10/15.10.1/S15.10.1_A1_T16.js
./ch15/15.10/15.10.1/S15.10.1_A1_T2.js
./ch15/15.10/15.10.1/S15.10.1_A1_T3.js
./ch15/15.10/15.10.1/S15.10.1_A1_T4.js
./ch15/15.10/15.10.1/S15.10.1_A1_T5.js
./ch15/15.10/15.10.1/S15.10.1_A1_T6.js
./ch15/15.10/15.10.1/S15.10.1_A1_T7.js
./ch15/15.10/15.10.1/S15.10.1_A1_T8.js
./ch15/15.10/15.10.1/S15.10.1_A1_T9.js
./ch15/15.10/15.10.2/15.10.2.15-3-1.js
./ch15/15.10/15.10.2/15.10.2.15-3-2.js
./ch15/15.10/15.10.2/15.10.2.15-6-1.js
./ch15/15.10/15.10.2/15.10.2.2-1.js
./ch15/15.10/15.10.2/15.10.2.5-3-1.js
./ch15/15.10/15.10.2/S15.10.2_A1_T1.js
./ch15/15.10/15.10.3/S15.10.3.1_A1_T1.js
./ch15/15.10/15.10.3/S15.10.3.1_A1_T2.js
./ch15/15.10/15.10.3/S15.10.3.1_A1_T3.js
./ch15/15.10/15.10.3/S15.10.3.1_A1_T4.js
./ch15/15.10/15.10.3/S15.10.3.1_A1_T5.js
./ch15/15.10/15.10.3/S15.10.3.1_A2_T1.js
./ch15/15.10/15.10.3/S15.10.3.1_A3_T1.js
./ch15/15.10/15.10.3/S15.10.3.1_A3_T2.js
./ch15/15.10/15.10.4/S15.10.4.1_A1_T1.js
./ch15/15.10/15.10.4/S15.10.4.1_A1_T2.js
./ch15/15.10/15.10.4/S15.10.4.1_A1_T3.js
./ch15/15.10/15.10.4/S15.10.4.1_A1_T4.js
./ch15/15.10/15.10.4/S15.10.4.1_A1_T5.js
./ch15/15.10/15.10.4/S15.10.4.1_A2_T1.js
./ch15/15.10/15.10.4/S15.10.4.1_A2_T2.js
./ch15/15.10/15.10.4/S15.10.4.1_A3_T1.js
./ch15/15.10/15.10.4/S15.10.4.1_A3_T2.js
./ch15/15.10/15.10.4/S15.10.4.1_A3_T3.js
./ch15/15.10/15.10.4/S15.10.4.1_A3_T4.js
./ch15/15.10/15.10.4/S15.10.4.1_A3_T5.js
./ch15/15.10/15.10.4/S15.10.4.1_A4_T1.js
./ch15/15.10/15.10.4/S15.10.4.1_A4_T2.js
./ch15/15.10/15.10.4/S15.10.4.1_A4_T3.js
./ch15/15.10/15.10.4/S15.10.4.1_A4_T4.js
./ch15/15.10/15.10.4/S15.10.4.1_A4_T5.js
./ch15/15.10/15.10.4/S15.10.4.1_A5_T1.js
./ch15/15.10/15.10.4/S15.10.4.1_A5_T2.js
./ch15/15.10/15.10.4/S15.10.4.1_A5_T3.js
./ch15/15.10/15.10.4/S15.10.4.1_A5_T4.js
./ch15/15.10/15.10.4/S15.10.4.1_A5_T6.js
./ch15/15.10/15.10.4/S15.10.4.1_A5_T7.js
./ch15/15.10/15.10.4/S15.10.4.1_A5_T8.js
./ch15/15.10/15.10.4/S15.10.4.1_A5_T9.js
./ch15/15.10/15.10.4/S15.10.4.1_A6_T1.js
./ch15/15.10/15.10.4/S15.10.4.1_A7_T1.js
./ch15/15.10/15.10.4/S15.10.4.1_A7_T2.js
./ch15/15.10/15.10.4/S15.10.4.1_A8_T1.js
./ch15/15.10/15.10.4/S15.10.4.1_A8_T10.js
./ch15/15.10/15.10.4/S15.10.4.1_A8_T11.js
./ch15/15.10/15.10.4/S15.10.4.1_A8_T12.js
./ch15/15.10/15.10.4/S15.10.4.1_A8_T13.js
./ch15/15.10/15.10.4/S15.10.4.1_A8_T2.js
./ch15/15.10/15.10.4/S15.10.4.1_A8_T3.js
./ch15/15.10/15.10.4/S15.10.4.1_A8_T4.js
./ch15/15.10/15.10.4/S15.10.4.1_A8_T5.js
./ch15/15.10/15.10.4/S15.10.4.1_A8_T6.js
./ch15/15.10/15.10.4/S15.10.4.1_A8_T7.js
./ch15/15.10/15.10.4/S15.10.4.1_A8_T8.js
./ch15/15.10/15.10.4/S15.10.4.1_A8_T9.js
./ch15/15.10/15.10.4/S15.10.4.1_A9_T1.js
./ch15/15.10/15.10.4/S15.10.4.1_A9_T2.js
./ch15/15.10/15.10.4/S15.10.4.1_A9_T3.js
./ch15/15.10/15.10.5/S15.10.5.1_A2.js
./ch15/15.10/15.10.5/S15.10.5.1_A3.js
./ch15/15.10/15.10.5/S15.10.5.1_A4.js
./ch15/15.10/15.10.6/S15.10.6.1_A1_T2.js
./ch15/15.10/15.10.7/S15.10.7_A1_T1.js
./ch15/15.10/15.10.7/S15.10.7_A1_T2.js
./ch15/15.10/15.10.7/S15.10.7_A2_T1.js
./ch15/15.10/15.10.7/S15.10.7_A2_T2.js
./ch15/15.10/15.10.7/S15.10.7_A3_T1.js
./ch15/15.10/15.10.7/S15.10.7_A3_T2.js
./ch15/15.11/15.11.2/S15.11.2.1_A1_T1.js
./ch15/15.11/15.11.2/S15.11.2.1_A2_T1.js
./ch15/15.11/15.11.2/S15.11.2.1_A3_T1.js
./ch15/15.11/15.11.3/S15.11.3.1_A1_T1.js
./ch15/15.11/15.11.3/S15.11.3.1_A2_T1.js
./ch15/15.11/15.11.3/S15.11.3.1_A3_T1.js
./ch15/15.11/15.11.4/S15.11.4.1_A1_T2.js
./ch15/15.11/15.11.4/S15.11.4.4_A2.js
./ch15/15.11/15.11.4/S15.11.4_A2.js
./ch15/15.11/15.11.4/S15.11.4_A3.js
./ch15/15.11/15.11.4/S15.11.4_A4.js
./ch15/15.12/15.12.2/15.12.2-2-1.js
./ch15/15.12/15.12.2/15.12.2-2-10.js
./ch15/15.12/15.12.2/15.12.2-2-2.js
./ch15/15.12/15.12.2/15.12.2-2-3.js
./ch15/15.12/15.12.2/15.12.2-2-4.js
./ch15/15.12/15.12.2/15.12.2-2-5.js
./ch15/15.12/15.12.2/15.12.2-2-6.js
./ch15/15.12/15.12.2/15.12.2-2-7.js
./ch15/15.12/15.12.2/15.12.2-2-8.js
./ch15/15.12/15.12.2/15.12.2-2-9.js
./ch15/15.12/15.12.2/S15.12.2_A1.js
./ch15/15.12/15.12.3/15.12.3-11-16.js
./ch15/15.12/15.12.3/15.12.3-11-17.js
./ch15/15.12/15.12.3/15.12.3-11-18.js
./ch15/15.12/15.12.3/15.12.3-11-19.js
./ch15/15.12/15.12.3/15.12.3-11-20.js
./ch15/15.12/15.12.3/15.12.3-11-21.js
./ch15/15.12/15.12.3/15.12.3-11-22.js
./ch15/15.12/15.12.3/15.12.3-11-23.js
./ch15/15.12/15.12.3/15.12.3-11-24.js
./ch15/15.12/15.12.3/15.12.3-11-25.js
./ch15/15.12/15.12.3/15.12.3-11-26.js
./ch15/15.12/15.12.3/15.12.3-11-7.js
./ch15/15.12/15.12.3/15.12.3-11-8.js
./ch15/15.12/15.12.3/15.12.3-11-9.js
./ch15/15.12/15.12.3/15.12.3-5-a-i-1.js
./ch15/15.12/15.12.3/15.12.3-5-b-i-1.js
./ch15/15.12/15.12.3/15.12.3-8-a-4.js
./ch15/15.12/15.12.3/15.12.3_2-2-b-i-2.js
./ch15/15.12/15.12.3/15.12.3_2-2-b-i-3.js
./ch15/15.12/15.12.3/15.12.3_2-3-a-1.js
./ch15/15.12/15.12.3/15.12.3_2-3-a-2.js
./ch15/15.12/15.12.3/15.12.3_2-3-a-3.js
./ch15/15.2/15.2.1/S15.2.1.1_A1_T1.js
./ch15/15.2/15.2.1/S15.2.1.1_A1_T2.js
./ch15/15.2/15.2.1/S15.2.1.1_A1_T3.js
./ch15/15.2/15.2.1/S15.2.1.1_A1_T4.js
./ch15/15.2/15.2.1/S15.2.1.1_A1_T5.js
./ch15/15.2/15.2.1/S15.2.1.1_A2_T11.js
./ch15/15.2/15.2.1/S15.2.1.1_A3_T3.js
./ch15/15.2/15.2.2/S15.2.2.1_A1_T1.js
./ch15/15.2/15.2.2/S15.2.2.1_A1_T2.js
./ch15/15.2/15.2.2/S15.2.2.1_A1_T3.js
./ch15/15.2/15.2.2/S15.2.2.1_A1_T4.js
./ch15/15.2/15.2.2/S15.2.2.1_A1_T5.js
./ch15/15.2/15.2.2/S15.2.2.1_A2_T1.js
./ch15/15.2/15.2.2/S15.2.2.1_A2_T2.js
./ch15/15.2/15.2.2/S15.2.2.1_A2_T3.js
./ch15/15.2/15.2.2/S15.2.2.1_A2_T4.js
./ch15/15.2/15.2.2/S15.2.2.1_A2_T5.js
./ch15/15.2/15.2.2/S15.2.2.1_A2_T6.js
./ch15/15.2/15.2.2/S15.2.2.1_A2_T7.js
./ch15/15.2/15.2.2/S15.2.2.1_A3_T1.js
./ch15/15.2/15.2.2/S15.2.2.1_A3_T2.js
./ch15/15.2/15.2.2/S15.2.2.1_A3_T3.js
./ch15/15.2/15.2.2/S15.2.2.1_A4_T1.js
./ch15/15.2/15.2.2/S15.2.2.1_A4_T2.js
./ch15/15.2/15.2.2/S15.2.2.1_A4_T3.js
./ch15/15.2/15.2.2/S15.2.2.1_A5_T1.js
./ch15/15.2/15.2.2/S15.2.2.1_A5_T2.js
./ch15/15.2/15.2.2/S15.2.2.1_A5_T3.js
./ch15/15.2/15.2.2/S15.2.2.1_A5_T4.js
./ch15/15.2/15.2.2/S15.2.2.1_A6_T1.js
./ch15/15.2/15.2.2/S15.2.2.1_A6_T2.js
./ch15/15.2/15.2.2/S15.2.2.1_A6_T3.js
./ch15/15.2/15.2.4/S15.2.4.1_A1_T2.js
./ch15/15.2/15.2.4/S15.2.4_A1_T2.js
./ch15/15.2/15.2.4/S15.2.4_A3.js
./ch15/15.2/15.2.4/S15.2.4_A4.js
./ch15/15.3/15.3.2/S15.3.2.1_A1_T1.js
./ch15/15.3/15.3.2/S15.3.2.1_A1_T10.js
./ch15/15.3/15.3.2/S15.3.2.1_A1_T11.js
./ch15/15.3/15.3.2/S15.3.2.1_A1_T12.js
./ch15/15.3/15.3.2/S15.3.2.1_A1_T13.js
./ch15/15.3/15.3.2/S15.3.2.1_A1_T2.js
./ch15/15.3/15.3.2/S15.3.2.1_A1_T3.js
./ch15/15.3/15.3.2/S15.3.2.1_A1_T4.js
./ch15/15.3/15.3.2/S15.3.2.1_A1_T5.js
./ch15/15.3/15.3.2/S15.3.2.1_A1_T6.js
./ch15/15.3/15.3.2/S15.3.2.1_A1_T7.js
./ch15/15.3/15.3.2/S15.3.2.1_A1_T8.js
./ch15/15.3/15.3.2/S15.3.2.1_A1_T9.js
./ch15/15.3/15.3.2/S15.3.2.1_A3_T1.js
./ch15/15.3/15.3.2/S15.3.2.1_A3_T10.js
./ch15/15.3/15.3.2/S15.3.2.1_A3_T11.js
./ch15/15.3/15.3.2/S15.3.2.1_A3_T12.js
./ch15/15.3/15.3.2/S15.3.2.1_A3_T13.js
./ch15/15.3/15.3.2/S15.3.2.1_A3_T14.js
./ch15/15.3/15.3.2/S15.3.2.1_A3_T15.js
./ch15/15.3/15.3.2/S15.3.2.1_A3_T2.js
./ch15/15.3/15.3.2/S15.3.2.1_A3_T3.js
./ch15/15.3/15.3.2/S15.3.2.1_A3_T4.js
./ch15/15.3/15.3.2/S15.3.2.1_A3_T5.js
./ch15/15.3/15.3.2/S15.3.2.1_A3_T6.js
./ch15/15.3/15.3.2/S15.3.2.1_A3_T7.js
./ch15/15.3/15.3.2/S15.3.2.1_A3_T8.js
./ch15/15.3/15.3.2/S15.3.2.1_A3_T9.js
./ch15/15.3/15.3.2/S15.3.2_A1.js
./ch15/15.3/15.3.4/S15.3.4_A2_T2.js
./ch15/15.3/15.3.4/S15.3.4_A2_T3.js
./ch15/15.3/15.3.4/S15.3.4_A5.js
./ch15/15.3/15.3.5/S15.3.5.1_A1_T1.js
./ch15/15.3/15.3.5/S15.3.5.1_A1_T2.js
./ch15/15.3/15.3.5/S15.3.5.1_A1_T3.js
./ch15/15.3/15.3.5/S15.3.5.1_A2_T1.js
./ch15/15.3/15.3.5/S15.3.5.1_A2_T2.js
./ch15/15.3/15.3.5/S15.3.5.1_A2_T3.js
./ch15/15.3/15.3.5/S15.3.5.1_A3_T1.js
./ch15/15.3/15.3.5/S15.3.5.1_A3_T2.js
./ch15/15.3/15.3.5/S15.3.5.1_A3_T3.js
./ch15/15.3/15.3.5/S15.3.5.1_A4_T1.js
./ch15/15.3/15.3.5/S15.3.5.1_A4_T2.js
./ch15/15.3/15.3.5/S15.3.5.1_A4_T3.js
./ch15/15.3/15.3.5/S15.3.5.2_A1_T1.js
./ch15/15.3/15.3.5/S15.3.5.2_A1_T2.js
./ch15/15.3/15.3.5/S15.3.5.3_A1_T1.js
./ch15/15.3/15.3.5/S15.3.5.3_A1_T2.js
./ch15/15.3/15.3.5/S15.3.5.3_A1_T3.js
./ch15/15.3/15.3.5/S15.3.5.3_A1_T4.js
./ch15/15.3/15.3.5/S15.3.5.3_A1_T5.js
./ch15/15.3/15.3.5/S15.3.5.3_A1_T6.js
./ch15/15.3/15.3.5/S15.3.5.3_A1_T7.js
./ch15/15.3/15.3.5/S15.3.5.3_A1_T8.js
./ch15/15.3/15.3.5/S15.3.5.3_A2_T2.js
./ch15/15.3/15.3.5/S15.3.5.3_A2_T5.js
./ch15/15.3/15.3.5/S15.3.5.3_A2_T6.js
./ch15/15.3/15.3.5/S15.3.5.3_A3_T1.js
./ch15/15.3/15.3.5/S15.3.5.3_A3_T2.js
./ch15/15.3/15.3.5/S15.3.5_A1_T1.js
./ch15/15.3/15.3.5/S15.3.5_A2_T1.js
./ch15/15.3/15.3.5/S15.3.5_A2_T2.js
./ch15/15.3/15.3.5/S15.3.5_A3_T1.js
./ch15/15.3/15.3.5/S15.3.5_A3_T2.js
./ch15/15.4/15.4.1/S15.4.1_A1.1_T1.js
./ch15/15.4/15.4.1/S15.4.1_A1.1_T3.js
./ch15/15.4/15.4.1/S15.4.1_A1.2_T1.js
./ch15/15.4/15.4.1/S15.4.1_A2.2_T1.js
./ch15/15.4/15.4.3/S15.4.3_A2.1.js
./ch15/15.4/15.4.3/S15.4.3_A2.2.js
./ch15/15.4/15.4.3/S15.4.3_A2.3.js
./ch15/15.4/15.4.4/S15.4.4_A1.1_T1.js
./ch15/15.4/15.4.4/S15.4.4_A1.2_T1.js
./ch15/15.4/15.4.4/S15.4.4_A2.1_T1.js
./ch15/15.4/15.4.4/S15.4.4_A2.1_T2.js
./ch15/15.5/15.5.1/S15.5.1.1_A1_T18.js
./ch15/15.5/15.5.1/S15.5.1.1_A1_T19.js
./ch15/15.5/15.5.1/S15.5.1.1_A1_T3.js
./ch15/15.5/15.5.1/S15.5.1.1_A1_T5.js
./ch15/15.5/15.5.1/S15.5.1.1_A1_T6.js
./ch15/15.5/15.5.1/S15.5.1.1_A1_T8.js
./ch15/15.5/15.5.1/S15.5.1.1_A1_T9.js
./ch15/15.5/15.5.2/S15.5.2.1_A1_T1.js
./ch15/15.5/15.5.2/S15.5.2.1_A1_T10.js
./ch15/15.5/15.5.2/S15.5.2.1_A1_T11.js
./ch15/15.5/15.5.2/S15.5.2.1_A1_T12.js
./ch15/15.5/15.5.2/S15.5.2.1_A1_T13.js
./ch15/15.5/15.5.2/S15.5.2.1_A1_T16.js
./ch15/15.5/15.5.2/S15.5.2.1_A1_T17.js
./ch15/15.5/15.5.2/S15.5.2.1_A1_T18.js
./ch15/15.5/15.5.2/S15.5.2.1_A1_T19.js
./ch15/15.5/15.5.2/S15.5.2.1_A1_T2.js
./ch15/15.5/15.5.2/S15.5.2.1_A1_T3.js
./ch15/15.5/15.5.2/S15.5.2.1_A1_T4.js
./ch15/15.5/15.5.2/S15.5.2.1_A1_T5.js
./ch15/15.5/15.5.2/S15.5.2.1_A1_T6.js
./ch15/15.5/15.5.2/S15.5.2.1_A1_T7.js
./ch15/15.5/15.5.2/S15.5.2.1_A1_T8.js
./ch15/15.5/15.5.2/S15.5.2.1_A1_T9.js
./ch15/15.5/15.5.2/S15.5.2.1_A2_T1.js
./ch15/15.5/15.5.2/S15.5.2.1_A2_T2.js
./ch15/15.5/15.5.2/S15.5.2.1_A3.js
./ch15/15.5/15.5.3/S15.5.3.1_A3.js
./ch15/15.5/15.5.3/S15.5.3.2_A3_T2.js
./ch15/15.5/15.5.3/S15.5.3.2_A4.js
./ch15/15.5/15.5.4/S15.5.4.1_A1_T2.js
./ch15/15.5/15.5.4/S15.5.4.2_A1_T1.js
./ch15/15.5/15.5.4/S15.5.4.2_A1_T2.js
./ch15/15.5/15.5.4/S15.5.4.2_A1_T3.js
./ch15/15.5/15.5.4/S15.5.4.2_A1_T4.js
./ch15/15.5/15.5.4/S15.5.4.2_A3_T1.js
./ch15/15.5/15.5.4/S15.5.4.3_A1_T1.js
./ch15/15.5/15.5.4/S15.5.4.3_A1_T2.js
./ch15/15.5/15.5.4/S15.5.4.3_A1_T3.js
./ch15/15.5/15.5.4/S15.5.4.3_A1_T4.js
./ch15/15.5/15.5.4/S15.5.4_A1.js
./ch15/15.5/15.5.4/S15.5.4_A3.js
./ch15/15.5/15.5.5/S15.5.5.1_A1.js
./ch15/15.5/15.5.5/S15.5.5.1_A2.js
./ch15/15.5/15.5.5/S15.5.5.1_A3.js
./ch15/15.5/15.5.5/S15.5.5.1_A4.js
./ch15/15.5/15.5.5/S15.5.5.1_A5.js
./ch15/15.5/15.5.5/S15.5.5_A1_T1.js
./ch15/15.5/15.5.5/S15.5.5_A1_T2.js
./ch15/15.5/15.5.5/S15.5.5_A2_T1.js
./ch15/15.5/15.5.5/S15.5.5_A2_T2.js
./ch15/15.6/15.6.1/S15.6.1.1_A1_T1.js
./ch15/15.6/15.6.1/S15.6.1.1_A1_T4.js
./ch15/15.6/15.6.1/S15.6.1.1_A1_T5.js
./ch15/15.6/15.6.2/S15.6.2.1_A1.js
./ch15/15.6/15.6.2/S15.6.2.1_A2.js
./ch15/15.6/15.6.2/S15.6.2.1_A3.js
./ch15/15.6/15.6.2/S15.6.2.1_A4.js
./ch15/15.6/15.6.4/S15.6.4.2_A1_T1.js
./ch15/15.6/15.6.4/S15.6.4.2_A1_T2.js
./ch15/15.6/15.6.4/S15.6.4.2_A2_T1.js
./ch15/15.6/15.6.4/S15.6.4.2_A2_T2.js
./ch15/15.6/15.6.4/S15.6.4.2_A2_T3.js
./ch15/15.6/15.6.4/S15.6.4.2_A2_T4.js
./ch15/15.6/15.6.4/S15.6.4.3_A1_T1.js
./ch15/15.6/15.6.4/S15.6.4.3_A1_T2.js
./ch15/15.6/15.6.4/S15.6.4.3_A2_T1.js
./ch15/15.6/15.6.4/S15.6.4.3_A2_T2.js
./ch15/15.6/15.6.4/S15.6.4.3_A2_T3.js
./ch15/15.6/15.6.4/S15.6.4.3_A2_T4.js
./ch15/15.6/15.6.4/S15.6.4_A1.js
./ch15/15.7/15.7.1/S15.7.1.1_A1.js
./ch15/15.7/15.7.2/S15.7.2.1_A1.js
./ch15/15.7/15.7.2/S15.7.2.1_A2.js
./ch15/15.7/15.7.2/S15.7.2.1_A3.js
./ch15/15.7/15.7.2/S15.7.2.1_A4.js
./ch15/15.7/15.7.4/15.7.4-1.js
./ch15/15.7/15.7.4/S15.7.4_A1.js
./ch15/15.7/15.7.5/S15.7.5_A1_T01.js
./ch15/15.7/15.7.5/S15.7.5_A1_T02.js
./ch15/15.7/15.7.5/S15.7.5_A1_T03.js
./ch15/15.7/15.7.5/S15.7.5_A1_T04.js
./ch15/15.7/15.7.5/S15.7.5_A1_T05.js
./ch15/15.7/15.7.5/S15.7.5_A1_T06.js
./ch15/15.7/15.7.5/S15.7.5_A1_T07.js
./ch15/15.9/15.9.2/S15.9.2.1_A2.js
./ch15/15.9/15.9.3/S15.9.3.1_A1_T1.js
./ch15/15.9/15.9.3/S15.9.3.1_A1_T2.js
./ch15/15.9/15.9.3/S15.9.3.1_A1_T3.js
./ch15/15.9/15.9.3/S15.9.3.1_A1_T4.js
./ch15/15.9/15.9.3/S15.9.3.1_A1_T5.js
./ch15/15.9/15.9.3/S15.9.3.1_A1_T6.js
./ch15/15.9/15.9.3/S15.9.3.1_A2_T1.js
./ch15/15.9/15.9.3/S15.9.3.1_A2_T2.js
./ch15/15.9/15.9.3/S15.9.3.1_A2_T3.js
./ch15/15.9/15.9.3/S15.9.3.1_A2_T4.js
./ch15/15.9/15.9.3/S15.9.3.1_A2_T5.js
./ch15/15.9/15.9.3/S15.9.3.1_A2_T6.js
./ch15/15.9/15.9.3/S15.9.3.1_A3_T1.1.js
./ch15/15.9/15.9.3/S15.9.3.1_A3_T1.2.js
./ch15/15.9/15.9.3/S15.9.3.1_A3_T2.1.js
./ch15/15.9/15.9.3/S15.9.3.1_A3_T2.2.js
./ch15/15.9/15.9.3/S15.9.3.1_A3_T3.1.js
./ch15/15.9/15.9.3/S15.9.3.1_A3_T3.2.js
./ch15/15.9/15.9.3/S15.9.3.1_A3_T4.1.js
./ch15/15.9/15.9.3/S15.9.3.1_A3_T4.2.js
./ch15/15.9/15.9.3/S15.9.3.1_A3_T5.1.js
./ch15/15.9/15.9.3/S15.9.3.1_A3_T5.2.js
./ch15/15.9/15.9.3/S15.9.3.1_A3_T6.1.js
./ch15/15.9/15.9.3/S15.9.3.1_A3_T6.2.js
./ch15/15.9/15.9.3/S15.9.3.1_A4_T1.js
./ch15/15.9/15.9.3/S15.9.3.1_A4_T2.js
./ch15/15.9/15.9.3/S15.9.3.1_A4_T3.js
./ch15/15.9/15.9.3/S15.9.3.1_A4_T4.js
./ch15/15.9/15.9.3/S15.9.3.1_A4_T5.js
./ch15/15.9/15.9.3/S15.9.3.1_A4_T6.js
./ch15/15.9/15.9.3/S15.9.3.1_A5_T1.js
./ch15/15.9/15.9.3/S15.9.3.1_A5_T2.js
./ch15/15.9/15.9.3/S15.9.3.1_A5_T3.js
./ch15/15.9/15.9.3/S15.9.3.1_A5_T4.js
./ch15/15.9/15.9.3/S15.9.3.1_A5_T5.js
./ch15/15.9/15.9.3/S15.9.3.1_A5_T6.js
./ch15/15.9/15.9.3/S15.9.3.1_A6_T1.js
./ch15/15.9/15.9.3/S15.9.3.1_A6_T2.js
./ch15/15.9/15.9.3/S15.9.3.1_A6_T3.js
./ch15/15.9/15.9.3/S15.9.3.1_A6_T4.js
./ch15/15.9/15.9.3/S15.9.3.1_A6_T5.js
./ch15/15.9/15.9.3/S15.9.3.2_A1_T1.js
./ch15/15.9/15.9.3/S15.9.3.2_A2_T1.js
./ch15/15.9/15.9.3/S15.9.3.2_A3_T1.1.js
./ch15/15.9/15.9.3/S15.9.3.2_A3_T1.2.js
./intl402/ch06/6.2/6.2.2_a.js
./intl402/ch06/6.2/6.2.2_b.js
./intl402/ch06/6.2/6.2.2_c.js
./intl402/ch06/6.2/6.2.3.js
./intl402/ch06/6.2/6.2.4.js
./intl402/ch06/6.3/6.3.1_a.js
./intl402/ch06/6.3/6.3.1_b.js
./intl402/ch06/6.4/6.4_a.js
./intl402/ch06/6.4/6.4_b.js
./intl402/ch06/6.4/6.4_c.js
./intl402/ch08/8.0/8.0.js
./intl402/ch08/8.0/8.0_L15.js
./intl402/ch09/9.1/9.1_a.js
./intl402/ch09/9.1/9.1_b.js
./intl402/ch09/9.2/9.2.1_1.js
./intl402/ch09/9.2/9.2.1_2.js
./intl402/ch09/9.2/9.2.1_3.js
./intl402/ch09/9.2/9.2.1_4.js
./intl402/ch09/9.2/9.2.1_8_c_ii.js
./intl402/ch09/9.2/9.2.1_8_c_vi.js
./intl402/ch09/9.2/9.2.2.js
./intl402/ch09/9.2/9.2.3_5.js
./intl402/ch09/9.2/9.2.5_11_g_ii_2.js
./intl402/ch09/9.2/9.2.5_6.js
./intl402/ch09/9.2/9.2.6_2.js
./intl402/ch09/9.2/9.2.6_4.js
./intl402/ch09/9.2/9.2.6_4_b.js
./intl402/ch09/9.2/9.2.6_4_c.js
./intl402/ch09/9.2/9.2.8_1_c.js
./intl402/ch09/9.2/9.2.8_4.js
./intl402/ch10/10.1/10.1.1_1.js
./intl402/ch10/10.1/10.1.1_10.js
./intl402/ch10/10.1/10.1.1_11.js
./intl402/ch10/10.1/10.1.1_13.js
./intl402/ch10/10.1/10.1.1_19_b.js
./intl402/ch10/10.1/10.1.1_19_c.js
./intl402/ch10/10.1/10.1.1_20.js
./intl402/ch10/10.1/10.1.1_23.js
./intl402/ch10/10.1/10.1.1_6.js
./intl402/ch10/10.1/10.1.1_a.js
./intl402/ch10/10.1/10.1.2.1_4.js
./intl402/ch10/10.1/10.1.2_a.js
./intl402/ch10/10.1/10.1.3.js
./intl402/ch10/10.1/10.1_L15.js
./intl402/ch10/10.2/10.2.1.js
./intl402/ch10/10.2/10.2.2_a.js
./intl402/ch10/10.2/10.2.2_b.js
./intl402/ch10/10.2/10.2.2_L15.js
./intl402/ch10/10.2/10.2.3_b.js
./intl402/ch10/10.3/10.3.1.js
./intl402/ch10/10.3/10.3.2_1_a_L15.js
./intl402/ch10/10.3/10.3.2_1_c.js
./intl402/ch10/10.3/10.3.2_CS_a.js
./intl402/ch10/10.3/10.3.2_CS_b_NN.js
./intl402/ch10/10.3/10.3.2_CS_c_NN.js
./intl402/ch10/10.3/10.3.2_CS_d_NN.js
./intl402/ch10/10.3/10.3.2_L15.js
./intl402/ch10/10.3/10.3.3.js
./intl402/ch10/10.3/10.3.3_L15.js
./intl402/ch10/10.3/10.3_a.js
./intl402/ch10/10.3/10.3_b.js
./intl402/ch10/10.3/10.3_L15.js
./intl402/ch10/10.4/10.4_a.js
./intl402/ch11/11.1/11.1.1_1.js
./intl402/ch11/11.1/11.1.1_15.js
./intl402/ch11/11.1/11.1.1_17.js
./intl402/ch11/11.1/11.1.1_19.js
./intl402/ch11/11.1/11.1.1_20_c.js
./intl402/ch11/11.1/11.1.1_21.js
./intl402/ch11/11.1/11.1.1_32.js
./intl402/ch11/11.1/11.1.1_34.js
./intl402/ch11/11.1/11.1.1_6.js
./intl402/ch11/11.1/11.1.1_7.js
./intl402/ch11/11.1/11.1.1_a.js
./intl402/ch11/11.1/11.1.2.1_4.js
./intl402/ch11/11.1/11.1.2.js
./intl402/ch11/11.1/11.1.3.js
./intl402/ch11/11.1/11.1_L15.js
./intl402/ch11/11.2/11.2.1.js
./intl402/ch11/11.2/11.2.2_a.js
./intl402/ch11/11.2/11.2.2_b.js
./intl402/ch11/11.2/11.2.2_L15.js
./intl402/ch11/11.2/11.2.3_b.js
./intl402/ch11/11.3/11.3.1.js
./intl402/ch11/11.3/11.3.2_1_a_ii.js
./intl402/ch11/11.3/11.3.2_1_a_L15.js
./intl402/ch11/11.3/11.3.2_1_c.js
./intl402/ch11/11.3/11.3.2_FN_1.js
./intl402/ch11/11.3/11.3.2_FN_2.js
./intl402/ch11/11.3/11.3.2_FN_3_b.js
./intl402/ch11/11.3/11.3.2_FN_3_e.js
./intl402/ch11/11.3/11.3.2_L15.js
./intl402/ch11/11.3/11.3.2_TRF.js
./intl402/ch11/11.3/11.3.2_TRP.js
./intl402/ch11/11.3/11.3.3.js
./intl402/ch11/11.3/11.3.3_L15.js
./intl402/ch11/11.3/11.3_a.js
./intl402/ch11/11.3/11.3_b.js
./intl402/ch11/11.3/11.3_L15.js
./intl402/ch11/11.4/11.4_a.js
./intl402/ch12/12.1/12.1.1_1.js
./intl402/ch12/12.1/12.1.1_18.js
./intl402/ch12/12.1/12.1.1_22.js
./intl402/ch12/12.1/12.1.1_23.js
./intl402/ch12/12.1/12.1.1_25.js
./intl402/ch12/12.1/12.1.1_5.js
./intl402/ch12/12.1/12.1.1_6.js
./intl402/ch12/12.1/12.1.1_a.js
./intl402/ch12/12.1/12.1.1_TDTO.js
./intl402/ch12/12.1/12.1.2.1_4.js
./intl402/ch12/12.1/12.1.2.js
./intl402/ch12/12.1/12.1.3.js
./intl402/ch12/12.1/12.1_L15.js
./intl402/ch12/12.2/12.2.1.js
./intl402/ch12/12.2/12.2.2_a.js
./intl402/ch12/12.2/12.2.2_b.js
./intl402/ch12/12.2/12.2.2_L15.js
./intl402/ch12/12.2/12.2.3_b.js
./intl402/ch12/12.2/12.2.3_c.js
./intl402/ch12/12.3/12.3.1.js
./intl402/ch12/12.3/12.3.2_1_a_L15.js
./intl402/ch12/12.3/12.3.2_1_c.js
./intl402/ch12/12.3/12.3.2_FDT_1.js
./intl402/ch12/12.3/12.3.2_FDT_7_a_iv.js
./intl402/ch12/12.3/12.3.2_L15.js
./intl402/ch12/12.3/12.3.2_TLT_2.js
./intl402/ch12/12.3/12.3.3.js
./intl402/ch12/12.3/12.3.3_L15.js
./intl402/ch12/12.3/12.3_a.js
./intl402/ch12/12.3/12.3_b.js
./intl402/ch12/12.3/12.3_L15.js
./intl402/ch12/12.4/12.4_a.js
./intl402/ch13/13.1/13.1.1_1.js
./intl402/ch13/13.1/13.1.1_2.js
./intl402/ch13/13.1/13.1.1_3_1.js
./intl402/ch13/13.1/13.1.1_3_2.js
./intl402/ch13/13.1/13.1.1_6_1.js
./intl402/ch13/13.1/13.1.1_6_2.js
./intl402/ch13/13.1/13.1.1_7.js
./intl402/ch13/13.1/13.1.1_L15.js
./intl402/ch13/13.2/13.2.1_1.js
./intl402/ch13/13.2/13.2.1_4_1.js
./intl402/ch13/13.2/13.2.1_4_2.js
./intl402/ch13/13.2/13.2.1_5.js
./intl402/ch13/13.2/13.2.1_L15.js
./intl402/ch13/13.3/13.3.0_2.js
./intl402/ch13/13.3/13.3.0_6_1.js
./intl402/ch13/13.3/13.3.0_6_2.js
./intl402/ch13/13.3/13.3.0_7.js
./intl402/ch13/13.3/13.3.1_L15.js
./intl402/ch13/13.3/13.3.2_L15.js
./intl402/ch13/13.3/13.3.3_L15.js
./ch07/7.6/7.6.1/7.6.1.2/7.6.1-17-s.js
./ch07/7.6/7.6.1/7.6.1.2/7.6.1-19-s.js
./ch07/7.6/7.6.1/7.6.1.2/7.6.1-20-s.js
./ch07/7.6/7.6.1/7.6.1.2/7.6.1-22-s.js
./ch07/7.6/7.6.1/7.6.1.2/7.6.1-23-s.js
./ch07/7.6/7.6.1/7.6.1.2/7.6.1-24-s.js
./ch07/7.6/7.6.1/7.6.1.2/7.6.1-25-s.js
./ch07/7.6/7.6.1/7.6.1.2/7.6.1.2-1-s.js
./ch07/7.6/7.6.1/7.6.1.2/7.6.1.2-3-s.js
./ch07/7.6/7.6.1/7.6.1.2/7.6.1.2-4-s.js
./ch07/7.6/7.6.1/7.6.1.2/7.6.1.2-6-s.js
./ch07/7.6/7.6.1/7.6.1.2/7.6.1.2-7-s.js
./ch07/7.6/7.6.1/7.6.1.2/7.6.1.2-8-s.js
./ch07/7.6/7.6.1/7.6.1.2/7.6.1.2-9-s.js
./ch07/7.6/7.6.1/7.6.1.2/S7.6.1.2_A1.15ns.js
./ch07/7.6/7.6.1/7.6.1.2/S7.6.1.2_A1.18ns.js
./ch07/7.6/7.6.1/7.6.1.2/S7.6.1.2_A1.21ns.js
./ch07/7.6/7.6.1/7.6.1.2/S7.6.1.2_A1.22ns.js
./ch07/7.6/7.6.1/7.6.1.2/S7.6.1.2_A1.23ns.js
./ch07/7.6/7.6.1/7.6.1.2/S7.6.1.2_A1.24ns.js
./ch07/7.6/7.6.1/7.6.1.2/S7.6.1.2_A1.26ns.js
./ch15/15.1/15.1.1/15.1.1.1/15.1.1.1-0.js
./ch15/15.1/15.1.1/15.1.1.1/S15.1.1.1_A3.1.js
./ch15/15.1/15.1.1/15.1.1.2/15.1.1.2-0.js
./ch15/15.1/15.1.1/15.1.1.2/S15.1.1.2_A3.1.js
./ch15/15.1/15.1.1/15.1.1.3/15.1.1.3-0.js
./ch15/15.1/15.1.1/15.1.1.3/15.1.1.3-1.js
./ch15/15.1/15.1.1/15.1.1.3/15.1.1.3-2.js
./ch15/15.1/15.1.1/15.1.1.3/15.1.1.3-3.js
./ch15/15.1/15.1.1/15.1.1.3/S15.1.1.3_A1.js
./ch15/15.1/15.1.1/15.1.1.3/S15.1.1.3_A3.1.js
./ch15/15.1/15.1.2/15.1.2.1/S15.1.2.1_A1.1_T2.js
./ch15/15.1/15.1.2/15.1.2.1/S15.1.2.1_A3.1_T1.js
./ch15/15.1/15.1.2/15.1.2.1/S15.1.2.1_A3.2_T2.js
./ch15/15.1/15.1.2/15.1.2.1/S15.1.2.1_A3.2_T5.js
./ch15/15.1/15.1.2/15.1.2.1/S15.1.2.1_A3.2_T6.js
./ch15/15.1/15.1.2/15.1.2.1/S15.1.2.1_A3.2_T8.js
./ch15/15.1/15.1.2/15.1.2.1/S15.1.2.1_A4.2.js
./ch15/15.1/15.1.2/15.1.2.1/S15.1.2.1_A4.5.js
./ch15/15.1/15.1.2/15.1.2.1/S15.1.2.1_A4.7.js
./ch15/15.1/15.1.2/15.1.2.2/S15.1.2.2_A1_T4.js
./ch15/15.1/15.1.2/15.1.2.2/S15.1.2.2_A1_T5.js
./ch15/15.1/15.1.2/15.1.2.2/S15.1.2.2_A1_T6.js
./ch15/15.1/15.1.2/15.1.2.2/S15.1.2.2_A2_T10.js
./ch15/15.1/15.1.2/15.1.2.2/S15.1.2.2_A3.1_T4.js
./ch15/15.1/15.1.2/15.1.2.2/S15.1.2.2_A3.1_T5.js
./ch15/15.1/15.1.2/15.1.2.2/S15.1.2.2_A3.1_T6.js
./ch15/15.1/15.1.2/15.1.2.2/S15.1.2.2_A4.2_T3.js
./ch15/15.1/15.1.2/15.1.2.2/S15.1.2.2_A6.1_T1.js
./ch15/15.1/15.1.2/15.1.2.2/S15.1.2.2_A6.1_T2.js
./ch15/15.1/15.1.2/15.1.2.2/S15.1.2.2_A6.1_T3.js
./ch15/15.1/15.1.2/15.1.2.2/S15.1.2.2_A6.1_T4.js
./ch15/15.1/15.1.2/15.1.2.2/S15.1.2.2_A6.1_T5.js
./ch15/15.1/15.1.2/15.1.2.2/S15.1.2.2_A7.1_T1.js
./ch15/15.1/15.1.2/15.1.2.2/S15.1.2.2_A7.2_T1.js
./ch15/15.1/15.1.2/15.1.2.2/S15.1.2.2_A7.3_T1.js
./ch15/15.1/15.1.2/15.1.2.2/S15.1.2.2_A8.js
./ch15/15.1/15.1.2/15.1.2.2/S15.1.2.2_A9.2.js
./ch15/15.1/15.1.2/15.1.2.2/S15.1.2.2_A9.3.js
./ch15/15.1/15.1.2/15.1.2.2/S15.1.2.2_A9.5.js
./ch15/15.1/15.1.2/15.1.2.2/S15.1.2.2_A9.7.js
./ch15/15.1/15.1.2/15.1.2.3/S15.1.2.3_A1_T4.js
./ch15/15.1/15.1.2/15.1.2.3/S15.1.2.3_A1_T5.js
./ch15/15.1/15.1.2/15.1.2.3/S15.1.2.3_A1_T6.js
./ch15/15.1/15.1.2/15.1.2.3/S15.1.2.3_A2_T10.js
./ch15/15.1/15.1.2/15.1.2.3/S15.1.2.3_A6.js
./ch15/15.1/15.1.2/15.1.2.3/S15.1.2.3_A7.2.js
./ch15/15.1/15.1.2/15.1.2.3/S15.1.2.3_A7.5.js
./ch15/15.1/15.1.2/15.1.2.3/S15.1.2.3_A7.7.js
./ch15/15.1/15.1.2/15.1.2.4/S15.1.2.4_A1_T1.js
./ch15/15.1/15.1.2/15.1.2.4/S15.1.2.4_A1_T2.js
./ch15/15.1/15.1.2/15.1.2.4/S15.1.2.4_A2.2.js
./ch15/15.1/15.1.2/15.1.2.4/S15.1.2.4_A2.3.js
./ch15/15.1/15.1.2/15.1.2.4/S15.1.2.4_A2.5.js
./ch15/15.1/15.1.2/15.1.2.4/S15.1.2.4_A2.7.js
./ch15/15.1/15.1.2/15.1.2.5/S15.1.2.5_A1_T1.js
./ch15/15.1/15.1.2/15.1.2.5/S15.1.2.5_A1_T2.js
./ch15/15.1/15.1.2/15.1.2.5/S15.1.2.5_A2.2.js
./ch15/15.1/15.1.2/15.1.2.5/S15.1.2.5_A2.3.js
./ch15/15.1/15.1.2/15.1.2.5/S15.1.2.5_A2.5.js
./ch15/15.1/15.1.2/15.1.2.5/S15.1.2.5_A2.7.js
./ch15/15.1/15.1.3/15.1.3.1/S15.1.3.1_A1.10_T1.js
./ch15/15.1/15.1.3/15.1.3.1/S15.1.3.1_A1.11_T1.js
./ch15/15.1/15.1.3/15.1.3.1/S15.1.3.1_A1.11_T2.js
./ch15/15.1/15.1.3/15.1.3.1/S15.1.3.1_A1.12_T1.js
./ch15/15.1/15.1.3/15.1.3.1/S15.1.3.1_A1.12_T2.js
./ch15/15.1/15.1.3/15.1.3.1/S15.1.3.1_A1.12_T3.js
./ch15/15.1/15.1.3/15.1.3.1/S15.1.3.1_A1.13_T1.js
./ch15/15.1/15.1.3/15.1.3.1/S15.1.3.1_A1.13_T2.js
./ch15/15.1/15.1.3/15.1.3.1/S15.1.3.1_A1.14_T1.js
./ch15/15.1/15.1.3/15.1.3.1/S15.1.3.1_A1.14_T2.js
./ch15/15.1/15.1.3/15.1.3.1/S15.1.3.1_A1.14_T3.js
./ch15/15.1/15.1.3/15.1.3.1/S15.1.3.1_A1.14_T4.js
./ch15/15.1/15.1.3/15.1.3.1/S15.1.3.1_A1.15_T1.js
./ch15/15.1/15.1.3/15.1.3.1/S15.1.3.1_A1.15_T2.js
./ch15/15.1/15.1.3/15.1.3.1/S15.1.3.1_A1.15_T3.js
./ch15/15.1/15.1.3/15.1.3.1/S15.1.3.1_A1.15_T4.js
./ch15/15.1/15.1.3/15.1.3.1/S15.1.3.1_A1.15_T5.js
./ch15/15.1/15.1.3/15.1.3.1/S15.1.3.1_A1.15_T6.js
./ch15/15.1/15.1.3/15.1.3.1/S15.1.3.1_A1.2_T1.js
./ch15/15.1/15.1.3/15.1.3.1/S15.1.3.1_A1.2_T2.js
./ch15/15.1/15.1.3/15.1.3.1/S15.1.3.1_A1.3_T1.js
./ch15/15.1/15.1.3/15.1.3.1/S15.1.3.1_A1.3_T2.js
./ch15/15.1/15.1.3/15.1.3.1/S15.1.3.1_A1.4_T1.js
./ch15/15.1/15.1.3/15.1.3.1/S15.1.3.1_A1.5_T1.js
./ch15/15.1/15.1.3/15.1.3.1/S15.1.3.1_A1.6_T1.js
./ch15/15.1/15.1.3/15.1.3.1/S15.1.3.1_A1.7_T1.js
./ch15/15.1/15.1.3/15.1.3.1/S15.1.3.1_A1.8_T1.js
./ch15/15.1/15.1.3/15.1.3.1/S15.1.3.1_A1.8_T2.js
./ch15/15.1/15.1.3/15.1.3.1/S15.1.3.1_A1.9_T1.js
./ch15/15.1/15.1.3/15.1.3.1/S15.1.3.1_A1.9_T2.js
./ch15/15.1/15.1.3/15.1.3.1/S15.1.3.1_A1.9_T3.js
./ch15/15.1/15.1.3/15.1.3.1/S15.1.3.1_A2.1_T1.js
./ch15/15.1/15.1.3/15.1.3.1/S15.1.3.1_A2.2_T1.js
./ch15/15.1/15.1.3/15.1.3.1/S15.1.3.1_A2.3_T1.js
./ch15/15.1/15.1.3/15.1.3.1/S15.1.3.1_A2.4_T1.js
./ch15/15.1/15.1.3/15.1.3.1/S15.1.3.1_A2.5_T1.js
./ch15/15.1/15.1.3/15.1.3.1/S15.1.3.1_A5.1.js
./ch15/15.1/15.1.3/15.1.3.1/S15.1.3.1_A5.2.js
./ch15/15.1/15.1.3/15.1.3.1/S15.1.3.1_A5.5.js
./ch15/15.1/15.1.3/15.1.3.1/S15.1.3.1_A5.7.js
./ch15/15.1/15.1.3/15.1.3.2/S15.1.3.2_A1.10_T1.js
./ch15/15.1/15.1.3/15.1.3.2/S15.1.3.2_A1.11_T1.js
./ch15/15.1/15.1.3/15.1.3.2/S15.1.3.2_A1.11_T2.js
./ch15/15.1/15.1.3/15.1.3.2/S15.1.3.2_A1.12_T1.js
./ch15/15.1/15.1.3/15.1.3.2/S15.1.3.2_A1.12_T2.js
./ch15/15.1/15.1.3/15.1.3.2/S15.1.3.2_A1.12_T3.js
./ch15/15.1/15.1.3/15.1.3.2/S15.1.3.2_A1.13_T1.js
./ch15/15.1/15.1.3/15.1.3.2/S15.1.3.2_A1.13_T2.js
./ch15/15.1/15.1.3/15.1.3.2/S15.1.3.2_A1.14_T1.js
./ch15/15.1/15.1.3/15.1.3.2/S15.1.3.2_A1.14_T2.js
./ch15/15.1/15.1.3/15.1.3.2/S15.1.3.2_A1.14_T3.js
./ch15/15.1/15.1.3/15.1.3.2/S15.1.3.2_A1.14_T4.js
./ch15/15.1/15.1.3/15.1.3.2/S15.1.3.2_A1.15_T1.js
./ch15/15.1/15.1.3/15.1.3.2/S15.1.3.2_A1.15_T2.js
./ch15/15.1/15.1.3/15.1.3.2/S15.1.3.2_A1.15_T3.js
./ch15/15.1/15.1.3/15.1.3.2/S15.1.3.2_A1.15_T4.js
./ch15/15.1/15.1.3/15.1.3.2/S15.1.3.2_A1.15_T5.js
./ch15/15.1/15.1.3/15.1.3.2/S15.1.3.2_A1.15_T6.js
./ch15/15.1/15.1.3/15.1.3.2/S15.1.3.2_A1.1_T1.js
./ch15/15.1/15.1.3/15.1.3.2/S15.1.3.2_A1.2_T1.js
./ch15/15.1/15.1.3/15.1.3.2/S15.1.3.2_A1.2_T2.js
./ch15/15.1/15.1.3/15.1.3.2/S15.1.3.2_A1.3_T1.js
./ch15/15.1/15.1.3/15.1.3.2/S15.1.3.2_A1.3_T2.js
./ch15/15.1/15.1.3/15.1.3.2/S15.1.3.2_A1.4_T1.js
./ch15/15.1/15.1.3/15.1.3.2/S15.1.3.2_A1.5_T1.js
./ch15/15.1/15.1.3/15.1.3.2/S15.1.3.2_A1.6_T1.js
./ch15/15.1/15.1.3/15.1.3.2/S15.1.3.2_A1.7_T1.js
./ch15/15.1/15.1.3/15.1.3.2/S15.1.3.2_A1.8_T1.js
./ch15/15.1/15.1.3/15.1.3.2/S15.1.3.2_A1.8_T2.js
./ch15/15.1/15.1.3/15.1.3.2/S15.1.3.2_A1.9_T1.js
./ch15/15.1/15.1.3/15.1.3.2/S15.1.3.2_A1.9_T2.js
./ch15/15.1/15.1.3/15.1.3.2/S15.1.3.2_A1.9_T3.js
./ch15/15.1/15.1.3/15.1.3.2/S15.1.3.2_A2.1_T1.js
./ch15/15.1/15.1.3/15.1.3.2/S15.1.3.2_A2.2_T1.js
./ch15/15.1/15.1.3/15.1.3.2/S15.1.3.2_A2.3_T1.js
./ch15/15.1/15.1.3/15.1.3.2/S15.1.3.2_A2.4_T1.js
./ch15/15.1/15.1.3/15.1.3.2/S15.1.3.2_A2.5_T1.js
./ch15/15.1/15.1.3/15.1.3.2/S15.1.3.2_A5.1.js
./ch15/15.1/15.1.3/15.1.3.2/S15.1.3.2_A5.2.js
./ch15/15.1/15.1.3/15.1.3.2/S15.1.3.2_A5.3.js
./ch15/15.1/15.1.3/15.1.3.2/S15.1.3.2_A5.5.js
./ch15/15.1/15.1.3/15.1.3.2/S15.1.3.2_A5.7.js
./ch15/15.1/15.1.3/15.1.3.3/S15.1.3.3_A1.1_T1.js
./ch15/15.1/15.1.3/15.1.3.3/S15.1.3.3_A1.1_T2.js
./ch15/15.1/15.1.3/15.1.3.3/S15.1.3.3_A1.2_T1.js
./ch15/15.1/15.1.3/15.1.3.3/S15.1.3.3_A1.2_T2.js
./ch15/15.1/15.1.3/15.1.3.3/S15.1.3.3_A1.3_T1.js
./ch15/15.1/15.1.3/15.1.3.3/S15.1.3.3_A2.1_T1.js
./ch15/15.1/15.1.3/15.1.3.3/S15.1.3.3_A2.2_T1.js
./ch15/15.1/15.1.3/15.1.3.3/S15.1.3.3_A2.3_T1.js
./ch15/15.1/15.1.3/15.1.3.3/S15.1.3.3_A2.4_T1.js
./ch15/15.1/15.1.3/15.1.3.3/S15.1.3.3_A2.4_T2.js
./ch15/15.1/15.1.3/15.1.3.3/S15.1.3.3_A2.5_T1.js
./ch15/15.1/15.1.3/15.1.3.3/S15.1.3.3_A3.1_T1.js
./ch15/15.1/15.1.3/15.1.3.3/S15.1.3.3_A3.2_T1.js
./ch15/15.1/15.1.3/15.1.3.3/S15.1.3.3_A3.2_T2.js
./ch15/15.1/15.1.3/15.1.3.3/S15.1.3.3_A3.2_T3.js
./ch15/15.1/15.1.3/15.1.3.3/S15.1.3.3_A5.1.js
./ch15/15.1/15.1.3/15.1.3.3/S15.1.3.3_A5.2.js
./ch15/15.1/15.1.3/15.1.3.3/S15.1.3.3_A5.3.js
./ch15/15.1/15.1.3/15.1.3.3/S15.1.3.3_A5.5.js
./ch15/15.1/15.1.3/15.1.3.3/S15.1.3.3_A5.7.js
./ch15/15.1/15.1.3/15.1.3.4/S15.1.3.4_A1.1_T1.js
./ch15/15.1/15.1.3/15.1.3.4/S15.1.3.4_A1.1_T2.js
./ch15/15.1/15.1.3/15.1.3.4/S15.1.3.4_A1.2_T1.js
./ch15/15.1/15.1.3/15.1.3.4/S15.1.3.4_A1.2_T2.js
./ch15/15.1/15.1.3/15.1.3.4/S15.1.3.4_A1.3_T1.js
./ch15/15.1/15.1.3/15.1.3.4/S15.1.3.4_A2.1_T1.js
./ch15/15.1/15.1.3/15.1.3.4/S15.1.3.4_A2.2_T1.js
./ch15/15.1/15.1.3/15.1.3.4/S15.1.3.4_A2.3_T1.js
./ch15/15.1/15.1.3/15.1.3.4/S15.1.3.4_A2.4_T1.js
./ch15/15.1/15.1.3/15.1.3.4/S15.1.3.4_A2.4_T2.js
./ch15/15.1/15.1.3/15.1.3.4/S15.1.3.4_A2.5_T1.js
./ch15/15.1/15.1.3/15.1.3.4/S15.1.3.4_A3.1_T1.js
./ch15/15.1/15.1.3/15.1.3.4/S15.1.3.4_A3.2_T1.js
./ch15/15.1/15.1.3/15.1.3.4/S15.1.3.4_A3.2_T2.js
./ch15/15.1/15.1.3/15.1.3.4/S15.1.3.4_A3.2_T3.js
./ch15/15.1/15.1.3/15.1.3.4/S15.1.3.4_A5.1.js
./ch15/15.1/15.1.3/15.1.3.4/S15.1.3.4_A5.2.js
./ch15/15.1/15.1.3/15.1.3.4/S15.1.3.4_A5.3.js
./ch15/15.1/15.1.3/15.1.3.4/S15.1.3.4_A5.5.js
./ch15/15.1/15.1.3/15.1.3.4/S15.1.3.4_A5.7.js
./ch15/15.10/15.10.2/15.10.2.10/S15.10.2.10_A2.1_T1.js
./ch15/15.10/15.10.2/15.10.2.10/S15.10.2.10_A2.1_T2.js
./ch15/15.10/15.10.2/15.10.2.10/S15.10.2.10_A2.1_T3.js
./ch15/15.10/15.10.2/15.10.2.10/S15.10.2.10_A3.1_T2.js
./ch15/15.10/15.10.2/15.10.2.10/S15.10.2.10_A4.1_T2.js
./ch15/15.10/15.10.2/15.10.2.10/S15.10.2.10_A4.1_T3.js
./ch15/15.10/15.10.2/15.10.2.10/S15.10.2.10_A5.1_T1.js
./ch15/15.10/15.10.2/15.10.2.11/S15.10.2.11_A1_T1.js
./ch15/15.10/15.10.2/15.10.2.11/S15.10.2.11_A1_T8.js
./ch15/15.10/15.10.2/15.10.2.11/S15.10.2.11_A1_T9.js
./ch15/15.10/15.10.2/15.10.2.12/S15.10.2.12_A1_T1.js
./ch15/15.10/15.10.2/15.10.2.12/S15.10.2.12_A1_T3.js
./ch15/15.10/15.10.2/15.10.2.12/S15.10.2.12_A1_T4.js
./ch15/15.10/15.10.2/15.10.2.12/S15.10.2.12_A2_T1.js
./ch15/15.10/15.10.2/15.10.2.12/S15.10.2.12_A2_T3.js
./ch15/15.10/15.10.2/15.10.2.12/S15.10.2.12_A2_T4.js
./ch15/15.10/15.10.2/15.10.2.12/S15.10.2.12_A3_T1.js
./ch15/15.10/15.10.2/15.10.2.12/S15.10.2.12_A3_T2.js
./ch15/15.10/15.10.2/15.10.2.12/S15.10.2.12_A3_T3.js
./ch15/15.10/15.10.2/15.10.2.12/S15.10.2.12_A3_T4.js
./ch15/15.10/15.10.2/15.10.2.12/S15.10.2.12_A4_T1.js
./ch15/15.10/15.10.2/15.10.2.12/S15.10.2.12_A4_T2.js
./ch15/15.10/15.10.2/15.10.2.12/S15.10.2.12_A4_T3.js
./ch15/15.10/15.10.2/15.10.2.12/S15.10.2.12_A4_T4.js
./ch15/15.10/15.10.2/15.10.2.12/S15.10.2.12_A5_T1.js
./ch15/15.10/15.10.2/15.10.2.12/S15.10.2.12_A5_T2.js
./ch15/15.10/15.10.2/15.10.2.12/S15.10.2.12_A5_T3.js
./ch15/15.10/15.10.2/15.10.2.12/S15.10.2.12_A6_T1.js
./ch15/15.10/15.10.2/15.10.2.12/S15.10.2.12_A6_T2.js
./ch15/15.10/15.10.2/15.10.2.12/S15.10.2.12_A6_T3.js
./ch15/15.10/15.10.2/15.10.2.13/S15.10.2.13_A1_T1.js
./ch15/15.10/15.10.2/15.10.2.13/S15.10.2.13_A1_T10.js
./ch15/15.10/15.10.2/15.10.2.13/S15.10.2.13_A1_T11.js
./ch15/15.10/15.10.2/15.10.2.13/S15.10.2.13_A1_T12.js
./ch15/15.10/15.10.2/15.10.2.13/S15.10.2.13_A1_T13.js
./ch15/15.10/15.10.2/15.10.2.13/S15.10.2.13_A1_T14.js
./ch15/15.10/15.10.2/15.10.2.13/S15.10.2.13_A1_T15.js
./ch15/15.10/15.10.2/15.10.2.13/S15.10.2.13_A1_T16.js
./ch15/15.10/15.10.2/15.10.2.13/S15.10.2.13_A1_T17.js
./ch15/15.10/15.10.2/15.10.2.13/S15.10.2.13_A1_T2.js
./ch15/15.10/15.10.2/15.10.2.13/S15.10.2.13_A1_T3.js
./ch15/15.10/15.10.2/15.10.2.13/S15.10.2.13_A1_T4.js
./ch15/15.10/15.10.2/15.10.2.13/S15.10.2.13_A1_T5.js
./ch15/15.10/15.10.2/15.10.2.13/S15.10.2.13_A1_T6.js
./ch15/15.10/15.10.2/15.10.2.13/S15.10.2.13_A1_T7.js
./ch15/15.10/15.10.2/15.10.2.13/S15.10.2.13_A1_T8.js
./ch15/15.10/15.10.2/15.10.2.13/S15.10.2.13_A1_T9.js
./ch15/15.10/15.10.2/15.10.2.13/S15.10.2.13_A2_T1.js
./ch15/15.10/15.10.2/15.10.2.13/S15.10.2.13_A2_T2.js
./ch15/15.10/15.10.2/15.10.2.13/S15.10.2.13_A2_T3.js
./ch15/15.10/15.10.2/15.10.2.13/S15.10.2.13_A2_T4.js
./ch15/15.10/15.10.2/15.10.2.13/S15.10.2.13_A2_T5.js
./ch15/15.10/15.10.2/15.10.2.13/S15.10.2.13_A2_T6.js
./ch15/15.10/15.10.2/15.10.2.13/S15.10.2.13_A2_T7.js
./ch15/15.10/15.10.2/15.10.2.13/S15.10.2.13_A2_T8.js
./ch15/15.10/15.10.2/15.10.2.13/S15.10.2.13_A3_T1.js
./ch15/15.10/15.10.2/15.10.2.13/S15.10.2.13_A3_T2.js
./ch15/15.10/15.10.2/15.10.2.13/S15.10.2.13_A3_T3.js
./ch15/15.10/15.10.2/15.10.2.13/S15.10.2.13_A3_T4.js
./ch15/15.10/15.10.2/15.10.2.15/S15.10.2.15_A1_T1.js
./ch15/15.10/15.10.2/15.10.2.15/S15.10.2.15_A1_T10.js
./ch15/15.10/15.10.2/15.10.2.15/S15.10.2.15_A1_T11.js
./ch15/15.10/15.10.2/15.10.2.15/S15.10.2.15_A1_T12.js
./ch15/15.10/15.10.2/15.10.2.15/S15.10.2.15_A1_T13.js
./ch15/15.10/15.10.2/15.10.2.15/S15.10.2.15_A1_T14.js
./ch15/15.10/15.10.2/15.10.2.15/S15.10.2.15_A1_T15.js
./ch15/15.10/15.10.2/15.10.2.15/S15.10.2.15_A1_T16.js
./ch15/15.10/15.10.2/15.10.2.15/S15.10.2.15_A1_T17.js
./ch15/15.10/15.10.2/15.10.2.15/S15.10.2.15_A1_T18.js
./ch15/15.10/15.10.2/15.10.2.15/S15.10.2.15_A1_T19.js
./ch15/15.10/15.10.2/15.10.2.15/S15.10.2.15_A1_T2.js
./ch15/15.10/15.10.2/15.10.2.15/S15.10.2.15_A1_T20.js
./ch15/15.10/15.10.2/15.10.2.15/S15.10.2.15_A1_T21.js
./ch15/15.10/15.10.2/15.10.2.15/S15.10.2.15_A1_T22.js
./ch15/15.10/15.10.2/15.10.2.15/S15.10.2.15_A1_T23.js
./ch15/15.10/15.10.2/15.10.2.15/S15.10.2.15_A1_T24.js
./ch15/15.10/15.10.2/15.10.2.15/S15.10.2.15_A1_T25.js
./ch15/15.10/15.10.2/15.10.2.15/S15.10.2.15_A1_T26.js
./ch15/15.10/15.10.2/15.10.2.15/S15.10.2.15_A1_T27.js
./ch15/15.10/15.10.2/15.10.2.15/S15.10.2.15_A1_T28.js
./ch15/15.10/15.10.2/15.10.2.15/S15.10.2.15_A1_T29.js
./ch15/15.10/15.10.2/15.10.2.15/S15.10.2.15_A1_T3.js
./ch15/15.10/15.10.2/15.10.2.15/S15.10.2.15_A1_T30.js
./ch15/15.10/15.10.2/15.10.2.15/S15.10.2.15_A1_T31.js
./ch15/15.10/15.10.2/15.10.2.15/S15.10.2.15_A1_T32.js
./ch15/15.10/15.10.2/15.10.2.15/S15.10.2.15_A1_T33.js
./ch15/15.10/15.10.2/15.10.2.15/S15.10.2.15_A1_T34.js
./ch15/15.10/15.10.2/15.10.2.15/S15.10.2.15_A1_T35.js
./ch15/15.10/15.10.2/15.10.2.15/S15.10.2.15_A1_T36.js
./ch15/15.10/15.10.2/15.10.2.15/S15.10.2.15_A1_T37.js
./ch15/15.10/15.10.2/15.10.2.15/S15.10.2.15_A1_T38.js
./ch15/15.10/15.10.2/15.10.2.15/S15.10.2.15_A1_T39.js
./ch15/15.10/15.10.2/15.10.2.15/S15.10.2.15_A1_T4.js
./ch15/15.10/15.10.2/15.10.2.15/S15.10.2.15_A1_T40.js
./ch15/15.10/15.10.2/15.10.2.15/S15.10.2.15_A1_T41.js
./ch15/15.10/15.10.2/15.10.2.15/S15.10.2.15_A1_T5.js
./ch15/15.10/15.10.2/15.10.2.15/S15.10.2.15_A1_T6.js
./ch15/15.10/15.10.2/15.10.2.15/S15.10.2.15_A1_T7.js
./ch15/15.10/15.10.2/15.10.2.15/S15.10.2.15_A1_T8.js
./ch15/15.10/15.10.2/15.10.2.15/S15.10.2.15_A1_T9.js
./ch15/15.10/15.10.2/15.10.2.3/S15.10.2.3_A1_T1.js
./ch15/15.10/15.10.2/15.10.2.3/S15.10.2.3_A1_T10.js
./ch15/15.10/15.10.2/15.10.2.3/S15.10.2.3_A1_T11.js
./ch15/15.10/15.10.2/15.10.2.3/S15.10.2.3_A1_T12.js
./ch15/15.10/15.10.2/15.10.2.3/S15.10.2.3_A1_T13.js
./ch15/15.10/15.10.2/15.10.2.3/S15.10.2.3_A1_T14.js
./ch15/15.10/15.10.2/15.10.2.3/S15.10.2.3_A1_T15.js
./ch15/15.10/15.10.2/15.10.2.3/S15.10.2.3_A1_T16.js
./ch15/15.10/15.10.2/15.10.2.3/S15.10.2.3_A1_T17.js
./ch15/15.10/15.10.2/15.10.2.3/S15.10.2.3_A1_T2.js
./ch15/15.10/15.10.2/15.10.2.3/S15.10.2.3_A1_T3.js
./ch15/15.10/15.10.2/15.10.2.3/S15.10.2.3_A1_T4.js
./ch15/15.10/15.10.2/15.10.2.3/S15.10.2.3_A1_T5.js
./ch15/15.10/15.10.2/15.10.2.3/S15.10.2.3_A1_T6.js
./ch15/15.10/15.10.2/15.10.2.3/S15.10.2.3_A1_T7.js
./ch15/15.10/15.10.2/15.10.2.3/S15.10.2.3_A1_T8.js
./ch15/15.10/15.10.2/15.10.2.3/S15.10.2.3_A1_T9.js
./ch15/15.10/15.10.2/15.10.2.5/S15.10.2.5_A1_T1.js
./ch15/15.10/15.10.2/15.10.2.5/S15.10.2.5_A1_T2.js
./ch15/15.10/15.10.2/15.10.2.5/S15.10.2.5_A1_T3.js
./ch15/15.10/15.10.2/15.10.2.5/S15.10.2.5_A1_T4.js
./ch15/15.10/15.10.2/15.10.2.5/S15.10.2.5_A1_T5.js
./ch15/15.10/15.10.2/15.10.2.6/S15.10.2.6_A1_T1.js
./ch15/15.10/15.10.2/15.10.2.6/S15.10.2.6_A1_T2.js
./ch15/15.10/15.10.2/15.10.2.6/S15.10.2.6_A1_T3.js
./ch15/15.10/15.10.2/15.10.2.6/S15.10.2.6_A1_T4.js
./ch15/15.10/15.10.2/15.10.2.6/S15.10.2.6_A1_T5.js
./ch15/15.10/15.10.2/15.10.2.6/S15.10.2.6_A2_T1.js
./ch15/15.10/15.10.2/15.10.2.6/S15.10.2.6_A2_T10.js
./ch15/15.10/15.10.2/15.10.2.6/S15.10.2.6_A2_T2.js
./ch15/15.10/15.10.2/15.10.2.6/S15.10.2.6_A2_T3.js
./ch15/15.10/15.10.2/15.10.2.6/S15.10.2.6_A2_T4.js
./ch15/15.10/15.10.2/15.10.2.6/S15.10.2.6_A2_T5.js
./ch15/15.10/15.10.2/15.10.2.6/S15.10.2.6_A2_T6.js
./ch15/15.10/15.10.2/15.10.2.6/S15.10.2.6_A2_T7.js
./ch15/15.10/15.10.2/15.10.2.6/S15.10.2.6_A2_T8.js
./ch15/15.10/15.10.2/15.10.2.6/S15.10.2.6_A2_T9.js
./ch15/15.10/15.10.2/15.10.2.6/S15.10.2.6_A3_T1.js
./ch15/15.10/15.10.2/15.10.2.6/S15.10.2.6_A3_T10.js
./ch15/15.10/15.10.2/15.10.2.6/S15.10.2.6_A3_T11.js
./ch15/15.10/15.10.2/15.10.2.6/S15.10.2.6_A3_T12.js
./ch15/15.10/15.10.2/15.10.2.6/S15.10.2.6_A3_T13.js
./ch15/15.10/15.10.2/15.10.2.6/S15.10.2.6_A3_T14.js
./ch15/15.10/15.10.2/15.10.2.6/S15.10.2.6_A3_T15.js
./ch15/15.10/15.10.2/15.10.2.6/S15.10.2.6_A3_T2.js
./ch15/15.10/15.10.2/15.10.2.6/S15.10.2.6_A3_T3.js
./ch15/15.10/15.10.2/15.10.2.6/S15.10.2.6_A3_T4.js
./ch15/15.10/15.10.2/15.10.2.6/S15.10.2.6_A3_T5.js
./ch15/15.10/15.10.2/15.10.2.6/S15.10.2.6_A3_T6.js
./ch15/15.10/15.10.2/15.10.2.6/S15.10.2.6_A3_T7.js
./ch15/15.10/15.10.2/15.10.2.6/S15.10.2.6_A3_T8.js
./ch15/15.10/15.10.2/15.10.2.6/S15.10.2.6_A3_T9.js
./ch15/15.10/15.10.2/15.10.2.6/S15.10.2.6_A4_T1.js
./ch15/15.10/15.10.2/15.10.2.6/S15.10.2.6_A4_T2.js
./ch15/15.10/15.10.2/15.10.2.6/S15.10.2.6_A4_T3.js
./ch15/15.10/15.10.2/15.10.2.6/S15.10.2.6_A4_T4.js
./ch15/15.10/15.10.2/15.10.2.6/S15.10.2.6_A4_T5.js
./ch15/15.10/15.10.2/15.10.2.6/S15.10.2.6_A4_T6.js
./ch15/15.10/15.10.2/15.10.2.6/S15.10.2.6_A4_T7.js
./ch15/15.10/15.10.2/15.10.2.6/S15.10.2.6_A4_T8.js
./ch15/15.10/15.10.2/15.10.2.6/S15.10.2.6_A5_T1.js
./ch15/15.10/15.10.2/15.10.2.6/S15.10.2.6_A5_T2.js
./ch15/15.10/15.10.2/15.10.2.6/S15.10.2.6_A6_T1.js
./ch15/15.10/15.10.2/15.10.2.6/S15.10.2.6_A6_T2.js
./ch15/15.10/15.10.2/15.10.2.6/S15.10.2.6_A6_T3.js
./ch15/15.10/15.10.2/15.10.2.6/S15.10.2.6_A6_T4.js
./ch15/15.10/15.10.2/15.10.2.7/S15.10.2.7_A1_T1.js
./ch15/15.10/15.10.2/15.10.2.7/S15.10.2.7_A1_T10.js
./ch15/15.10/15.10.2/15.10.2.7/S15.10.2.7_A1_T11.js
./ch15/15.10/15.10.2/15.10.2.7/S15.10.2.7_A1_T12.js
./ch15/15.10/15.10.2/15.10.2.7/S15.10.2.7_A1_T2.js
./ch15/15.10/15.10.2/15.10.2.7/S15.10.2.7_A1_T3.js
./ch15/15.10/15.10.2/15.10.2.7/S15.10.2.7_A1_T4.js
./ch15/15.10/15.10.2/15.10.2.7/S15.10.2.7_A1_T5.js
./ch15/15.10/15.10.2/15.10.2.7/S15.10.2.7_A1_T6.js
./ch15/15.10/15.10.2/15.10.2.7/S15.10.2.7_A1_T7.js
./ch15/15.10/15.10.2/15.10.2.7/S15.10.2.7_A1_T8.js
./ch15/15.10/15.10.2/15.10.2.7/S15.10.2.7_A1_T9.js
./ch15/15.10/15.10.2/15.10.2.7/S15.10.2.7_A2_T1.js
./ch15/15.10/15.10.2/15.10.2.7/S15.10.2.7_A2_T2.js
./ch15/15.10/15.10.2/15.10.2.7/S15.10.2.7_A2_T3.js
./ch15/15.10/15.10.2/15.10.2.7/S15.10.2.7_A2_T4.js
./ch15/15.10/15.10.2/15.10.2.7/S15.10.2.7_A3_T1.js
./ch15/15.10/15.10.2/15.10.2.7/S15.10.2.7_A3_T10.js
./ch15/15.10/15.10.2/15.10.2.7/S15.10.2.7_A3_T11.js
./ch15/15.10/15.10.2/15.10.2.7/S15.10.2.7_A3_T12.js
./ch15/15.10/15.10.2/15.10.2.7/S15.10.2.7_A3_T13.js
./ch15/15.10/15.10.2/15.10.2.7/S15.10.2.7_A3_T14.js
./ch15/15.10/15.10.2/15.10.2.7/S15.10.2.7_A3_T2.js
./ch15/15.10/15.10.2/15.10.2.7/S15.10.2.7_A3_T3.js
./ch15/15.10/15.10.2/15.10.2.7/S15.10.2.7_A3_T4.js
./ch15/15.10/15.10.2/15.10.2.7/S15.10.2.7_A3_T5.js
./ch15/15.10/15.10.2/15.10.2.7/S15.10.2.7_A3_T6.js
./ch15/15.10/15.10.2/15.10.2.7/S15.10.2.7_A3_T7.js
./ch15/15.10/15.10.2/15.10.2.7/S15.10.2.7_A3_T8.js
./ch15/15.10/15.10.2/15.10.2.7/S15.10.2.7_A3_T9.js
./ch15/15.10/15.10.2/15.10.2.7/S15.10.2.7_A4_T1.js
./ch15/15.10/15.10.2/15.10.2.7/S15.10.2.7_A4_T10.js
./ch15/15.10/15.10.2/15.10.2.7/S15.10.2.7_A4_T11.js
./ch15/15.10/15.10.2/15.10.2.7/S15.10.2.7_A4_T12.js
./ch15/15.10/15.10.2/15.10.2.7/S15.10.2.7_A4_T13.js
./ch15/15.10/15.10.2/15.10.2.7/S15.10.2.7_A4_T14.js
./ch15/15.10/15.10.2/15.10.2.7/S15.10.2.7_A4_T15.js
./ch15/15.10/15.10.2/15.10.2.7/S15.10.2.7_A4_T16.js
./ch15/15.10/15.10.2/15.10.2.7/S15.10.2.7_A4_T17.js
./ch15/15.10/15.10.2/15.10.2.7/S15.10.2.7_A4_T18.js
./ch15/15.10/15.10.2/15.10.2.7/S15.10.2.7_A4_T19.js
./ch15/15.10/15.10.2/15.10.2.7/S15.10.2.7_A4_T2.js
./ch15/15.10/15.10.2/15.10.2.7/S15.10.2.7_A4_T20.js
./ch15/15.10/15.10.2/15.10.2.7/S15.10.2.7_A4_T21.js
./ch15/15.10/15.10.2/15.10.2.7/S15.10.2.7_A4_T3.js
./ch15/15.10/15.10.2/15.10.2.7/S15.10.2.7_A4_T4.js
./ch15/15.10/15.10.2/15.10.2.7/S15.10.2.7_A4_T5.js
./ch15/15.10/15.10.2/15.10.2.7/S15.10.2.7_A4_T6.js
./ch15/15.10/15.10.2/15.10.2.7/S15.10.2.7_A4_T7.js
./ch15/15.10/15.10.2/15.10.2.7/S15.10.2.7_A4_T8.js
./ch15/15.10/15.10.2/15.10.2.7/S15.10.2.7_A4_T9.js
./ch15/15.10/15.10.2/15.10.2.7/S15.10.2.7_A5_T1.js
./ch15/15.10/15.10.2/15.10.2.7/S15.10.2.7_A5_T10.js
./ch15/15.10/15.10.2/15.10.2.7/S15.10.2.7_A5_T11.js
./ch15/15.10/15.10.2/15.10.2.7/S15.10.2.7_A5_T12.js
./ch15/15.10/15.10.2/15.10.2.7/S15.10.2.7_A5_T2.js
./ch15/15.10/15.10.2/15.10.2.7/S15.10.2.7_A5_T3.js
./ch15/15.10/15.10.2/15.10.2.7/S15.10.2.7_A5_T4.js
./ch15/15.10/15.10.2/15.10.2.7/S15.10.2.7_A5_T5.js
./ch15/15.10/15.10.2/15.10.2.7/S15.10.2.7_A5_T6.js
./ch15/15.10/15.10.2/15.10.2.7/S15.10.2.7_A5_T7.js
./ch15/15.10/15.10.2/15.10.2.7/S15.10.2.7_A5_T8.js
./ch15/15.10/15.10.2/15.10.2.7/S15.10.2.7_A5_T9.js
./ch15/15.10/15.10.2/15.10.2.7/S15.10.2.7_A6_T1.js
./ch15/15.10/15.10.2/15.10.2.7/S15.10.2.7_A6_T2.js
./ch15/15.10/15.10.2/15.10.2.7/S15.10.2.7_A6_T3.js
./ch15/15.10/15.10.2/15.10.2.7/S15.10.2.7_A6_T4.js
./ch15/15.10/15.10.2/15.10.2.7/S15.10.2.7_A6_T5.js
./ch15/15.10/15.10.2/15.10.2.7/S15.10.2.7_A6_T6.js
./ch15/15.10/15.10.2/15.10.2.8/S15.10.2.8_A1_T1.js
./ch15/15.10/15.10.2/15.10.2.8/S15.10.2.8_A1_T2.js
./ch15/15.10/15.10.2/15.10.2.8/S15.10.2.8_A1_T3.js
./ch15/15.10/15.10.2/15.10.2.8/S15.10.2.8_A1_T4.js
./ch15/15.10/15.10.2/15.10.2.8/S15.10.2.8_A1_T5.js
./ch15/15.10/15.10.2/15.10.2.8/S15.10.2.8_A2_T1.js
./ch15/15.10/15.10.2/15.10.2.8/S15.10.2.8_A2_T10.js
./ch15/15.10/15.10.2/15.10.2.8/S15.10.2.8_A2_T11.js
./ch15/15.10/15.10.2/15.10.2.8/S15.10.2.8_A2_T2.js
./ch15/15.10/15.10.2/15.10.2.8/S15.10.2.8_A2_T3.js
./ch15/15.10/15.10.2/15.10.2.8/S15.10.2.8_A2_T4.js
./ch15/15.10/15.10.2/15.10.2.8/S15.10.2.8_A2_T5.js
./ch15/15.10/15.10.2/15.10.2.8/S15.10.2.8_A2_T6.js
./ch15/15.10/15.10.2/15.10.2.8/S15.10.2.8_A2_T7.js
./ch15/15.10/15.10.2/15.10.2.8/S15.10.2.8_A2_T8.js
./ch15/15.10/15.10.2/15.10.2.8/S15.10.2.8_A2_T9.js
./ch15/15.10/15.10.2/15.10.2.8/S15.10.2.8_A3_T1.js
./ch15/15.10/15.10.2/15.10.2.8/S15.10.2.8_A3_T10.js
./ch15/15.10/15.10.2/15.10.2.8/S15.10.2.8_A3_T11.js
./ch15/15.10/15.10.2/15.10.2.8/S15.10.2.8_A3_T12.js
./ch15/15.10/15.10.2/15.10.2.8/S15.10.2.8_A3_T13.js
./ch15/15.10/15.10.2/15.10.2.8/S15.10.2.8_A3_T14.js
./ch15/15.10/15.10.2/15.10.2.8/S15.10.2.8_A3_T15.js
./ch15/15.10/15.10.2/15.10.2.8/S15.10.2.8_A3_T16.js
./ch15/15.10/15.10.2/15.10.2.8/S15.10.2.8_A3_T17.js
./ch15/15.10/15.10.2/15.10.2.8/S15.10.2.8_A3_T18.js
./ch15/15.10/15.10.2/15.10.2.8/S15.10.2.8_A3_T19.js
./ch15/15.10/15.10.2/15.10.2.8/S15.10.2.8_A3_T2.js
./ch15/15.10/15.10.2/15.10.2.8/S15.10.2.8_A3_T20.js
./ch15/15.10/15.10.2/15.10.2.8/S15.10.2.8_A3_T21.js
./ch15/15.10/15.10.2/15.10.2.8/S15.10.2.8_A3_T22.js
./ch15/15.10/15.10.2/15.10.2.8/S15.10.2.8_A3_T23.js
./ch15/15.10/15.10.2/15.10.2.8/S15.10.2.8_A3_T24.js
./ch15/15.10/15.10.2/15.10.2.8/S15.10.2.8_A3_T25.js
./ch15/15.10/15.10.2/15.10.2.8/S15.10.2.8_A3_T26.js
./ch15/15.10/15.10.2/15.10.2.8/S15.10.2.8_A3_T27.js
./ch15/15.10/15.10.2/15.10.2.8/S15.10.2.8_A3_T28.js
./ch15/15.10/15.10.2/15.10.2.8/S15.10.2.8_A3_T29.js
./ch15/15.10/15.10.2/15.10.2.8/S15.10.2.8_A3_T3.js
./ch15/15.10/15.10.2/15.10.2.8/S15.10.2.8_A3_T30.js
./ch15/15.10/15.10.2/15.10.2.8/S15.10.2.8_A3_T31.js
./ch15/15.10/15.10.2/15.10.2.8/S15.10.2.8_A3_T32.js
./ch15/15.10/15.10.2/15.10.2.8/S15.10.2.8_A3_T33.js
./ch15/15.10/15.10.2/15.10.2.8/S15.10.2.8_A3_T4.js
./ch15/15.10/15.10.2/15.10.2.8/S15.10.2.8_A3_T5.js
./ch15/15.10/15.10.2/15.10.2.8/S15.10.2.8_A3_T6.js
./ch15/15.10/15.10.2/15.10.2.8/S15.10.2.8_A3_T7.js
./ch15/15.10/15.10.2/15.10.2.8/S15.10.2.8_A3_T8.js
./ch15/15.10/15.10.2/15.10.2.8/S15.10.2.8_A3_T9.js
./ch15/15.10/15.10.2/15.10.2.8/S15.10.2.8_A4_T1.js
./ch15/15.10/15.10.2/15.10.2.8/S15.10.2.8_A4_T2.js
./ch15/15.10/15.10.2/15.10.2.8/S15.10.2.8_A4_T3.js
./ch15/15.10/15.10.2/15.10.2.8/S15.10.2.8_A4_T4.js
./ch15/15.10/15.10.2/15.10.2.8/S15.10.2.8_A4_T5.js
./ch15/15.10/15.10.2/15.10.2.8/S15.10.2.8_A4_T6.js
./ch15/15.10/15.10.2/15.10.2.8/S15.10.2.8_A4_T7.js
./ch15/15.10/15.10.2/15.10.2.8/S15.10.2.8_A4_T8.js
./ch15/15.10/15.10.2/15.10.2.8/S15.10.2.8_A4_T9.js
./ch15/15.10/15.10.2/15.10.2.8/S15.10.2.8_A5_T1.js
./ch15/15.10/15.10.2/15.10.2.8/S15.10.2.8_A5_T2.js
./ch15/15.10/15.10.2/15.10.2.9/S15.10.2.9_A1_T1.js
./ch15/15.10/15.10.2/15.10.2.9/S15.10.2.9_A1_T2.js
./ch15/15.10/15.10.2/15.10.2.9/S15.10.2.9_A1_T3.js
./ch15/15.10/15.10.2/15.10.2.9/S15.10.2.9_A1_T4.js
./ch15/15.10/15.10.2/15.10.2.9/S15.10.2.9_A1_T5.js
./ch15/15.10/15.10.4/15.10.4.1/15.10.4.1-1.js
./ch15/15.10/15.10.4/15.10.4.1/15.10.4.1-2.js
./ch15/15.10/15.10.4/15.10.4.1/15.10.4.1-3.js
./ch15/15.10/15.10.4/15.10.4.1/15.10.4.1-4.js
./ch15/15.10/15.10.6/15.10.6.2/15.10.6.2-9-e-1.js
./ch15/15.10/15.10.6/15.10.6.2/S15.10.6.2_A10.js
./ch15/15.10/15.10.6/15.10.6.2/S15.10.6.2_A12.js
./ch15/15.10/15.10.6/15.10.6.2/S15.10.6.2_A1_T1.js
./ch15/15.10/15.10.6/15.10.6.2/S15.10.6.2_A1_T10.js
./ch15/15.10/15.10.6/15.10.6.2/S15.10.6.2_A1_T11.js
./ch15/15.10/15.10.6/15.10.6.2/S15.10.6.2_A1_T12.js
./ch15/15.10/15.10.6/15.10.6.2/S15.10.6.2_A1_T13.js
./ch15/15.10/15.10.6/15.10.6.2/S15.10.6.2_A1_T14.js
./ch15/15.10/15.10.6/15.10.6.2/S15.10.6.2_A1_T15.js
./ch15/15.10/15.10.6/15.10.6.2/S15.10.6.2_A1_T16.js
./ch15/15.10/15.10.6/15.10.6.2/S15.10.6.2_A1_T17.js
./ch15/15.10/15.10.6/15.10.6.2/S15.10.6.2_A1_T18.js
./ch15/15.10/15.10.6/15.10.6.2/S15.10.6.2_A1_T19.js
./ch15/15.10/15.10.6/15.10.6.2/S15.10.6.2_A1_T2.js
./ch15/15.10/15.10.6/15.10.6.2/S15.10.6.2_A1_T20.js
./ch15/15.10/15.10.6/15.10.6.2/S15.10.6.2_A1_T21.js
./ch15/15.10/15.10.6/15.10.6.2/S15.10.6.2_A1_T3.js
./ch15/15.10/15.10.6/15.10.6.2/S15.10.6.2_A1_T4.js
./ch15/15.10/15.10.6/15.10.6.2/S15.10.6.2_A1_T5.js
./ch15/15.10/15.10.6/15.10.6.2/S15.10.6.2_A1_T6.js
./ch15/15.10/15.10.6/15.10.6.2/S15.10.6.2_A1_T8.js
./ch15/15.10/15.10.6/15.10.6.2/S15.10.6.2_A1_T9.js
./ch15/15.10/15.10.6/15.10.6.2/S15.10.6.2_A2_T1.js
./ch15/15.10/15.10.6/15.10.6.2/S15.10.6.2_A2_T10.js
./ch15/15.10/15.10.6/15.10.6.2/S15.10.6.2_A2_T2.js
./ch15/15.10/15.10.6/15.10.6.2/S15.10.6.2_A2_T3.js
./ch15/15.10/15.10.6/15.10.6.2/S15.10.6.2_A2_T4.js
./ch15/15.10/15.10.6/15.10.6.2/S15.10.6.2_A2_T5.js
./ch15/15.10/15.10.6/15.10.6.2/S15.10.6.2_A2_T6.js
./ch15/15.10/15.10.6/15.10.6.2/S15.10.6.2_A2_T7.js
./ch15/15.10/15.10.6/15.10.6.2/S15.10.6.2_A2_T8.js
./ch15/15.10/15.10.6/15.10.6.2/S15.10.6.2_A2_T9.js
./ch15/15.10/15.10.6/15.10.6.2/S15.10.6.2_A3_T1.js
./ch15/15.10/15.10.6/15.10.6.2/S15.10.6.2_A3_T2.js
./ch15/15.10/15.10.6/15.10.6.2/S15.10.6.2_A3_T3.js
./ch15/15.10/15.10.6/15.10.6.2/S15.10.6.2_A3_T4.js
./ch15/15.10/15.10.6/15.10.6.2/S15.10.6.2_A3_T5.js
./ch15/15.10/15.10.6/15.10.6.2/S15.10.6.2_A3_T6.js
./ch15/15.10/15.10.6/15.10.6.2/S15.10.6.2_A3_T7.js
./ch15/15.10/15.10.6/15.10.6.2/S15.10.6.2_A4_T1.js
./ch15/15.10/15.10.6/15.10.6.2/S15.10.6.2_A4_T10.js
./ch15/15.10/15.10.6/15.10.6.2/S15.10.6.2_A4_T11.js
./ch15/15.10/15.10.6/15.10.6.2/S15.10.6.2_A4_T12.js
./ch15/15.10/15.10.6/15.10.6.2/S15.10.6.2_A4_T2.js
./ch15/15.10/15.10.6/15.10.6.2/S15.10.6.2_A4_T3.js
./ch15/15.10/15.10.6/15.10.6.2/S15.10.6.2_A4_T4.js
./ch15/15.10/15.10.6/15.10.6.2/S15.10.6.2_A4_T5.js
./ch15/15.10/15.10.6/15.10.6.2/S15.10.6.2_A4_T6.js
./ch15/15.10/15.10.6/15.10.6.2/S15.10.6.2_A4_T7.js
./ch15/15.10/15.10.6/15.10.6.2/S15.10.6.2_A4_T8.js
./ch15/15.10/15.10.6/15.10.6.2/S15.10.6.2_A4_T9.js
./ch15/15.10/15.10.6/15.10.6.2/S15.10.6.2_A5_T1.js
./ch15/15.10/15.10.6/15.10.6.2/S15.10.6.2_A5_T2.js
./ch15/15.10/15.10.6/15.10.6.2/S15.10.6.2_A5_T3.js
./ch15/15.10/15.10.6/15.10.6.2/S15.10.6.2_A7.js
./ch15/15.10/15.10.6/15.10.6.2/S15.10.6.2_A8.js
./ch15/15.10/15.10.6/15.10.6.2/S15.10.6.2_A9.js
./ch15/15.10/15.10.6/15.10.6.3/S15.10.6.3_A10.js
./ch15/15.10/15.10.6/15.10.6.3/S15.10.6.3_A1_T1.js
./ch15/15.10/15.10.6/15.10.6.3/S15.10.6.3_A1_T10.js
./ch15/15.10/15.10.6/15.10.6.3/S15.10.6.3_A1_T11.js
./ch15/15.10/15.10.6/15.10.6.3/S15.10.6.3_A1_T12.js
./ch15/15.10/15.10.6/15.10.6.3/S15.10.6.3_A1_T13.js
./ch15/15.10/15.10.6/15.10.6.3/S15.10.6.3_A1_T14.js
./ch15/15.10/15.10.6/15.10.6.3/S15.10.6.3_A1_T15.js
./ch15/15.10/15.10.6/15.10.6.3/S15.10.6.3_A1_T16.js
./ch15/15.10/15.10.6/15.10.6.3/S15.10.6.3_A1_T17.js
./ch15/15.10/15.10.6/15.10.6.3/S15.10.6.3_A1_T18.js
./ch15/15.10/15.10.6/15.10.6.3/S15.10.6.3_A1_T19.js
./ch15/15.10/15.10.6/15.10.6.3/S15.10.6.3_A1_T2.js
./ch15/15.10/15.10.6/15.10.6.3/S15.10.6.3_A1_T20.js
./ch15/15.10/15.10.6/15.10.6.3/S15.10.6.3_A1_T21.js
./ch15/15.10/15.10.6/15.10.6.3/S15.10.6.3_A1_T3.js
./ch15/15.10/15.10.6/15.10.6.3/S15.10.6.3_A1_T4.js
./ch15/15.10/15.10.6/15.10.6.3/S15.10.6.3_A1_T5.js
./ch15/15.10/15.10.6/15.10.6.3/S15.10.6.3_A1_T6.js
./ch15/15.10/15.10.6/15.10.6.3/S15.10.6.3_A1_T8.js
./ch15/15.10/15.10.6/15.10.6.3/S15.10.6.3_A1_T9.js
./ch15/15.10/15.10.6/15.10.6.3/S15.10.6.3_A2_T1.js
./ch15/15.10/15.10.6/15.10.6.3/S15.10.6.3_A2_T10.js
./ch15/15.10/15.10.6/15.10.6.3/S15.10.6.3_A2_T2.js
./ch15/15.10/15.10.6/15.10.6.3/S15.10.6.3_A2_T3.js
./ch15/15.10/15.10.6/15.10.6.3/S15.10.6.3_A2_T4.js
./ch15/15.10/15.10.6/15.10.6.3/S15.10.6.3_A2_T5.js
./ch15/15.10/15.10.6/15.10.6.3/S15.10.6.3_A2_T6.js
./ch15/15.10/15.10.6/15.10.6.3/S15.10.6.3_A2_T7.js
./ch15/15.10/15.10.6/15.10.6.3/S15.10.6.3_A2_T8.js
./ch15/15.10/15.10.6/15.10.6.3/S15.10.6.3_A2_T9.js
./ch15/15.10/15.10.6/15.10.6.3/S15.10.6.3_A7.js
./ch15/15.10/15.10.6/15.10.6.3/S15.10.6.3_A8.js
./ch15/15.10/15.10.6/15.10.6.3/S15.10.6.3_A9.js
./ch15/15.10/15.10.6/15.10.6.4/S15.10.6.4_A10.js
./ch15/15.10/15.10.6/15.10.6.4/S15.10.6.4_A7.js
./ch15/15.10/15.10.6/15.10.6.4/S15.10.6.4_A8.js
./ch15/15.10/15.10.6/15.10.6.4/S15.10.6.4_A9.js
./ch15/15.10/15.10.7/15.10.7.1/S15.10.7.1_A10.js
./ch15/15.10/15.10.7/15.10.7.1/S15.10.7.1_A8.js
./ch15/15.10/15.10.7/15.10.7.1/S15.10.7.1_A9.js
./ch15/15.10/15.10.7/15.10.7.2/S15.10.7.2_A10.js
./ch15/15.10/15.10.7/15.10.7.2/S15.10.7.2_A8.js
./ch15/15.10/15.10.7/15.10.7.2/S15.10.7.2_A9.js
./ch15/15.10/15.10.7/15.10.7.3/S15.10.7.3_A10.js
./ch15/15.10/15.10.7/15.10.7.3/S15.10.7.3_A8.js
./ch15/15.10/15.10.7/15.10.7.3/S15.10.7.3_A9.js
./ch15/15.10/15.10.7/15.10.7.4/S15.10.7.4_A10.js
./ch15/15.10/15.10.7/15.10.7.4/S15.10.7.4_A8.js
./ch15/15.10/15.10.7/15.10.7.4/S15.10.7.4_A9.js
./ch15/15.10/15.10.7/15.10.7.5/S15.10.7.5_A8.js
./ch15/15.10/15.10.7/15.10.7.5/S15.10.7.5_A9.js
./ch15/15.11/15.11.4/15.11.4.4/15.11.4.4-10-1.js
./ch15/15.11/15.11.4/15.11.4.4/15.11.4.4-6-1.js
./ch15/15.11/15.11.4/15.11.4.4/15.11.4.4-6-2.js
./ch15/15.11/15.11.4/15.11.4.4/15.11.4.4-8-1.js
./ch15/15.11/15.11.4/15.11.4.4/15.11.4.4-8-2.js
./ch15/15.11/15.11.4/15.11.4.4/15.11.4.4-9-1.js
./ch15/15.2/15.2.3/15.2.3.1/S15.2.3.1_A3.js
./ch15/15.2/15.2.3/15.2.3.10/15.2.3.10-3-10.js
./ch15/15.2/15.2.3/15.2.3.10/15.2.3.10-3-11.js
./ch15/15.2/15.2.3/15.2.3.10/15.2.3.10-3-14.js
./ch15/15.2/15.2.3/15.2.3.10/15.2.3.10-3-15.js
./ch15/15.2/15.2.3/15.2.3.10/15.2.3.10-3-16.js
./ch15/15.2/15.2.3/15.2.3.10/15.2.3.10-3-17.js
./ch15/15.2/15.2.3/15.2.3.10/15.2.3.10-3-18.js
./ch15/15.2/15.2.3/15.2.3.10/15.2.3.10-3-19.js
./ch15/15.2/15.2.3/15.2.3.10/15.2.3.10-3-2.js
./ch15/15.2/15.2.3/15.2.3.10/15.2.3.10-3-20.js
./ch15/15.2/15.2.3/15.2.3.10/15.2.3.10-3-22.js
./ch15/15.2/15.2.3/15.2.3.10/15.2.3.10-3-24.js
./ch15/15.2/15.2.3/15.2.3.10/15.2.3.10-3-3.js
./ch15/15.2/15.2.3/15.2.3.10/15.2.3.10-3-4.js
./ch15/15.2/15.2.3/15.2.3.10/15.2.3.10-3-5-1.js
./ch15/15.2/15.2.3/15.2.3.10/15.2.3.10-3-5.js
./ch15/15.2/15.2.3/15.2.3.10/15.2.3.10-3-6.js
./ch15/15.2/15.2.3/15.2.3.10/15.2.3.10-3-7.js
./ch15/15.2/15.2.3/15.2.3.10/15.2.3.10-3-8.js
./ch15/15.2/15.2.3/15.2.3.10/15.2.3.10-3-9.js
./ch15/15.2/15.2.3/15.2.3.11/15.2.3.11-4-1.js
./ch15/15.2/15.2.3/15.2.3.12/15.2.3.12-1-6.js
./ch15/15.2/15.2.3/15.2.3.12/15.2.3.12-2-1.js
./ch15/15.2/15.2.3/15.2.3.12/15.2.3.12-2-2.js
./ch15/15.2/15.2.3/15.2.3.12/15.2.3.12-2-a-12.js
./ch15/15.2/15.2.3/15.2.3.12/15.2.3.12-2-a-2.js
./ch15/15.2/15.2.3/15.2.3.12/15.2.3.12-2-a-3.js
./ch15/15.2/15.2.3/15.2.3.12/15.2.3.12-2-a-5.js
./ch15/15.2/15.2.3/15.2.3.12/15.2.3.12-2-a-6.js
./ch15/15.2/15.2.3/15.2.3.12/15.2.3.12-2-a-8.js
./ch15/15.2/15.2.3/15.2.3.12/15.2.3.12-3-1.js
./ch15/15.2/15.2.3/15.2.3.13/15.2.3.13-0-3.js
./ch15/15.2/15.2.3/15.2.3.13/15.2.3.13-2-1.js
./ch15/15.2/15.2.3/15.2.3.13/15.2.3.13-2-24.js
./ch15/15.2/15.2.3/15.2.3.13/15.2.3.13-2-25.js
./ch15/15.2/15.2.3/15.2.3.13/15.2.3.13-2-26.js
./ch15/15.2/15.2.3/15.2.3.13/15.2.3.13-2-27.js
./ch15/15.2/15.2.3/15.2.3.13/15.2.3.13-2-29.js
./ch15/15.2/15.2.3/15.2.3.14/15.2.3.14-3-5.js
./ch15/15.2/15.2.3/15.2.3.14/15.2.3.14-4-1.js
./ch15/15.2/15.2.3/15.2.3.14/15.2.3.14-5-1.js
./ch15/15.2/15.2.3/15.2.3.14/15.2.3.14-5-10.js
./ch15/15.2/15.2.3/15.2.3.14/15.2.3.14-5-11.js
./ch15/15.2/15.2.3/15.2.3.14/15.2.3.14-5-12.js
./ch15/15.2/15.2.3/15.2.3.14/15.2.3.14-5-13.js
./ch15/15.2/15.2.3/15.2.3.14/15.2.3.14-5-14.js
./ch15/15.2/15.2.3/15.2.3.14/15.2.3.14-5-15.js
./ch15/15.2/15.2.3/15.2.3.14/15.2.3.14-5-16.js
./ch15/15.2/15.2.3/15.2.3.14/15.2.3.14-5-2.js
./ch15/15.2/15.2.3/15.2.3.14/15.2.3.14-5-3.js
./ch15/15.2/15.2.3/15.2.3.14/15.2.3.14-5-4.js
./ch15/15.2/15.2.3/15.2.3.14/15.2.3.14-5-5.js
./ch15/15.2/15.2.3/15.2.3.14/15.2.3.14-5-6.js
./ch15/15.2/15.2.3/15.2.3.14/15.2.3.14-5-7.js
./ch15/15.2/15.2.3/15.2.3.14/15.2.3.14-5-8.js
./ch15/15.2/15.2.3/15.2.3.14/15.2.3.14-5-9.js
./ch15/15.2/15.2.3/15.2.3.14/15.2.3.14-5-a-2.js
./ch15/15.2/15.2.3/15.2.3.14/15.2.3.14-5-a-3.js
./ch15/15.2/15.2.3/15.2.3.14/15.2.3.14-5-a-4.js
./ch15/15.2/15.2.3/15.2.3.14/15.2.3.14-5-b-1.js
./ch15/15.2/15.2.3/15.2.3.14/15.2.3.14-6-1.js
./ch15/15.2/15.2.3/15.2.3.14/15.2.3.14-6-2.js
./ch15/15.2/15.2.3/15.2.3.14/15.2.3.14-6-3.js
./ch15/15.2/15.2.3/15.2.3.14/15.2.3.14-6-4.js
./ch15/15.2/15.2.3/15.2.3.14/15.2.3.14-6-5.js
./ch15/15.2/15.2.3/15.2.3.14/15.2.3.14-6-6.js
./ch15/15.2/15.2.3/15.2.3.2/15.2.3.2-2-19.js
./ch15/15.2/15.2.3/15.2.3.2/15.2.3.2-2-2.js
./ch15/15.2/15.2.3/15.2.3.2/15.2.3.2-2-20.js
./ch15/15.2/15.2.3/15.2.3.2/15.2.3.2-2-21.js
./ch15/15.2/15.2.3/15.2.3.2/15.2.3.2-2-22.js
./ch15/15.2/15.2.3/15.2.3.2/15.2.3.2-2-23.js
./ch15/15.2/15.2.3/15.2.3.2/15.2.3.2-2-24.js
./ch15/15.2/15.2.3/15.2.3.2/15.2.3.2-2-25.js
./ch15/15.2/15.2.3/15.2.3.2/15.2.3.2-2-26.js
./ch15/15.2/15.2.3/15.2.3.2/15.2.3.2-2-27.js
./ch15/15.2/15.2.3/15.2.3.2/15.2.3.2-2-28.js
./ch15/15.2/15.2.3/15.2.3.2/15.2.3.2-2-30.js
./ch15/15.2/15.2.3/15.2.3.3/15.2.3.3-2-39.js
./ch15/15.2/15.2.3/15.2.3.3/15.2.3.3-2-40.js
./ch15/15.2/15.2.3/15.2.3.3/15.2.3.3-2-41.js
./ch15/15.2/15.2.3/15.2.3.3/15.2.3.3-2-47.js
./ch15/15.2/15.2.3/15.2.3.3/15.2.3.3-3-14.js
./ch15/15.2/15.2.3/15.2.3.3/15.2.3.3-3-15.js
./ch15/15.2/15.2.3/15.2.3.3/15.2.3.3-3-2.js
./ch15/15.2/15.2.3/15.2.3.3/15.2.3.3-3-3.js
./ch15/15.2/15.2.3/15.2.3.3/15.2.3.3-3-4.js
./ch15/15.2/15.2.3/15.2.3.3/15.2.3.3-3-6.js
./ch15/15.2/15.2.3/15.2.3.3/15.2.3.3-3-7.js
./ch15/15.2/15.2.3/15.2.3.3/15.2.3.3-3-8.js
./ch15/15.2/15.2.3/15.2.3.3/15.2.3.3-4-1.js
./ch15/15.2/15.2.3/15.2.3.3/15.2.3.3-4-10.js
./ch15/15.2/15.2.3/15.2.3.3/15.2.3.3-4-11.js
./ch15/15.2/15.2.3/15.2.3.3/15.2.3.3-4-178.js
./ch15/15.2/15.2.3/15.2.3.3/15.2.3.3-4-179.js
./ch15/15.2/15.2.3/15.2.3.3/15.2.3.3-4-180.js
./ch15/15.2/15.2.3/15.2.3.3/15.2.3.3-4-192.js
./ch15/15.2/15.2.3/15.2.3.3/15.2.3.3-4-225.js
./ch15/15.2/15.2.3/15.2.3.3/15.2.3.3-4-226.js
./ch15/15.2/15.2.3/15.2.3.3/15.2.3.3-4-229.js
./ch15/15.2/15.2.3/15.2.3.3/15.2.3.3-4-230.js
./ch15/15.2/15.2.3/15.2.3.3/15.2.3.3-4-233.js
./ch15/15.2/15.2.3/15.2.3.3/15.2.3.3-4-234.js
./ch15/15.2/15.2.3/15.2.3.3/15.2.3.3-4-237.js
./ch15/15.2/15.2.3/15.2.3.3/15.2.3.3-4-238.js
./ch15/15.2/15.2.3/15.2.3.3/15.2.3.3-4-241.js
./ch15/15.2/15.2.3/15.2.3.3/15.2.3.3-4-242.js
./ch15/15.2/15.2.3/15.2.3.3/15.2.3.3-4-245.js
./ch15/15.2/15.2.3/15.2.3.3/15.2.3.3-4-246.js
./ch15/15.2/15.2.3/15.2.3.3/15.2.3.3-4-39.js
./ch15/15.2/15.2.3/15.2.3.3/15.2.3.3-4-4.js
./ch15/15.2/15.2.3/15.2.3.3/15.2.3.3-4-44.js
./ch15/15.2/15.2.3/15.2.3.3/15.2.3.3-4-5.js
./ch15/15.2/15.2.3/15.2.3.3/15.2.3.3-4-51.js
./ch15/15.2/15.2.3/15.2.3.3/15.2.3.3-4-52.js
./ch15/15.2/15.2.3/15.2.3.3/15.2.3.3-4-54.js
./ch15/15.2/15.2.3/15.2.3.3/15.2.3.3-4-55.js
./ch15/15.2/15.2.3/15.2.3.3/15.2.3.3-4-56.js
./ch15/15.2/15.2.3/15.2.3.3/15.2.3.3-4-57.js
./ch15/15.2/15.2.3/15.2.3.3/15.2.3.3-4-58.js
./ch15/15.2/15.2.3/15.2.3.3/15.2.3.3-4-59.js
./ch15/15.2/15.2.3/15.2.3.3/15.2.3.3-4-6.js
./ch15/15.2/15.2.3/15.2.3.3/15.2.3.3-4-60.js
./ch15/15.2/15.2.3/15.2.3.3/15.2.3.3-4-7.js
./ch15/15.2/15.2.3/15.2.3.3/15.2.3.3-4-8.js
./ch15/15.2/15.2.3/15.2.3.3/15.2.3.3-4-9.js
./ch15/15.2/15.2.3/15.2.3.4/15.2.3.4-2-4.js
./ch15/15.2/15.2.3/15.2.3.4/15.2.3.4-3-1.js
./ch15/15.2/15.2.3/15.2.3.4/15.2.3.4-4-1.js
./ch15/15.2/15.2.3/15.2.3.4/15.2.3.4-4-2.js
./ch15/15.2/15.2.3/15.2.3.4/15.2.3.4-4-36.js
./ch15/15.2/15.2.3/15.2.3.4/15.2.3.4-4-37.js
./ch15/15.2/15.2.3/15.2.3.4/15.2.3.4-4-40.js
./ch15/15.2/15.2.3/15.2.3.4/15.2.3.4-4-41.js
./ch15/15.2/15.2.3/15.2.3.4/15.2.3.4-4-42.js
./ch15/15.2/15.2.3/15.2.3.4/15.2.3.4-4-43.js
./ch15/15.2/15.2.3/15.2.3.4/15.2.3.4-4-44.js
./ch15/15.2/15.2.3/15.2.3.4/15.2.3.4-4-45.js
./ch15/15.2/15.2.3/15.2.3.4/15.2.3.4-4-46.js
./ch15/15.2/15.2.3/15.2.3.4/15.2.3.4-4-47.js
./ch15/15.2/15.2.3/15.2.3.4/15.2.3.4-4-48.js
./ch15/15.2/15.2.3/15.2.3.4/15.2.3.4-4-49.js
./ch15/15.2/15.2.3/15.2.3.4/15.2.3.4-4-b-1.js
./ch15/15.2/15.2.3/15.2.3.4/15.2.3.4-4-b-2.js
./ch15/15.2/15.2.3/15.2.3.4/15.2.3.4-4-b-3.js
./ch15/15.2/15.2.3/15.2.3.4/15.2.3.4-4-b-4.js
./ch15/15.2/15.2.3/15.2.3.4/15.2.3.4-4-b-5.js
./ch15/15.2/15.2.3/15.2.3.4/15.2.3.4-4-b-6.js
./ch15/15.2/15.2.3/15.2.3.4/S15.2.3.4_A1_T1.js
./ch15/15.2/15.2.3/15.2.3.5/15.2.3.5-2-1.js
./ch15/15.2/15.2.3/15.2.3.5/15.2.3.5-2-2.js
./ch15/15.2/15.2.3/15.2.3.5/15.2.3.5-3-1.js
./ch15/15.2/15.2.3/15.2.3.5/15.2.3.5-4-1.js
./ch15/15.2/15.2.3/15.2.3.5/15.2.3.5-4-100.js
./ch15/15.2/15.2.3/15.2.3.5/15.2.3.5-4-101.js
./ch15/15.2/15.2.3/15.2.3.5/15.2.3.5-4-102.js
./ch15/15.2/15.2.3/15.2.3.5/15.2.3.5-4-103.js
./ch15/15.2/15.2.3/15.2.3.5/15.2.3.5-4-104.js
./ch15/15.2/15.2.3/15.2.3.5/15.2.3.5-4-105.js
./ch15/15.2/15.2.3/15.2.3.5/15.2.3.5-4-106.js
./ch15/15.2/15.2.3/15.2.3.5/15.2.3.5-4-107.js
./ch15/15.2/15.2.3/15.2.3.5/15.2.3.5-4-108.js
./ch15/15.2/15.2.3/15.2.3.5/15.2.3.5-4-109.js
./ch15/15.2/15.2.3/15.2.3.5/15.2.3.5-4-11.js
./ch15/15.2/15.2.3/15.2.3.5/15.2.3.5-4-110.js
./ch15/15.2/15.2.3/15.2.3.5/15.2.3.5-4-111.js
./ch15/15.2/15.2.3/15.2.3.5/15.2.3.5-4-112.js
./ch15/15.2/15.2.3/15.2.3.5/15.2.3.5-4-113.js
./ch15/15.2/15.2.3/15.2.3.5/15.2.3.5-4-114.js
./ch15/15.2/15.2.3/15.2.3.5/15.2.3.5-4-115.js
./ch15/15.2/15.2.3/15.2.3.5/15.2.3.5-4-116.js
./ch15/15.2/15.2.3/15.2.3.5/15.2.3.5-4-117.js
./ch15/15.2/15.2.3/15.2.3.5/15.2.3.5-4-118.js
./ch15/15.2/15.2.3/15.2.3.5/15.2.3.5-4-119.js
./ch15/15.2/15.2.3/15.2.3.5/15.2.3.5-4-12.js
./ch15/15.2/15.2.3/15.2.3.5/15.2.3.5-4-120.js
./ch15/15.2/15.2.3/15.2.3.5/15.2.3.5-4-121.js
./ch15/15.2/15.2.3/15.2.3.5/15.2.3.5-4-122.js
./ch15/15.2/15.2.3/15.2.3.5/15.2.3.5-4-124.js
./ch15/15.2/15.2.3/15.2.3.5/15.2.3.5-4-125.js
./ch15/15.2/15.2.3/15.2.3.5/15.2.3.5-4-126.js
./ch15/15.2/15.2.3/15.2.3.5/15.2.3.5-4-127.js
./ch15/15.2/15.2.3/15.2.3.5/15.2.3.5-4-128.js
./ch15/15.2/15.2.3/15.2.3.5/15.2.3.5-4-129.js
./ch15/15.2/15.2.3/15.2.3.5/15.2.3.5-4-130.js
./ch15/15.2/15.2.3/15.2.3.5/15.2.3.5-4-131.js
./ch15/15.2/15.2.3/15.2.3.5/15.2.3.5-4-132.js
./ch15/15.2/15.2.3/15.2.3.5/15.2.3.5-4-133.js
./ch15/15.2/15.2.3/15.2.3.5/15.2.3.5-4-134.js
./ch15/15.2/15.2.3/15.2.3.5/15.2.3.5-4-135.js
./ch15/15.2/15.2.3/15.2.3.5/15.2.3.5-4-136.js
./ch15/15.2/15.2.3/15.2.3.5/15.2.3.5-4-137.js
./ch15/15.2/15.2.3/15.2.3.5/15.2.3.5-4-138.js
./ch15/15.2/15.2.3/15.2.3.5/15.2.3.5-4-139.js
./ch15/15.2/15.2.3/15.2.3.5/15.2.3.5-4-14.js
./ch15/15.2/15.2.3/15.2.3.5/15.2.3.5-4-140.js
./ch15/15.2/15.2.3/15.2.3.5/15.2.3.5-4-141.js
./ch15/15.2/15.2.3/15.2.3.5/15.2.3.5-4-142.js
./ch15/15.2/15.2.3/15.2.3.5/15.2.3.5-4-143.js
./ch15/15.2/15.2.3/15.2.3.5/15.2.3.5-4-144.js
./ch15/15.2/15.2.3/15.2.3.5/15.2.3.5-4-145.js
./ch15/15.2/15.2.3/15.2.3.5/15.2.3.5-4-146.js
./ch15/15.2/15.2.3/15.2.3.5/15.2.3.5-4-147.js
./ch15/15.2/15.2.3/15.2.3.5/15.2.3.5-4-149.js
./ch15/15.2/15.2.3/15.2.3.5/15.2.3.5-4-150.js
./ch15/15.2/15.2.3/15.2.3.5/15.2.3.5-4-151.js
./ch15/15.2/15.2.3/15.2.3.5/15.2.3.5-4-155.js
./ch15/15.2/15.2.3/15.2.3.5/15.2.3.5-4-156.js
./ch15/15.2/15.2.3/15.2.3.5/15.2.3.5-4-157.js
./ch15/15.2/15.2.3/15.2.3.5/15.2.3.5-4-159.js
./ch15/15.2/15.2.3/15.2.3.5/15.2.3.5-4-160.js
./ch15/15.2/15.2.3/15.2.3.5/15.2.3.5-4-161.js
./ch15/15.2/15.2.3/15.2.3.5/15.2.3.5-4-163.js
./ch15/15.2/15.2.3/15.2.3.5/15.2.3.5-4-164.js
./ch15/15.2/15.2.3/15.2.3.5/15.2.3.5-4-165.js
./ch15/15.2/15.2.3/15.2.3.5/15.2.3.5-4-167.js
./ch15/15.2/15.2.3/15.2.3.5/15.2.3.5-4-168.js
./ch15/15.2/15.2.3/15.2.3.5/15.2.3.5-4-169.js
./ch15/15.2/15.2.3/15.2.3.5/15.2.3.5-4-171.js
./ch15/15.2/15.2.3/15.2.3.5/15.2.3.5-4-172.js
./ch15/15.2/15.2.3/15.2.3.5/15.2.3.5-4-174.js
./ch15/15.2/15.2.3/15.2.3.5/15.2.3.5-4-177.js
./ch15/15.2/15.2.3/15.2.3.5/15.2.3.5-4-18.js
./ch15/15.2/15.2.3/15.2.3.5/15.2.3.5-4-181.js
./ch15/15.2/15.2.3/15.2.3.5/15.2.3.5-4-182.js
./ch15/15.2/15.2.3/15.2.3.5/15.2.3.5-4-183.js
./ch15/15.2/15.2.3/15.2.3.5/15.2.3.5-4-185.js
./ch15/15.2/15.2.3/15.2.3.5/15.2.3.5-4-186.js
./ch15/15.2/15.2.3/15.2.3.5/15.2.3.5-4-187.js
./ch15/15.2/15.2.3/15.2.3.5/15.2.3.5-4-189.js
./ch15/15.2/15.2.3/15.2.3.5/15.2.3.5-4-190.js
./ch15/15.2/15.2.3/15.2.3.5/15.2.3.5-4-191.js
./ch15/15.2/15.2.3/15.2.3.5/15.2.3.5-4-193.js
./ch15/15.2/15.2.3/15.2.3.5/15.2.3.5-4-194.js
./ch15/15.2/15.2.3/15.2.3.5/15.2.3.5-4-195.js
./ch15/15.2/15.2.3/15.2.3.5/15.2.3.5-4-197.js
./ch15/15.2/15.2.3/15.2.3.5/15.2.3.5-4-198.js
./ch15/15.2/15.2.3/15.2.3.5/15.2.3.5-4-2.js
./ch15/15.2/15.2.3/15.2.3.5/15.2.3.5-4-200.js
./ch15/15.2/15.2.3/15.2.3.5/15.2.3.5-4-203.js
./ch15/15.2/15.2.3/15.2.3.5/15.2.3.5-4-21.js
./ch15/15.2/15.2.3/15.2.3.5/15.2.3.5-4-218.js
./ch15/15.2/15.2.3/15.2.3.5/15.2.3.5-4-219.js
./ch15/15.2/15.2.3/15.2.3.5/15.2.3.5-4-22.js
./ch15/15.2/15.2.3/15.2.3.5/15.2.3.5-4-220.js
./ch15/15.2/15.2.3/15.2.3.5/15.2.3.5-4-222.js
./ch15/15.2/15.2.3/15.2.3.5/15.2.3.5-4-223.js
./ch15/15.2/15.2.3/15.2.3.5/15.2.3.5-4-225.js
./ch15/15.2/15.2.3/15.2.3.5/15.2.3.5-4-228.js
./ch15/15.2/15.2.3/15.2.3.5/15.2.3.5-4-23.js
./ch15/15.2/15.2.3/15.2.3.5/15.2.3.5-4-230.js
./ch15/15.2/15.2.3/15.2.3.5/15.2.3.5-4-234.js
./ch15/15.2/15.2.3/15.2.3.5/15.2.3.5-4-235.js
./ch15/15.2/15.2.3/15.2.3.5/15.2.3.5-4-236.js
./ch15/15.2/15.2.3/15.2.3.5/15.2.3.5-4-238.js
./ch15/15.2/15.2.3/15.2.3.5/15.2.3.5-4-239.js
./ch15/15.2/15.2.3/15.2.3.5/15.2.3.5-4-24.js
./ch15/15.2/15.2.3/15.2.3.5/15.2.3.5-4-240.js
./ch15/15.2/15.2.3/15.2.3.5/15.2.3.5-4-242.js
./ch15/15.2/15.2.3/15.2.3.5/15.2.3.5-4-243.js
./ch15/15.2/15.2.3/15.2.3.5/15.2.3.5-4-246.js
./ch15/15.2/15.2.3/15.2.3.5/15.2.3.5-4-247.js
./ch15/15.2/15.2.3/15.2.3.5/15.2.3.5-4-248.js
./ch15/15.2/15.2.3/15.2.3.5/15.2.3.5-4-249.js
./ch15/15.2/15.2.3/15.2.3.5/15.2.3.5-4-25.js
./ch15/15.2/15.2.3/15.2.3.5/15.2.3.5-4-250.js
./ch15/15.2/15.2.3/15.2.3.5/15.2.3.5-4-253.js
./ch15/15.2/15.2.3/15.2.3.5/15.2.3.5-4-256.js
./ch15/15.2/15.2.3/15.2.3.5/15.2.3.5-4-269.js
./ch15/15.2/15.2.3/15.2.3.5/15.2.3.5-4-27.js
./ch15/15.2/15.2.3/15.2.3.5/15.2.3.5-4-270.js
./ch15/15.2/15.2.3/15.2.3.5/15.2.3.5-4-271.js
./ch15/15.2/15.2.3/15.2.3.5/15.2.3.5-4-273.js
./ch15/15.2/15.2.3/15.2.3.5/15.2.3.5-4-274.js
./ch15/15.2/15.2.3/15.2.3.5/15.2.3.5-4-275.js
./ch15/15.2/15.2.3/15.2.3.5/15.2.3.5-4-277.js
./ch15/15.2/15.2.3/15.2.3.5/15.2.3.5-4-278.js
./ch15/15.2/15.2.3/15.2.3.5/15.2.3.5-4-281.js
./ch15/15.2/15.2.3/15.2.3.5/15.2.3.5-4-282.js
./ch15/15.2/15.2.3/15.2.3.5/15.2.3.5-4-283.js
./ch15/15.2/15.2.3/15.2.3.5/15.2.3.5-4-285.js
./ch15/15.2/15.2.3/15.2.3.5/15.2.3.5-4-286.js
./ch15/15.2/15.2.3/15.2.3.5/15.2.3.5-4-288.js
./ch15/15.2/15.2.3/15.2.3.5/15.2.3.5-4-291.js
./ch15/15.2/15.2.3/15.2.3.5/15.2.3.5-4-297.js
./ch15/15.2/15.2.3/15.2.3.5/15.2.3.5-4-30.js
./ch15/15.2/15.2.3/15.2.3.5/15.2.3.5-4-300.js
./ch15/15.2/15.2.3/15.2.3.5/15.2.3.5-4-309.js
./ch15/15.2/15.2.3/15.2.3.5/15.2.3.5-4-31.js
./ch15/15.2/15.2.3/15.2.3.5/15.2.3.5-4-311.js
./ch15/15.2/15.2.3/15.2.3.5/15.2.3.5-4-313.js
./ch15/15.2/15.2.3/15.2.3.5/15.2.3.5-4-315.js
./ch15/15.2/15.2.3/15.2.3.5/15.2.3.5-4-32.js
./ch15/15.2/15.2.3/15.2.3.5/15.2.3.5-4-34.js
./ch15/15.2/15.2.3/15.2.3.5/15.2.3.5-4-35.js
./ch15/15.2/15.2.3/15.2.3.5/15.2.3.5-4-37.js
./ch15/15.2/15.2.3/15.2.3.5/15.2.3.5-4-39.js
./ch15/15.2/15.2.3/15.2.3.5/15.2.3.5-4-4.js
./ch15/15.2/15.2.3/15.2.3.5/15.2.3.5-4-40.js
./ch15/15.2/15.2.3/15.2.3.5/15.2.3.5-4-46.js
./ch15/15.2/15.2.3/15.2.3.5/15.2.3.5-4-48.js
./ch15/15.2/15.2.3/15.2.3.5/15.2.3.5-4-49.js
./ch15/15.2/15.2.3/15.2.3.5/15.2.3.5-4-5.js
./ch15/15.2/15.2.3/15.2.3.5/15.2.3.5-4-50.js
./ch15/15.2/15.2.3/15.2.3.5/15.2.3.5-4-51.js
./ch15/15.2/15.2.3/15.2.3.5/15.2.3.5-4-52.js
./ch15/15.2/15.2.3/15.2.3.5/15.2.3.5-4-53.js
./ch15/15.2/15.2.3/15.2.3.5/15.2.3.5-4-54.js
./ch15/15.2/15.2.3/15.2.3.5/15.2.3.5-4-55.js
./ch15/15.2/15.2.3/15.2.3.5/15.2.3.5-4-57.js
./ch15/15.2/15.2.3/15.2.3.5/15.2.3.5-4-58.js
./ch15/15.2/15.2.3/15.2.3.5/15.2.3.5-4-59.js
./ch15/15.2/15.2.3/15.2.3.5/15.2.3.5-4-6.js
./ch15/15.2/15.2.3/15.2.3.5/15.2.3.5-4-60.js
./ch15/15.2/15.2.3/15.2.3.5/15.2.3.5-4-61.js
./ch15/15.2/15.2.3/15.2.3.5/15.2.3.5-4-62.js
./ch15/15.2/15.2.3/15.2.3.5/15.2.3.5-4-63.js
./ch15/15.2/15.2.3/15.2.3.5/15.2.3.5-4-64.js
./ch15/15.2/15.2.3/15.2.3.5/15.2.3.5-4-65.js
./ch15/15.2/15.2.3/15.2.3.5/15.2.3.5-4-66.js
./ch15/15.2/15.2.3/15.2.3.5/15.2.3.5-4-67.js
./ch15/15.2/15.2.3/15.2.3.5/15.2.3.5-4-68.js
./ch15/15.2/15.2.3/15.2.3.5/15.2.3.5-4-69.js
./ch15/15.2/15.2.3/15.2.3.5/15.2.3.5-4-7.js
./ch15/15.2/15.2.3/15.2.3.5/15.2.3.5-4-71.js
./ch15/15.2/15.2.3/15.2.3.5/15.2.3.5-4-74.js
./ch15/15.2/15.2.3/15.2.3.5/15.2.3.5-4-8.js
./ch15/15.2/15.2.3/15.2.3.5/15.2.3.5-4-80.js
./ch15/15.2/15.2.3/15.2.3.5/15.2.3.5-4-81.js
./ch15/15.2/15.2.3/15.2.3.5/15.2.3.5-4-83.js
./ch15/15.2/15.2.3/15.2.3.5/15.2.3.5-4-84.js
./ch15/15.2/15.2.3/15.2.3.5/15.2.3.5-4-85.js
./ch15/15.2/15.2.3/15.2.3.5/15.2.3.5-4-86.js
./ch15/15.2/15.2.3/15.2.3.5/15.2.3.5-4-87.js
./ch15/15.2/15.2.3/15.2.3.5/15.2.3.5-4-88.js
./ch15/15.2/15.2.3/15.2.3.5/15.2.3.5-4-89.js
./ch15/15.2/15.2.3/15.2.3.5/15.2.3.5-4-9.js
./ch15/15.2/15.2.3/15.2.3.5/15.2.3.5-4-90.js
./ch15/15.2/15.2.3/15.2.3.5/15.2.3.5-4-91.js
./ch15/15.2/15.2.3/15.2.3.5/15.2.3.5-4-92.js
./ch15/15.2/15.2.3/15.2.3.5/15.2.3.5-4-93.js
./ch15/15.2/15.2.3/15.2.3.5/15.2.3.5-4-94.js
./ch15/15.2/15.2.3/15.2.3.5/15.2.3.5-4-96.js
./ch15/15.2/15.2.3/15.2.3.5/15.2.3.5-4-97.js
./ch15/15.2/15.2.3/15.2.3.5/15.2.3.5-4-98.js
./ch15/15.2/15.2.3/15.2.3.5/15.2.3.5-4-99.js
./ch15/15.2/15.2.3/15.2.3.6/15.2.3.6-2-17-1.js
./ch15/15.2/15.2.3/15.2.3.6/15.2.3.6-2-40.js
./ch15/15.2/15.2.3/15.2.3.6/15.2.3.6-2-41.js
./ch15/15.2/15.2.3/15.2.3.6/15.2.3.6-2-42.js
./ch15/15.2/15.2.3/15.2.3.6/15.2.3.6-2-48.js
./ch15/15.2/15.2.3/15.2.3.6/15.2.3.6-3-100.js
./ch15/15.2/15.2.3/15.2.3.6/15.2.3.6-3-101.js
./ch15/15.2/15.2.3/15.2.3.6/15.2.3.6-3-102.js
./ch15/15.2/15.2.3/15.2.3.6/15.2.3.6-3-103.js
./ch15/15.2/15.2.3/15.2.3.6/15.2.3.6-3-104.js
./ch15/15.2/15.2.3/15.2.3.6/15.2.3.6-3-105.js
./ch15/15.2/15.2.3/15.2.3.6/15.2.3.6-3-106.js
./ch15/15.2/15.2.3/15.2.3.6/15.2.3.6-3-107.js
./ch15/15.2/15.2.3/15.2.3.6/15.2.3.6-3-108.js
./ch15/15.2/15.2.3/15.2.3.6/15.2.3.6-3-109.js
./ch15/15.2/15.2.3/15.2.3.6/15.2.3.6-3-110.js
./ch15/15.2/15.2.3/15.2.3.6/15.2.3.6-3-111.js
./ch15/15.2/15.2.3/15.2.3.6/15.2.3.6-3-112.js
./ch15/15.2/15.2.3/15.2.3.6/15.2.3.6-3-113.js
./ch15/15.2/15.2.3/15.2.3.6/15.2.3.6-3-114.js
./ch15/15.2/15.2.3/15.2.3.6/15.2.3.6-3-115.js
./ch15/15.2/15.2.3/15.2.3.6/15.2.3.6-3-116.js
./ch15/15.2/15.2.3/15.2.3.6/15.2.3.6-3-117.js
./ch15/15.2/15.2.3/15.2.3.6/15.2.3.6-3-118.js
./ch15/15.2/15.2.3/15.2.3.6/15.2.3.6-3-119.js
./ch15/15.2/15.2.3/15.2.3.6/15.2.3.6-3-120.js
./ch15/15.2/15.2.3/15.2.3.6/15.2.3.6-3-121.js
./ch15/15.2/15.2.3/15.2.3.6/15.2.3.6-3-123.js
./ch15/15.2/15.2.3/15.2.3.6/15.2.3.6-3-124.js
./ch15/15.2/15.2.3/15.2.3.6/15.2.3.6-3-125.js
./ch15/15.2/15.2.3/15.2.3.6/15.2.3.6-3-129.js
./ch15/15.2/15.2.3/15.2.3.6/15.2.3.6-3-130.js
./ch15/15.2/15.2.3/15.2.3.6/15.2.3.6-3-131.js
./ch15/15.2/15.2.3/15.2.3.6/15.2.3.6-3-133.js
./ch15/15.2/15.2.3/15.2.3.6/15.2.3.6-3-134.js
./ch15/15.2/15.2.3/15.2.3.6/15.2.3.6-3-135.js
./ch15/15.2/15.2.3/15.2.3.6/15.2.3.6-3-137.js
./ch15/15.2/15.2.3/15.2.3.6/15.2.3.6-3-138.js
./ch15/15.2/15.2.3/15.2.3.6/15.2.3.6-3-139-1.js
./ch15/15.2/15.2.3/15.2.3.6/15.2.3.6-3-140-1.js
./ch15/15.2/15.2.3/15.2.3.6/15.2.3.6-3-141-1.js
./ch15/15.2/15.2.3/15.2.3.6/15.2.3.6-3-141.js
./ch15/15.2/15.2.3/15.2.3.6/15.2.3.6-3-142-1.js
./ch15/15.2/15.2.3/15.2.3.6/15.2.3.6-3-142.js
./ch15/15.2/15.2.3/15.2.3.6/15.2.3.6-3-143-1.js
./ch15/15.2/15.2.3/15.2.3.6/15.2.3.6-3-143.js
./ch15/15.2/15.2.3/15.2.3.6/15.2.3.6-3-145-1.js
./ch15/15.2/15.2.3/15.2.3.6/15.2.3.6-3-145.js
./ch15/15.2/15.2.3/15.2.3.6/15.2.3.6-3-146-1.js
./ch15/15.2/15.2.3/15.2.3.6/15.2.3.6-3-146.js
./ch15/15.2/15.2.3/15.2.3.6/15.2.3.6-3-148-1.js
./ch15/15.2/15.2.3/15.2.3.6/15.2.3.6-3-148.js
./ch15/15.2/15.2.3/15.2.3.6/15.2.3.6-3-149-1.js
./ch15/15.2/15.2.3/15.2.3.6/15.2.3.6-3-151.js
./ch15/15.2/15.2.3/15.2.3.6/15.2.3.6-3-155.js
./ch15/15.2/15.2.3/15.2.3.6/15.2.3.6-3-156.js
./ch15/15.2/15.2.3/15.2.3.6/15.2.3.6-3-157.js
./ch15/15.2/15.2.3/15.2.3.6/15.2.3.6-3-159.js
./ch15/15.2/15.2.3/15.2.3.6/15.2.3.6-3-160.js
./ch15/15.2/15.2.3/15.2.3.6/15.2.3.6-3-161.js
./ch15/15.2/15.2.3/15.2.3.6/15.2.3.6-3-163.js
./ch15/15.2/15.2.3/15.2.3.6/15.2.3.6-3-164.js
./ch15/15.2/15.2.3/15.2.3.6/15.2.3.6-3-165-1.js
./ch15/15.2/15.2.3/15.2.3.6/15.2.3.6-3-166-1.js
./ch15/15.2/15.2.3/15.2.3.6/15.2.3.6-3-167-1.js
./ch15/15.2/15.2.3/15.2.3.6/15.2.3.6-3-167.js
./ch15/15.2/15.2.3/15.2.3.6/15.2.3.6-3-168-1.js
./ch15/15.2/15.2.3/15.2.3.6/15.2.3.6-3-168.js
./ch15/15.2/15.2.3/15.2.3.6/15.2.3.6-3-169-1.js
./ch15/15.2/15.2.3/15.2.3.6/15.2.3.6-3-169.js
./ch15/15.2/15.2.3/15.2.3.6/15.2.3.6-3-171-1.js
./ch15/15.2/15.2.3/15.2.3.6/15.2.3.6-3-171.js
./ch15/15.2/15.2.3/15.2.3.6/15.2.3.6-3-172-1.js
./ch15/15.2/15.2.3/15.2.3.6/15.2.3.6-3-172.js
./ch15/15.2/15.2.3/15.2.3.6/15.2.3.6-3-174-1.js
./ch15/15.2/15.2.3/15.2.3.6/15.2.3.6-3-174.js
./ch15/15.2/15.2.3/15.2.3.6/15.2.3.6-3-175-1.js
./ch15/15.2/15.2.3/15.2.3.6/15.2.3.6-3-177.js
./ch15/15.2/15.2.3/15.2.3.6/15.2.3.6-3-192.js
./ch15/15.2/15.2.3/15.2.3.6/15.2.3.6-3-193.js
./ch15/15.2/15.2.3/15.2.3.6/15.2.3.6-3-194.js
./ch15/15.2/15.2.3/15.2.3.6/15.2.3.6-3-196.js
./ch15/15.2/15.2.3/15.2.3.6/15.2.3.6-3-197.js
./ch15/15.2/15.2.3/15.2.3.6/15.2.3.6-3-199.js
./ch15/15.2/15.2.3/15.2.3.6/15.2.3.6-3-202.js
./ch15/15.2/15.2.3/15.2.3.6/15.2.3.6-3-204.js
./ch15/15.2/15.2.3/15.2.3.6/15.2.3.6-3-208.js
./ch15/15.2/15.2.3/15.2.3.6/15.2.3.6-3-209.js
./ch15/15.2/15.2.3/15.2.3.6/15.2.3.6-3-210.js
./ch15/15.2/15.2.3/15.2.3.6/15.2.3.6-3-212.js
./ch15/15.2/15.2.3/15.2.3.6/15.2.3.6-3-213.js
./ch15/15.2/15.2.3/15.2.3.6/15.2.3.6-3-214.js
./ch15/15.2/15.2.3/15.2.3.6/15.2.3.6-3-216.js
./ch15/15.2/15.2.3/15.2.3.6/15.2.3.6-3-217.js
./ch15/15.2/15.2.3/15.2.3.6/15.2.3.6-3-218-1.js
./ch15/15.2/15.2.3/15.2.3.6/15.2.3.6-3-219-1.js
./ch15/15.2/15.2.3/15.2.3.6/15.2.3.6-3-22.js
./ch15/15.2/15.2.3/15.2.3.6/15.2.3.6-3-220-1.js
./ch15/15.2/15.2.3/15.2.3.6/15.2.3.6-3-220.js
./ch15/15.2/15.2.3/15.2.3.6/15.2.3.6-3-221-1.js
./ch15/15.2/15.2.3/15.2.3.6/15.2.3.6-3-221.js
./ch15/15.2/15.2.3/15.2.3.6/15.2.3.6-3-222-1.js
./ch15/15.2/15.2.3/15.2.3.6/15.2.3.6-3-222.js
./ch15/15.2/15.2.3/15.2.3.6/15.2.3.6-3-224-1.js
./ch15/15.2/15.2.3/15.2.3.6/15.2.3.6-3-224.js
./ch15/15.2/15.2.3/15.2.3.6/15.2.3.6-3-225-1.js
./ch15/15.2/15.2.3/15.2.3.6/15.2.3.6-3-225.js
./ch15/15.2/15.2.3/15.2.3.6/15.2.3.6-3-227-1.js
./ch15/15.2/15.2.3/15.2.3.6/15.2.3.6-3-227.js
./ch15/15.2/15.2.3/15.2.3.6/15.2.3.6-3-228-1.js
./ch15/15.2/15.2.3/15.2.3.6/15.2.3.6-3-23.js
./ch15/15.2/15.2.3/15.2.3.6/15.2.3.6-3-230.js
./ch15/15.2/15.2.3/15.2.3.6/15.2.3.6-3-238.js
./ch15/15.2/15.2.3/15.2.3.6/15.2.3.6-3-239.js
./ch15/15.2/15.2.3/15.2.3.6/15.2.3.6-3-24.js
./ch15/15.2/15.2.3/15.2.3.6/15.2.3.6-3-240.js
./ch15/15.2/15.2.3/15.2.3.6/15.2.3.6-3-242.js
./ch15/15.2/15.2.3/15.2.3.6/15.2.3.6-3-243.js
./ch15/15.2/15.2.3/15.2.3.6/15.2.3.6-3-244.js
./ch15/15.2/15.2.3/15.2.3.6/15.2.3.6-3-246.js
./ch15/15.2/15.2.3/15.2.3.6/15.2.3.6-3-247.js
./ch15/15.2/15.2.3/15.2.3.6/15.2.3.6-3-248-1.js
./ch15/15.2/15.2.3/15.2.3.6/15.2.3.6-3-249-1.js
./ch15/15.2/15.2.3/15.2.3.6/15.2.3.6-3-25.js
./ch15/15.2/15.2.3/15.2.3.6/15.2.3.6-3-250-1.js
./ch15/15.2/15.2.3/15.2.3.6/15.2.3.6-3-250.js
./ch15/15.2/15.2.3/15.2.3.6/15.2.3.6-3-251-1.js
./ch15/15.2/15.2.3/15.2.3.6/15.2.3.6-3-251.js
./ch15/15.2/15.2.3/15.2.3.6/15.2.3.6-3-252-1.js
./ch15/15.2/15.2.3/15.2.3.6/15.2.3.6-3-252.js
./ch15/15.2/15.2.3/15.2.3.6/15.2.3.6-3-254-1.js
./ch15/15.2/15.2.3/15.2.3.6/15.2.3.6-3-254.js
./ch15/15.2/15.2.3/15.2.3.6/15.2.3.6-3-255-1.js
./ch15/15.2/15.2.3/15.2.3.6/15.2.3.6-3-255.js
./ch15/15.2/15.2.3/15.2.3.6/15.2.3.6-3-257-1.js
./ch15/15.2/15.2.3/15.2.3.6/15.2.3.6-3-257.js
./ch15/15.2/15.2.3/15.2.3.6/15.2.3.6-3-258-1.js
./ch15/15.2/15.2.3/15.2.3.6/15.2.3.6-3-26.js
./ch15/15.2/15.2.3/15.2.3.6/15.2.3.6-3-260.js
./ch15/15.2/15.2.3/15.2.3.6/15.2.3.6-3-27.js
./ch15/15.2/15.2.3/15.2.3.6/15.2.3.6-3-28.js
./ch15/15.2/15.2.3/15.2.3.6/15.2.3.6-3-29.js
./ch15/15.2/15.2.3/15.2.3.6/15.2.3.6-3-31.js
./ch15/15.2/15.2.3/15.2.3.6/15.2.3.6-3-32.js
./ch15/15.2/15.2.3/15.2.3.6/15.2.3.6-3-33-1.js
./ch15/15.2/15.2.3/15.2.3.6/15.2.3.6-3-33.js
./ch15/15.2/15.2.3/15.2.3.6/15.2.3.6-3-34-1.js
./ch15/15.2/15.2.3/15.2.3.6/15.2.3.6-3-34.js
./ch15/15.2/15.2.3/15.2.3.6/15.2.3.6-3-35-1.js
./ch15/15.2/15.2.3/15.2.3.6/15.2.3.6-3-35.js
./ch15/15.2/15.2.3/15.2.3.6/15.2.3.6-3-36-1.js
./ch15/15.2/15.2.3/15.2.3.6/15.2.3.6-3-36.js
./ch15/15.2/15.2.3/15.2.3.6/15.2.3.6-3-37-1.js
./ch15/15.2/15.2.3/15.2.3.6/15.2.3.6-3-37.js
./ch15/15.2/15.2.3/15.2.3.6/15.2.3.6-3-38-1.js
./ch15/15.2/15.2.3/15.2.3.6/15.2.3.6-3-38.js
./ch15/15.2/15.2.3/15.2.3.6/15.2.3.6-3-39-1.js
./ch15/15.2/15.2.3/15.2.3.6/15.2.3.6-3-39.js
./ch15/15.2/15.2.3/15.2.3.6/15.2.3.6-3-40-1.js
./ch15/15.2/15.2.3/15.2.3.6/15.2.3.6-3-40.js
./ch15/15.2/15.2.3/15.2.3.6/15.2.3.6-3-41-1.js
./ch15/15.2/15.2.3/15.2.3.6/15.2.3.6-3-41.js
./ch15/15.2/15.2.3/15.2.3.6/15.2.3.6-3-42-1.js
./ch15/15.2/15.2.3/15.2.3.6/15.2.3.6-3-42.js
./ch15/15.2/15.2.3/15.2.3.6/15.2.3.6-3-43-1.js
./ch15/15.2/15.2.3/15.2.3.6/15.2.3.6-3-43.js
./ch15/15.2/15.2.3/15.2.3.6/15.2.3.6-3-45.js
./ch15/15.2/15.2.3/15.2.3.6/15.2.3.6-3-48.js
./ch15/15.2/15.2.3/15.2.3.6/15.2.3.6-3-54.js
./ch15/15.2/15.2.3/15.2.3.6/15.2.3.6-3-55.js
./ch15/15.2/15.2.3/15.2.3.6/15.2.3.6-3-57.js
./ch15/15.2/15.2.3/15.2.3.6/15.2.3.6-3-58.js
./ch15/15.2/15.2.3/15.2.3.6/15.2.3.6-3-59.js
./ch15/15.2/15.2.3/15.2.3.6/15.2.3.6-3-60.js
./ch15/15.2/15.2.3/15.2.3.6/15.2.3.6-3-61.js
./ch15/15.2/15.2.3/15.2.3.6/15.2.3.6-3-62.js
./ch15/15.2/15.2.3/15.2.3.6/15.2.3.6-3-63.js
./ch15/15.2/15.2.3/15.2.3.6/15.2.3.6-3-64.js
./ch15/15.2/15.2.3/15.2.3.6/15.2.3.6-3-65.js
./ch15/15.2/15.2.3/15.2.3.6/15.2.3.6-3-66.js
./ch15/15.2/15.2.3/15.2.3.6/15.2.3.6-3-67.js
./ch15/15.2/15.2.3/15.2.3.6/15.2.3.6-3-68.js
./ch15/15.2/15.2.3/15.2.3.6/15.2.3.6-3-70.js
./ch15/15.2/15.2.3/15.2.3.6/15.2.3.6-3-71.js
./ch15/15.2/15.2.3/15.2.3.6/15.2.3.6-3-72.js
./ch15/15.2/15.2.3/15.2.3.6/15.2.3.6-3-73.js
./ch15/15.2/15.2.3/15.2.3.6/15.2.3.6-3-74.js
./ch15/15.2/15.2.3/15.2.3.6/15.2.3.6-3-75.js
./ch15/15.2/15.2.3/15.2.3.6/15.2.3.6-3-76.js
./ch15/15.2/15.2.3/15.2.3.6/15.2.3.6-3-77.js
./ch15/15.2/15.2.3/15.2.3.6/15.2.3.6-3-78.js
./ch15/15.2/15.2.3/15.2.3.6/15.2.3.6-3-79.js
./ch15/15.2/15.2.3/15.2.3.6/15.2.3.6-3-80.js
./ch15/15.2/15.2.3/15.2.3.6/15.2.3.6-3-81.js
./ch15/15.2/15.2.3/15.2.3.6/15.2.3.6-3-82.js
./ch15/15.2/15.2.3/15.2.3.6/15.2.3.6-3-83.js
./ch15/15.2/15.2.3/15.2.3.6/15.2.3.6-3-84.js
./ch15/15.2/15.2.3/15.2.3.6/15.2.3.6-3-85.js
./ch15/15.2/15.2.3/15.2.3.6/15.2.3.6-3-86-1.js
./ch15/15.2/15.2.3/15.2.3.6/15.2.3.6-3-86.js
./ch15/15.2/15.2.3/15.2.3.6/15.2.3.6-3-87-1.js
./ch15/15.2/15.2.3/15.2.3.6/15.2.3.6-3-87.js
./ch15/15.2/15.2.3/15.2.3.6/15.2.3.6-3-88-1.js
./ch15/15.2/15.2.3/15.2.3.6/15.2.3.6-3-88.js
./ch15/15.2/15.2.3/15.2.3.6/15.2.3.6-3-89-1.js
./ch15/15.2/15.2.3/15.2.3.6/15.2.3.6-3-89.js
./ch15/15.2/15.2.3/15.2.3.6/15.2.3.6-3-90-1.js
./ch15/15.2/15.2.3/15.2.3.6/15.2.3.6-3-90.js
./ch15/15.2/15.2.3/15.2.3.6/15.2.3.6-3-91-1.js
./ch15/15.2/15.2.3/15.2.3.6/15.2.3.6-3-91.js
./ch15/15.2/15.2.3/15.2.3.6/15.2.3.6-3-92-1.js
./ch15/15.2/15.2.3/15.2.3.6/15.2.3.6-3-92.js
./ch15/15.2/15.2.3/15.2.3.6/15.2.3.6-3-93-1.js
./ch15/15.2/15.2.3/15.2.3.6/15.2.3.6-3-93.js
./ch15/15.2/15.2.3/15.2.3.6/15.2.3.6-3-94-1.js
./ch15/15.2/15.2.3/15.2.3.6/15.2.3.6-3-94.js
./ch15/15.2/15.2.3/15.2.3.6/15.2.3.6-3-95-1.js
./ch15/15.2/15.2.3/15.2.3.6/15.2.3.6-3-95.js
./ch15/15.2/15.2.3/15.2.3.6/15.2.3.6-3-96-1.js
./ch15/15.2/15.2.3/15.2.3.6/15.2.3.6-3-96.js
./ch15/15.2/15.2.3/15.2.3.6/15.2.3.6-3-98.js
./ch15/15.2/15.2.3/15.2.3.6/15.2.3.6-3-99.js
./ch15/15.2/15.2.3/15.2.3.6/15.2.3.6-4-100.js
./ch15/15.2/15.2.3/15.2.3.6/15.2.3.6-4-101.js
./ch15/15.2/15.2.3/15.2.3.6/15.2.3.6-4-102.js
./ch15/15.2/15.2.3/15.2.3.6/15.2.3.6-4-103.js
./ch15/15.2/15.2.3/15.2.3.6/15.2.3.6-4-104.js
./ch15/15.2/15.2.3/15.2.3.6/15.2.3.6-4-105.js
./ch15/15.2/15.2.3/15.2.3.6/15.2.3.6-4-106.js
./ch15/15.2/15.2.3/15.2.3.6/15.2.3.6-4-107.js
./ch15/15.2/15.2.3/15.2.3.6/15.2.3.6-4-108.js
./ch15/15.2/15.2.3/15.2.3.6/15.2.3.6-4-109.js
./ch15/15.2/15.2.3/15.2.3.6/15.2.3.6-4-110.js
./ch15/15.2/15.2.3/15.2.3.6/15.2.3.6-4-112.js
./ch15/15.2/15.2.3/15.2.3.6/15.2.3.6-4-113.js
./ch15/15.2/15.2.3/15.2.3.6/15.2.3.6-4-114.js
./ch15/15.2/15.2.3/15.2.3.6/15.2.3.6-4-115.js
./ch15/15.2/15.2.3/15.2.3.6/15.2.3.6-4-118.js
./ch15/15.2/15.2.3/15.2.3.6/15.2.3.6-4-119.js
./ch15/15.2/15.2.3/15.2.3.6/15.2.3.6-4-124.js
./ch15/15.2/15.2.3/15.2.3.6/15.2.3.6-4-127.js
./ch15/15.2/15.2.3/15.2.3.6/15.2.3.6-4-14.js
./ch15/15.2/15.2.3/15.2.3.6/15.2.3.6-4-151.js
./ch15/15.2/15.2.3/15.2.3.6/15.2.3.6-4-159.js
./ch15/15.2/15.2.3/15.2.3.6/15.2.3.6-4-160.js
./ch15/15.2/15.2.3/15.2.3.6/15.2.3.6-4-161.js
./ch15/15.2/15.2.3/15.2.3.6/15.2.3.6-4-165.js
./ch15/15.2/15.2.3/15.2.3.6/15.2.3.6-4-166.js
./ch15/15.2/15.2.3/15.2.3.6/15.2.3.6-4-167.js
./ch15/15.2/15.2.3/15.2.3.6/15.2.3.6-4-169.js
./ch15/15.2/15.2.3/15.2.3.6/15.2.3.6-4-170.js
./ch15/15.2/15.2.3/15.2.3.6/15.2.3.6-4-171.js
./ch15/15.2/15.2.3/15.2.3.6/15.2.3.6-4-172.js
./ch15/15.2/15.2.3/15.2.3.6/15.2.3.6-4-173.js
./ch15/15.2/15.2.3/15.2.3.6/15.2.3.6-4-174.js
./ch15/15.2/15.2.3/15.2.3.6/15.2.3.6-4-175.js
./ch15/15.2/15.2.3/15.2.3.6/15.2.3.6-4-176.js
./ch15/15.2/15.2.3/15.2.3.6/15.2.3.6-4-177.js
./ch15/15.2/15.2.3/15.2.3.6/15.2.3.6-4-178.js
./ch15/15.2/15.2.3/15.2.3.6/15.2.3.6-4-181.js
./ch15/15.2/15.2.3/15.2.3.6/15.2.3.6-4-183.js
./ch15/15.2/15.2.3/15.2.3.6/15.2.3.6-4-184.js
./ch15/15.2/15.2.3/15.2.3.6/15.2.3.6-4-185.js
./ch15/15.2/15.2.3/15.2.3.6/15.2.3.6-4-186.js
./ch15/15.2/15.2.3/15.2.3.6/15.2.3.6-4-190.js
./ch15/15.2/15.2.3/15.2.3.6/15.2.3.6-4-191.js
./ch15/15.2/15.2.3/15.2.3.6/15.2.3.6-4-194.js
./ch15/15.2/15.2.3/15.2.3.6/15.2.3.6-4-195.js
./ch15/15.2/15.2.3/15.2.3.6/15.2.3.6-4-198.js
./ch15/15.2/15.2.3/15.2.3.6/15.2.3.6-4-199.js
./ch15/15.2/15.2.3/15.2.3.6/15.2.3.6-4-200.js
./ch15/15.2/15.2.3/15.2.3.6/15.2.3.6-4-201.js
./ch15/15.2/15.2.3/15.2.3.6/15.2.3.6-4-202.js
./ch15/15.2/15.2.3/15.2.3.6/15.2.3.6-4-203.js
./ch15/15.2/15.2.3/15.2.3.6/15.2.3.6-4-204.js
./ch15/15.2/15.2.3/15.2.3.6/15.2.3.6-4-205.js
./ch15/15.2/15.2.3/15.2.3.6/15.2.3.6-4-206.js
./ch15/15.2/15.2.3/15.2.3.6/15.2.3.6-4-207.js
./ch15/15.2/15.2.3/15.2.3.6/15.2.3.6-4-208.js
./ch15/15.2/15.2.3/15.2.3.6/15.2.3.6-4-209.js
./ch15/15.2/15.2.3/15.2.3.6/15.2.3.6-4-210.js
./ch15/15.2/15.2.3/15.2.3.6/15.2.3.6-4-211.js
./ch15/15.2/15.2.3/15.2.3.6/15.2.3.6-4-212.js
./ch15/15.2/15.2.3/15.2.3.6/15.2.3.6-4-213.js
./ch15/15.2/15.2.3/15.2.3.6/15.2.3.6-4-214.js
./ch15/15.2/15.2.3/15.2.3.6/15.2.3.6-4-215.js
./ch15/15.2/15.2.3/15.2.3.6/15.2.3.6-4-216.js
./ch15/15.2/15.2.3/15.2.3.6/15.2.3.6-4-217.js
./ch15/15.2/15.2.3/15.2.3.6/15.2.3.6-4-218.js
./ch15/15.2/15.2.3/15.2.3.6/15.2.3.6-4-219.js
./ch15/15.2/15.2.3/15.2.3.6/15.2.3.6-4-220.js
./ch15/15.2/15.2.3/15.2.3.6/15.2.3.6-4-221.js
./ch15/15.2/15.2.3/15.2.3.6/15.2.3.6-4-222.js
./ch15/15.2/15.2.3/15.2.3.6/15.2.3.6-4-223.js
./ch15/15.2/15.2.3/15.2.3.6/15.2.3.6-4-224.js
./ch15/15.2/15.2.3/15.2.3.6/15.2.3.6-4-225.js
./ch15/15.2/15.2.3/15.2.3.6/15.2.3.6-4-226.js
./ch15/15.2/15.2.3/15.2.3.6/15.2.3.6-4-227.js
./ch15/15.2/15.2.3/15.2.3.6/15.2.3.6-4-228.js
./ch15/15.2/15.2.3/15.2.3.6/15.2.3.6-4-229.js
./ch15/15.2/15.2.3/15.2.3.6/15.2.3.6-4-23.js
./ch15/15.2/15.2.3/15.2.3.6/15.2.3.6-4-230.js
./ch15/15.2/15.2.3/15.2.3.6/15.2.3.6-4-231.js
./ch15/15.2/15.2.3/15.2.3.6/15.2.3.6-4-232.js
./ch15/15.2/15.2.3/15.2.3.6/15.2.3.6-4-233.js
./ch15/15.2/15.2.3/15.2.3.6/15.2.3.6-4-234.js
./ch15/15.2/15.2.3/15.2.3.6/15.2.3.6-4-235.js
./ch15/15.2/15.2.3/15.2.3.6/15.2.3.6-4-236.js
./ch15/15.2/15.2.3/15.2.3.6/15.2.3.6-4-237.js
./ch15/15.2/15.2.3/15.2.3.6/15.2.3.6-4-238.js
./ch15/15.2/15.2.3/15.2.3.6/15.2.3.6-4-239.js
./ch15/15.2/15.2.3/15.2.3.6/15.2.3.6-4-24.js
./ch15/15.2/15.2.3/15.2.3.6/15.2.3.6-4-240.js
./ch15/15.2/15.2.3/15.2.3.6/15.2.3.6-4-241.js
./ch15/15.2/15.2.3/15.2.3.6/15.2.3.6-4-242-1.js
./ch15/15.2/15.2.3/15.2.3.6/15.2.3.6-4-242.js
./ch15/15.2/15.2.3/15.2.3.6/15.2.3.6-4-243-1.js
./ch15/15.2/15.2.3/15.2.3.6/15.2.3.6-4-243.js
./ch15/15.2/15.2.3/15.2.3.6/15.2.3.6-4-244.js
./ch15/15.2/15.2.3/15.2.3.6/15.2.3.6-4-245.js
./ch15/15.2/15.2.3/15.2.3.6/15.2.3.6-4-246.js
./ch15/15.2/15.2.3/15.2.3.6/15.2.3.6-4-247.js
./ch15/15.2/15.2.3/15.2.3.6/15.2.3.6-4-248.js
./ch15/15.2/15.2.3/15.2.3.6/15.2.3.6-4-249.js
./ch15/15.2/15.2.3/15.2.3.6/15.2.3.6-4-25.js
./ch15/15.2/15.2.3/15.2.3.6/15.2.3.6-4-250.js
./ch15/15.2/15.2.3/15.2.3.6/15.2.3.6-4-251.js
./ch15/15.2/15.2.3/15.2.3.6/15.2.3.6-4-252.js
./ch15/15.2/15.2.3/15.2.3.6/15.2.3.6-4-253.js
./ch15/15.2/15.2.3/15.2.3.6/15.2.3.6-4-254.js
./ch15/15.2/15.2.3/15.2.3.6/15.2.3.6-4-255.js
./ch15/15.2/15.2.3/15.2.3.6/15.2.3.6-4-256.js
./ch15/15.2/15.2.3/15.2.3.6/15.2.3.6-4-257.js
./ch15/15.2/15.2.3/15.2.3.6/15.2.3.6-4-258.js
./ch15/15.2/15.2.3/15.2.3.6/15.2.3.6-4-259.js
./ch15/15.2/15.2.3/15.2.3.6/15.2.3.6-4-260.js
./ch15/15.2/15.2.3/15.2.3.6/15.2.3.6-4-261.js
./ch15/15.2/15.2.3/15.2.3.6/15.2.3.6-4-262.js
./ch15/15.2/15.2.3/15.2.3.6/15.2.3.6-4-263.js
./ch15/15.2/15.2.3/15.2.3.6/15.2.3.6-4-264.js
./ch15/15.2/15.2.3/15.2.3.6/15.2.3.6-4-265.js
./ch15/15.2/15.2.3/15.2.3.6/15.2.3.6-4-266.js
./ch15/15.2/15.2.3/15.2.3.6/15.2.3.6-4-267.js
./ch15/15.2/15.2.3/15.2.3.6/15.2.3.6-4-268.js
./ch15/15.2/15.2.3/15.2.3.6/15.2.3.6-4-269.js
./ch15/15.2/15.2.3/15.2.3.6/15.2.3.6-4-27.js
./ch15/15.2/15.2.3/15.2.3.6/15.2.3.6-4-270.js
./ch15/15.2/15.2.3/15.2.3.6/15.2.3.6-4-271.js
./ch15/15.2/15.2.3/15.2.3.6/15.2.3.6-4-272.js
./ch15/15.2/15.2.3/15.2.3.6/15.2.3.6-4-273.js
./ch15/15.2/15.2.3/15.2.3.6/15.2.3.6-4-277.js
./ch15/15.2/15.2.3/15.2.3.6/15.2.3.6-4-278.js
./ch15/15.2/15.2.3/15.2.3.6/15.2.3.6-4-279.js
./ch15/15.2/15.2.3/15.2.3.6/15.2.3.6-4-28.js
./ch15/15.2/15.2.3/15.2.3.6/15.2.3.6-4-280.js
./ch15/15.2/15.2.3/15.2.3.6/15.2.3.6-4-281.js
./ch15/15.2/15.2.3/15.2.3.6/15.2.3.6-4-282.js
./ch15/15.2/15.2.3/15.2.3.6/15.2.3.6-4-283.js
./ch15/15.2/15.2.3/15.2.3.6/15.2.3.6-4-284.js
./ch15/15.2/15.2.3/15.2.3.6/15.2.3.6-4-285.js
./ch15/15.2/15.2.3/15.2.3.6/15.2.3.6-4-286.js
./ch15/15.2/15.2.3/15.2.3.6/15.2.3.6-4-287.js
./ch15/15.2/15.2.3/15.2.3.6/15.2.3.6-4-288.js
./ch15/15.2/15.2.3/15.2.3.6/15.2.3.6-4-289-1.js
./ch15/15.2/15.2.3/15.2.3.6/15.2.3.6-4-289.js
./ch15/15.2/15.2.3/15.2.3.6/15.2.3.6-4-29.js
./ch15/15.2/15.2.3/15.2.3.6/15.2.3.6-4-290-1.js
./ch15/15.2/15.2.3/15.2.3.6/15.2.3.6-4-290.js
./ch15/15.2/15.2.3/15.2.3.6/15.2.3.6-4-291-1.js
./ch15/15.2/15.2.3/15.2.3.6/15.2.3.6-4-291.js
./ch15/15.2/15.2.3/15.2.3.6/15.2.3.6-4-292-1.js
./ch15/15.2/15.2.3/15.2.3.6/15.2.3.6-4-292.js
./ch15/15.2/15.2.3/15.2.3.6/15.2.3.6-4-293-1.js
./ch15/15.2/15.2.3/15.2.3.6/15.2.3.6-4-293-2.js
./ch15/15.2/15.2.3/15.2.3.6/15.2.3.6-4-293-3.js
./ch15/15.2/15.2.3/15.2.3.6/15.2.3.6-4-293.js
./ch15/15.2/15.2.3/15.2.3.6/15.2.3.6-4-294-1.js
./ch15/15.2/15.2.3/15.2.3.6/15.2.3.6-4-294.js
./ch15/15.2/15.2.3/15.2.3.6/15.2.3.6-4-295-1.js
./ch15/15.2/15.2.3/15.2.3.6/15.2.3.6-4-295.js
./ch15/15.2/15.2.3/15.2.3.6/15.2.3.6-4-296-1.js
./ch15/15.2/15.2.3/15.2.3.6/15.2.3.6-4-296.js
./ch15/15.2/15.2.3/15.2.3.6/15.2.3.6-4-297-1.js
./ch15/15.2/15.2.3/15.2.3.6/15.2.3.6-4-297.js
./ch15/15.2/15.2.3/15.2.3.6/15.2.3.6-4-298-1.js
./ch15/15.2/15.2.3/15.2.3.6/15.2.3.6-4-298.js
./ch15/15.2/15.2.3/15.2.3.6/15.2.3.6-4-299-1.js
./ch15/15.2/15.2.3/15.2.3.6/15.2.3.6-4-299.js
./ch15/15.2/15.2.3/15.2.3.6/15.2.3.6-4-300-1.js
./ch15/15.2/15.2.3/15.2.3.6/15.2.3.6-4-300.js
./ch15/15.2/15.2.3/15.2.3.6/15.2.3.6-4-301-1.js
./ch15/15.2/15.2.3/15.2.3.6/15.2.3.6-4-301.js
./ch15/15.2/15.2.3/15.2.3.6/15.2.3.6-4-302-1.js
./ch15/15.2/15.2.3/15.2.3.6/15.2.3.6-4-302.js
./ch15/15.2/15.2.3/15.2.3.6/15.2.3.6-4-303.js
./ch15/15.2/15.2.3/15.2.3.6/15.2.3.6-4-304.js
./ch15/15.2/15.2.3/15.2.3.6/15.2.3.6-4-305.js
./ch15/15.2/15.2.3/15.2.3.6/15.2.3.6-4-306.js
./ch15/15.2/15.2.3/15.2.3.6/15.2.3.6-4-307.js
./ch15/15.2/15.2.3/15.2.3.6/15.2.3.6-4-308.js
./ch15/15.2/15.2.3/15.2.3.6/15.2.3.6-4-309.js
./ch15/15.2/15.2.3/15.2.3.6/15.2.3.6-4-31.js
./ch15/15.2/15.2.3/15.2.3.6/15.2.3.6-4-310.js
./ch15/15.2/15.2.3/15.2.3.6/15.2.3.6-4-311.js
./ch15/15.2/15.2.3/15.2.3.6/15.2.3.6-4-312.js
./ch15/15.2/15.2.3/15.2.3.6/15.2.3.6-4-313-1.js
./ch15/15.2/15.2.3/15.2.3.6/15.2.3.6-4-313.js
./ch15/15.2/15.2.3/15.2.3.6/15.2.3.6-4-314-1.js
./ch15/15.2/15.2.3/15.2.3.6/15.2.3.6-4-314.js
./ch15/15.2/15.2.3/15.2.3.6/15.2.3.6-4-315-1.js
./ch15/15.2/15.2.3/15.2.3.6/15.2.3.6-4-315.js
./ch15/15.2/15.2.3/15.2.3.6/15.2.3.6-4-316-1.js
./ch15/15.2/15.2.3/15.2.3.6/15.2.3.6-4-316.js
./ch15/15.2/15.2.3/15.2.3.6/15.2.3.6-4-317-1.js
./ch15/15.2/15.2.3/15.2.3.6/15.2.3.6-4-317.js
./ch15/15.2/15.2.3/15.2.3.6/15.2.3.6-4-318-1.js
./ch15/15.2/15.2.3/15.2.3.6/15.2.3.6-4-318.js
./ch15/15.2/15.2.3/15.2.3.6/15.2.3.6-4-319-1.js
./ch15/15.2/15.2.3/15.2.3.6/15.2.3.6-4-319.js
./ch15/15.2/15.2.3/15.2.3.6/15.2.3.6-4-32.js
./ch15/15.2/15.2.3/15.2.3.6/15.2.3.6-4-320-1.js
./ch15/15.2/15.2.3/15.2.3.6/15.2.3.6-4-320.js
./ch15/15.2/15.2.3/15.2.3.6/15.2.3.6-4-321-1.js
./ch15/15.2/15.2.3/15.2.3.6/15.2.3.6-4-321.js
./ch15/15.2/15.2.3/15.2.3.6/15.2.3.6-4-322-1.js
./ch15/15.2/15.2.3/15.2.3.6/15.2.3.6-4-322.js
./ch15/15.2/15.2.3/15.2.3.6/15.2.3.6-4-323-1.js
./ch15/15.2/15.2.3/15.2.3.6/15.2.3.6-4-323.js
./ch15/15.2/15.2.3/15.2.3.6/15.2.3.6-4-324-1.js
./ch15/15.2/15.2.3/15.2.3.6/15.2.3.6-4-324.js
./ch15/15.2/15.2.3/15.2.3.6/15.2.3.6-4-327.js
./ch15/15.2/15.2.3/15.2.3.6/15.2.3.6-4-328.js
./ch15/15.2/15.2.3/15.2.3.6/15.2.3.6-4-333-1.js
./ch15/15.2/15.2.3/15.2.3.6/15.2.3.6-4-333-10.js
./ch15/15.2/15.2.3/15.2.3.6/15.2.3.6-4-333-2.js
./ch15/15.2/15.2.3/15.2.3.6/15.2.3.6-4-333-3.js
./ch15/15.2/15.2.3/15.2.3.6/15.2.3.6-4-333-4.js
./ch15/15.2/15.2.3/15.2.3.6/15.2.3.6-4-333-6.js
./ch15/15.2/15.2.3/15.2.3.6/15.2.3.6-4-333-7.js
./ch15/15.2/15.2.3/15.2.3.6/15.2.3.6-4-333-8.js
./ch15/15.2/15.2.3/15.2.3.6/15.2.3.6-4-334.js
./ch15/15.2/15.2.3/15.2.3.6/15.2.3.6-4-335.js
./ch15/15.2/15.2.3/15.2.3.6/15.2.3.6-4-339-1.js
./ch15/15.2/15.2.3/15.2.3.6/15.2.3.6-4-339-3.js
./ch15/15.2/15.2.3/15.2.3.6/15.2.3.6-4-342.js
./ch15/15.2/15.2.3/15.2.3.6/15.2.3.6-4-349.js
./ch15/15.2/15.2.3/15.2.3.6/15.2.3.6-4-35.js
./ch15/15.2/15.2.3/15.2.3.6/15.2.3.6-4-354-1.js
./ch15/15.2/15.2.3/15.2.3.6/15.2.3.6-4-354-10.js
./ch15/15.2/15.2.3/15.2.3.6/15.2.3.6-4-354-11.js
./ch15/15.2/15.2.3/15.2.3.6/15.2.3.6-4-354-12.js
./ch15/15.2/15.2.3/15.2.3.6/15.2.3.6-4-354-13.js
./ch15/15.2/15.2.3/15.2.3.6/15.2.3.6-4-354-16.js
./ch15/15.2/15.2.3/15.2.3.6/15.2.3.6-4-354-2.js
./ch15/15.2/15.2.3/15.2.3.6/15.2.3.6-4-354-3.js
./ch15/15.2/15.2.3/15.2.3.6/15.2.3.6-4-354-4.js
./ch15/15.2/15.2.3/15.2.3.6/15.2.3.6-4-354-6.js
./ch15/15.2/15.2.3/15.2.3.6/15.2.3.6-4-354-8.js
./ch15/15.2/15.2.3/15.2.3.6/15.2.3.6-4-355.js
./ch15/15.2/15.2.3/15.2.3.6/15.2.3.6-4-356.js
./ch15/15.2/15.2.3/15.2.3.6/15.2.3.6-4-36.js
./ch15/15.2/15.2.3/15.2.3.6/15.2.3.6-4-360-3.js
./ch15/15.2/15.2.3/15.2.3.6/15.2.3.6-4-360-7.js
./ch15/15.2/15.2.3/15.2.3.6/15.2.3.6-4-362.js
./ch15/15.2/15.2.3/15.2.3.6/15.2.3.6-4-363.js
./ch15/15.2/15.2.3/15.2.3.6/15.2.3.6-4-37.js
./ch15/15.2/15.2.3/15.2.3.6/15.2.3.6-4-370.js
./ch15/15.2/15.2.3/15.2.3.6/15.2.3.6-4-377.js
./ch15/15.2/15.2.3/15.2.3.6/15.2.3.6-4-38.js
./ch15/15.2/15.2.3/15.2.3.6/15.2.3.6-4-387.js
./ch15/15.2/15.2.3/15.2.3.6/15.2.3.6-4-388.js
./ch15/15.2/15.2.3/15.2.3.6/15.2.3.6-4-389.js
./ch15/15.2/15.2.3/15.2.3.6/15.2.3.6-4-39.js
./ch15/15.2/15.2.3/15.2.3.6/15.2.3.6-4-391.js
./ch15/15.2/15.2.3/15.2.3.6/15.2.3.6-4-392.js
./ch15/15.2/15.2.3/15.2.3.6/15.2.3.6-4-393.js
./ch15/15.2/15.2.3/15.2.3.6/15.2.3.6-4-399.js
./ch15/15.2/15.2.3/15.2.3.6/15.2.3.6-4-40.js
./ch15/15.2/15.2.3/15.2.3.6/15.2.3.6-4-402.js
./ch15/15.2/15.2.3/15.2.3.6/15.2.3.6-4-403.js
./ch15/15.2/15.2.3/15.2.3.6/15.2.3.6-4-404.js
./ch15/15.2/15.2.3/15.2.3.6/15.2.3.6-4-405.js
./ch15/15.2/15.2.3/15.2.3.6/15.2.3.6-4-407.js
./ch15/15.2/15.2.3/15.2.3.6/15.2.3.6-4-408.js
./ch15/15.2/15.2.3/15.2.3.6/15.2.3.6-4-409.js
./ch15/15.2/15.2.3/15.2.3.6/15.2.3.6-4-41.js
./ch15/15.2/15.2.3/15.2.3.6/15.2.3.6-4-413.js
./ch15/15.2/15.2.3/15.2.3.6/15.2.3.6-4-414.js
./ch15/15.2/15.2.3/15.2.3.6/15.2.3.6-4-415.js
./ch15/15.2/15.2.3/15.2.3.6/15.2.3.6-4-417.js
./ch15/15.2/15.2.3/15.2.3.6/15.2.3.6-4-419.js
./ch15/15.2/15.2.3/15.2.3.6/15.2.3.6-4-42.js
./ch15/15.2/15.2.3/15.2.3.6/15.2.3.6-4-420.js
./ch15/15.2/15.2.3/15.2.3.6/15.2.3.6-4-424.js
./ch15/15.2/15.2.3/15.2.3.6/15.2.3.6-4-425.js
./ch15/15.2/15.2.3/15.2.3.6/15.2.3.6-4-428.js
./ch15/15.2/15.2.3/15.2.3.6/15.2.3.6-4-429.js
./ch15/15.2/15.2.3/15.2.3.6/15.2.3.6-4-433.js
./ch15/15.2/15.2.3/15.2.3.6/15.2.3.6-4-434.js
./ch15/15.2/15.2.3/15.2.3.6/15.2.3.6-4-437.js
./ch15/15.2/15.2.3/15.2.3.6/15.2.3.6-4-438.js
./ch15/15.2/15.2.3/15.2.3.6/15.2.3.6-4-443.js
./ch15/15.2/15.2.3/15.2.3.6/15.2.3.6-4-446.js
./ch15/15.2/15.2.3/15.2.3.6/15.2.3.6-4-447.js
./ch15/15.2/15.2.3/15.2.3.6/15.2.3.6-4-45.js
./ch15/15.2/15.2.3/15.2.3.6/15.2.3.6-4-452.js
./ch15/15.2/15.2.3/15.2.3.6/15.2.3.6-4-456.js
./ch15/15.2/15.2.3/15.2.3.6/15.2.3.6-4-46.js
./ch15/15.2/15.2.3/15.2.3.6/15.2.3.6-4-460.js
./ch15/15.2/15.2.3/15.2.3.6/15.2.3.6-4-461.js
./ch15/15.2/15.2.3/15.2.3.6/15.2.3.6-4-464.js
./ch15/15.2/15.2.3/15.2.3.6/15.2.3.6-4-465.js
./ch15/15.2/15.2.3/15.2.3.6/15.2.3.6-4-469.js
./ch15/15.2/15.2.3/15.2.3.6/15.2.3.6-4-47.js
./ch15/15.2/15.2.3/15.2.3.6/15.2.3.6-4-470.js
./ch15/15.2/15.2.3/15.2.3.6/15.2.3.6-4-473.js
./ch15/15.2/15.2.3/15.2.3.6/15.2.3.6-4-474.js
./ch15/15.2/15.2.3/15.2.3.6/15.2.3.6-4-479.js
./ch15/15.2/15.2.3/15.2.3.6/15.2.3.6-4-48.js
./ch15/15.2/15.2.3/15.2.3.6/15.2.3.6-4-482.js
./ch15/15.2/15.2.3/15.2.3.6/15.2.3.6-4-483.js
./ch15/15.2/15.2.3/15.2.3.6/15.2.3.6-4-488.js
./ch15/15.2/15.2.3/15.2.3.6/15.2.3.6-4-49.js
./ch15/15.2/15.2.3/15.2.3.6/15.2.3.6-4-492.js
./ch15/15.2/15.2.3/15.2.3.6/15.2.3.6-4-496.js
./ch15/15.2/15.2.3/15.2.3.6/15.2.3.6-4-497.js
./ch15/15.2/15.2.3/15.2.3.6/15.2.3.6-4-5.js
./ch15/15.2/15.2.3/15.2.3.6/15.2.3.6-4-50.js
./ch15/15.2/15.2.3/15.2.3.6/15.2.3.6-4-500.js
./ch15/15.2/15.2.3/15.2.3.6/15.2.3.6-4-501.js
./ch15/15.2/15.2.3/15.2.3.6/15.2.3.6-4-505.js
./ch15/15.2/15.2.3/15.2.3.6/15.2.3.6-4-506.js
./ch15/15.2/15.2.3/15.2.3.6/15.2.3.6-4-509.js
./ch15/15.2/15.2.3/15.2.3.6/15.2.3.6-4-51.js
./ch15/15.2/15.2.3/15.2.3.6/15.2.3.6-4-510.js
./ch15/15.2/15.2.3/15.2.3.6/15.2.3.6-4-515.js
./ch15/15.2/15.2.3/15.2.3.6/15.2.3.6-4-518.js
./ch15/15.2/15.2.3/15.2.3.6/15.2.3.6-4-519.js
./ch15/15.2/15.2.3/15.2.3.6/15.2.3.6-4-52.js
./ch15/15.2/15.2.3/15.2.3.6/15.2.3.6-4-524.js
./ch15/15.2/15.2.3/15.2.3.6/15.2.3.6-4-528.js
./ch15/15.2/15.2.3/15.2.3.6/15.2.3.6-4-53.js
./ch15/15.2/15.2.3/15.2.3.6/15.2.3.6-4-531-1.js
./ch15/15.2/15.2.3/15.2.3.6/15.2.3.6-4-531-10.js
./ch15/15.2/15.2.3/15.2.3.6/15.2.3.6-4-531-11.js
./ch15/15.2/15.2.3/15.2.3.6/15.2.3.6-4-531-12.js
./ch15/15.2/15.2.3/15.2.3.6/15.2.3.6-4-531-13.js
./ch15/15.2/15.2.3/15.2.3.6/15.2.3.6-4-531-15.js
./ch15/15.2/15.2.3/15.2.3.6/15.2.3.6-4-531-16.js
./ch15/15.2/15.2.3/15.2.3.6/15.2.3.6-4-531-17.js
./ch15/15.2/15.2.3/15.2.3.6/15.2.3.6-4-531-2.js
./ch15/15.2/15.2.3/15.2.3.6/15.2.3.6-4-531-3.js
./ch15/15.2/15.2.3/15.2.3.6/15.2.3.6-4-531-4.js
./ch15/15.2/15.2.3/15.2.3.6/15.2.3.6-4-531-6.js
./ch15/15.2/15.2.3/15.2.3.6/15.2.3.6-4-531-8.js
./ch15/15.2/15.2.3/15.2.3.6/15.2.3.6-4-532.js
./ch15/15.2/15.2.3/15.2.3.6/15.2.3.6-4-533.js
./ch15/15.2/15.2.3/15.2.3.6/15.2.3.6-4-536.js
./ch15/15.2/15.2.3/15.2.3.6/15.2.3.6-4-537.js
./ch15/15.2/15.2.3/15.2.3.6/15.2.3.6-4-538-1.js
./ch15/15.2/15.2.3/15.2.3.6/15.2.3.6-4-538-2.js
./ch15/15.2/15.2.3/15.2.3.6/15.2.3.6-4-538-3.js
./ch15/15.2/15.2.3/15.2.3.6/15.2.3.6-4-538-5.js
./ch15/15.2/15.2.3/15.2.3.6/15.2.3.6-4-538-6.js
./ch15/15.2/15.2.3/15.2.3.6/15.2.3.6-4-538-7.js
./ch15/15.2/15.2.3/15.2.3.6/15.2.3.6-4-538.js
./ch15/15.2/15.2.3/15.2.3.6/15.2.3.6-4-54.js
./ch15/15.2/15.2.3/15.2.3.6/15.2.3.6-4-540-1.js
./ch15/15.2/15.2.3/15.2.3.6/15.2.3.6-4-540-10.js
./ch15/15.2/15.2.3/15.2.3.6/15.2.3.6-4-540-2.js
./ch15/15.2/15.2.3/15.2.3.6/15.2.3.6-4-540-3.js
./ch15/15.2/15.2.3/15.2.3.6/15.2.3.6-4-540-4.js
./ch15/15.2/15.2.3/15.2.3.6/15.2.3.6-4-540-6.js
./ch15/15.2/15.2.3/15.2.3.6/15.2.3.6-4-540-7.js
./ch15/15.2/15.2.3/15.2.3.6/15.2.3.6-4-540-8.js
./ch15/15.2/15.2.3/15.2.3.6/15.2.3.6-4-540-9.js
./ch15/15.2/15.2.3/15.2.3.6/15.2.3.6-4-541.js
./ch15/15.2/15.2.3/15.2.3.6/15.2.3.6-4-542.js
./ch15/15.2/15.2.3/15.2.3.6/15.2.3.6-4-545.js
./ch15/15.2/15.2.3/15.2.3.6/15.2.3.6-4-546.js
./ch15/15.2/15.2.3/15.2.3.6/15.2.3.6-4-547-1.js
./ch15/15.2/15.2.3/15.2.3.6/15.2.3.6-4-547-2.js
./ch15/15.2/15.2.3/15.2.3.6/15.2.3.6-4-547-3.js
./ch15/15.2/15.2.3/15.2.3.6/15.2.3.6-4-547-4.js
./ch15/15.2/15.2.3/15.2.3.6/15.2.3.6-4-55.js
./ch15/15.2/15.2.3/15.2.3.6/15.2.3.6-4-551.js
./ch15/15.2/15.2.3/15.2.3.6/15.2.3.6-4-554.js
./ch15/15.2/15.2.3/15.2.3.6/15.2.3.6-4-555.js
./ch15/15.2/15.2.3/15.2.3.6/15.2.3.6-4-56.js
./ch15/15.2/15.2.3/15.2.3.6/15.2.3.6-4-560.js
./ch15/15.2/15.2.3/15.2.3.6/15.2.3.6-4-564.js
./ch15/15.2/15.2.3/15.2.3.6/15.2.3.6-4-57.js
./ch15/15.2/15.2.3/15.2.3.6/15.2.3.6-4-578.js
./ch15/15.2/15.2.3/15.2.3.6/15.2.3.6-4-579.js
./ch15/15.2/15.2.3/15.2.3.6/15.2.3.6-4-58.js
./ch15/15.2/15.2.3/15.2.3.6/15.2.3.6-4-580.js
./ch15/15.2/15.2.3/15.2.3.6/15.2.3.6-4-581.js
./ch15/15.2/15.2.3/15.2.3.6/15.2.3.6-4-583.js
./ch15/15.2/15.2.3/15.2.3.6/15.2.3.6-4-584.js
./ch15/15.2/15.2.3/15.2.3.6/15.2.3.6-4-585.js
./ch15/15.2/15.2.3/15.2.3.6/15.2.3.6-4-589.js
./ch15/15.2/15.2.3/15.2.3.6/15.2.3.6-4-59.js
./ch15/15.2/15.2.3/15.2.3.6/15.2.3.6-4-590.js
./ch15/15.2/15.2.3/15.2.3.6/15.2.3.6-4-591.js
./ch15/15.2/15.2.3/15.2.3.6/15.2.3.6-4-593.js
./ch15/15.2/15.2.3/15.2.3.6/15.2.3.6-4-594.js
./ch15/15.2/15.2.3/15.2.3.6/15.2.3.6-4-595.js
./ch15/15.2/15.2.3/15.2.3.6/15.2.3.6-4-596.js
./ch15/15.2/15.2.3/15.2.3.6/15.2.3.6-4-598.js
./ch15/15.2/15.2.3/15.2.3.6/15.2.3.6-4-599.js
./ch15/15.2/15.2.3/15.2.3.6/15.2.3.6-4-60.js
./ch15/15.2/15.2.3/15.2.3.6/15.2.3.6-4-600.js
./ch15/15.2/15.2.3/15.2.3.6/15.2.3.6-4-601.js
./ch15/15.2/15.2.3/15.2.3.6/15.2.3.6-4-602.js
./ch15/15.2/15.2.3/15.2.3.6/15.2.3.6-4-603.js
./ch15/15.2/15.2.3/15.2.3.6/15.2.3.6-4-604.js
./ch15/15.2/15.2.3/15.2.3.6/15.2.3.6-4-605.js
./ch15/15.2/15.2.3/15.2.3.6/15.2.3.6-4-606.js
./ch15/15.2/15.2.3/15.2.3.6/15.2.3.6-4-607.js
./ch15/15.2/15.2.3/15.2.3.6/15.2.3.6-4-608.js
./ch15/15.2/15.2.3/15.2.3.6/15.2.3.6-4-609.js
./ch15/15.2/15.2.3/15.2.3.6/15.2.3.6-4-61.js
./ch15/15.2/15.2.3/15.2.3.6/15.2.3.6-4-610.js
./ch15/15.2/15.2.3/15.2.3.6/15.2.3.6-4-611.js
./ch15/15.2/15.2.3/15.2.3.6/15.2.3.6-4-612.js
./ch15/15.2/15.2.3/15.2.3.6/15.2.3.6-4-613.js
./ch15/15.2/15.2.3/15.2.3.6/15.2.3.6-4-614.js
./ch15/15.2/15.2.3/15.2.3.6/15.2.3.6-4-615.js
./ch15/15.2/15.2.3/15.2.3.6/15.2.3.6-4-616.js
./ch15/15.2/15.2.3/15.2.3.6/15.2.3.6-4-617.js
./ch15/15.2/15.2.3/15.2.3.6/15.2.3.6-4-618.js
./ch15/15.2/15.2.3/15.2.3.6/15.2.3.6-4-619.js
./ch15/15.2/15.2.3/15.2.3.6/15.2.3.6-4-62.js
./ch15/15.2/15.2.3/15.2.3.6/15.2.3.6-4-620.js
./ch15/15.2/15.2.3/15.2.3.6/15.2.3.6-4-621.js
./ch15/15.2/15.2.3/15.2.3.6/15.2.3.6-4-622.js
./ch15/15.2/15.2.3/15.2.3.6/15.2.3.6-4-623.js
./ch15/15.2/15.2.3/15.2.3.6/15.2.3.6-4-624.js
./ch15/15.2/15.2.3/15.2.3.6/15.2.3.6-4-625gs.js
./ch15/15.2/15.2.3/15.2.3.6/15.2.3.6-4-63.js
./ch15/15.2/15.2.3/15.2.3.6/15.2.3.6-4-64.js
./ch15/15.2/15.2.3/15.2.3.6/15.2.3.6-4-65.js
./ch15/15.2/15.2.3/15.2.3.6/15.2.3.6-4-66.js
./ch15/15.2/15.2.3/15.2.3.6/15.2.3.6-4-67.js
./ch15/15.2/15.2.3/15.2.3.6/15.2.3.6-4-68.js
./ch15/15.2/15.2.3/15.2.3.6/15.2.3.6-4-69.js
./ch15/15.2/15.2.3/15.2.3.6/15.2.3.6-4-70.js
./ch15/15.2/15.2.3/15.2.3.6/15.2.3.6-4-71.js
./ch15/15.2/15.2.3/15.2.3.6/15.2.3.6-4-72.js
./ch15/15.2/15.2.3/15.2.3.6/15.2.3.6-4-73.js
./ch15/15.2/15.2.3/15.2.3.6/15.2.3.6-4-74.js
./ch15/15.2/15.2.3/15.2.3.6/15.2.3.6-4-75.js
./ch15/15.2/15.2.3/15.2.3.6/15.2.3.6-4-76.js
./ch15/15.2/15.2.3/15.2.3.6/15.2.3.6-4-77.js
./ch15/15.2/15.2.3/15.2.3.6/15.2.3.6-4-78.js
./ch15/15.2/15.2.3/15.2.3.6/15.2.3.6-4-79.js
./ch15/15.2/15.2.3/15.2.3.6/15.2.3.6-4-80.js
./ch15/15.2/15.2.3/15.2.3.6/15.2.3.6-4-81.js
./ch15/15.2/15.2.3/15.2.3.6/15.2.3.6-4-82-1.js
./ch15/15.2/15.2.3/15.2.3.6/15.2.3.6-4-82-10.js
./ch15/15.2/15.2.3/15.2.3.6/15.2.3.6-4-82-11.js
./ch15/15.2/15.2.3/15.2.3.6/15.2.3.6-4-82-12.js
./ch15/15.2/15.2.3/15.2.3.6/15.2.3.6-4-82-13.js
./ch15/15.2/15.2.3/15.2.3.6/15.2.3.6-4-82-14.js
./ch15/15.2/15.2.3/15.2.3.6/15.2.3.6-4-82-15.js
./ch15/15.2/15.2.3/15.2.3.6/15.2.3.6-4-82-16.js
./ch15/15.2/15.2.3/15.2.3.6/15.2.3.6-4-82-17.js
./ch15/15.2/15.2.3/15.2.3.6/15.2.3.6-4-82-18.js
./ch15/15.2/15.2.3/15.2.3.6/15.2.3.6-4-82-19.js
./ch15/15.2/15.2.3/15.2.3.6/15.2.3.6-4-82-2.js
./ch15/15.2/15.2.3/15.2.3.6/15.2.3.6-4-82-20.js
./ch15/15.2/15.2.3/15.2.3.6/15.2.3.6-4-82-21.js
./ch15/15.2/15.2.3/15.2.3.6/15.2.3.6-4-82-22.js
./ch15/15.2/15.2.3/15.2.3.6/15.2.3.6-4-82-23.js
./ch15/15.2/15.2.3/15.2.3.6/15.2.3.6-4-82-24.js
./ch15/15.2/15.2.3/15.2.3.6/15.2.3.6-4-82-3.js
./ch15/15.2/15.2.3/15.2.3.6/15.2.3.6-4-82-4.js
./ch15/15.2/15.2.3/15.2.3.6/15.2.3.6-4-82-5.js
./ch15/15.2/15.2.3/15.2.3.6/15.2.3.6-4-82-6.js
./ch15/15.2/15.2.3/15.2.3.6/15.2.3.6-4-82-7.js
./ch15/15.2/15.2.3/15.2.3.6/15.2.3.6-4-82-8.js
./ch15/15.2/15.2.3/15.2.3.6/15.2.3.6-4-82-9.js
./ch15/15.2/15.2.3/15.2.3.6/15.2.3.6-4-82.js
./ch15/15.2/15.2.3/15.2.3.6/15.2.3.6-4-83.js
./ch15/15.2/15.2.3/15.2.3.6/15.2.3.6-4-84.js
./ch15/15.2/15.2.3/15.2.3.6/15.2.3.6-4-85.js
./ch15/15.2/15.2.3/15.2.3.6/15.2.3.6-4-86.js
./ch15/15.2/15.2.3/15.2.3.6/15.2.3.6-4-87.js
./ch15/15.2/15.2.3/15.2.3.6/15.2.3.6-4-88.js
./ch15/15.2/15.2.3/15.2.3.6/15.2.3.6-4-89.js
./ch15/15.2/15.2.3/15.2.3.6/15.2.3.6-4-90.js
./ch15/15.2/15.2.3/15.2.3.6/15.2.3.6-4-91.js
./ch15/15.2/15.2.3/15.2.3.6/15.2.3.6-4-92.js
./ch15/15.2/15.2.3/15.2.3.6/15.2.3.6-4-93.js
./ch15/15.2/15.2.3/15.2.3.6/15.2.3.6-4-94.js
./ch15/15.2/15.2.3/15.2.3.6/15.2.3.6-4-95.js
./ch15/15.2/15.2.3/15.2.3.6/15.2.3.6-4-96.js
./ch15/15.2/15.2.3/15.2.3.6/15.2.3.6-4-97.js
./ch15/15.2/15.2.3/15.2.3.6/15.2.3.6-4-98.js
./ch15/15.2/15.2.3/15.2.3.6/15.2.3.6-4-99.js
./ch15/15.2/15.2.3/15.2.3.6/S15.2.3.6_A1.js
./ch15/15.2/15.2.3/15.2.3.7/15.2.3.7-2-10.js
./ch15/15.2/15.2.3/15.2.3.7/15.2.3.7-2-12.js
./ch15/15.2/15.2.3/15.2.3.7/15.2.3.7-2-13.js
./ch15/15.2/15.2.3/15.2.3.7/15.2.3.7-2-15.js
./ch15/15.2/15.2.3/15.2.3.7/15.2.3.7-2-16.js
./ch15/15.2/15.2.3/15.2.3.7/15.2.3.7-2-18.js
./ch15/15.2/15.2.3/15.2.3.7/15.2.3.7-2-4.js
./ch15/15.2/15.2.3/15.2.3.7/15.2.3.7-2-6.js
./ch15/15.2/15.2.3/15.2.3.7/15.2.3.7-2-8.js
./ch15/15.2/15.2.3/15.2.3.7/15.2.3.7-2-9.js
./ch15/15.2/15.2.3/15.2.3.7/15.2.3.7-3-3.js
./ch15/15.2/15.2.3/15.2.3.7/15.2.3.7-3-6.js
./ch15/15.2/15.2.3/15.2.3.7/15.2.3.7-5-a-1.js
./ch15/15.2/15.2.3/15.2.3.7/15.2.3.7-5-a-10.js
./ch15/15.2/15.2.3/15.2.3.7/15.2.3.7-5-a-11.js
./ch15/15.2/15.2.3/15.2.3.7/15.2.3.7-5-a-13.js
./ch15/15.2/15.2.3/15.2.3.7/15.2.3.7-5-a-14.js
./ch15/15.2/15.2.3/15.2.3.7/15.2.3.7-5-a-16.js
./ch15/15.2/15.2.3/15.2.3.7/15.2.3.7-5-a-2.js
./ch15/15.2/15.2.3/15.2.3.7/15.2.3.7-5-a-3.js
./ch15/15.2/15.2.3/15.2.3.7/15.2.3.7-5-a-4.js
./ch15/15.2/15.2.3/15.2.3.7/15.2.3.7-5-a-6.js
./ch15/15.2/15.2.3/15.2.3.7/15.2.3.7-5-a-9.js
./ch15/15.2/15.2.3/15.2.3.7/15.2.3.7-5-b-10.js
./ch15/15.2/15.2.3/15.2.3.7/15.2.3.7-5-b-100.js
./ch15/15.2/15.2.3/15.2.3.7/15.2.3.7-5-b-101.js
./ch15/15.2/15.2.3/15.2.3.7/15.2.3.7-5-b-102.js
./ch15/15.2/15.2.3/15.2.3.7/15.2.3.7-5-b-103.js
./ch15/15.2/15.2.3/15.2.3.7/15.2.3.7-5-b-104.js
./ch15/15.2/15.2.3/15.2.3.7/15.2.3.7-5-b-105.js
./ch15/15.2/15.2.3/15.2.3.7/15.2.3.7-5-b-106.js
./ch15/15.2/15.2.3/15.2.3.7/15.2.3.7-5-b-107.js
./ch15/15.2/15.2.3/15.2.3.7/15.2.3.7-5-b-109.js
./ch15/15.2/15.2.3/15.2.3.7/15.2.3.7-5-b-11.js
./ch15/15.2/15.2.3/15.2.3.7/15.2.3.7-5-b-110.js
./ch15/15.2/15.2.3/15.2.3.7/15.2.3.7-5-b-111.js
./ch15/15.2/15.2.3/15.2.3.7/15.2.3.7-5-b-115.js
./ch15/15.2/15.2.3/15.2.3.7/15.2.3.7-5-b-116.js
./ch15/15.2/15.2.3/15.2.3.7/15.2.3.7-5-b-117.js
./ch15/15.2/15.2.3/15.2.3.7/15.2.3.7-5-b-119.js
./ch15/15.2/15.2.3/15.2.3.7/15.2.3.7-5-b-12.js
./ch15/15.2/15.2.3/15.2.3.7/15.2.3.7-5-b-120.js
./ch15/15.2/15.2.3/15.2.3.7/15.2.3.7-5-b-121.js
./ch15/15.2/15.2.3/15.2.3.7/15.2.3.7-5-b-123.js
./ch15/15.2/15.2.3/15.2.3.7/15.2.3.7-5-b-124.js
./ch15/15.2/15.2.3/15.2.3.7/15.2.3.7-5-b-127.js
./ch15/15.2/15.2.3/15.2.3.7/15.2.3.7-5-b-128.js
./ch15/15.2/15.2.3/15.2.3.7/15.2.3.7-5-b-129.js
./ch15/15.2/15.2.3/15.2.3.7/15.2.3.7-5-b-13.js
./ch15/15.2/15.2.3/15.2.3.7/15.2.3.7-5-b-131.js
./ch15/15.2/15.2.3/15.2.3.7/15.2.3.7-5-b-132.js
./ch15/15.2/15.2.3/15.2.3.7/15.2.3.7-5-b-134.js
./ch15/15.2/15.2.3/15.2.3.7/15.2.3.7-5-b-137.js
./ch15/15.2/15.2.3/15.2.3.7/15.2.3.7-5-b-14.js
./ch15/15.2/15.2.3/15.2.3.7/15.2.3.7-5-b-141.js
./ch15/15.2/15.2.3/15.2.3.7/15.2.3.7-5-b-142.js
./ch15/15.2/15.2.3/15.2.3.7/15.2.3.7-5-b-143.js
./ch15/15.2/15.2.3/15.2.3.7/15.2.3.7-5-b-145.js
./ch15/15.2/15.2.3/15.2.3.7/15.2.3.7-5-b-146.js
./ch15/15.2/15.2.3/15.2.3.7/15.2.3.7-5-b-147.js
./ch15/15.2/15.2.3/15.2.3.7/15.2.3.7-5-b-149.js
./ch15/15.2/15.2.3/15.2.3.7/15.2.3.7-5-b-15.js
./ch15/15.2/15.2.3/15.2.3.7/15.2.3.7-5-b-150.js
./ch15/15.2/15.2.3/15.2.3.7/15.2.3.7-5-b-153.js
./ch15/15.2/15.2.3/15.2.3.7/15.2.3.7-5-b-154.js
./ch15/15.2/15.2.3/15.2.3.7/15.2.3.7-5-b-155.js
./ch15/15.2/15.2.3/15.2.3.7/15.2.3.7-5-b-157.js
./ch15/15.2/15.2.3/15.2.3.7/15.2.3.7-5-b-158.js
./ch15/15.2/15.2.3/15.2.3.7/15.2.3.7-5-b-160.js
./ch15/15.2/15.2.3/15.2.3.7/15.2.3.7-5-b-163.js
./ch15/15.2/15.2.3/15.2.3.7/15.2.3.7-5-b-17.js
./ch15/15.2/15.2.3/15.2.3.7/15.2.3.7-5-b-178.js
./ch15/15.2/15.2.3/15.2.3.7/15.2.3.7-5-b-179.js
./ch15/15.2/15.2.3/15.2.3.7/15.2.3.7-5-b-18.js
./ch15/15.2/15.2.3/15.2.3.7/15.2.3.7-5-b-180.js
./ch15/15.2/15.2.3/15.2.3.7/15.2.3.7-5-b-182.js
./ch15/15.2/15.2.3/15.2.3.7/15.2.3.7-5-b-183.js
./ch15/15.2/15.2.3/15.2.3.7/15.2.3.7-5-b-185.js
./ch15/15.2/15.2.3/15.2.3.7/15.2.3.7-5-b-188.js
./ch15/15.2/15.2.3/15.2.3.7/15.2.3.7-5-b-19.js
./ch15/15.2/15.2.3/15.2.3.7/15.2.3.7-5-b-190.js
./ch15/15.2/15.2.3/15.2.3.7/15.2.3.7-5-b-194.js
./ch15/15.2/15.2.3/15.2.3.7/15.2.3.7-5-b-195.js
./ch15/15.2/15.2.3/15.2.3.7/15.2.3.7-5-b-196.js
./ch15/15.2/15.2.3/15.2.3.7/15.2.3.7-5-b-198.js
./ch15/15.2/15.2.3/15.2.3.7/15.2.3.7-5-b-199.js
./ch15/15.2/15.2.3/15.2.3.7/15.2.3.7-5-b-20.js
./ch15/15.2/15.2.3/15.2.3.7/15.2.3.7-5-b-200.js
./ch15/15.2/15.2.3/15.2.3.7/15.2.3.7-5-b-202.js
./ch15/15.2/15.2.3/15.2.3.7/15.2.3.7-5-b-203.js
./ch15/15.2/15.2.3/15.2.3.7/15.2.3.7-5-b-206.js
./ch15/15.2/15.2.3/15.2.3.7/15.2.3.7-5-b-207.js
./ch15/15.2/15.2.3/15.2.3.7/15.2.3.7-5-b-208.js
./ch15/15.2/15.2.3/15.2.3.7/15.2.3.7-5-b-21.js
./ch15/15.2/15.2.3/15.2.3.7/15.2.3.7-5-b-210.js
./ch15/15.2/15.2.3/15.2.3.7/15.2.3.7-5-b-211.js
./ch15/15.2/15.2.3/15.2.3.7/15.2.3.7-5-b-213.js
./ch15/15.2/15.2.3/15.2.3.7/15.2.3.7-5-b-216.js
./ch15/15.2/15.2.3/15.2.3.7/15.2.3.7-5-b-22.js
./ch15/15.2/15.2.3/15.2.3.7/15.2.3.7-5-b-229.js
./ch15/15.2/15.2.3/15.2.3.7/15.2.3.7-5-b-23.js
./ch15/15.2/15.2.3/15.2.3.7/15.2.3.7-5-b-230.js
./ch15/15.2/15.2.3/15.2.3.7/15.2.3.7-5-b-231.js
./ch15/15.2/15.2.3/15.2.3.7/15.2.3.7-5-b-233.js
./ch15/15.2/15.2.3/15.2.3.7/15.2.3.7-5-b-234.js
./ch15/15.2/15.2.3/15.2.3.7/15.2.3.7-5-b-235.js
./ch15/15.2/15.2.3/15.2.3.7/15.2.3.7-5-b-237.js
./ch15/15.2/15.2.3/15.2.3.7/15.2.3.7-5-b-238.js
./ch15/15.2/15.2.3/15.2.3.7/15.2.3.7-5-b-24.js
./ch15/15.2/15.2.3/15.2.3.7/15.2.3.7-5-b-241.js
./ch15/15.2/15.2.3/15.2.3.7/15.2.3.7-5-b-242.js
./ch15/15.2/15.2.3/15.2.3.7/15.2.3.7-5-b-243.js
./ch15/15.2/15.2.3/15.2.3.7/15.2.3.7-5-b-245.js
./ch15/15.2/15.2.3/15.2.3.7/15.2.3.7-5-b-246.js
./ch15/15.2/15.2.3/15.2.3.7/15.2.3.7-5-b-248.js
./ch15/15.2/15.2.3/15.2.3.7/15.2.3.7-5-b-25.js
./ch15/15.2/15.2.3/15.2.3.7/15.2.3.7-5-b-26.js
./ch15/15.2/15.2.3/15.2.3.7/15.2.3.7-5-b-27.js
./ch15/15.2/15.2.3/15.2.3.7/15.2.3.7-5-b-28.js
./ch15/15.2/15.2.3/15.2.3.7/15.2.3.7-5-b-29.js
./ch15/15.2/15.2.3/15.2.3.7/15.2.3.7-5-b-31.js
./ch15/15.2/15.2.3/15.2.3.7/15.2.3.7-5-b-34.js
./ch15/15.2/15.2.3/15.2.3.7/15.2.3.7-5-b-40.js
./ch15/15.2/15.2.3/15.2.3.7/15.2.3.7-5-b-41.js
./ch15/15.2/15.2.3/15.2.3.7/15.2.3.7-5-b-43.js
./ch15/15.2/15.2.3/15.2.3.7/15.2.3.7-5-b-44.js
./ch15/15.2/15.2.3/15.2.3.7/15.2.3.7-5-b-45.js
./ch15/15.2/15.2.3/15.2.3.7/15.2.3.7-5-b-46.js
./ch15/15.2/15.2.3/15.2.3.7/15.2.3.7-5-b-47.js
./ch15/15.2/15.2.3/15.2.3.7/15.2.3.7-5-b-48.js
./ch15/15.2/15.2.3/15.2.3.7/15.2.3.7-5-b-49.js
./ch15/15.2/15.2.3/15.2.3.7/15.2.3.7-5-b-50.js
./ch15/15.2/15.2.3/15.2.3.7/15.2.3.7-5-b-51.js
./ch15/15.2/15.2.3/15.2.3.7/15.2.3.7-5-b-52.js
./ch15/15.2/15.2.3/15.2.3.7/15.2.3.7-5-b-53.js
./ch15/15.2/15.2.3/15.2.3.7/15.2.3.7-5-b-54.js
./ch15/15.2/15.2.3/15.2.3.7/15.2.3.7-5-b-56.js
./ch15/15.2/15.2.3/15.2.3.7/15.2.3.7-5-b-57.js
./ch15/15.2/15.2.3/15.2.3.7/15.2.3.7-5-b-58.js
./ch15/15.2/15.2.3/15.2.3.7/15.2.3.7-5-b-59.js
./ch15/15.2/15.2.3/15.2.3.7/15.2.3.7-5-b-6.js
./ch15/15.2/15.2.3/15.2.3.7/15.2.3.7-5-b-60.js
./ch15/15.2/15.2.3/15.2.3.7/15.2.3.7-5-b-61.js
./ch15/15.2/15.2.3/15.2.3.7/15.2.3.7-5-b-62.js
./ch15/15.2/15.2.3/15.2.3.7/15.2.3.7-5-b-63.js
./ch15/15.2/15.2.3/15.2.3.7/15.2.3.7-5-b-64.js
./ch15/15.2/15.2.3/15.2.3.7/15.2.3.7-5-b-65.js
./ch15/15.2/15.2.3/15.2.3.7/15.2.3.7-5-b-66.js
./ch15/15.2/15.2.3/15.2.3.7/15.2.3.7-5-b-67.js
./ch15/15.2/15.2.3/15.2.3.7/15.2.3.7-5-b-68.js
./ch15/15.2/15.2.3/15.2.3.7/15.2.3.7-5-b-69.js
./ch15/15.2/15.2.3/15.2.3.7/15.2.3.7-5-b-70.js
./ch15/15.2/15.2.3/15.2.3.7/15.2.3.7-5-b-71.js
./ch15/15.2/15.2.3/15.2.3.7/15.2.3.7-5-b-72.js
./ch15/15.2/15.2.3/15.2.3.7/15.2.3.7-5-b-73.js
./ch15/15.2/15.2.3/15.2.3.7/15.2.3.7-5-b-74.js
./ch15/15.2/15.2.3/15.2.3.7/15.2.3.7-5-b-75.js
./ch15/15.2/15.2.3/15.2.3.7/15.2.3.7-5-b-76.js
./ch15/15.2/15.2.3/15.2.3.7/15.2.3.7-5-b-77.js
./ch15/15.2/15.2.3/15.2.3.7/15.2.3.7-5-b-78.js
./ch15/15.2/15.2.3/15.2.3.7/15.2.3.7-5-b-79.js
./ch15/15.2/15.2.3/15.2.3.7/15.2.3.7-5-b-8.js
./ch15/15.2/15.2.3/15.2.3.7/15.2.3.7-5-b-80.js
./ch15/15.2/15.2.3/15.2.3.7/15.2.3.7-5-b-81.js
./ch15/15.2/15.2.3/15.2.3.7/15.2.3.7-5-b-82.js
./ch15/15.2/15.2.3/15.2.3.7/15.2.3.7-5-b-84.js
./ch15/15.2/15.2.3/15.2.3.7/15.2.3.7-5-b-85.js
./ch15/15.2/15.2.3/15.2.3.7/15.2.3.7-5-b-86.js
./ch15/15.2/15.2.3/15.2.3.7/15.2.3.7-5-b-87.js
./ch15/15.2/15.2.3/15.2.3.7/15.2.3.7-5-b-88.js
./ch15/15.2/15.2.3/15.2.3.7/15.2.3.7-5-b-89.js
./ch15/15.2/15.2.3/15.2.3.7/15.2.3.7-5-b-9.js
./ch15/15.2/15.2.3/15.2.3.7/15.2.3.7-5-b-90.js
./ch15/15.2/15.2.3/15.2.3.7/15.2.3.7-5-b-91.js
./ch15/15.2/15.2.3/15.2.3.7/15.2.3.7-5-b-92.js
./ch15/15.2/15.2.3/15.2.3.7/15.2.3.7-5-b-93.js
./ch15/15.2/15.2.3/15.2.3.7/15.2.3.7-5-b-94.js
./ch15/15.2/15.2.3/15.2.3.7/15.2.3.7-5-b-95.js
./ch15/15.2/15.2.3/15.2.3.7/15.2.3.7-5-b-96.js
./ch15/15.2/15.2.3/15.2.3.7/15.2.3.7-5-b-97.js
./ch15/15.2/15.2.3/15.2.3.7/15.2.3.7-5-b-98.js
./ch15/15.2/15.2.3/15.2.3.7/15.2.3.7-5-b-99.js
./ch15/15.2/15.2.3/15.2.3.7/15.2.3.7-6-a-10.js
./ch15/15.2/15.2.3/15.2.3.7/15.2.3.7-6-a-100.js
./ch15/15.2/15.2.3/15.2.3.7/15.2.3.7-6-a-101.js
./ch15/15.2/15.2.3/15.2.3.7/15.2.3.7-6-a-102.js
./ch15/15.2/15.2.3/15.2.3.7/15.2.3.7-6-a-103.js
./ch15/15.2/15.2.3/15.2.3.7/15.2.3.7-6-a-104.js
./ch15/15.2/15.2.3/15.2.3.7/15.2.3.7-6-a-105.js
./ch15/15.2/15.2.3/15.2.3.7/15.2.3.7-6-a-106.js
./ch15/15.2/15.2.3/15.2.3.7/15.2.3.7-6-a-107.js
./ch15/15.2/15.2.3/15.2.3.7/15.2.3.7-6-a-108.js
./ch15/15.2/15.2.3/15.2.3.7/15.2.3.7-6-a-109.js
./ch15/15.2/15.2.3/15.2.3.7/15.2.3.7-6-a-11.js
./ch15/15.2/15.2.3/15.2.3.7/15.2.3.7-6-a-110.js
./ch15/15.2/15.2.3/15.2.3.7/15.2.3.7-6-a-114.js
./ch15/15.2/15.2.3/15.2.3.7/15.2.3.7-6-a-115.js
./ch15/15.2/15.2.3/15.2.3.7/15.2.3.7-6-a-12.js
./ch15/15.2/15.2.3/15.2.3.7/15.2.3.7-6-a-120.js
./ch15/15.2/15.2.3/15.2.3.7/15.2.3.7-6-a-13.js
./ch15/15.2/15.2.3/15.2.3.7/15.2.3.7-6-a-14.js
./ch15/15.2/15.2.3/15.2.3.7/15.2.3.7-6-a-147.js
./ch15/15.2/15.2.3/15.2.3.7/15.2.3.7-6-a-15.js
./ch15/15.2/15.2.3/15.2.3.7/15.2.3.7-6-a-155.js
./ch15/15.2/15.2.3/15.2.3.7/15.2.3.7-6-a-156.js
./ch15/15.2/15.2.3/15.2.3.7/15.2.3.7-6-a-157.js
./ch15/15.2/15.2.3/15.2.3.7/15.2.3.7-6-a-16.js
./ch15/15.2/15.2.3/15.2.3.7/15.2.3.7-6-a-161.js
./ch15/15.2/15.2.3/15.2.3.7/15.2.3.7-6-a-162.js
./ch15/15.2/15.2.3/15.2.3.7/15.2.3.7-6-a-163.js
./ch15/15.2/15.2.3/15.2.3.7/15.2.3.7-6-a-165.js
./ch15/15.2/15.2.3/15.2.3.7/15.2.3.7-6-a-166.js
./ch15/15.2/15.2.3/15.2.3.7/15.2.3.7-6-a-167.js
./ch15/15.2/15.2.3/15.2.3.7/15.2.3.7-6-a-168.js
./ch15/15.2/15.2.3/15.2.3.7/15.2.3.7-6-a-169.js
./ch15/15.2/15.2.3/15.2.3.7/15.2.3.7-6-a-170.js
./ch15/15.2/15.2.3/15.2.3.7/15.2.3.7-6-a-171.js
./ch15/15.2/15.2.3/15.2.3.7/15.2.3.7-6-a-172.js
./ch15/15.2/15.2.3/15.2.3.7/15.2.3.7-6-a-173.js
./ch15/15.2/15.2.3/15.2.3.7/15.2.3.7-6-a-174.js
./ch15/15.2/15.2.3/15.2.3.7/15.2.3.7-6-a-176.js
./ch15/15.2/15.2.3/15.2.3.7/15.2.3.7-6-a-177.js
./ch15/15.2/15.2.3/15.2.3.7/15.2.3.7-6-a-179.js
./ch15/15.2/15.2.3/15.2.3.7/15.2.3.7-6-a-18.js
./ch15/15.2/15.2.3/15.2.3.7/15.2.3.7-6-a-180.js
./ch15/15.2/15.2.3/15.2.3.7/15.2.3.7-6-a-181.js
./ch15/15.2/15.2.3/15.2.3.7/15.2.3.7-6-a-182.js
./ch15/15.2/15.2.3/15.2.3.7/15.2.3.7-6-a-184.js
./ch15/15.2/15.2.3/15.2.3.7/15.2.3.7-6-a-185.js
./ch15/15.2/15.2.3/15.2.3.7/15.2.3.7-6-a-187.js
./ch15/15.2/15.2.3/15.2.3.7/15.2.3.7-6-a-19.js
./ch15/15.2/15.2.3/15.2.3.7/15.2.3.7-6-a-191.js
./ch15/15.2/15.2.3/15.2.3.7/15.2.3.7-6-a-194.js
./ch15/15.2/15.2.3/15.2.3.7/15.2.3.7-6-a-195.js
./ch15/15.2/15.2.3/15.2.3.7/15.2.3.7-6-a-196.js
./ch15/15.2/15.2.3/15.2.3.7/15.2.3.7-6-a-197.js
./ch15/15.2/15.2.3/15.2.3.7/15.2.3.7-6-a-198.js
./ch15/15.2/15.2.3/15.2.3.7/15.2.3.7-6-a-199.js
./ch15/15.2/15.2.3/15.2.3.7/15.2.3.7-6-a-2.js
./ch15/15.2/15.2.3/15.2.3.7/15.2.3.7-6-a-200.js
./ch15/15.2/15.2.3/15.2.3.7/15.2.3.7-6-a-201.js
./ch15/15.2/15.2.3/15.2.3.7/15.2.3.7-6-a-202.js
./ch15/15.2/15.2.3/15.2.3.7/15.2.3.7-6-a-204.js
./ch15/15.2/15.2.3/15.2.3.7/15.2.3.7-6-a-205.js
./ch15/15.2/15.2.3/15.2.3.7/15.2.3.7-6-a-206.js
./ch15/15.2/15.2.3/15.2.3.7/15.2.3.7-6-a-207.js
./ch15/15.2/15.2.3/15.2.3.7/15.2.3.7-6-a-208.js
./ch15/15.2/15.2.3/15.2.3.7/15.2.3.7-6-a-209.js
./ch15/15.2/15.2.3/15.2.3.7/15.2.3.7-6-a-21.js
./ch15/15.2/15.2.3/15.2.3.7/15.2.3.7-6-a-210.js
./ch15/15.2/15.2.3/15.2.3.7/15.2.3.7-6-a-211.js
./ch15/15.2/15.2.3/15.2.3.7/15.2.3.7-6-a-212.js
./ch15/15.2/15.2.3/15.2.3.7/15.2.3.7-6-a-213.js
./ch15/15.2/15.2.3/15.2.3.7/15.2.3.7-6-a-214.js
./ch15/15.2/15.2.3/15.2.3.7/15.2.3.7-6-a-215.js
./ch15/15.2/15.2.3/15.2.3.7/15.2.3.7-6-a-216.js
./ch15/15.2/15.2.3/15.2.3.7/15.2.3.7-6-a-217.js
./ch15/15.2/15.2.3/15.2.3.7/15.2.3.7-6-a-218.js
./ch15/15.2/15.2.3/15.2.3.7/15.2.3.7-6-a-219.js
./ch15/15.2/15.2.3/15.2.3.7/15.2.3.7-6-a-220.js
./ch15/15.2/15.2.3/15.2.3.7/15.2.3.7-6-a-221.js
./ch15/15.2/15.2.3/15.2.3.7/15.2.3.7-6-a-222.js
./ch15/15.2/15.2.3/15.2.3.7/15.2.3.7-6-a-223.js
./ch15/15.2/15.2.3/15.2.3.7/15.2.3.7-6-a-224.js
./ch15/15.2/15.2.3/15.2.3.7/15.2.3.7-6-a-225.js
./ch15/15.2/15.2.3/15.2.3.7/15.2.3.7-6-a-226.js
./ch15/15.2/15.2.3/15.2.3.7/15.2.3.7-6-a-227.js
./ch15/15.2/15.2.3/15.2.3.7/15.2.3.7-6-a-228.js
./ch15/15.2/15.2.3/15.2.3.7/15.2.3.7-6-a-229.js
./ch15/15.2/15.2.3/15.2.3.7/15.2.3.7-6-a-230.js
./ch15/15.2/15.2.3/15.2.3.7/15.2.3.7-6-a-231.js
./ch15/15.2/15.2.3/15.2.3.7/15.2.3.7-6-a-232.js
./ch15/15.2/15.2.3/15.2.3.7/15.2.3.7-6-a-233.js
./ch15/15.2/15.2.3/15.2.3.7/15.2.3.7-6-a-234.js
./ch15/15.2/15.2.3/15.2.3.7/15.2.3.7-6-a-235.js
./ch15/15.2/15.2.3/15.2.3.7/15.2.3.7-6-a-236.js
./ch15/15.2/15.2.3/15.2.3.7/15.2.3.7-6-a-237.js
./ch15/15.2/15.2.3/15.2.3.7/15.2.3.7-6-a-238.js
./ch15/15.2/15.2.3/15.2.3.7/15.2.3.7-6-a-239.js
./ch15/15.2/15.2.3/15.2.3.7/15.2.3.7-6-a-24.js
./ch15/15.2/15.2.3/15.2.3.7/15.2.3.7-6-a-240.js
./ch15/15.2/15.2.3/15.2.3.7/15.2.3.7-6-a-241.js
./ch15/15.2/15.2.3/15.2.3.7/15.2.3.7-6-a-242.js
./ch15/15.2/15.2.3/15.2.3.7/15.2.3.7-6-a-243.js
./ch15/15.2/15.2.3/15.2.3.7/15.2.3.7-6-a-244.js
./ch15/15.2/15.2.3/15.2.3.7/15.2.3.7-6-a-245.js
./ch15/15.2/15.2.3/15.2.3.7/15.2.3.7-6-a-246.js
./ch15/15.2/15.2.3/15.2.3.7/15.2.3.7-6-a-247.js
./ch15/15.2/15.2.3/15.2.3.7/15.2.3.7-6-a-248.js
./ch15/15.2/15.2.3/15.2.3.7/15.2.3.7-6-a-249.js
./ch15/15.2/15.2.3/15.2.3.7/15.2.3.7-6-a-250.js
./ch15/15.2/15.2.3/15.2.3.7/15.2.3.7-6-a-251.js
./ch15/15.2/15.2.3/15.2.3.7/15.2.3.7-6-a-252.js
./ch15/15.2/15.2.3/15.2.3.7/15.2.3.7-6-a-253.js
./ch15/15.2/15.2.3/15.2.3.7/15.2.3.7-6-a-254.js
./ch15/15.2/15.2.3/15.2.3.7/15.2.3.7-6-a-255.js
./ch15/15.2/15.2.3/15.2.3.7/15.2.3.7-6-a-256.js
./ch15/15.2/15.2.3/15.2.3.7/15.2.3.7-6-a-257.js
./ch15/15.2/15.2.3/15.2.3.7/15.2.3.7-6-a-258.js
./ch15/15.2/15.2.3/15.2.3.7/15.2.3.7-6-a-259.js
./ch15/15.2/15.2.3/15.2.3.7/15.2.3.7-6-a-260.js
./ch15/15.2/15.2.3/15.2.3.7/15.2.3.7-6-a-261.js
./ch15/15.2/15.2.3/15.2.3.7/15.2.3.7-6-a-262.js
./ch15/15.2/15.2.3/15.2.3.7/15.2.3.7-6-a-266.js
./ch15/15.2/15.2.3/15.2.3.7/15.2.3.7-6-a-267.js
./ch15/15.2/15.2.3/15.2.3.7/15.2.3.7-6-a-268.js
./ch15/15.2/15.2.3/15.2.3.7/15.2.3.7-6-a-269.js
./ch15/15.2/15.2.3/15.2.3.7/15.2.3.7-6-a-270.js
./ch15/15.2/15.2.3/15.2.3.7/15.2.3.7-6-a-271.js
./ch15/15.2/15.2.3/15.2.3.7/15.2.3.7-6-a-272.js
./ch15/15.2/15.2.3/15.2.3.7/15.2.3.7-6-a-273.js
./ch15/15.2/15.2.3/15.2.3.7/15.2.3.7-6-a-274.js
./ch15/15.2/15.2.3/15.2.3.7/15.2.3.7-6-a-275.js
./ch15/15.2/15.2.3/15.2.3.7/15.2.3.7-6-a-276.js
./ch15/15.2/15.2.3/15.2.3.7/15.2.3.7-6-a-277.js
./ch15/15.2/15.2.3/15.2.3.7/15.2.3.7-6-a-278.js
./ch15/15.2/15.2.3/15.2.3.7/15.2.3.7-6-a-279.js
./ch15/15.2/15.2.3/15.2.3.7/15.2.3.7-6-a-281.js
./ch15/15.2/15.2.3/15.2.3.7/15.2.3.7-6-a-282.js
./ch15/15.2/15.2.3/15.2.3.7/15.2.3.7-6-a-283.js
./ch15/15.2/15.2.3/15.2.3.7/15.2.3.7-6-a-284.js
./ch15/15.2/15.2.3/15.2.3.7/15.2.3.7-6-a-285.js
./ch15/15.2/15.2.3/15.2.3.7/15.2.3.7-6-a-288.js
./ch15/15.2/15.2.3/15.2.3.7/15.2.3.7-6-a-289.js
./ch15/15.2/15.2.3/15.2.3.7/15.2.3.7-6-a-290.js
./ch15/15.2/15.2.3/15.2.3.7/15.2.3.7-6-a-291.js
./ch15/15.2/15.2.3/15.2.3.7/15.2.3.7-6-a-292.js
./ch15/15.2/15.2.3/15.2.3.7/15.2.3.7-6-a-293.js
./ch15/15.2/15.2.3/15.2.3.7/15.2.3.7-6-a-294.js
./ch15/15.2/15.2.3/15.2.3.7/15.2.3.7-6-a-295.js
./ch15/15.2/15.2.3/15.2.3.7/15.2.3.7-6-a-296.js
./ch15/15.2/15.2.3/15.2.3.7/15.2.3.7-6-a-297.js
./ch15/15.2/15.2.3/15.2.3.7/15.2.3.7-6-a-298.js
./ch15/15.2/15.2.3/15.2.3.7/15.2.3.7-6-a-299.js
./ch15/15.2/15.2.3/15.2.3.7/15.2.3.7-6-a-3.js
./ch15/15.2/15.2.3/15.2.3.7/15.2.3.7-6-a-30.js
./ch15/15.2/15.2.3/15.2.3.7/15.2.3.7-6-a-300.js
./ch15/15.2/15.2.3/15.2.3.7/15.2.3.7-6-a-301.js
./ch15/15.2/15.2.3/15.2.3.7/15.2.3.7-6-a-302.js
./ch15/15.2/15.2.3/15.2.3.7/15.2.3.7-6-a-303.js
./ch15/15.2/15.2.3/15.2.3.7/15.2.3.7-6-a-304.js
./ch15/15.2/15.2.3/15.2.3.7/15.2.3.7-6-a-305.js
./ch15/15.2/15.2.3/15.2.3.7/15.2.3.7-6-a-306.js
./ch15/15.2/15.2.3/15.2.3.7/15.2.3.7-6-a-307.js
./ch15/15.2/15.2.3/15.2.3.7/15.2.3.7-6-a-308.js
./ch15/15.2/15.2.3/15.2.3.7/15.2.3.7-6-a-309.js
./ch15/15.2/15.2.3/15.2.3.7/15.2.3.7-6-a-31.js
./ch15/15.2/15.2.3/15.2.3.7/15.2.3.7-6-a-310.js
./ch15/15.2/15.2.3/15.2.3.7/15.2.3.7-6-a-311.js
./ch15/15.2/15.2.3/15.2.3.7/15.2.3.7-6-a-312.js
./ch15/15.2/15.2.3/15.2.3.7/15.2.3.7-6-a-313.js
./ch15/15.2/15.2.3/15.2.3.7/15.2.3.7-6-a-33.js
./ch15/15.2/15.2.3/15.2.3.7/15.2.3.7-6-a-35.js
./ch15/15.2/15.2.3/15.2.3.7/15.2.3.7-6-a-36.js
./ch15/15.2/15.2.3/15.2.3.7/15.2.3.7-6-a-37.js
./ch15/15.2/15.2.3/15.2.3.7/15.2.3.7-6-a-38-1.js
./ch15/15.2/15.2.3/15.2.3.7/15.2.3.7-6-a-38.js
./ch15/15.2/15.2.3/15.2.3.7/15.2.3.7-6-a-39.js
./ch15/15.2/15.2.3/15.2.3.7/15.2.3.7-6-a-4.js
./ch15/15.2/15.2.3/15.2.3.7/15.2.3.7-6-a-40.js
./ch15/15.2/15.2.3/15.2.3.7/15.2.3.7-6-a-41.js
./ch15/15.2/15.2.3/15.2.3.7/15.2.3.7-6-a-42.js
./ch15/15.2/15.2.3/15.2.3.7/15.2.3.7-6-a-43.js
./ch15/15.2/15.2.3/15.2.3.7/15.2.3.7-6-a-44.js
./ch15/15.2/15.2.3/15.2.3.7/15.2.3.7-6-a-45.js
./ch15/15.2/15.2.3/15.2.3.7/15.2.3.7-6-a-46.js
./ch15/15.2/15.2.3/15.2.3.7/15.2.3.7-6-a-47.js
./ch15/15.2/15.2.3/15.2.3.7/15.2.3.7-6-a-48.js
./ch15/15.2/15.2.3/15.2.3.7/15.2.3.7-6-a-49.js
./ch15/15.2/15.2.3/15.2.3.7/15.2.3.7-6-a-5.js
./ch15/15.2/15.2.3/15.2.3.7/15.2.3.7-6-a-50.js
./ch15/15.2/15.2.3/15.2.3.7/15.2.3.7-6-a-51.js
./ch15/15.2/15.2.3/15.2.3.7/15.2.3.7-6-a-52.js
./ch15/15.2/15.2.3/15.2.3.7/15.2.3.7-6-a-53.js
./ch15/15.2/15.2.3/15.2.3.7/15.2.3.7-6-a-54.js
./ch15/15.2/15.2.3/15.2.3.7/15.2.3.7-6-a-55.js
./ch15/15.2/15.2.3/15.2.3.7/15.2.3.7-6-a-56.js
./ch15/15.2/15.2.3/15.2.3.7/15.2.3.7-6-a-57.js
./ch15/15.2/15.2.3/15.2.3.7/15.2.3.7-6-a-58.js
./ch15/15.2/15.2.3/15.2.3.7/15.2.3.7-6-a-59.js
./ch15/15.2/15.2.3/15.2.3.7/15.2.3.7-6-a-6.js
./ch15/15.2/15.2.3/15.2.3.7/15.2.3.7-6-a-60.js
./ch15/15.2/15.2.3/15.2.3.7/15.2.3.7-6-a-61.js
./ch15/15.2/15.2.3/15.2.3.7/15.2.3.7-6-a-62.js
./ch15/15.2/15.2.3/15.2.3.7/15.2.3.7-6-a-63.js
./ch15/15.2/15.2.3/15.2.3.7/15.2.3.7-6-a-64.js
./ch15/15.2/15.2.3/15.2.3.7/15.2.3.7-6-a-65.js
./ch15/15.2/15.2.3/15.2.3.7/15.2.3.7-6-a-66-1.js
./ch15/15.2/15.2.3/15.2.3.7/15.2.3.7-6-a-66.js
./ch15/15.2/15.2.3/15.2.3.7/15.2.3.7-6-a-67.js
./ch15/15.2/15.2.3/15.2.3.7/15.2.3.7-6-a-68.js
./ch15/15.2/15.2.3/15.2.3.7/15.2.3.7-6-a-69.js
./ch15/15.2/15.2.3/15.2.3.7/15.2.3.7-6-a-7.js
./ch15/15.2/15.2.3/15.2.3.7/15.2.3.7-6-a-70.js
./ch15/15.2/15.2.3/15.2.3.7/15.2.3.7-6-a-71.js
./ch15/15.2/15.2.3/15.2.3.7/15.2.3.7-6-a-72.js
./ch15/15.2/15.2.3/15.2.3.7/15.2.3.7-6-a-73.js
./ch15/15.2/15.2.3/15.2.3.7/15.2.3.7-6-a-74.js
./ch15/15.2/15.2.3/15.2.3.7/15.2.3.7-6-a-75.js
./ch15/15.2/15.2.3/15.2.3.7/15.2.3.7-6-a-76.js
./ch15/15.2/15.2.3/15.2.3.7/15.2.3.7-6-a-77.js
./ch15/15.2/15.2.3/15.2.3.7/15.2.3.7-6-a-78.js
./ch15/15.2/15.2.3/15.2.3.7/15.2.3.7-6-a-79.js
./ch15/15.2/15.2.3/15.2.3.7/15.2.3.7-6-a-8.js
./ch15/15.2/15.2.3/15.2.3.7/15.2.3.7-6-a-80.js
./ch15/15.2/15.2.3/15.2.3.7/15.2.3.7-6-a-81.js
./ch15/15.2/15.2.3/15.2.3.7/15.2.3.7-6-a-82.js
./ch15/15.2/15.2.3/15.2.3.7/15.2.3.7-6-a-83.js
./ch15/15.2/15.2.3/15.2.3.7/15.2.3.7-6-a-84-1.js
./ch15/15.2/15.2.3/15.2.3.7/15.2.3.7-6-a-84.js
./ch15/15.2/15.2.3/15.2.3.7/15.2.3.7-6-a-85.js
./ch15/15.2/15.2.3/15.2.3.7/15.2.3.7-6-a-86-1.js
./ch15/15.2/15.2.3/15.2.3.7/15.2.3.7-6-a-86.js
./ch15/15.2/15.2.3/15.2.3.7/15.2.3.7-6-a-87.js
./ch15/15.2/15.2.3/15.2.3.7/15.2.3.7-6-a-88.js
./ch15/15.2/15.2.3/15.2.3.7/15.2.3.7-6-a-89.js
./ch15/15.2/15.2.3/15.2.3.7/15.2.3.7-6-a-90.js
./ch15/15.2/15.2.3/15.2.3.7/15.2.3.7-6-a-91.js
./ch15/15.2/15.2.3/15.2.3.7/15.2.3.7-6-a-92.js
./ch15/15.2/15.2.3/15.2.3.7/15.2.3.7-6-a-93-1.js
./ch15/15.2/15.2.3/15.2.3.7/15.2.3.7-6-a-93-2.js
./ch15/15.2/15.2.3/15.2.3.7/15.2.3.7-6-a-93-3.js
./ch15/15.2/15.2.3/15.2.3.7/15.2.3.7-6-a-93-4.js
./ch15/15.2/15.2.3/15.2.3.7/15.2.3.7-6-a-93.js
./ch15/15.2/15.2.3/15.2.3.7/15.2.3.7-6-a-94.js
./ch15/15.2/15.2.3/15.2.3.7/15.2.3.7-6-a-95.js
./ch15/15.2/15.2.3/15.2.3.7/15.2.3.7-6-a-96.js
./ch15/15.2/15.2.3/15.2.3.7/15.2.3.7-6-a-97.js
./ch15/15.2/15.2.3/15.2.3.7/15.2.3.7-6-a-98.js
./ch15/15.2/15.2.3/15.2.3.7/15.2.3.7-6-a-99.js
./ch15/15.2/15.2.3/15.2.3.8/15.2.3.8-2-2.js
./ch15/15.2/15.2.3/15.2.3.8/15.2.3.8-2-3.js
./ch15/15.2/15.2.3/15.2.3.8/15.2.3.8-2-4.js
./ch15/15.2/15.2.3/15.2.3.8/15.2.3.8-2-a-1.js
./ch15/15.2/15.2.3/15.2.3.8/15.2.3.8-2-a-10.js
./ch15/15.2/15.2.3/15.2.3.8/15.2.3.8-2-a-11.js
./ch15/15.2/15.2.3/15.2.3.8/15.2.3.8-2-a-12.js
./ch15/15.2/15.2.3/15.2.3.8/15.2.3.8-2-a-13.js
./ch15/15.2/15.2.3/15.2.3.8/15.2.3.8-2-a-14.js
./ch15/15.2/15.2.3/15.2.3.8/15.2.3.8-2-a-15.js
./ch15/15.2/15.2.3/15.2.3.8/15.2.3.8-2-a-2.js
./ch15/15.2/15.2.3/15.2.3.8/15.2.3.8-2-a-3.js
./ch15/15.2/15.2.3/15.2.3.8/15.2.3.8-2-a-4.js
./ch15/15.2/15.2.3/15.2.3.8/15.2.3.8-2-a-5.js
./ch15/15.2/15.2.3/15.2.3.8/15.2.3.8-2-a-6.js
./ch15/15.2/15.2.3/15.2.3.8/15.2.3.8-2-a-7.js
./ch15/15.2/15.2.3/15.2.3.8/15.2.3.8-2-a-8.js
./ch15/15.2/15.2.3/15.2.3.8/15.2.3.8-2-a-9.js
./ch15/15.2/15.2.3/15.2.3.8/15.2.3.8-2-b-1.js
./ch15/15.2/15.2.3/15.2.3.8/15.2.3.8-2-b-2.js
./ch15/15.2/15.2.3/15.2.3.8/15.2.3.8-2-b-3.js
./ch15/15.2/15.2.3/15.2.3.8/15.2.3.8-2-b-4.js
./ch15/15.2/15.2.3/15.2.3.8/15.2.3.8-2-c-3.js
./ch15/15.2/15.2.3/15.2.3.8/15.2.3.8-2-c-4.js
./ch15/15.2/15.2.3/15.2.3.8/15.2.3.8-2-c-5.js
./ch15/15.2/15.2.3/15.2.3.8/15.2.3.8-2-c-6.js
./ch15/15.2/15.2.3/15.2.3.8/15.2.3.8-2-c-7.js
./ch15/15.2/15.2.3/15.2.3.8/15.2.3.8-2-c-8.js
./ch15/15.2/15.2.3/15.2.3.9/15.2.3.9-2-2.js
./ch15/15.2/15.2.3/15.2.3.9/15.2.3.9-2-3.js
./ch15/15.2/15.2.3/15.2.3.9/15.2.3.9-2-4.js
./ch15/15.2/15.2.3/15.2.3.9/15.2.3.9-2-a-1.js
./ch15/15.2/15.2.3/15.2.3.9/15.2.3.9-2-a-10.js
./ch15/15.2/15.2.3/15.2.3.9/15.2.3.9-2-a-11.js
./ch15/15.2/15.2.3/15.2.3.9/15.2.3.9-2-a-12.js
./ch15/15.2/15.2.3/15.2.3.9/15.2.3.9-2-a-13.js
./ch15/15.2/15.2.3/15.2.3.9/15.2.3.9-2-a-14.js
./ch15/15.2/15.2.3/15.2.3.9/15.2.3.9-2-a-2.js
./ch15/15.2/15.2.3/15.2.3.9/15.2.3.9-2-a-3.js
./ch15/15.2/15.2.3/15.2.3.9/15.2.3.9-2-a-4.js
./ch15/15.2/15.2.3/15.2.3.9/15.2.3.9-2-a-5.js
./ch15/15.2/15.2.3/15.2.3.9/15.2.3.9-2-a-6.js
./ch15/15.2/15.2.3/15.2.3.9/15.2.3.9-2-a-7.js
./ch15/15.2/15.2.3/15.2.3.9/15.2.3.9-2-a-8.js
./ch15/15.2/15.2.3/15.2.3.9/15.2.3.9-2-a-9.js
./ch15/15.2/15.2.3/15.2.3.9/15.2.3.9-2-b-i-1.js
./ch15/15.2/15.2.3/15.2.3.9/15.2.3.9-2-b-i-2.js
./ch15/15.2/15.2.3/15.2.3.9/15.2.3.9-2-c-1.js
./ch15/15.2/15.2.3/15.2.3.9/15.2.3.9-2-c-2.js
./ch15/15.2/15.2.3/15.2.3.9/15.2.3.9-2-c-3.js
./ch15/15.2/15.2.3/15.2.3.9/15.2.3.9-2-c-4.js
./ch15/15.2/15.2.3/15.2.3.9/15.2.3.9-2-d-3.js
./ch15/15.2/15.2.3/15.2.3.9/15.2.3.9-2-d-4.js
./ch15/15.2/15.2.3/15.2.3.9/15.2.3.9-2-d-5.js
./ch15/15.2/15.2.3/15.2.3.9/15.2.3.9-2-d-6.js
./ch15/15.2/15.2.3/15.2.3.9/15.2.3.9-2-d-7.js
./ch15/15.2/15.2.3/15.2.3.9/15.2.3.9-2-d-8.js
./ch15/15.2/15.2.4/15.2.4.2/S15.2.4.2_A7.js
./ch15/15.2/15.2.4/15.2.4.2/S15.2.4.2_A9.js
./ch15/15.2/15.2.4/15.2.4.3/S15.2.4.3_A7.js
./ch15/15.2/15.2.4/15.2.4.3/S15.2.4.3_A9.js
./ch15/15.2/15.2.4/15.2.4.4/S15.2.4.4_A1_T1.js
./ch15/15.2/15.2.4/15.2.4.4/S15.2.4.4_A1_T2.js
./ch15/15.2/15.2.4/15.2.4.4/S15.2.4.4_A1_T3.js
./ch15/15.2/15.2.4/15.2.4.4/S15.2.4.4_A1_T4.js
./ch15/15.2/15.2.4/15.2.4.4/S15.2.4.4_A1_T5.js
./ch15/15.2/15.2.4/15.2.4.4/S15.2.4.4_A1_T6.js
./ch15/15.2/15.2.4/15.2.4.4/S15.2.4.4_A1_T7.js
./ch15/15.2/15.2.4/15.2.4.4/S15.2.4.4_A7.js
./ch15/15.2/15.2.4/15.2.4.4/S15.2.4.4_A9.js
./ch15/15.2/15.2.4/15.2.4.5/S15.2.4.5_A1_T3.js
./ch15/15.2/15.2.4/15.2.4.5/S15.2.4.5_A7.js
./ch15/15.2/15.2.4/15.2.4.5/S15.2.4.5_A9.js
./ch15/15.2/15.2.4/15.2.4.6/S15.2.4.6_A1.js
./ch15/15.2/15.2.4/15.2.4.6/S15.2.4.6_A7.js
./ch15/15.2/15.2.4/15.2.4.6/S15.2.4.6_A9.js
./ch15/15.2/15.2.4/15.2.4.7/S15.2.4.7_A1_T1.js
./ch15/15.2/15.2.4/15.2.4.7/S15.2.4.7_A2_T2.js
./ch15/15.2/15.2.4/15.2.4.7/S15.2.4.7_A7.js
./ch15/15.2/15.2.4/15.2.4.7/S15.2.4.7_A9.js
./ch15/15.3/15.3.2/15.3.2.1/15.3.2.1-11-8-s.js
./ch15/15.3/15.3.2/15.3.2.1/15.3.2.1-11-9-s.js
./ch15/15.3/15.3.3/15.3.3.1/S15.3.3.1_A3.js
./ch15/15.3/15.3.4/15.3.4.2/S15.3.4.2_A7.js
./ch15/15.3/15.3.4/15.3.4.2/S15.3.4.2_A9.js
./ch15/15.3/15.3.4/15.3.4.3/S15.3.4.3_A1_T1.js
./ch15/15.3/15.3.4/15.3.4.3/S15.3.4.3_A1_T2.js
./ch15/15.3/15.3.4/15.3.4.3/S15.3.4.3_A2_T2.js
./ch15/15.3/15.3.4/15.3.4.3/S15.3.4.3_A3_T1.js
./ch15/15.3/15.3.4/15.3.4.3/S15.3.4.3_A3_T10.js
./ch15/15.3/15.3.4/15.3.4.3/S15.3.4.3_A3_T2.js
./ch15/15.3/15.3.4/15.3.4.3/S15.3.4.3_A3_T3.js
./ch15/15.3/15.3.4/15.3.4.3/S15.3.4.3_A3_T4.js
./ch15/15.3/15.3.4/15.3.4.3/S15.3.4.3_A3_T5.js
./ch15/15.3/15.3.4/15.3.4.3/S15.3.4.3_A3_T6.js
./ch15/15.3/15.3.4/15.3.4.3/S15.3.4.3_A3_T7.js
./ch15/15.3/15.3.4/15.3.4.3/S15.3.4.3_A3_T8.js
./ch15/15.3/15.3.4/15.3.4.3/S15.3.4.3_A3_T9.js
./ch15/15.3/15.3.4/15.3.4.3/S15.3.4.3_A5_T2.js
./ch15/15.3/15.3.4/15.3.4.3/S15.3.4.3_A5_T3.js
./ch15/15.3/15.3.4/15.3.4.3/S15.3.4.3_A5_T4.js
./ch15/15.3/15.3.4/15.3.4.3/S15.3.4.3_A5_T6.js
./ch15/15.3/15.3.4/15.3.4.3/S15.3.4.3_A5_T7.js
./ch15/15.3/15.3.4/15.3.4.3/S15.3.4.3_A5_T8.js
./ch15/15.3/15.3.4/15.3.4.3/S15.3.4.3_A6_T3.js
./ch15/15.3/15.3.4/15.3.4.3/S15.3.4.3_A7_T1.js
./ch15/15.3/15.3.4/15.3.4.3/S15.3.4.3_A7_T10.js
./ch15/15.3/15.3.4/15.3.4.3/S15.3.4.3_A7_T2.js
./ch15/15.3/15.3.4/15.3.4.3/S15.3.4.3_A7_T3.js
./ch15/15.3/15.3.4/15.3.4.3/S15.3.4.3_A7_T4.js
./ch15/15.3/15.3.4/15.3.4.3/S15.3.4.3_A7_T5.js
./ch15/15.3/15.3.4/15.3.4.3/S15.3.4.3_A7_T6.js
./ch15/15.3/15.3.4/15.3.4.3/S15.3.4.3_A7_T7.js
./ch15/15.3/15.3.4/15.3.4.3/S15.3.4.3_A7_T8.js
./ch15/15.3/15.3.4/15.3.4.3/S15.3.4.3_A7_T9.js
./ch15/15.3/15.3.4/15.3.4.3/S15.3.4.3_A8_T1.js
./ch15/15.3/15.3.4/15.3.4.3/S15.3.4.3_A8_T2.js
./ch15/15.3/15.3.4/15.3.4.3/S15.3.4.3_A8_T3.js
./ch15/15.3/15.3.4/15.3.4.3/S15.3.4.3_A8_T4.js
./ch15/15.3/15.3.4/15.3.4.3/S15.3.4.3_A8_T5.js
./ch15/15.3/15.3.4/15.3.4.3/S15.3.4.3_A8_T6.js
./ch15/15.3/15.3.4/15.3.4.3/S15.3.4.3_A9.js
./ch15/15.3/15.3.4/15.3.4.4/S15.3.4.4_A1_T1.js
./ch15/15.3/15.3.4/15.3.4.4/S15.3.4.4_A1_T2.js
./ch15/15.3/15.3.4/15.3.4.4/S15.3.4.4_A2_T2.js
./ch15/15.3/15.3.4/15.3.4.4/S15.3.4.4_A3_T1.js
./ch15/15.3/15.3.4/15.3.4.4/S15.3.4.4_A3_T10.js
./ch15/15.3/15.3.4/15.3.4.4/S15.3.4.4_A3_T2.js
./ch15/15.3/15.3.4/15.3.4.4/S15.3.4.4_A3_T3.js
./ch15/15.3/15.3.4/15.3.4.4/S15.3.4.4_A3_T4.js
./ch15/15.3/15.3.4/15.3.4.4/S15.3.4.4_A3_T5.js
./ch15/15.3/15.3.4/15.3.4.4/S15.3.4.4_A3_T6.js
./ch15/15.3/15.3.4/15.3.4.4/S15.3.4.4_A3_T7.js
./ch15/15.3/15.3.4/15.3.4.4/S15.3.4.4_A3_T8.js
./ch15/15.3/15.3.4/15.3.4.4/S15.3.4.4_A3_T9.js
./ch15/15.3/15.3.4/15.3.4.4/S15.3.4.4_A5_T2.js
./ch15/15.3/15.3.4/15.3.4.4/S15.3.4.4_A5_T3.js
./ch15/15.3/15.3.4/15.3.4.4/S15.3.4.4_A5_T4.js
./ch15/15.3/15.3.4/15.3.4.4/S15.3.4.4_A5_T6.js
./ch15/15.3/15.3.4/15.3.4.4/S15.3.4.4_A5_T7.js
./ch15/15.3/15.3.4/15.3.4.4/S15.3.4.4_A5_T8.js
./ch15/15.3/15.3.4/15.3.4.4/S15.3.4.4_A6_T1.js
./ch15/15.3/15.3.4/15.3.4.4/S15.3.4.4_A6_T10.js
./ch15/15.3/15.3.4/15.3.4.4/S15.3.4.4_A6_T2.js
./ch15/15.3/15.3.4/15.3.4.4/S15.3.4.4_A6_T3.js
./ch15/15.3/15.3.4/15.3.4.4/S15.3.4.4_A6_T4.js
./ch15/15.3/15.3.4/15.3.4.4/S15.3.4.4_A6_T5.js
./ch15/15.3/15.3.4/15.3.4.4/S15.3.4.4_A6_T6.js
./ch15/15.3/15.3.4/15.3.4.4/S15.3.4.4_A6_T7.js
./ch15/15.3/15.3.4/15.3.4.4/S15.3.4.4_A6_T8.js
./ch15/15.3/15.3.4/15.3.4.4/S15.3.4.4_A6_T9.js
./ch15/15.3/15.3.4/15.3.4.4/S15.3.4.4_A7_T1.js
./ch15/15.3/15.3.4/15.3.4.4/S15.3.4.4_A7_T2.js
./ch15/15.3/15.3.4/15.3.4.4/S15.3.4.4_A7_T3.js
./ch15/15.3/15.3.4/15.3.4.4/S15.3.4.4_A7_T4.js
./ch15/15.3/15.3.4/15.3.4.4/S15.3.4.4_A7_T5.js
./ch15/15.3/15.3.4/15.3.4.4/S15.3.4.4_A7_T6.js
./ch15/15.3/15.3.4/15.3.4.4/S15.3.4.4_A9.js
./ch15/15.3/15.3.4/15.3.4.5/15.3.4.5-11-1.js
./ch15/15.3/15.3.4/15.3.4.5/15.3.4.5-13.b-2.js
./ch15/15.3/15.3.4/15.3.4.5/15.3.4.5-13.b-6.js
./ch15/15.3/15.3.4/15.3.4.5/15.3.4.5-15-5.js
./ch15/15.3/15.3.4/15.3.4.5/15.3.4.5-2-1.js
./ch15/15.3/15.3.4/15.3.4.5/15.3.4.5-2-2.js
./ch15/15.3/15.3.4/15.3.4.5/15.3.4.5-2-7.js
./ch15/15.3/15.3.4/15.3.4.5/15.3.4.5-2-8.js
./ch15/15.3/15.3.4/15.3.4.5/15.3.4.5-20-2.js
./ch15/15.3/15.3.4/15.3.4.5/15.3.4.5-20-3.js
./ch15/15.3/15.3.4/15.3.4.5/15.3.4.5-20-5.js
./ch15/15.3/15.3.4/15.3.4.5/15.3.4.5-21-2.js
./ch15/15.3/15.3.4/15.3.4.5/15.3.4.5-21-3.js
./ch15/15.3/15.3.4/15.3.4.5/15.3.4.5-21-5.js
./ch15/15.3/15.3.4/15.3.4.5/15.3.4.5-3-1.js
./ch15/15.3/15.3.4/15.3.4.5/15.3.4.5-6-2.js
./ch15/15.3/15.3.4/15.3.4.5/15.3.4.5-6-6.js
./ch15/15.3/15.3.4/15.3.4.5/15.3.4.5-9-1.js
./ch15/15.3/15.3.4/15.3.4.5/15.3.4.5-9-2.js
./ch15/15.3/15.3.4/15.3.4.5/S15.3.4.5_A3.js
./ch15/15.3/15.3.4/15.3.4.5/S15.3.4.5_A5.js
./ch15/15.3/15.3.4/15.3.4.5.2/15.3.4.5.2-4-1.js
./ch15/15.3/15.3.4/15.3.4.5.2/15.3.4.5.2-4-10.js
./ch15/15.3/15.3.4/15.3.4.5.2/15.3.4.5.2-4-11.js
./ch15/15.3/15.3.4/15.3.4.5.2/15.3.4.5.2-4-12.js
./ch15/15.3/15.3.4/15.3.4.5.2/15.3.4.5.2-4-13.js
./ch15/15.3/15.3.4/15.3.4.5.2/15.3.4.5.2-4-14.js
./ch15/15.3/15.3.4/15.3.4.5.2/15.3.4.5.2-4-2.js
./ch15/15.3/15.3.4/15.3.4.5.2/15.3.4.5.2-4-3.js
./ch15/15.3/15.3.4/15.3.4.5.2/15.3.4.5.2-4-4.js
./ch15/15.3/15.3.4/15.3.4.5.2/15.3.4.5.2-4-5.js
./ch15/15.3/15.3.4/15.3.4.5.2/15.3.4.5.2-4-6.js
./ch15/15.3/15.3.4/15.3.4.5.2/15.3.4.5.2-4-7.js
./ch15/15.3/15.3.4/15.3.4.5.2/15.3.4.5.2-4-8.js
./ch15/15.3/15.3.4/15.3.4.5.2/15.3.4.5.2-4-9.js
./ch15/15.3/15.3.5/15.3.5.4/15.3.5.4_2-12gs.js
./ch15/15.3/15.3.5/15.3.5.4/15.3.5.4_2-14gs.js
./ch15/15.3/15.3.5/15.3.5.4/15.3.5.4_2-75gs.js
./ch15/15.3/15.3.5/15.3.5.4/15.3.5.4_2-76gs.js
./ch15/15.3/15.3.5/15.3.5.4/15.3.5.4_2-77gs.js
./ch15/15.3/15.3.5/15.3.5.4/15.3.5.4_2-78gs.js
./ch15/15.3/15.3.5/15.3.5.4/15.3.5.4_2-79gs.js
./ch15/15.3/15.3.5/15.3.5.4/15.3.5.4_2-80gs.js
./ch15/15.3/15.3.5/15.3.5.4/15.3.5.4_2-81gs.js
./ch15/15.3/15.3.5/15.3.5.4/15.3.5.4_2-82gs.js
./ch15/15.3/15.3.5/15.3.5.4/15.3.5.4_2-83gs.js
./ch15/15.3/15.3.5/15.3.5.4/15.3.5.4_2-84gs.js
./ch15/15.3/15.3.5/15.3.5.4/15.3.5.4_2-85gs.js
./ch15/15.3/15.3.5/15.3.5.4/15.3.5.4_2-86gs.js
./ch15/15.3/15.3.5/15.3.5.4/15.3.5.4_2-87gs.js
./ch15/15.3/15.3.5/15.3.5.4/15.3.5.4_2-88gs.js
./ch15/15.3/15.3.5/15.3.5.4/15.3.5.4_2-89gs.js
./ch15/15.3/15.3.5/15.3.5.4/15.3.5.4_2-90gs.js
./ch15/15.3/15.3.5/15.3.5.4/15.3.5.4_2-91gs.js
./ch15/15.3/15.3.5/15.3.5.4/15.3.5.4_2-92gs.js
./ch15/15.3/15.3.5/15.3.5.4/15.3.5.4_2-93gs.js
./ch15/15.4/15.4.2/15.4.2.1/S15.4.2.1_A1.1_T1.js
./ch15/15.4/15.4.2/15.4.2.1/S15.4.2.1_A1.1_T2.js
./ch15/15.4/15.4.2/15.4.2.1/S15.4.2.1_A1.1_T3.js
./ch15/15.4/15.4.2/15.4.2.1/S15.4.2.1_A1.2_T1.js
./ch15/15.4/15.4.2/15.4.2.1/S15.4.2.1_A1.3_T1.js
./ch15/15.4/15.4.2/15.4.2.1/S15.4.2.1_A2.1_T1.js
./ch15/15.4/15.4.2/15.4.2.1/S15.4.2.1_A2.2_T1.js
./ch15/15.4/15.4.2/15.4.2.2/S15.4.2.2_A1.1_T1.js
./ch15/15.4/15.4.2/15.4.2.2/S15.4.2.2_A1.1_T2.js
./ch15/15.4/15.4.2/15.4.2.2/S15.4.2.2_A1.1_T3.js
./ch15/15.4/15.4.2/15.4.2.2/S15.4.2.2_A1.2_T1.js
./ch15/15.4/15.4.2/15.4.2.2/S15.4.2.2_A2.1_T1.js
./ch15/15.4/15.4.2/15.4.2.2/S15.4.2.2_A2.2_T1.js
./ch15/15.4/15.4.2/15.4.2.2/S15.4.2.2_A2.2_T2.js
./ch15/15.4/15.4.2/15.4.2.2/S15.4.2.2_A2.2_T3.js
./ch15/15.4/15.4.2/15.4.2.2/S15.4.2.2_A2.3_T1.js
./ch15/15.4/15.4.2/15.4.2.2/S15.4.2.2_A2.3_T2.js
./ch15/15.4/15.4.2/15.4.2.2/S15.4.2.2_A2.3_T3.js
./ch15/15.4/15.4.2/15.4.2.2/S15.4.2.2_A2.3_T4.js
./ch15/15.4/15.4.2/15.4.2.2/S15.4.2.2_A2.3_T5.js
./ch15/15.4/15.4.3/15.4.3.1/S15.4.3.1_A3.js
./ch15/15.4/15.4.3/15.4.3.2/15.4.3.2-0-6.js
./ch15/15.4/15.4.3/15.4.3.2/15.4.3.2-0-7.js
./ch15/15.4/15.4.3/15.4.3.2/15.4.3.2-1-10.js
./ch15/15.4/15.4.3/15.4.3.2/15.4.3.2-1-12.js
./ch15/15.4/15.4.3/15.4.3.2/15.4.3.2-1-15.js
./ch15/15.4/15.4.3/15.4.3.2/15.4.3.2-1-2.js
./ch15/15.4/15.4.3/15.4.3.2/15.4.3.2-1-4.js
./ch15/15.4/15.4.3/15.4.3.2/15.4.3.2-1-6.js
./ch15/15.4/15.4.3/15.4.3.2/15.4.3.2-1-9.js
./ch15/15.4/15.4.3/15.4.3.2/15.4.3.2-2-1.js
./ch15/15.4/15.4.3/15.4.3.2/15.4.3.2-2-2.js
./ch15/15.4/15.4.4/15.4.4.1/S15.4.4.1_A1_T1.js
./ch15/15.4/15.4.4/15.4.4.10/15.4.4.10-10-c-ii-1.js
./ch15/15.4/15.4.4/15.4.4.10/S15.4.4.10_A1.1_T1.js
./ch15/15.4/15.4.4/15.4.4.10/S15.4.4.10_A1.1_T2.js
./ch15/15.4/15.4.4/15.4.4.10/S15.4.4.10_A1.1_T3.js
./ch15/15.4/15.4.4/15.4.4.10/S15.4.4.10_A1.1_T4.js
./ch15/15.4/15.4.4/15.4.4.10/S15.4.4.10_A1.1_T5.js
./ch15/15.4/15.4.4/15.4.4.10/S15.4.4.10_A1.1_T6.js
./ch15/15.4/15.4.4/15.4.4.10/S15.4.4.10_A1.1_T7.js
./ch15/15.4/15.4.4/15.4.4.10/S15.4.4.10_A1.2_T1.js
./ch15/15.4/15.4.4/15.4.4.10/S15.4.4.10_A1.2_T2.js
./ch15/15.4/15.4.4/15.4.4.10/S15.4.4.10_A1.2_T3.js
./ch15/15.4/15.4.4/15.4.4.10/S15.4.4.10_A1.2_T4.js
./ch15/15.4/15.4.4/15.4.4.10/S15.4.4.10_A1.3_T1.js
./ch15/15.4/15.4.4/15.4.4.10/S15.4.4.10_A1.3_T2.js
./ch15/15.4/15.4.4/15.4.4.10/S15.4.4.10_A1.3_T3.js
./ch15/15.4/15.4.4/15.4.4.10/S15.4.4.10_A1.3_T4.js
./ch15/15.4/15.4.4/15.4.4.10/S15.4.4.10_A1.4_T1.js
./ch15/15.4/15.4.4/15.4.4.10/S15.4.4.10_A1.4_T2.js
./ch15/15.4/15.4.4/15.4.4.10/S15.4.4.10_A1.4_T3.js
./ch15/15.4/15.4.4/15.4.4.10/S15.4.4.10_A1.4_T4.js
./ch15/15.4/15.4.4/15.4.4.10/S15.4.4.10_A1.5_T1.js
./ch15/15.4/15.4.4/15.4.4.10/S15.4.4.10_A1.5_T2.js
./ch15/15.4/15.4.4/15.4.4.10/S15.4.4.10_A2.1_T1.js
./ch15/15.4/15.4.4/15.4.4.10/S15.4.4.10_A2.1_T2.js
./ch15/15.4/15.4.4/15.4.4.10/S15.4.4.10_A2.1_T3.js
./ch15/15.4/15.4.4/15.4.4.10/S15.4.4.10_A2.1_T4.js
./ch15/15.4/15.4.4/15.4.4.10/S15.4.4.10_A2.1_T5.js
./ch15/15.4/15.4.4/15.4.4.10/S15.4.4.10_A2.2_T1.js
./ch15/15.4/15.4.4/15.4.4.10/S15.4.4.10_A2.2_T2.js
./ch15/15.4/15.4.4/15.4.4.10/S15.4.4.10_A2.2_T3.js
./ch15/15.4/15.4.4/15.4.4.10/S15.4.4.10_A2.2_T4.js
./ch15/15.4/15.4.4/15.4.4.10/S15.4.4.10_A2.2_T5.js
./ch15/15.4/15.4.4/15.4.4.10/S15.4.4.10_A2_T1.js
./ch15/15.4/15.4.4/15.4.4.10/S15.4.4.10_A2_T2.js
./ch15/15.4/15.4.4/15.4.4.10/S15.4.4.10_A2_T3.js
./ch15/15.4/15.4.4/15.4.4.10/S15.4.4.10_A2_T4.js
./ch15/15.4/15.4.4/15.4.4.10/S15.4.4.10_A2_T5.js
./ch15/15.4/15.4.4/15.4.4.10/S15.4.4.10_A2_T6.js
./ch15/15.4/15.4.4/15.4.4.10/S15.4.4.10_A3_T1.js
./ch15/15.4/15.4.4/15.4.4.10/S15.4.4.10_A3_T2.js
./ch15/15.4/15.4.4/15.4.4.10/S15.4.4.10_A3_T3.js
./ch15/15.4/15.4.4/15.4.4.10/S15.4.4.10_A4_T1.js
./ch15/15.4/15.4.4/15.4.4.10/S15.4.4.10_A5.2.js
./ch15/15.4/15.4.4/15.4.4.10/S15.4.4.10_A5.7.js
./ch15/15.4/15.4.4/15.4.4.11/S15.4.4.11_A1.1_T1.js
./ch15/15.4/15.4.4/15.4.4.11/S15.4.4.11_A1.2_T1.js
./ch15/15.4/15.4.4/15.4.4.11/S15.4.4.11_A1.2_T2.js
./ch15/15.4/15.4.4/15.4.4.11/S15.4.4.11_A1.3_T1.js
./ch15/15.4/15.4.4/15.4.4.11/S15.4.4.11_A1.4_T1.js
./ch15/15.4/15.4.4/15.4.4.11/S15.4.4.11_A1.4_T2.js
./ch15/15.4/15.4.4/15.4.4.11/S15.4.4.11_A1.5_T1.js
./ch15/15.4/15.4.4/15.4.4.11/S15.4.4.11_A2.1_T1.js
./ch15/15.4/15.4.4/15.4.4.11/S15.4.4.11_A2.1_T2.js
./ch15/15.4/15.4.4/15.4.4.11/S15.4.4.11_A2.1_T3.js
./ch15/15.4/15.4.4/15.4.4.11/S15.4.4.11_A2.2_T1.js
./ch15/15.4/15.4.4/15.4.4.11/S15.4.4.11_A2.2_T2.js
./ch15/15.4/15.4.4/15.4.4.11/S15.4.4.11_A2.2_T3.js
./ch15/15.4/15.4.4/15.4.4.11/S15.4.4.11_A3_T1.js
./ch15/15.4/15.4.4/15.4.4.11/S15.4.4.11_A3_T2.js
./ch15/15.4/15.4.4/15.4.4.11/S15.4.4.11_A4_T1.js
./ch15/15.4/15.4.4/15.4.4.11/S15.4.4.11_A4_T2.js
./ch15/15.4/15.4.4/15.4.4.11/S15.4.4.11_A4_T3.js
./ch15/15.4/15.4.4/15.4.4.11/S15.4.4.11_A5_T1.js
./ch15/15.4/15.4.4/15.4.4.11/S15.4.4.11_A6_T2.js
./ch15/15.4/15.4.4/15.4.4.11/S15.4.4.11_A7.1.js
./ch15/15.4/15.4.4/15.4.4.11/S15.4.4.11_A7.2.js
./ch15/15.4/15.4.4/15.4.4.11/S15.4.4.11_A7.3.js
./ch15/15.4/15.4.4/15.4.4.11/S15.4.4.11_A7.4.js
./ch15/15.4/15.4.4/15.4.4.11/S15.4.4.11_A7.6.js
./ch15/15.4/15.4.4/15.4.4.11/S15.4.4.11_A7.7.js
./ch15/15.4/15.4.4/15.4.4.11/S15.4.4.11_A8.js
./ch15/15.4/15.4.4/15.4.4.12/15.4.4.12-9-c-ii-1.js
./ch15/15.4/15.4.4/15.4.4.12/S15.4.4.12_A1.1_T1.js
./ch15/15.4/15.4.4/15.4.4.12/S15.4.4.12_A1.1_T2.js
./ch15/15.4/15.4.4/15.4.4.12/S15.4.4.12_A1.1_T3.js
./ch15/15.4/15.4.4/15.4.4.12/S15.4.4.12_A1.1_T4.js
./ch15/15.4/15.4.4/15.4.4.12/S15.4.4.12_A1.1_T5.js
./ch15/15.4/15.4.4/15.4.4.12/S15.4.4.12_A1.1_T6.js
./ch15/15.4/15.4.4/15.4.4.12/S15.4.4.12_A1.2_T1.js
./ch15/15.4/15.4.4/15.4.4.12/S15.4.4.12_A1.2_T2.js
./ch15/15.4/15.4.4/15.4.4.12/S15.4.4.12_A1.2_T3.js
./ch15/15.4/15.4.4/15.4.4.12/S15.4.4.12_A1.2_T4.js
./ch15/15.4/15.4.4/15.4.4.12/S15.4.4.12_A1.2_T5.js
./ch15/15.4/15.4.4/15.4.4.12/S15.4.4.12_A1.3_T1.js
./ch15/15.4/15.4.4/15.4.4.12/S15.4.4.12_A1.3_T2.js
./ch15/15.4/15.4.4/15.4.4.12/S15.4.4.12_A1.3_T3.js
./ch15/15.4/15.4.4/15.4.4.12/S15.4.4.12_A1.3_T4.js
./ch15/15.4/15.4.4/15.4.4.12/S15.4.4.12_A1.3_T5.js
./ch15/15.4/15.4.4/15.4.4.12/S15.4.4.12_A1.4_T1.js
./ch15/15.4/15.4.4/15.4.4.12/S15.4.4.12_A1.4_T2.js
./ch15/15.4/15.4.4/15.4.4.12/S15.4.4.12_A1.4_T3.js
./ch15/15.4/15.4.4/15.4.4.12/S15.4.4.12_A1.4_T4.js
./ch15/15.4/15.4.4/15.4.4.12/S15.4.4.12_A1.4_T5.js
./ch15/15.4/15.4.4/15.4.4.12/S15.4.4.12_A1.4_T6.js
./ch15/15.4/15.4.4/15.4.4.12/S15.4.4.12_A1.5_T1.js
./ch15/15.4/15.4.4/15.4.4.12/S15.4.4.12_A1.5_T2.js
./ch15/15.4/15.4.4/15.4.4.12/S15.4.4.12_A2.1_T1.js
./ch15/15.4/15.4.4/15.4.4.12/S15.4.4.12_A2.1_T2.js
./ch15/15.4/15.4.4/15.4.4.12/S15.4.4.12_A2.1_T3.js
./ch15/15.4/15.4.4/15.4.4.12/S15.4.4.12_A2.1_T4.js
./ch15/15.4/15.4.4/15.4.4.12/S15.4.4.12_A2.1_T5.js
./ch15/15.4/15.4.4/15.4.4.12/S15.4.4.12_A2.2_T1.js
./ch15/15.4/15.4.4/15.4.4.12/S15.4.4.12_A2.2_T2.js
./ch15/15.4/15.4.4/15.4.4.12/S15.4.4.12_A2.2_T3.js
./ch15/15.4/15.4.4/15.4.4.12/S15.4.4.12_A2.2_T4.js
./ch15/15.4/15.4.4/15.4.4.12/S15.4.4.12_A2.2_T5.js
./ch15/15.4/15.4.4/15.4.4.12/S15.4.4.12_A2_T1.js
./ch15/15.4/15.4.4/15.4.4.12/S15.4.4.12_A2_T2.js
./ch15/15.4/15.4.4/15.4.4.12/S15.4.4.12_A2_T3.js
./ch15/15.4/15.4.4/15.4.4.12/S15.4.4.12_A2_T4.js
./ch15/15.4/15.4.4/15.4.4.12/S15.4.4.12_A3_T1.js
./ch15/15.4/15.4.4/15.4.4.12/S15.4.4.12_A3_T2.js
./ch15/15.4/15.4.4/15.4.4.12/S15.4.4.12_A3_T3.js
./ch15/15.4/15.4.4/15.4.4.12/S15.4.4.12_A4_T1.js
./ch15/15.4/15.4.4/15.4.4.12/S15.4.4.12_A4_T2.js
./ch15/15.4/15.4.4/15.4.4.12/S15.4.4.12_A4_T3.js
./ch15/15.4/15.4.4/15.4.4.12/S15.4.4.12_A5.2.js
./ch15/15.4/15.4.4/15.4.4.12/S15.4.4.12_A5.7.js
./ch15/15.4/15.4.4/15.4.4.13/S15.4.4.13_A1_T1.js
./ch15/15.4/15.4.4/15.4.4.13/S15.4.4.13_A1_T2.js
./ch15/15.4/15.4.4/15.4.4.13/S15.4.4.13_A2_T2.js
./ch15/15.4/15.4.4/15.4.4.13/S15.4.4.13_A3_T2.js
./ch15/15.4/15.4.4/15.4.4.13/S15.4.4.13_A3_T3.js
./ch15/15.4/15.4.4/15.4.4.13/S15.4.4.13_A4_T1.js
./ch15/15.4/15.4.4/15.4.4.13/S15.4.4.13_A4_T2.js
./ch15/15.4/15.4.4/15.4.4.13/S15.4.4.13_A5.2.js
./ch15/15.4/15.4.4/15.4.4.13/S15.4.4.13_A5.7.js
./ch15/15.4/15.4.4/15.4.4.14/15.4.4.14-0-1.js
./ch15/15.4/15.4.4/15.4.4.14/15.4.4.14-0-2.js
./ch15/15.4/15.4.4/15.4.4.14/15.4.4.14-1-1.js
./ch15/15.4/15.4.4/15.4.4.14/15.4.4.14-1-10.js
./ch15/15.4/15.4.4/15.4.4.14/15.4.4.14-1-11.js
./ch15/15.4/15.4.4/15.4.4.14/15.4.4.14-1-12.js
./ch15/15.4/15.4.4/15.4.4.14/15.4.4.14-1-13.js
./ch15/15.4/15.4.4/15.4.4.14/15.4.4.14-1-14.js
./ch15/15.4/15.4.4/15.4.4.14/15.4.4.14-1-15.js
./ch15/15.4/15.4.4/15.4.4.14/15.4.4.14-1-17.js
./ch15/15.4/15.4.4/15.4.4.14/15.4.4.14-1-2.js
./ch15/15.4/15.4.4/15.4.4.14/15.4.4.14-1-3.js
./ch15/15.4/15.4.4/15.4.4.14/15.4.4.14-1-4.js
./ch15/15.4/15.4.4/15.4.4.14/15.4.4.14-1-5.js
./ch15/15.4/15.4.4/15.4.4.14/15.4.4.14-1-6.js
./ch15/15.4/15.4.4/15.4.4.14/15.4.4.14-1-7.js
./ch15/15.4/15.4.4/15.4.4.14/15.4.4.14-1-8.js
./ch15/15.4/15.4.4/15.4.4.14/15.4.4.14-1-9.js
./ch15/15.4/15.4.4/15.4.4.14/15.4.4.14-10-1.js
./ch15/15.4/15.4.4/15.4.4.14/15.4.4.14-10-2.js
./ch15/15.4/15.4.4/15.4.4.14/15.4.4.14-2-1.js
./ch15/15.4/15.4.4/15.4.4.14/15.4.4.14-2-10.js
./ch15/15.4/15.4.4/15.4.4.14/15.4.4.14-2-11.js
./ch15/15.4/15.4.4/15.4.4.14/15.4.4.14-2-12.js
./ch15/15.4/15.4.4/15.4.4.14/15.4.4.14-2-13.js
./ch15/15.4/15.4.4/15.4.4.14/15.4.4.14-2-14.js
./ch15/15.4/15.4.4/15.4.4.14/15.4.4.14-2-15.js
./ch15/15.4/15.4.4/15.4.4.14/15.4.4.14-2-17.js
./ch15/15.4/15.4.4/15.4.4.14/15.4.4.14-2-18.js
./ch15/15.4/15.4.4/15.4.4.14/15.4.4.14-2-19.js
./ch15/15.4/15.4.4/15.4.4.14/15.4.4.14-2-2.js
./ch15/15.4/15.4.4/15.4.4.14/15.4.4.14-2-3.js
./ch15/15.4/15.4.4/15.4.4.14/15.4.4.14-2-4.js
./ch15/15.4/15.4.4/15.4.4.14/15.4.4.14-2-5.js
./ch15/15.4/15.4.4/15.4.4.14/15.4.4.14-2-6.js
./ch15/15.4/15.4.4/15.4.4.14/15.4.4.14-2-7.js
./ch15/15.4/15.4.4/15.4.4.14/15.4.4.14-2-8.js
./ch15/15.4/15.4.4/15.4.4.14/15.4.4.14-2-9.js
./ch15/15.4/15.4.4/15.4.4.14/15.4.4.14-3-1.js
./ch15/15.4/15.4.4/15.4.4.14/15.4.4.14-3-10.js
./ch15/15.4/15.4.4/15.4.4.14/15.4.4.14-3-11.js
./ch15/15.4/15.4.4/15.4.4.14/15.4.4.14-3-12.js
./ch15/15.4/15.4.4/15.4.4.14/15.4.4.14-3-13.js
./ch15/15.4/15.4.4/15.4.4.14/15.4.4.14-3-14.js
./ch15/15.4/15.4.4/15.4.4.14/15.4.4.14-3-15.js
./ch15/15.4/15.4.4/15.4.4.14/15.4.4.14-3-16.js
./ch15/15.4/15.4.4/15.4.4.14/15.4.4.14-3-17.js
./ch15/15.4/15.4.4/15.4.4.14/15.4.4.14-3-18.js
./ch15/15.4/15.4.4/15.4.4.14/15.4.4.14-3-19.js
./ch15/15.4/15.4.4/15.4.4.14/15.4.4.14-3-2.js
./ch15/15.4/15.4.4/15.4.4.14/15.4.4.14-3-20.js
./ch15/15.4/15.4.4/15.4.4.14/15.4.4.14-3-21.js
./ch15/15.4/15.4.4/15.4.4.14/15.4.4.14-3-22.js
./ch15/15.4/15.4.4/15.4.4.14/15.4.4.14-3-23.js
./ch15/15.4/15.4.4/15.4.4.14/15.4.4.14-3-24.js
./ch15/15.4/15.4.4/15.4.4.14/15.4.4.14-3-25.js
./ch15/15.4/15.4.4/15.4.4.14/15.4.4.14-3-28.js
./ch15/15.4/15.4.4/15.4.4.14/15.4.4.14-3-29.js
./ch15/15.4/15.4.4/15.4.4.14/15.4.4.14-3-3.js
./ch15/15.4/15.4.4/15.4.4.14/15.4.4.14-3-4.js
./ch15/15.4/15.4.4/15.4.4.14/15.4.4.14-3-5.js
./ch15/15.4/15.4.4/15.4.4.14/15.4.4.14-3-6.js
./ch15/15.4/15.4.4/15.4.4.14/15.4.4.14-3-7.js
./ch15/15.4/15.4.4/15.4.4.14/15.4.4.14-3-8.js
./ch15/15.4/15.4.4/15.4.4.14/15.4.4.14-3-9.js
./ch15/15.4/15.4.4/15.4.4.14/15.4.4.14-4-1.js
./ch15/15.4/15.4.4/15.4.4.14/15.4.4.14-4-10.js
./ch15/15.4/15.4.4/15.4.4.14/15.4.4.14-4-11.js
./ch15/15.4/15.4.4/15.4.4.14/15.4.4.14-4-2.js
./ch15/15.4/15.4.4/15.4.4.14/15.4.4.14-4-3.js
./ch15/15.4/15.4.4/15.4.4.14/15.4.4.14-4-5.js
./ch15/15.4/15.4.4/15.4.4.14/15.4.4.14-4-6.js
./ch15/15.4/15.4.4/15.4.4.14/15.4.4.14-4-7.js
./ch15/15.4/15.4.4/15.4.4.14/15.4.4.14-4-8.js
./ch15/15.4/15.4.4/15.4.4.14/15.4.4.14-4-9.js
./ch15/15.4/15.4.4/15.4.4.14/15.4.4.14-5-1.js
./ch15/15.4/15.4.4/15.4.4.14/15.4.4.14-5-10.js
./ch15/15.4/15.4.4/15.4.4.14/15.4.4.14-5-11.js
./ch15/15.4/15.4.4/15.4.4.14/15.4.4.14-5-12.js
./ch15/15.4/15.4.4/15.4.4.14/15.4.4.14-5-13.js
./ch15/15.4/15.4.4/15.4.4.14/15.4.4.14-5-14.js
./ch15/15.4/15.4.4/15.4.4.14/15.4.4.14-5-15.js
./ch15/15.4/15.4.4/15.4.4.14/15.4.4.14-5-16.js
./ch15/15.4/15.4.4/15.4.4.14/15.4.4.14-5-17.js
./ch15/15.4/15.4.4/15.4.4.14/15.4.4.14-5-18.js
./ch15/15.4/15.4.4/15.4.4.14/15.4.4.14-5-19.js
./ch15/15.4/15.4.4/15.4.4.14/15.4.4.14-5-2.js
./ch15/15.4/15.4.4/15.4.4.14/15.4.4.14-5-20.js
./ch15/15.4/15.4.4/15.4.4.14/15.4.4.14-5-21.js
./ch15/15.4/15.4.4/15.4.4.14/15.4.4.14-5-22.js
./ch15/15.4/15.4.4/15.4.4.14/15.4.4.14-5-23.js
./ch15/15.4/15.4.4/15.4.4.14/15.4.4.14-5-24.js
./ch15/15.4/15.4.4/15.4.4.14/15.4.4.14-5-25.js
./ch15/15.4/15.4.4/15.4.4.14/15.4.4.14-5-26.js
./ch15/15.4/15.4.4/15.4.4.14/15.4.4.14-5-27.js
./ch15/15.4/15.4.4/15.4.4.14/15.4.4.14-5-28.js
./ch15/15.4/15.4.4/15.4.4.14/15.4.4.14-5-29.js
./ch15/15.4/15.4.4/15.4.4.14/15.4.4.14-5-3.js
./ch15/15.4/15.4.4/15.4.4.14/15.4.4.14-5-30.js
./ch15/15.4/15.4.4/15.4.4.14/15.4.4.14-5-31.js
./ch15/15.4/15.4.4/15.4.4.14/15.4.4.14-5-32.js
./ch15/15.4/15.4.4/15.4.4.14/15.4.4.14-5-33.js
./ch15/15.4/15.4.4/15.4.4.14/15.4.4.14-5-4.js
./ch15/15.4/15.4.4/15.4.4.14/15.4.4.14-5-5.js
./ch15/15.4/15.4.4/15.4.4.14/15.4.4.14-5-6.js
./ch15/15.4/15.4.4/15.4.4.14/15.4.4.14-5-7.js
./ch15/15.4/15.4.4/15.4.4.14/15.4.4.14-5-8.js
./ch15/15.4/15.4.4/15.4.4.14/15.4.4.14-5-9.js
./ch15/15.4/15.4.4/15.4.4.14/15.4.4.14-6-1.js
./ch15/15.4/15.4.4/15.4.4.14/15.4.4.14-7-1.js
./ch15/15.4/15.4.4/15.4.4.14/15.4.4.14-7-2.js
./ch15/15.4/15.4.4/15.4.4.14/15.4.4.14-7-3.js
./ch15/15.4/15.4.4/15.4.4.14/15.4.4.14-7-4.js
./ch15/15.4/15.4.4/15.4.4.14/15.4.4.14-7-5.js
./ch15/15.4/15.4.4/15.4.4.14/15.4.4.14-8-1.js
./ch15/15.4/15.4.4/15.4.4.14/15.4.4.14-8-2.js
./ch15/15.4/15.4.4/15.4.4.14/15.4.4.14-8-3.js
./ch15/15.4/15.4.4/15.4.4.14/15.4.4.14-8-4.js
./ch15/15.4/15.4.4/15.4.4.14/15.4.4.14-9-1.js
./ch15/15.4/15.4.4/15.4.4.14/15.4.4.14-9-10.js
./ch15/15.4/15.4.4/15.4.4.14/15.4.4.14-9-11.js
./ch15/15.4/15.4.4/15.4.4.14/15.4.4.14-9-2.js
./ch15/15.4/15.4.4/15.4.4.14/15.4.4.14-9-3.js
./ch15/15.4/15.4.4/15.4.4.14/15.4.4.14-9-4.js
./ch15/15.4/15.4.4/15.4.4.14/15.4.4.14-9-5.js
./ch15/15.4/15.4.4/15.4.4.14/15.4.4.14-9-6.js
./ch15/15.4/15.4.4/15.4.4.14/15.4.4.14-9-7.js
./ch15/15.4/15.4.4/15.4.4.14/15.4.4.14-9-8.js
./ch15/15.4/15.4.4/15.4.4.14/15.4.4.14-9-9.js
./ch15/15.4/15.4.4/15.4.4.14/15.4.4.14-9-a-1.js
./ch15/15.4/15.4.4/15.4.4.14/15.4.4.14-9-a-10.js
./ch15/15.4/15.4.4/15.4.4.14/15.4.4.14-9-a-11.js
./ch15/15.4/15.4.4/15.4.4.14/15.4.4.14-9-a-12.js
./ch15/15.4/15.4.4/15.4.4.14/15.4.4.14-9-a-13.js
./ch15/15.4/15.4.4/15.4.4.14/15.4.4.14-9-a-14.js
./ch15/15.4/15.4.4/15.4.4.14/15.4.4.14-9-a-15.js
./ch15/15.4/15.4.4/15.4.4.14/15.4.4.14-9-a-16.js
./ch15/15.4/15.4.4/15.4.4.14/15.4.4.14-9-a-17.js
./ch15/15.4/15.4.4/15.4.4.14/15.4.4.14-9-a-18.js
./ch15/15.4/15.4.4/15.4.4.14/15.4.4.14-9-a-19.js
./ch15/15.4/15.4.4/15.4.4.14/15.4.4.14-9-a-2.js
./ch15/15.4/15.4.4/15.4.4.14/15.4.4.14-9-a-3.js
./ch15/15.4/15.4.4/15.4.4.14/15.4.4.14-9-a-4.js
./ch15/15.4/15.4.4/15.4.4.14/15.4.4.14-9-a-5.js
./ch15/15.4/15.4.4/15.4.4.14/15.4.4.14-9-a-6.js
./ch15/15.4/15.4.4/15.4.4.14/15.4.4.14-9-a-7.js
./ch15/15.4/15.4.4/15.4.4.14/15.4.4.14-9-a-8.js
./ch15/15.4/15.4.4/15.4.4.14/15.4.4.14-9-a-9.js
./ch15/15.4/15.4.4/15.4.4.14/15.4.4.14-9-b-1.js
./ch15/15.4/15.4.4/15.4.4.14/15.4.4.14-9-b-i-1.js
./ch15/15.4/15.4.4/15.4.4.14/15.4.4.14-9-b-i-10.js
./ch15/15.4/15.4.4/15.4.4.14/15.4.4.14-9-b-i-11.js
./ch15/15.4/15.4.4/15.4.4.14/15.4.4.14-9-b-i-12.js
./ch15/15.4/15.4.4/15.4.4.14/15.4.4.14-9-b-i-13.js
./ch15/15.4/15.4.4/15.4.4.14/15.4.4.14-9-b-i-14.js
./ch15/15.4/15.4.4/15.4.4.14/15.4.4.14-9-b-i-15.js
./ch15/15.4/15.4.4/15.4.4.14/15.4.4.14-9-b-i-16.js
./ch15/15.4/15.4.4/15.4.4.14/15.4.4.14-9-b-i-17.js
./ch15/15.4/15.4.4/15.4.4.14/15.4.4.14-9-b-i-18.js
./ch15/15.4/15.4.4/15.4.4.14/15.4.4.14-9-b-i-19.js
./ch15/15.4/15.4.4/15.4.4.14/15.4.4.14-9-b-i-2.js
./ch15/15.4/15.4.4/15.4.4.14/15.4.4.14-9-b-i-20.js
./ch15/15.4/15.4.4/15.4.4.14/15.4.4.14-9-b-i-21.js
./ch15/15.4/15.4.4/15.4.4.14/15.4.4.14-9-b-i-22.js
./ch15/15.4/15.4.4/15.4.4.14/15.4.4.14-9-b-i-23.js
./ch15/15.4/15.4.4/15.4.4.14/15.4.4.14-9-b-i-25.js
./ch15/15.4/15.4.4/15.4.4.14/15.4.4.14-9-b-i-26.js
./ch15/15.4/15.4.4/15.4.4.14/15.4.4.14-9-b-i-27.js
./ch15/15.4/15.4.4/15.4.4.14/15.4.4.14-9-b-i-28.js
./ch15/15.4/15.4.4/15.4.4.14/15.4.4.14-9-b-i-29.js
./ch15/15.4/15.4.4/15.4.4.14/15.4.4.14-9-b-i-3.js
./ch15/15.4/15.4.4/15.4.4.14/15.4.4.14-9-b-i-30.js
./ch15/15.4/15.4.4/15.4.4.14/15.4.4.14-9-b-i-31.js
./ch15/15.4/15.4.4/15.4.4.14/15.4.4.14-9-b-i-4.js
./ch15/15.4/15.4.4/15.4.4.14/15.4.4.14-9-b-i-5.js
./ch15/15.4/15.4.4/15.4.4.14/15.4.4.14-9-b-i-6.js
./ch15/15.4/15.4.4/15.4.4.14/15.4.4.14-9-b-i-7.js
./ch15/15.4/15.4.4/15.4.4.14/15.4.4.14-9-b-i-8.js
./ch15/15.4/15.4.4/15.4.4.14/15.4.4.14-9-b-i-9.js
./ch15/15.4/15.4.4/15.4.4.14/15.4.4.14-9-b-ii-1.js
./ch15/15.4/15.4.4/15.4.4.14/15.4.4.14-9-b-ii-10.js
./ch15/15.4/15.4.4/15.4.4.14/15.4.4.14-9-b-ii-11.js
./ch15/15.4/15.4.4/15.4.4.14/15.4.4.14-9-b-ii-2.js
./ch15/15.4/15.4.4/15.4.4.14/15.4.4.14-9-b-ii-3.js
./ch15/15.4/15.4.4/15.4.4.14/15.4.4.14-9-b-ii-4.js
./ch15/15.4/15.4.4/15.4.4.14/15.4.4.14-9-b-ii-5.js
./ch15/15.4/15.4.4/15.4.4.14/15.4.4.14-9-b-ii-6.js
./ch15/15.4/15.4.4/15.4.4.14/15.4.4.14-9-b-ii-7.js
./ch15/15.4/15.4.4/15.4.4.14/15.4.4.14-9-b-ii-8.js
./ch15/15.4/15.4.4/15.4.4.14/15.4.4.14-9-b-ii-9.js
./ch15/15.4/15.4.4/15.4.4.14/15.4.4.14-9-b-iii-1.js
./ch15/15.4/15.4.4/15.4.4.14/15.4.4.14-9-b-iii-2.js
./ch15/15.4/15.4.4/15.4.4.15/15.4.4.15-1-10.js
./ch15/15.4/15.4.4/15.4.4.15/15.4.4.15-1-11.js
./ch15/15.4/15.4.4/15.4.4.15/15.4.4.15-1-12.js
./ch15/15.4/15.4.4/15.4.4.15/15.4.4.15-1-13.js
./ch15/15.4/15.4.4/15.4.4.15/15.4.4.15-1-14.js
./ch15/15.4/15.4.4/15.4.4.15/15.4.4.15-1-17.js
./ch15/15.4/15.4.4/15.4.4.15/15.4.4.15-1-3.js
./ch15/15.4/15.4.4/15.4.4.15/15.4.4.15-1-4.js
./ch15/15.4/15.4.4/15.4.4.15/15.4.4.15-1-5.js
./ch15/15.4/15.4.4/15.4.4.15/15.4.4.15-1-6.js
./ch15/15.4/15.4.4/15.4.4.15/15.4.4.15-1-8.js
./ch15/15.4/15.4.4/15.4.4.15/15.4.4.15-1-9.js
./ch15/15.4/15.4.4/15.4.4.15/15.4.4.15-2-10.js
./ch15/15.4/15.4.4/15.4.4.15/15.4.4.15-2-13.js
./ch15/15.4/15.4.4/15.4.4.15/15.4.4.15-2-15.js
./ch15/15.4/15.4.4/15.4.4.15/15.4.4.15-2-17.js
./ch15/15.4/15.4.4/15.4.4.15/15.4.4.15-2-18.js
./ch15/15.4/15.4.4/15.4.4.15/15.4.4.15-2-19.js
./ch15/15.4/15.4.4/15.4.4.15/15.4.4.15-2-2.js
./ch15/15.4/15.4.4/15.4.4.15/15.4.4.15-2-3.js
./ch15/15.4/15.4.4/15.4.4.15/15.4.4.15-2-5.js
./ch15/15.4/15.4.4/15.4.4.15/15.4.4.15-2-6.js
./ch15/15.4/15.4.4/15.4.4.15/15.4.4.15-2-8.js
./ch15/15.4/15.4.4/15.4.4.15/15.4.4.15-2-9.js
./ch15/15.4/15.4.4/15.4.4.15/15.4.4.15-3-18.js
./ch15/15.4/15.4.4/15.4.4.15/15.4.4.15-3-19.js
./ch15/15.4/15.4.4/15.4.4.15/15.4.4.15-3-23.js
./ch15/15.4/15.4.4/15.4.4.15/15.4.4.15-4-4.js
./ch15/15.4/15.4.4/15.4.4.15/15.4.4.15-4-7.js
./ch15/15.4/15.4.4/15.4.4.15/15.4.4.15-5-1.js
./ch15/15.4/15.4.4/15.4.4.15/15.4.4.15-5-12.js
./ch15/15.4/15.4.4/15.4.4.15/15.4.4.15-5-16.js
./ch15/15.4/15.4.4/15.4.4.15/15.4.4.15-5-2.js
./ch15/15.4/15.4.4/15.4.4.15/15.4.4.15-5-21.js
./ch15/15.4/15.4.4/15.4.4.15/15.4.4.15-5-25.js
./ch15/15.4/15.4.4/15.4.4.15/15.4.4.15-5-29.js
./ch15/15.4/15.4.4/15.4.4.15/15.4.4.15-5-3.js
./ch15/15.4/15.4.4/15.4.4.15/15.4.4.15-5-30.js
./ch15/15.4/15.4.4/15.4.4.15/15.4.4.15-5-4.js
./ch15/15.4/15.4.4/15.4.4.15/15.4.4.15-5-5.js
./ch15/15.4/15.4.4/15.4.4.15/15.4.4.15-6-1.js
./ch15/15.4/15.4.4/15.4.4.15/15.4.4.15-7-1.js
./ch15/15.4/15.4.4/15.4.4.15/15.4.4.15-8-1.js
./ch15/15.4/15.4.4/15.4.4.15/15.4.4.15-8-10.js
./ch15/15.4/15.4.4/15.4.4.15/15.4.4.15-8-11.js
./ch15/15.4/15.4.4/15.4.4.15/15.4.4.15-8-2.js
./ch15/15.4/15.4.4/15.4.4.15/15.4.4.15-8-3.js
./ch15/15.4/15.4.4/15.4.4.15/15.4.4.15-8-4.js
./ch15/15.4/15.4.4/15.4.4.15/15.4.4.15-8-5.js
./ch15/15.4/15.4.4/15.4.4.15/15.4.4.15-8-6.js
./ch15/15.4/15.4.4/15.4.4.15/15.4.4.15-8-7.js
./ch15/15.4/15.4.4/15.4.4.15/15.4.4.15-8-8.js
./ch15/15.4/15.4.4/15.4.4.15/15.4.4.15-8-9.js
./ch15/15.4/15.4.4/15.4.4.15/15.4.4.15-8-a-1.js
./ch15/15.4/15.4.4/15.4.4.15/15.4.4.15-8-a-10.js
./ch15/15.4/15.4.4/15.4.4.15/15.4.4.15-8-a-11.js
./ch15/15.4/15.4.4/15.4.4.15/15.4.4.15-8-a-12.js
./ch15/15.4/15.4.4/15.4.4.15/15.4.4.15-8-a-13.js
./ch15/15.4/15.4.4/15.4.4.15/15.4.4.15-8-a-14.js
./ch15/15.4/15.4.4/15.4.4.15/15.4.4.15-8-a-15.js
./ch15/15.4/15.4.4/15.4.4.15/15.4.4.15-8-a-16.js
./ch15/15.4/15.4.4/15.4.4.15/15.4.4.15-8-a-18.js
./ch15/15.4/15.4.4/15.4.4.15/15.4.4.15-8-a-2.js
./ch15/15.4/15.4.4/15.4.4.15/15.4.4.15-8-a-3.js
./ch15/15.4/15.4.4/15.4.4.15/15.4.4.15-8-a-4.js
./ch15/15.4/15.4.4/15.4.4.15/15.4.4.15-8-a-5.js
./ch15/15.4/15.4.4/15.4.4.15/15.4.4.15-8-a-6.js
./ch15/15.4/15.4.4/15.4.4.15/15.4.4.15-8-a-8.js
./ch15/15.4/15.4.4/15.4.4.15/15.4.4.15-8-a-9.js
./ch15/15.4/15.4.4/15.4.4.15/15.4.4.15-8-b-1.js
./ch15/15.4/15.4.4/15.4.4.15/15.4.4.15-8-b-i-11.js
./ch15/15.4/15.4.4/15.4.4.15/15.4.4.15-8-b-i-12.js
./ch15/15.4/15.4.4/15.4.4.15/15.4.4.15-8-b-i-15.js
./ch15/15.4/15.4.4/15.4.4.15/15.4.4.15-8-b-i-16.js
./ch15/15.4/15.4.4/15.4.4.15/15.4.4.15-8-b-i-20.js
./ch15/15.4/15.4.4/15.4.4.15/15.4.4.15-8-b-i-21.js
./ch15/15.4/15.4.4/15.4.4.15/15.4.4.15-8-b-i-22.js
./ch15/15.4/15.4.4/15.4.4.15/15.4.4.15-8-b-i-23.js
./ch15/15.4/15.4.4/15.4.4.15/15.4.4.15-8-b-i-3.js
./ch15/15.4/15.4.4/15.4.4.15/15.4.4.15-8-b-i-30.js
./ch15/15.4/15.4.4/15.4.4.15/15.4.4.15-8-b-i-31.js
./ch15/15.4/15.4.4/15.4.4.15/15.4.4.15-8-b-i-4.js
./ch15/15.4/15.4.4/15.4.4.15/15.4.4.15-8-b-i-7.js
./ch15/15.4/15.4.4/15.4.4.15/15.4.4.15-8-b-i-8.js
./ch15/15.4/15.4.4/15.4.4.15/15.4.4.15-8-b-i-9.js
./ch15/15.4/15.4.4/15.4.4.15/15.4.4.15-8-b-iii-2.js
./ch15/15.4/15.4.4/15.4.4.15/15.4.4.15-9-1.js
./ch15/15.4/15.4.4/15.4.4.16/15.4.4.16-0-1.js
./ch15/15.4/15.4.4/15.4.4.16/15.4.4.16-0-2.js
./ch15/15.4/15.4.4/15.4.4.16/15.4.4.16-1-1.js
./ch15/15.4/15.4.4/15.4.4.16/15.4.4.16-1-10.js
./ch15/15.4/15.4.4/15.4.4.16/15.4.4.16-1-11.js
./ch15/15.4/15.4.4/15.4.4.16/15.4.4.16-1-12.js
./ch15/15.4/15.4.4/15.4.4.16/15.4.4.16-1-13.js
./ch15/15.4/15.4.4/15.4.4.16/15.4.4.16-1-14.js
./ch15/15.4/15.4.4/15.4.4.16/15.4.4.16-1-15.js
./ch15/15.4/15.4.4/15.4.4.16/15.4.4.16-1-2.js
./ch15/15.4/15.4.4/15.4.4.16/15.4.4.16-1-3.js
./ch15/15.4/15.4.4/15.4.4.16/15.4.4.16-1-4.js
./ch15/15.4/15.4.4/15.4.4.16/15.4.4.16-1-5.js
./ch15/15.4/15.4.4/15.4.4.16/15.4.4.16-1-6.js
./ch15/15.4/15.4.4/15.4.4.16/15.4.4.16-1-7.js
./ch15/15.4/15.4.4/15.4.4.16/15.4.4.16-1-8.js
./ch15/15.4/15.4.4/15.4.4.16/15.4.4.16-1-9.js
./ch15/15.4/15.4.4/15.4.4.16/15.4.4.16-2-1.js
./ch15/15.4/15.4.4/15.4.4.16/15.4.4.16-2-10.js
./ch15/15.4/15.4.4/15.4.4.16/15.4.4.16-2-11.js
./ch15/15.4/15.4.4/15.4.4.16/15.4.4.16-2-12.js
./ch15/15.4/15.4.4/15.4.4.16/15.4.4.16-2-13.js
./ch15/15.4/15.4.4/15.4.4.16/15.4.4.16-2-14.js
./ch15/15.4/15.4.4/15.4.4.16/15.4.4.16-2-15.js
./ch15/15.4/15.4.4/15.4.4.16/15.4.4.16-2-17.js
./ch15/15.4/15.4.4/15.4.4.16/15.4.4.16-2-18.js
./ch15/15.4/15.4.4/15.4.4.16/15.4.4.16-2-19.js
./ch15/15.4/15.4.4/15.4.4.16/15.4.4.16-2-2.js
./ch15/15.4/15.4.4/15.4.4.16/15.4.4.16-2-3.js
./ch15/15.4/15.4.4/15.4.4.16/15.4.4.16-2-4.js
./ch15/15.4/15.4.4/15.4.4.16/15.4.4.16-2-5.js
./ch15/15.4/15.4.4/15.4.4.16/15.4.4.16-2-6.js
./ch15/15.4/15.4.4/15.4.4.16/15.4.4.16-2-7.js
./ch15/15.4/15.4.4/15.4.4.16/15.4.4.16-2-8.js
./ch15/15.4/15.4.4/15.4.4.16/15.4.4.16-2-9.js
./ch15/15.4/15.4.4/15.4.4.16/15.4.4.16-3-1.js
./ch15/15.4/15.4.4/15.4.4.16/15.4.4.16-3-10.js
./ch15/15.4/15.4.4/15.4.4.16/15.4.4.16-3-11.js
./ch15/15.4/15.4.4/15.4.4.16/15.4.4.16-3-12.js
./ch15/15.4/15.4.4/15.4.4.16/15.4.4.16-3-13.js
./ch15/15.4/15.4.4/15.4.4.16/15.4.4.16-3-14.js
./ch15/15.4/15.4.4/15.4.4.16/15.4.4.16-3-15.js
./ch15/15.4/15.4.4/15.4.4.16/15.4.4.16-3-16.js
./ch15/15.4/15.4.4/15.4.4.16/15.4.4.16-3-17.js
./ch15/15.4/15.4.4/15.4.4.16/15.4.4.16-3-18.js
./ch15/15.4/15.4.4/15.4.4.16/15.4.4.16-3-19.js
./ch15/15.4/15.4.4/15.4.4.16/15.4.4.16-3-2.js
./ch15/15.4/15.4.4/15.4.4.16/15.4.4.16-3-20.js
./ch15/15.4/15.4.4/15.4.4.16/15.4.4.16-3-21.js
./ch15/15.4/15.4.4/15.4.4.16/15.4.4.16-3-22.js
./ch15/15.4/15.4.4/15.4.4.16/15.4.4.16-3-23.js
./ch15/15.4/15.4.4/15.4.4.16/15.4.4.16-3-24.js
./ch15/15.4/15.4.4/15.4.4.16/15.4.4.16-3-25.js
./ch15/15.4/15.4.4/15.4.4.16/15.4.4.16-3-28.js
./ch15/15.4/15.4.4/15.4.4.16/15.4.4.16-3-29.js
./ch15/15.4/15.4.4/15.4.4.16/15.4.4.16-3-3.js
./ch15/15.4/15.4.4/15.4.4.16/15.4.4.16-3-4.js
./ch15/15.4/15.4.4/15.4.4.16/15.4.4.16-3-5.js
./ch15/15.4/15.4.4/15.4.4.16/15.4.4.16-3-6.js
./ch15/15.4/15.4.4/15.4.4.16/15.4.4.16-3-7.js
./ch15/15.4/15.4.4/15.4.4.16/15.4.4.16-3-8.js
./ch15/15.4/15.4.4/15.4.4.16/15.4.4.16-3-9.js
./ch15/15.4/15.4.4/15.4.4.16/15.4.4.16-4-1.js
./ch15/15.4/15.4.4/15.4.4.16/15.4.4.16-4-12.js
./ch15/15.4/15.4.4/15.4.4.16/15.4.4.16-4-15.js
./ch15/15.4/15.4.4/15.4.4.16/15.4.4.16-4-3.js
./ch15/15.4/15.4.4/15.4.4.16/15.4.4.16-4-4.js
./ch15/15.4/15.4.4/15.4.4.16/15.4.4.16-4-5.js
./ch15/15.4/15.4.4/15.4.4.16/15.4.4.16-4-6.js
./ch15/15.4/15.4.4/15.4.4.16/15.4.4.16-4-7.js
./ch15/15.4/15.4.4/15.4.4.16/15.4.4.16-4-8.js
./ch15/15.4/15.4.4/15.4.4.16/15.4.4.16-4-9.js
./ch15/15.4/15.4.4/15.4.4.16/15.4.4.16-5-1-s.js
./ch15/15.4/15.4.4/15.4.4.16/15.4.4.16-5-1.js
./ch15/15.4/15.4.4/15.4.4.16/15.4.4.16-5-10.js
./ch15/15.4/15.4.4/15.4.4.16/15.4.4.16-5-11.js
./ch15/15.4/15.4.4/15.4.4.16/15.4.4.16-5-12.js
./ch15/15.4/15.4.4/15.4.4.16/15.4.4.16-5-13.js
./ch15/15.4/15.4.4/15.4.4.16/15.4.4.16-5-14.js
./ch15/15.4/15.4.4/15.4.4.16/15.4.4.16-5-15.js
./ch15/15.4/15.4.4/15.4.4.16/15.4.4.16-5-16.js
./ch15/15.4/15.4.4/15.4.4.16/15.4.4.16-5-17.js
./ch15/15.4/15.4.4/15.4.4.16/15.4.4.16-5-18.js
./ch15/15.4/15.4.4/15.4.4.16/15.4.4.16-5-19.js
./ch15/15.4/15.4.4/15.4.4.16/15.4.4.16-5-2.js
./ch15/15.4/15.4.4/15.4.4.16/15.4.4.16-5-21.js
./ch15/15.4/15.4.4/15.4.4.16/15.4.4.16-5-22.js
./ch15/15.4/15.4.4/15.4.4.16/15.4.4.16-5-23.js
./ch15/15.4/15.4.4/15.4.4.16/15.4.4.16-5-24.js
./ch15/15.4/15.4.4/15.4.4.16/15.4.4.16-5-3.js
./ch15/15.4/15.4.4/15.4.4.16/15.4.4.16-5-4.js
./ch15/15.4/15.4.4/15.4.4.16/15.4.4.16-5-5.js
./ch15/15.4/15.4.4/15.4.4.16/15.4.4.16-5-6.js
./ch15/15.4/15.4.4/15.4.4.16/15.4.4.16-5-7.js
./ch15/15.4/15.4.4/15.4.4.16/15.4.4.16-5-9.js
./ch15/15.4/15.4.4/15.4.4.16/15.4.4.16-7-1.js
./ch15/15.4/15.4.4/15.4.4.16/15.4.4.16-7-2.js
./ch15/15.4/15.4.4/15.4.4.16/15.4.4.16-7-3.js
./ch15/15.4/15.4.4/15.4.4.16/15.4.4.16-7-4.js
./ch15/15.4/15.4.4/15.4.4.16/15.4.4.16-7-5.js
./ch15/15.4/15.4.4/15.4.4.16/15.4.4.16-7-6.js
./ch15/15.4/15.4.4/15.4.4.16/15.4.4.16-7-7.js
./ch15/15.4/15.4.4/15.4.4.16/15.4.4.16-7-8.js
./ch15/15.4/15.4.4/15.4.4.16/15.4.4.16-7-9.js
./ch15/15.4/15.4.4/15.4.4.16/15.4.4.16-7-b-1.js
./ch15/15.4/15.4.4/15.4.4.16/15.4.4.16-7-b-10.js
./ch15/15.4/15.4.4/15.4.4.16/15.4.4.16-7-b-11.js
./ch15/15.4/15.4.4/15.4.4.16/15.4.4.16-7-b-12.js
./ch15/15.4/15.4.4/15.4.4.16/15.4.4.16-7-b-13.js
./ch15/15.4/15.4.4/15.4.4.16/15.4.4.16-7-b-14.js
./ch15/15.4/15.4.4/15.4.4.16/15.4.4.16-7-b-15.js
./ch15/15.4/15.4.4/15.4.4.16/15.4.4.16-7-b-16.js
./ch15/15.4/15.4.4/15.4.4.16/15.4.4.16-7-b-2.js
./ch15/15.4/15.4.4/15.4.4.16/15.4.4.16-7-b-3.js
./ch15/15.4/15.4.4/15.4.4.16/15.4.4.16-7-b-4.js
./ch15/15.4/15.4.4/15.4.4.16/15.4.4.16-7-b-5.js
./ch15/15.4/15.4.4/15.4.4.16/15.4.4.16-7-b-6.js
./ch15/15.4/15.4.4/15.4.4.16/15.4.4.16-7-b-7.js
./ch15/15.4/15.4.4/15.4.4.16/15.4.4.16-7-b-8.js
./ch15/15.4/15.4.4/15.4.4.16/15.4.4.16-7-b-9.js
./ch15/15.4/15.4.4/15.4.4.16/15.4.4.16-7-c-i-1.js
./ch15/15.4/15.4.4/15.4.4.16/15.4.4.16-7-c-i-10.js
./ch15/15.4/15.4.4/15.4.4.16/15.4.4.16-7-c-i-11.js
./ch15/15.4/15.4.4/15.4.4.16/15.4.4.16-7-c-i-12.js
./ch15/15.4/15.4.4/15.4.4.16/15.4.4.16-7-c-i-13.js
./ch15/15.4/15.4.4/15.4.4.16/15.4.4.16-7-c-i-14.js
./ch15/15.4/15.4.4/15.4.4.16/15.4.4.16-7-c-i-15.js
./ch15/15.4/15.4.4/15.4.4.16/15.4.4.16-7-c-i-16.js
./ch15/15.4/15.4.4/15.4.4.16/15.4.4.16-7-c-i-17.js
./ch15/15.4/15.4.4/15.4.4.16/15.4.4.16-7-c-i-18.js
./ch15/15.4/15.4.4/15.4.4.16/15.4.4.16-7-c-i-19.js
./ch15/15.4/15.4.4/15.4.4.16/15.4.4.16-7-c-i-2.js
./ch15/15.4/15.4.4/15.4.4.16/15.4.4.16-7-c-i-20.js
./ch15/15.4/15.4.4/15.4.4.16/15.4.4.16-7-c-i-21.js
./ch15/15.4/15.4.4/15.4.4.16/15.4.4.16-7-c-i-22.js
./ch15/15.4/15.4.4/15.4.4.16/15.4.4.16-7-c-i-23.js
./ch15/15.4/15.4.4/15.4.4.16/15.4.4.16-7-c-i-25.js
./ch15/15.4/15.4.4/15.4.4.16/15.4.4.16-7-c-i-26.js
./ch15/15.4/15.4.4/15.4.4.16/15.4.4.16-7-c-i-27.js
./ch15/15.4/15.4.4/15.4.4.16/15.4.4.16-7-c-i-28.js
./ch15/15.4/15.4.4/15.4.4.16/15.4.4.16-7-c-i-29.js
./ch15/15.4/15.4.4/15.4.4.16/15.4.4.16-7-c-i-3.js
./ch15/15.4/15.4.4/15.4.4.16/15.4.4.16-7-c-i-30.js
./ch15/15.4/15.4.4/15.4.4.16/15.4.4.16-7-c-i-31.js
./ch15/15.4/15.4.4/15.4.4.16/15.4.4.16-7-c-i-4.js
./ch15/15.4/15.4.4/15.4.4.16/15.4.4.16-7-c-i-5.js
./ch15/15.4/15.4.4/15.4.4.16/15.4.4.16-7-c-i-6.js
./ch15/15.4/15.4.4/15.4.4.16/15.4.4.16-7-c-i-7.js
./ch15/15.4/15.4.4/15.4.4.16/15.4.4.16-7-c-i-8.js
./ch15/15.4/15.4.4/15.4.4.16/15.4.4.16-7-c-i-9.js
./ch15/15.4/15.4.4/15.4.4.16/15.4.4.16-7-c-ii-1.js
./ch15/15.4/15.4.4/15.4.4.16/15.4.4.16-7-c-ii-10.js
./ch15/15.4/15.4.4/15.4.4.16/15.4.4.16-7-c-ii-11.js
./ch15/15.4/15.4.4/15.4.4.16/15.4.4.16-7-c-ii-12.js
./ch15/15.4/15.4.4/15.4.4.16/15.4.4.16-7-c-ii-13.js
./ch15/15.4/15.4.4/15.4.4.16/15.4.4.16-7-c-ii-16.js
./ch15/15.4/15.4.4/15.4.4.16/15.4.4.16-7-c-ii-17.js
./ch15/15.4/15.4.4/15.4.4.16/15.4.4.16-7-c-ii-18.js
./ch15/15.4/15.4.4/15.4.4.16/15.4.4.16-7-c-ii-19.js
./ch15/15.4/15.4.4/15.4.4.16/15.4.4.16-7-c-ii-2.js
./ch15/15.4/15.4.4/15.4.4.16/15.4.4.16-7-c-ii-20.js
./ch15/15.4/15.4.4/15.4.4.16/15.4.4.16-7-c-ii-21.js
./ch15/15.4/15.4.4/15.4.4.16/15.4.4.16-7-c-ii-22.js
./ch15/15.4/15.4.4/15.4.4.16/15.4.4.16-7-c-ii-23.js
./ch15/15.4/15.4.4/15.4.4.16/15.4.4.16-7-c-ii-3.js
./ch15/15.4/15.4.4/15.4.4.16/15.4.4.16-7-c-ii-4.js
./ch15/15.4/15.4.4/15.4.4.16/15.4.4.16-7-c-ii-5.js
./ch15/15.4/15.4.4/15.4.4.16/15.4.4.16-7-c-ii-6.js
./ch15/15.4/15.4.4/15.4.4.16/15.4.4.16-7-c-ii-7.js
./ch15/15.4/15.4.4/15.4.4.16/15.4.4.16-7-c-ii-8.js
./ch15/15.4/15.4.4/15.4.4.16/15.4.4.16-7-c-ii-9.js
./ch15/15.4/15.4.4/15.4.4.16/15.4.4.16-7-c-iii-1.js
./ch15/15.4/15.4.4/15.4.4.16/15.4.4.16-7-c-iii-10.js
./ch15/15.4/15.4.4/15.4.4.16/15.4.4.16-7-c-iii-11.js
./ch15/15.4/15.4.4/15.4.4.16/15.4.4.16-7-c-iii-12.js
./ch15/15.4/15.4.4/15.4.4.16/15.4.4.16-7-c-iii-13.js
./ch15/15.4/15.4.4/15.4.4.16/15.4.4.16-7-c-iii-14.js
./ch15/15.4/15.4.4/15.4.4.16/15.4.4.16-7-c-iii-15.js
./ch15/15.4/15.4.4/15.4.4.16/15.4.4.16-7-c-iii-16.js
./ch15/15.4/15.4.4/15.4.4.16/15.4.4.16-7-c-iii-17.js
./ch15/15.4/15.4.4/15.4.4.16/15.4.4.16-7-c-iii-18.js
./ch15/15.4/15.4.4/15.4.4.16/15.4.4.16-7-c-iii-19.js
./ch15/15.4/15.4.4/15.4.4.16/15.4.4.16-7-c-iii-2.js
./ch15/15.4/15.4.4/15.4.4.16/15.4.4.16-7-c-iii-20.js
./ch15/15.4/15.4.4/15.4.4.16/15.4.4.16-7-c-iii-21.js
./ch15/15.4/15.4.4/15.4.4.16/15.4.4.16-7-c-iii-22.js
./ch15/15.4/15.4.4/15.4.4.16/15.4.4.16-7-c-iii-23.js
./ch15/15.4/15.4.4/15.4.4.16/15.4.4.16-7-c-iii-24.js
./ch15/15.4/15.4.4/15.4.4.16/15.4.4.16-7-c-iii-25.js
./ch15/15.4/15.4.4/15.4.4.16/15.4.4.16-7-c-iii-27.js
./ch15/15.4/15.4.4/15.4.4.16/15.4.4.16-7-c-iii-28.js
./ch15/15.4/15.4.4/15.4.4.16/15.4.4.16-7-c-iii-29.js
./ch15/15.4/15.4.4/15.4.4.16/15.4.4.16-7-c-iii-3.js
./ch15/15.4/15.4.4/15.4.4.16/15.4.4.16-7-c-iii-4.js
./ch15/15.4/15.4.4/15.4.4.16/15.4.4.16-7-c-iii-5.js
./ch15/15.4/15.4.4/15.4.4.16/15.4.4.16-7-c-iii-6.js
./ch15/15.4/15.4.4/15.4.4.16/15.4.4.16-7-c-iii-7.js
./ch15/15.4/15.4.4/15.4.4.16/15.4.4.16-7-c-iii-8.js
./ch15/15.4/15.4.4/15.4.4.16/15.4.4.16-7-c-iii-9.js
./ch15/15.4/15.4.4/15.4.4.16/15.4.4.16-8-1.js
./ch15/15.4/15.4.4/15.4.4.16/15.4.4.16-8-10.js
./ch15/15.4/15.4.4/15.4.4.16/15.4.4.16-8-11.js
./ch15/15.4/15.4.4/15.4.4.16/15.4.4.16-8-12.js
./ch15/15.4/15.4.4/15.4.4.16/15.4.4.16-8-13.js
./ch15/15.4/15.4.4/15.4.4.16/15.4.4.16-8-2.js
./ch15/15.4/15.4.4/15.4.4.16/15.4.4.16-8-3.js
./ch15/15.4/15.4.4/15.4.4.16/15.4.4.16-8-4.js
./ch15/15.4/15.4.4/15.4.4.16/15.4.4.16-8-5.js
./ch15/15.4/15.4.4/15.4.4.16/15.4.4.16-8-6.js
./ch15/15.4/15.4.4/15.4.4.16/15.4.4.16-8-7.js
./ch15/15.4/15.4.4/15.4.4.16/15.4.4.16-8-8.js
./ch15/15.4/15.4.4/15.4.4.17/15.4.4.17-0-1.js
./ch15/15.4/15.4.4/15.4.4.17/15.4.4.17-0-2.js
./ch15/15.4/15.4.4/15.4.4.17/15.4.4.17-1-1.js
./ch15/15.4/15.4.4/15.4.4.17/15.4.4.17-1-10.js
./ch15/15.4/15.4.4/15.4.4.17/15.4.4.17-1-11.js
./ch15/15.4/15.4.4/15.4.4.17/15.4.4.17-1-12.js
./ch15/15.4/15.4.4/15.4.4.17/15.4.4.17-1-13.js
./ch15/15.4/15.4.4/15.4.4.17/15.4.4.17-1-14.js
./ch15/15.4/15.4.4/15.4.4.17/15.4.4.17-1-15.js
./ch15/15.4/15.4.4/15.4.4.17/15.4.4.17-1-2.js
./ch15/15.4/15.4.4/15.4.4.17/15.4.4.17-1-3.js
./ch15/15.4/15.4.4/15.4.4.17/15.4.4.17-1-4.js
./ch15/15.4/15.4.4/15.4.4.17/15.4.4.17-1-5.js
./ch15/15.4/15.4.4/15.4.4.17/15.4.4.17-1-6.js
./ch15/15.4/15.4.4/15.4.4.17/15.4.4.17-1-7.js
./ch15/15.4/15.4.4/15.4.4.17/15.4.4.17-1-8.js
./ch15/15.4/15.4.4/15.4.4.17/15.4.4.17-1-9.js
./ch15/15.4/15.4.4/15.4.4.17/15.4.4.17-2-1.js
./ch15/15.4/15.4.4/15.4.4.17/15.4.4.17-2-10.js
./ch15/15.4/15.4.4/15.4.4.17/15.4.4.17-2-11.js
./ch15/15.4/15.4.4/15.4.4.17/15.4.4.17-2-12.js
./ch15/15.4/15.4.4/15.4.4.17/15.4.4.17-2-13.js
./ch15/15.4/15.4.4/15.4.4.17/15.4.4.17-2-14.js
./ch15/15.4/15.4.4/15.4.4.17/15.4.4.17-2-15.js
./ch15/15.4/15.4.4/15.4.4.17/15.4.4.17-2-17.js
./ch15/15.4/15.4.4/15.4.4.17/15.4.4.17-2-18.js
./ch15/15.4/15.4.4/15.4.4.17/15.4.4.17-2-19.js
./ch15/15.4/15.4.4/15.4.4.17/15.4.4.17-2-2.js
./ch15/15.4/15.4.4/15.4.4.17/15.4.4.17-2-3.js
./ch15/15.4/15.4.4/15.4.4.17/15.4.4.17-2-4.js
./ch15/15.4/15.4.4/15.4.4.17/15.4.4.17-2-5.js
./ch15/15.4/15.4.4/15.4.4.17/15.4.4.17-2-6.js
./ch15/15.4/15.4.4/15.4.4.17/15.4.4.17-2-7.js
./ch15/15.4/15.4.4/15.4.4.17/15.4.4.17-2-8.js
./ch15/15.4/15.4.4/15.4.4.17/15.4.4.17-2-9.js
./ch15/15.4/15.4.4/15.4.4.17/15.4.4.17-3-1.js
./ch15/15.4/15.4.4/15.4.4.17/15.4.4.17-3-10.js
./ch15/15.4/15.4.4/15.4.4.17/15.4.4.17-3-11.js
./ch15/15.4/15.4.4/15.4.4.17/15.4.4.17-3-12.js
./ch15/15.4/15.4.4/15.4.4.17/15.4.4.17-3-13.js
./ch15/15.4/15.4.4/15.4.4.17/15.4.4.17-3-14.js
./ch15/15.4/15.4.4/15.4.4.17/15.4.4.17-3-15.js
./ch15/15.4/15.4.4/15.4.4.17/15.4.4.17-3-16.js
./ch15/15.4/15.4.4/15.4.4.17/15.4.4.17-3-17.js
./ch15/15.4/15.4.4/15.4.4.17/15.4.4.17-3-18.js
./ch15/15.4/15.4.4/15.4.4.17/15.4.4.17-3-19.js
./ch15/15.4/15.4.4/15.4.4.17/15.4.4.17-3-2.js
./ch15/15.4/15.4.4/15.4.4.17/15.4.4.17-3-20.js
./ch15/15.4/15.4.4/15.4.4.17/15.4.4.17-3-21.js
./ch15/15.4/15.4.4/15.4.4.17/15.4.4.17-3-22.js
./ch15/15.4/15.4.4/15.4.4.17/15.4.4.17-3-23.js
./ch15/15.4/15.4.4/15.4.4.17/15.4.4.17-3-24.js
./ch15/15.4/15.4.4/15.4.4.17/15.4.4.17-3-25.js
./ch15/15.4/15.4.4/15.4.4.17/15.4.4.17-3-28.js
./ch15/15.4/15.4.4/15.4.4.17/15.4.4.17-3-29.js
./ch15/15.4/15.4.4/15.4.4.17/15.4.4.17-3-3.js
./ch15/15.4/15.4.4/15.4.4.17/15.4.4.17-3-4.js
./ch15/15.4/15.4.4/15.4.4.17/15.4.4.17-3-5.js
./ch15/15.4/15.4.4/15.4.4.17/15.4.4.17-3-6.js
./ch15/15.4/15.4.4/15.4.4.17/15.4.4.17-3-7.js
./ch15/15.4/15.4.4/15.4.4.17/15.4.4.17-3-8.js
./ch15/15.4/15.4.4/15.4.4.17/15.4.4.17-3-9.js
./ch15/15.4/15.4.4/15.4.4.17/15.4.4.17-4-1.js
./ch15/15.4/15.4.4/15.4.4.17/15.4.4.17-4-12.js
./ch15/15.4/15.4.4/15.4.4.17/15.4.4.17-4-15.js
./ch15/15.4/15.4.4/15.4.4.17/15.4.4.17-4-2.js
./ch15/15.4/15.4.4/15.4.4.17/15.4.4.17-4-3.js
./ch15/15.4/15.4.4/15.4.4.17/15.4.4.17-4-4.js
./ch15/15.4/15.4.4/15.4.4.17/15.4.4.17-4-5.js
./ch15/15.4/15.4.4/15.4.4.17/15.4.4.17-4-6.js
./ch15/15.4/15.4.4/15.4.4.17/15.4.4.17-4-7.js
./ch15/15.4/15.4.4/15.4.4.17/15.4.4.17-4-8.js
./ch15/15.4/15.4.4/15.4.4.17/15.4.4.17-4-9.js
./ch15/15.4/15.4.4/15.4.4.17/15.4.4.17-5-1-s.js
./ch15/15.4/15.4.4/15.4.4.17/15.4.4.17-5-1.js
./ch15/15.4/15.4.4/15.4.4.17/15.4.4.17-5-10.js
./ch15/15.4/15.4.4/15.4.4.17/15.4.4.17-5-11.js
./ch15/15.4/15.4.4/15.4.4.17/15.4.4.17-5-12.js
./ch15/15.4/15.4.4/15.4.4.17/15.4.4.17-5-13.js
./ch15/15.4/15.4.4/15.4.4.17/15.4.4.17-5-14.js
./ch15/15.4/15.4.4/15.4.4.17/15.4.4.17-5-15.js
./ch15/15.4/15.4.4/15.4.4.17/15.4.4.17-5-16.js
./ch15/15.4/15.4.4/15.4.4.17/15.4.4.17-5-17.js
./ch15/15.4/15.4.4/15.4.4.17/15.4.4.17-5-18.js
./ch15/15.4/15.4.4/15.4.4.17/15.4.4.17-5-19.js
./ch15/15.4/15.4.4/15.4.4.17/15.4.4.17-5-2.js
./ch15/15.4/15.4.4/15.4.4.17/15.4.4.17-5-21.js
./ch15/15.4/15.4.4/15.4.4.17/15.4.4.17-5-22.js
./ch15/15.4/15.4.4/15.4.4.17/15.4.4.17-5-23.js
./ch15/15.4/15.4.4/15.4.4.17/15.4.4.17-5-24.js
./ch15/15.4/15.4.4/15.4.4.17/15.4.4.17-5-25.js
./ch15/15.4/15.4.4/15.4.4.17/15.4.4.17-5-3.js
./ch15/15.4/15.4.4/15.4.4.17/15.4.4.17-5-4.js
./ch15/15.4/15.4.4/15.4.4.17/15.4.4.17-5-5.js
./ch15/15.4/15.4.4/15.4.4.17/15.4.4.17-5-6.js
./ch15/15.4/15.4.4/15.4.4.17/15.4.4.17-5-7.js
./ch15/15.4/15.4.4/15.4.4.17/15.4.4.17-5-9.js
./ch15/15.4/15.4.4/15.4.4.17/15.4.4.17-7-1.js
./ch15/15.4/15.4.4/15.4.4.17/15.4.4.17-7-2.js
./ch15/15.4/15.4.4/15.4.4.17/15.4.4.17-7-3.js
./ch15/15.4/15.4.4/15.4.4.17/15.4.4.17-7-4.js
./ch15/15.4/15.4.4/15.4.4.17/15.4.4.17-7-5.js
./ch15/15.4/15.4.4/15.4.4.17/15.4.4.17-7-6.js
./ch15/15.4/15.4.4/15.4.4.17/15.4.4.17-7-8.js
./ch15/15.4/15.4.4/15.4.4.17/15.4.4.17-7-9.js
./ch15/15.4/15.4.4/15.4.4.17/15.4.4.17-7-b-1.js
./ch15/15.4/15.4.4/15.4.4.17/15.4.4.17-7-b-10.js
./ch15/15.4/15.4.4/15.4.4.17/15.4.4.17-7-b-11.js
./ch15/15.4/15.4.4/15.4.4.17/15.4.4.17-7-b-12.js
./ch15/15.4/15.4.4/15.4.4.17/15.4.4.17-7-b-13.js
./ch15/15.4/15.4.4/15.4.4.17/15.4.4.17-7-b-14.js
./ch15/15.4/15.4.4/15.4.4.17/15.4.4.17-7-b-15.js
./ch15/15.4/15.4.4/15.4.4.17/15.4.4.17-7-b-16.js
./ch15/15.4/15.4.4/15.4.4.17/15.4.4.17-7-b-2.js
./ch15/15.4/15.4.4/15.4.4.17/15.4.4.17-7-b-3.js
./ch15/15.4/15.4.4/15.4.4.17/15.4.4.17-7-b-4.js
./ch15/15.4/15.4.4/15.4.4.17/15.4.4.17-7-b-5.js
./ch15/15.4/15.4.4/15.4.4.17/15.4.4.17-7-b-6.js
./ch15/15.4/15.4.4/15.4.4.17/15.4.4.17-7-b-7.js
./ch15/15.4/15.4.4/15.4.4.17/15.4.4.17-7-b-8.js
./ch15/15.4/15.4.4/15.4.4.17/15.4.4.17-7-b-9.js
./ch15/15.4/15.4.4/15.4.4.17/15.4.4.17-7-c-i-1.js
./ch15/15.4/15.4.4/15.4.4.17/15.4.4.17-7-c-i-10.js
./ch15/15.4/15.4.4/15.4.4.17/15.4.4.17-7-c-i-11.js
./ch15/15.4/15.4.4/15.4.4.17/15.4.4.17-7-c-i-12.js
./ch15/15.4/15.4.4/15.4.4.17/15.4.4.17-7-c-i-13.js
./ch15/15.4/15.4.4/15.4.4.17/15.4.4.17-7-c-i-14.js
./ch15/15.4/15.4.4/15.4.4.17/15.4.4.17-7-c-i-15.js
./ch15/15.4/15.4.4/15.4.4.17/15.4.4.17-7-c-i-16.js
./ch15/15.4/15.4.4/15.4.4.17/15.4.4.17-7-c-i-17.js
./ch15/15.4/15.4.4/15.4.4.17/15.4.4.17-7-c-i-18.js
./ch15/15.4/15.4.4/15.4.4.17/15.4.4.17-7-c-i-19.js
./ch15/15.4/15.4.4/15.4.4.17/15.4.4.17-7-c-i-2.js
./ch15/15.4/15.4.4/15.4.4.17/15.4.4.17-7-c-i-20.js
./ch15/15.4/15.4.4/15.4.4.17/15.4.4.17-7-c-i-21.js
./ch15/15.4/15.4.4/15.4.4.17/15.4.4.17-7-c-i-22.js
./ch15/15.4/15.4.4/15.4.4.17/15.4.4.17-7-c-i-23.js
./ch15/15.4/15.4.4/15.4.4.17/15.4.4.17-7-c-i-25.js
./ch15/15.4/15.4.4/15.4.4.17/15.4.4.17-7-c-i-26.js
./ch15/15.4/15.4.4/15.4.4.17/15.4.4.17-7-c-i-27.js
./ch15/15.4/15.4.4/15.4.4.17/15.4.4.17-7-c-i-28.js
./ch15/15.4/15.4.4/15.4.4.17/15.4.4.17-7-c-i-29.js
./ch15/15.4/15.4.4/15.4.4.17/15.4.4.17-7-c-i-3.js
./ch15/15.4/15.4.4/15.4.4.17/15.4.4.17-7-c-i-30.js
./ch15/15.4/15.4.4/15.4.4.17/15.4.4.17-7-c-i-31.js
./ch15/15.4/15.4.4/15.4.4.17/15.4.4.17-7-c-i-4.js
./ch15/15.4/15.4.4/15.4.4.17/15.4.4.17-7-c-i-5.js
./ch15/15.4/15.4.4/15.4.4.17/15.4.4.17-7-c-i-6.js
./ch15/15.4/15.4.4/15.4.4.17/15.4.4.17-7-c-i-7.js
./ch15/15.4/15.4.4/15.4.4.17/15.4.4.17-7-c-i-8.js
./ch15/15.4/15.4.4/15.4.4.17/15.4.4.17-7-c-i-9.js
./ch15/15.4/15.4.4/15.4.4.17/15.4.4.17-7-c-ii-1.js
./ch15/15.4/15.4.4/15.4.4.17/15.4.4.17-7-c-ii-10.js
./ch15/15.4/15.4.4/15.4.4.17/15.4.4.17-7-c-ii-11.js
./ch15/15.4/15.4.4/15.4.4.17/15.4.4.17-7-c-ii-12.js
./ch15/15.4/15.4.4/15.4.4.17/15.4.4.17-7-c-ii-13.js
./ch15/15.4/15.4.4/15.4.4.17/15.4.4.17-7-c-ii-16.js
./ch15/15.4/15.4.4/15.4.4.17/15.4.4.17-7-c-ii-17.js
./ch15/15.4/15.4.4/15.4.4.17/15.4.4.17-7-c-ii-18.js
./ch15/15.4/15.4.4/15.4.4.17/15.4.4.17-7-c-ii-19.js
./ch15/15.4/15.4.4/15.4.4.17/15.4.4.17-7-c-ii-2.js
./ch15/15.4/15.4.4/15.4.4.17/15.4.4.17-7-c-ii-20.js
./ch15/15.4/15.4.4/15.4.4.17/15.4.4.17-7-c-ii-21.js
./ch15/15.4/15.4.4/15.4.4.17/15.4.4.17-7-c-ii-22.js
./ch15/15.4/15.4.4/15.4.4.17/15.4.4.17-7-c-ii-23.js
./ch15/15.4/15.4.4/15.4.4.17/15.4.4.17-7-c-ii-3.js
./ch15/15.4/15.4.4/15.4.4.17/15.4.4.17-7-c-ii-4.js
./ch15/15.4/15.4.4/15.4.4.17/15.4.4.17-7-c-ii-5.js
./ch15/15.4/15.4.4/15.4.4.17/15.4.4.17-7-c-ii-6.js
./ch15/15.4/15.4.4/15.4.4.17/15.4.4.17-7-c-ii-7.js
./ch15/15.4/15.4.4/15.4.4.17/15.4.4.17-7-c-ii-8.js
./ch15/15.4/15.4.4/15.4.4.17/15.4.4.17-7-c-ii-9.js
./ch15/15.4/15.4.4/15.4.4.17/15.4.4.17-7-c-iii-1.js
./ch15/15.4/15.4.4/15.4.4.17/15.4.4.17-7-c-iii-10.js
./ch15/15.4/15.4.4/15.4.4.17/15.4.4.17-7-c-iii-11.js
./ch15/15.4/15.4.4/15.4.4.17/15.4.4.17-7-c-iii-12.js
./ch15/15.4/15.4.4/15.4.4.17/15.4.4.17-7-c-iii-13.js
./ch15/15.4/15.4.4/15.4.4.17/15.4.4.17-7-c-iii-14.js
./ch15/15.4/15.4.4/15.4.4.17/15.4.4.17-7-c-iii-15.js
./ch15/15.4/15.4.4/15.4.4.17/15.4.4.17-7-c-iii-16.js
./ch15/15.4/15.4.4/15.4.4.17/15.4.4.17-7-c-iii-17.js
./ch15/15.4/15.4.4/15.4.4.17/15.4.4.17-7-c-iii-18.js
./ch15/15.4/15.4.4/15.4.4.17/15.4.4.17-7-c-iii-19.js
./ch15/15.4/15.4.4/15.4.4.17/15.4.4.17-7-c-iii-2.js
./ch15/15.4/15.4.4/15.4.4.17/15.4.4.17-7-c-iii-20.js
./ch15/15.4/15.4.4/15.4.4.17/15.4.4.17-7-c-iii-21.js
./ch15/15.4/15.4.4/15.4.4.17/15.4.4.17-7-c-iii-22.js
./ch15/15.4/15.4.4/15.4.4.17/15.4.4.17-7-c-iii-23.js
./ch15/15.4/15.4.4/15.4.4.17/15.4.4.17-7-c-iii-24.js
./ch15/15.4/15.4.4/15.4.4.17/15.4.4.17-7-c-iii-25.js
./ch15/15.4/15.4.4/15.4.4.17/15.4.4.17-7-c-iii-26.js
./ch15/15.4/15.4.4/15.4.4.17/15.4.4.17-7-c-iii-28.js
./ch15/15.4/15.4.4/15.4.4.17/15.4.4.17-7-c-iii-29.js
./ch15/15.4/15.4.4/15.4.4.17/15.4.4.17-7-c-iii-3.js
./ch15/15.4/15.4.4/15.4.4.17/15.4.4.17-7-c-iii-4.js
./ch15/15.4/15.4.4/15.4.4.17/15.4.4.17-7-c-iii-5.js
./ch15/15.4/15.4.4/15.4.4.17/15.4.4.17-7-c-iii-6.js
./ch15/15.4/15.4.4/15.4.4.17/15.4.4.17-7-c-iii-7.js
./ch15/15.4/15.4.4/15.4.4.17/15.4.4.17-7-c-iii-8.js
./ch15/15.4/15.4.4/15.4.4.17/15.4.4.17-7-c-iii-9.js
./ch15/15.4/15.4.4/15.4.4.17/15.4.4.17-8-1.js
./ch15/15.4/15.4.4/15.4.4.17/15.4.4.17-8-10.js
./ch15/15.4/15.4.4/15.4.4.17/15.4.4.17-8-11.js
./ch15/15.4/15.4.4/15.4.4.17/15.4.4.17-8-12.js
./ch15/15.4/15.4.4/15.4.4.17/15.4.4.17-8-13.js
./ch15/15.4/15.4.4/15.4.4.17/15.4.4.17-8-2.js
./ch15/15.4/15.4.4/15.4.4.17/15.4.4.17-8-3.js
./ch15/15.4/15.4.4/15.4.4.17/15.4.4.17-8-4.js
./ch15/15.4/15.4.4/15.4.4.17/15.4.4.17-8-5.js
./ch15/15.4/15.4.4/15.4.4.17/15.4.4.17-8-6.js
./ch15/15.4/15.4.4/15.4.4.17/15.4.4.17-8-7.js
./ch15/15.4/15.4.4/15.4.4.17/15.4.4.17-8-8.js
./ch15/15.4/15.4.4/15.4.4.18/15.4.4.18-0-2.js
./ch15/15.4/15.4.4/15.4.4.18/15.4.4.18-1-1.js
./ch15/15.4/15.4.4/15.4.4.18/15.4.4.18-1-10.js
./ch15/15.4/15.4.4/15.4.4.18/15.4.4.18-1-11.js
./ch15/15.4/15.4.4/15.4.4.18/15.4.4.18-1-12.js
./ch15/15.4/15.4.4/15.4.4.18/15.4.4.18-1-13.js
./ch15/15.4/15.4.4/15.4.4.18/15.4.4.18-1-14.js
./ch15/15.4/15.4.4/15.4.4.18/15.4.4.18-1-15.js
./ch15/15.4/15.4.4/15.4.4.18/15.4.4.18-1-2.js
./ch15/15.4/15.4.4/15.4.4.18/15.4.4.18-1-3.js
./ch15/15.4/15.4.4/15.4.4.18/15.4.4.18-1-4.js
./ch15/15.4/15.4.4/15.4.4.18/15.4.4.18-1-5.js
./ch15/15.4/15.4.4/15.4.4.18/15.4.4.18-1-6.js
./ch15/15.4/15.4.4/15.4.4.18/15.4.4.18-1-7.js
./ch15/15.4/15.4.4/15.4.4.18/15.4.4.18-1-8.js
./ch15/15.4/15.4.4/15.4.4.18/15.4.4.18-1-9.js
./ch15/15.4/15.4.4/15.4.4.18/15.4.4.18-2-1.js
./ch15/15.4/15.4.4/15.4.4.18/15.4.4.18-2-10.js
./ch15/15.4/15.4.4/15.4.4.18/15.4.4.18-2-13.js
./ch15/15.4/15.4.4/15.4.4.18/15.4.4.18-2-15.js
./ch15/15.4/15.4.4/15.4.4.18/15.4.4.18-2-17.js
./ch15/15.4/15.4.4/15.4.4.18/15.4.4.18-2-18.js
./ch15/15.4/15.4.4/15.4.4.18/15.4.4.18-2-19.js
./ch15/15.4/15.4.4/15.4.4.18/15.4.4.18-2-2.js
./ch15/15.4/15.4.4/15.4.4.18/15.4.4.18-2-3.js
./ch15/15.4/15.4.4/15.4.4.18/15.4.4.18-2-4.js
./ch15/15.4/15.4.4/15.4.4.18/15.4.4.18-2-5.js
./ch15/15.4/15.4.4/15.4.4.18/15.4.4.18-2-6.js
./ch15/15.4/15.4.4/15.4.4.18/15.4.4.18-2-7.js
./ch15/15.4/15.4.4/15.4.4.18/15.4.4.18-2-8.js
./ch15/15.4/15.4.4/15.4.4.18/15.4.4.18-2-9.js
./ch15/15.4/15.4.4/15.4.4.18/15.4.4.18-3-11.js
./ch15/15.4/15.4.4/15.4.4.18/15.4.4.18-3-12.js
./ch15/15.4/15.4.4/15.4.4.18/15.4.4.18-3-13.js
./ch15/15.4/15.4.4/15.4.4.18/15.4.4.18-3-14.js
./ch15/15.4/15.4.4/15.4.4.18/15.4.4.18-3-15.js
./ch15/15.4/15.4.4/15.4.4.18/15.4.4.18-3-16.js
./ch15/15.4/15.4.4/15.4.4.18/15.4.4.18-3-17.js
./ch15/15.4/15.4.4/15.4.4.18/15.4.4.18-3-19.js
./ch15/15.4/15.4.4/15.4.4.18/15.4.4.18-3-2.js
./ch15/15.4/15.4.4/15.4.4.18/15.4.4.18-3-20.js
./ch15/15.4/15.4.4/15.4.4.18/15.4.4.18-3-21.js
./ch15/15.4/15.4.4/15.4.4.18/15.4.4.18-3-22.js
./ch15/15.4/15.4.4/15.4.4.18/15.4.4.18-3-23.js
./ch15/15.4/15.4.4/15.4.4.18/15.4.4.18-3-24.js
./ch15/15.4/15.4.4/15.4.4.18/15.4.4.18-3-25.js
./ch15/15.4/15.4.4/15.4.4.18/15.4.4.18-3-28.js
./ch15/15.4/15.4.4/15.4.4.18/15.4.4.18-3-29.js
./ch15/15.4/15.4.4/15.4.4.18/15.4.4.18-3-6.js
./ch15/15.4/15.4.4/15.4.4.18/15.4.4.18-3-7.js
./ch15/15.4/15.4.4/15.4.4.18/15.4.4.18-3-8.js
./ch15/15.4/15.4.4/15.4.4.18/15.4.4.18-4-1.js
./ch15/15.4/15.4.4/15.4.4.18/15.4.4.18-4-15.js
./ch15/15.4/15.4.4/15.4.4.18/15.4.4.18-4-2.js
./ch15/15.4/15.4.4/15.4.4.18/15.4.4.18-4-3.js
./ch15/15.4/15.4.4/15.4.4.18/15.4.4.18-4-4.js
./ch15/15.4/15.4.4/15.4.4.18/15.4.4.18-4-5.js
./ch15/15.4/15.4.4/15.4.4.18/15.4.4.18-4-6.js
./ch15/15.4/15.4.4/15.4.4.18/15.4.4.18-4-7.js
./ch15/15.4/15.4.4/15.4.4.18/15.4.4.18-4-8.js
./ch15/15.4/15.4.4/15.4.4.18/15.4.4.18-4-9.js
./ch15/15.4/15.4.4/15.4.4.18/15.4.4.18-5-1-s.js
./ch15/15.4/15.4.4/15.4.4.18/15.4.4.18-5-1.js
./ch15/15.4/15.4.4/15.4.4.18/15.4.4.18-5-10.js
./ch15/15.4/15.4.4/15.4.4.18/15.4.4.18-5-11.js
./ch15/15.4/15.4.4/15.4.4.18/15.4.4.18-5-12.js
./ch15/15.4/15.4.4/15.4.4.18/15.4.4.18-5-13.js
./ch15/15.4/15.4.4/15.4.4.18/15.4.4.18-5-14.js
./ch15/15.4/15.4.4/15.4.4.18/15.4.4.18-5-15.js
./ch15/15.4/15.4.4/15.4.4.18/15.4.4.18-5-16.js
./ch15/15.4/15.4.4/15.4.4.18/15.4.4.18-5-17.js
./ch15/15.4/15.4.4/15.4.4.18/15.4.4.18-5-18.js
./ch15/15.4/15.4.4/15.4.4.18/15.4.4.18-5-19.js
./ch15/15.4/15.4.4/15.4.4.18/15.4.4.18-5-2.js
./ch15/15.4/15.4.4/15.4.4.18/15.4.4.18-5-21.js
./ch15/15.4/15.4.4/15.4.4.18/15.4.4.18-5-22.js
./ch15/15.4/15.4.4/15.4.4.18/15.4.4.18-5-23.js
./ch15/15.4/15.4.4/15.4.4.18/15.4.4.18-5-24.js
./ch15/15.4/15.4.4/15.4.4.18/15.4.4.18-5-25.js
./ch15/15.4/15.4.4/15.4.4.18/15.4.4.18-5-3.js
./ch15/15.4/15.4.4/15.4.4.18/15.4.4.18-5-4.js
./ch15/15.4/15.4.4/15.4.4.18/15.4.4.18-5-5.js
./ch15/15.4/15.4.4/15.4.4.18/15.4.4.18-5-6.js
./ch15/15.4/15.4.4/15.4.4.18/15.4.4.18-5-7.js
./ch15/15.4/15.4.4/15.4.4.18/15.4.4.18-5-9.js
./ch15/15.4/15.4.4/15.4.4.18/15.4.4.18-7-1.js
./ch15/15.4/15.4.4/15.4.4.18/15.4.4.18-7-2.js
./ch15/15.4/15.4.4/15.4.4.18/15.4.4.18-7-4.js
./ch15/15.4/15.4.4/15.4.4.18/15.4.4.18-7-5.js
./ch15/15.4/15.4.4/15.4.4.18/15.4.4.18-7-7.js
./ch15/15.4/15.4.4/15.4.4.18/15.4.4.18-7-9.js
./ch15/15.4/15.4.4/15.4.4.18/15.4.4.18-7-b-1.js
./ch15/15.4/15.4.4/15.4.4.18/15.4.4.18-7-b-10.js
./ch15/15.4/15.4.4/15.4.4.18/15.4.4.18-7-b-11.js
./ch15/15.4/15.4.4/15.4.4.18/15.4.4.18-7-b-12.js
./ch15/15.4/15.4.4/15.4.4.18/15.4.4.18-7-b-13.js
./ch15/15.4/15.4.4/15.4.4.18/15.4.4.18-7-b-15.js
./ch15/15.4/15.4.4/15.4.4.18/15.4.4.18-7-b-16.js
./ch15/15.4/15.4.4/15.4.4.18/15.4.4.18-7-b-2.js
./ch15/15.4/15.4.4/15.4.4.18/15.4.4.18-7-b-3.js
./ch15/15.4/15.4.4/15.4.4.18/15.4.4.18-7-b-4.js
./ch15/15.4/15.4.4/15.4.4.18/15.4.4.18-7-b-5.js
./ch15/15.4/15.4.4/15.4.4.18/15.4.4.18-7-b-6.js
./ch15/15.4/15.4.4/15.4.4.18/15.4.4.18-7-b-7.js
./ch15/15.4/15.4.4/15.4.4.18/15.4.4.18-7-b-8.js
./ch15/15.4/15.4.4/15.4.4.18/15.4.4.18-7-b-9.js
./ch15/15.4/15.4.4/15.4.4.18/15.4.4.18-7-c-i-1.js
./ch15/15.4/15.4.4/15.4.4.18/15.4.4.18-7-c-i-10.js
./ch15/15.4/15.4.4/15.4.4.18/15.4.4.18-7-c-i-11.js
./ch15/15.4/15.4.4/15.4.4.18/15.4.4.18-7-c-i-12.js
./ch15/15.4/15.4.4/15.4.4.18/15.4.4.18-7-c-i-13.js
./ch15/15.4/15.4.4/15.4.4.18/15.4.4.18-7-c-i-14.js
./ch15/15.4/15.4.4/15.4.4.18/15.4.4.18-7-c-i-15.js
./ch15/15.4/15.4.4/15.4.4.18/15.4.4.18-7-c-i-16.js
./ch15/15.4/15.4.4/15.4.4.18/15.4.4.18-7-c-i-17.js
./ch15/15.4/15.4.4/15.4.4.18/15.4.4.18-7-c-i-18.js
./ch15/15.4/15.4.4/15.4.4.18/15.4.4.18-7-c-i-19.js
./ch15/15.4/15.4.4/15.4.4.18/15.4.4.18-7-c-i-2.js
./ch15/15.4/15.4.4/15.4.4.18/15.4.4.18-7-c-i-20.js
./ch15/15.4/15.4.4/15.4.4.18/15.4.4.18-7-c-i-21.js
./ch15/15.4/15.4.4/15.4.4.18/15.4.4.18-7-c-i-22.js
./ch15/15.4/15.4.4/15.4.4.18/15.4.4.18-7-c-i-23.js
./ch15/15.4/15.4.4/15.4.4.18/15.4.4.18-7-c-i-25.js
./ch15/15.4/15.4.4/15.4.4.18/15.4.4.18-7-c-i-26.js
./ch15/15.4/15.4.4/15.4.4.18/15.4.4.18-7-c-i-27.js
./ch15/15.4/15.4.4/15.4.4.18/15.4.4.18-7-c-i-28.js
./ch15/15.4/15.4.4/15.4.4.18/15.4.4.18-7-c-i-29.js
./ch15/15.4/15.4.4/15.4.4.18/15.4.4.18-7-c-i-3.js
./ch15/15.4/15.4.4/15.4.4.18/15.4.4.18-7-c-i-30.js
./ch15/15.4/15.4.4/15.4.4.18/15.4.4.18-7-c-i-31.js
./ch15/15.4/15.4.4/15.4.4.18/15.4.4.18-7-c-i-4.js
./ch15/15.4/15.4.4/15.4.4.18/15.4.4.18-7-c-i-5.js
./ch15/15.4/15.4.4/15.4.4.18/15.4.4.18-7-c-i-6.js
./ch15/15.4/15.4.4/15.4.4.18/15.4.4.18-7-c-i-7.js
./ch15/15.4/15.4.4/15.4.4.18/15.4.4.18-7-c-i-8.js
./ch15/15.4/15.4.4/15.4.4.18/15.4.4.18-7-c-i-9.js
./ch15/15.4/15.4.4/15.4.4.18/15.4.4.18-7-c-ii-1.js
./ch15/15.4/15.4.4/15.4.4.18/15.4.4.18-7-c-ii-10.js
./ch15/15.4/15.4.4/15.4.4.18/15.4.4.18-7-c-ii-11.js
./ch15/15.4/15.4.4/15.4.4.18/15.4.4.18-7-c-ii-12.js
./ch15/15.4/15.4.4/15.4.4.18/15.4.4.18-7-c-ii-13.js
./ch15/15.4/15.4.4/15.4.4.18/15.4.4.18-7-c-ii-16.js
./ch15/15.4/15.4.4/15.4.4.18/15.4.4.18-7-c-ii-17.js
./ch15/15.4/15.4.4/15.4.4.18/15.4.4.18-7-c-ii-18.js
./ch15/15.4/15.4.4/15.4.4.18/15.4.4.18-7-c-ii-19.js
./ch15/15.4/15.4.4/15.4.4.18/15.4.4.18-7-c-ii-2.js
./ch15/15.4/15.4.4/15.4.4.18/15.4.4.18-7-c-ii-20.js
./ch15/15.4/15.4.4/15.4.4.18/15.4.4.18-7-c-ii-21.js
./ch15/15.4/15.4.4/15.4.4.18/15.4.4.18-7-c-ii-22.js
./ch15/15.4/15.4.4/15.4.4.18/15.4.4.18-7-c-ii-23.js
./ch15/15.4/15.4.4/15.4.4.18/15.4.4.18-7-c-ii-4.js
./ch15/15.4/15.4.4/15.4.4.18/15.4.4.18-7-c-ii-5.js
./ch15/15.4/15.4.4/15.4.4.18/15.4.4.18-7-c-ii-6.js
./ch15/15.4/15.4.4/15.4.4.18/15.4.4.18-7-c-ii-7.js
./ch15/15.4/15.4.4/15.4.4.18/15.4.4.18-7-c-ii-8.js
./ch15/15.4/15.4.4/15.4.4.18/15.4.4.18-8-10.js
./ch15/15.4/15.4.4/15.4.4.18/15.4.4.18-8-12.js
./ch15/15.4/15.4.4/15.4.4.18/15.4.4.18-8-13.js
./ch15/15.4/15.4.4/15.4.4.18/15.4.4.18-8-2.js
./ch15/15.4/15.4.4/15.4.4.18/15.4.4.18-8-3.js
./ch15/15.4/15.4.4/15.4.4.18/15.4.4.18-8-4.js
./ch15/15.4/15.4.4/15.4.4.18/15.4.4.18-8-5.js
./ch15/15.4/15.4.4/15.4.4.18/15.4.4.18-8-6.js
./ch15/15.4/15.4.4/15.4.4.18/15.4.4.18-8-7.js
./ch15/15.4/15.4.4/15.4.4.18/15.4.4.18-8-8.js
./ch15/15.4/15.4.4/15.4.4.18/15.4.4.18-8-9.js
./ch15/15.4/15.4.4/15.4.4.19/15.4.4.19-0-2.js
./ch15/15.4/15.4.4/15.4.4.19/15.4.4.19-1-1.js
./ch15/15.4/15.4.4/15.4.4.19/15.4.4.19-1-10.js
./ch15/15.4/15.4.4/15.4.4.19/15.4.4.19-1-11.js
./ch15/15.4/15.4.4/15.4.4.19/15.4.4.19-1-12.js
./ch15/15.4/15.4.4/15.4.4.19/15.4.4.19-1-13.js
./ch15/15.4/15.4.4/15.4.4.19/15.4.4.19-1-14.js
./ch15/15.4/15.4.4/15.4.4.19/15.4.4.19-1-15.js
./ch15/15.4/15.4.4/15.4.4.19/15.4.4.19-1-2.js
./ch15/15.4/15.4.4/15.4.4.19/15.4.4.19-1-3.js
./ch15/15.4/15.4.4/15.4.4.19/15.4.4.19-1-4.js
./ch15/15.4/15.4.4/15.4.4.19/15.4.4.19-1-5.js
./ch15/15.4/15.4.4/15.4.4.19/15.4.4.19-1-6.js
./ch15/15.4/15.4.4/15.4.4.19/15.4.4.19-1-7.js
./ch15/15.4/15.4.4/15.4.4.19/15.4.4.19-1-8.js
./ch15/15.4/15.4.4/15.4.4.19/15.4.4.19-1-9.js
./ch15/15.4/15.4.4/15.4.4.19/15.4.4.19-2-10.js
./ch15/15.4/15.4.4/15.4.4.19/15.4.4.19-2-13.js
./ch15/15.4/15.4.4/15.4.4.19/15.4.4.19-2-15.js
./ch15/15.4/15.4.4/15.4.4.19/15.4.4.19-2-18.js
./ch15/15.4/15.4.4/15.4.4.19/15.4.4.19-2-19.js
./ch15/15.4/15.4.4/15.4.4.19/15.4.4.19-2-3.js
./ch15/15.4/15.4.4/15.4.4.19/15.4.4.19-2-5.js
./ch15/15.4/15.4.4/15.4.4.19/15.4.4.19-2-6.js
./ch15/15.4/15.4.4/15.4.4.19/15.4.4.19-2-7.js
./ch15/15.4/15.4.4/15.4.4.19/15.4.4.19-2-8.js
./ch15/15.4/15.4.4/15.4.4.19/15.4.4.19-2-9.js
./ch15/15.4/15.4.4/15.4.4.19/15.4.4.19-3-12.js
./ch15/15.4/15.4.4/15.4.4.19/15.4.4.19-3-13.js
./ch15/15.4/15.4.4/15.4.4.19/15.4.4.19-3-14.js
./ch15/15.4/15.4.4/15.4.4.19/15.4.4.19-3-22.js
./ch15/15.4/15.4.4/15.4.4.19/15.4.4.19-3-23.js
./ch15/15.4/15.4.4/15.4.4.19/15.4.4.19-3-24.js
./ch15/15.4/15.4.4/15.4.4.19/15.4.4.19-3-25.js
./ch15/15.4/15.4.4/15.4.4.19/15.4.4.19-3-28.js
./ch15/15.4/15.4.4/15.4.4.19/15.4.4.19-3-29.js
./ch15/15.4/15.4.4/15.4.4.19/15.4.4.19-3-7.js
./ch15/15.4/15.4.4/15.4.4.19/15.4.4.19-3-8.js
./ch15/15.4/15.4.4/15.4.4.19/15.4.4.19-4-1.js
./ch15/15.4/15.4.4/15.4.4.19/15.4.4.19-4-12.js
./ch15/15.4/15.4.4/15.4.4.19/15.4.4.19-4-15.js
./ch15/15.4/15.4.4/15.4.4.19/15.4.4.19-4-2.js
./ch15/15.4/15.4.4/15.4.4.19/15.4.4.19-4-3.js
./ch15/15.4/15.4.4/15.4.4.19/15.4.4.19-4-4.js
./ch15/15.4/15.4.4/15.4.4.19/15.4.4.19-4-5.js
./ch15/15.4/15.4.4/15.4.4.19/15.4.4.19-4-6.js
./ch15/15.4/15.4.4/15.4.4.19/15.4.4.19-4-7.js
./ch15/15.4/15.4.4/15.4.4.19/15.4.4.19-4-8.js
./ch15/15.4/15.4.4/15.4.4.19/15.4.4.19-4-9.js
./ch15/15.4/15.4.4/15.4.4.19/15.4.4.19-5-1-s.js
./ch15/15.4/15.4.4/15.4.4.19/15.4.4.19-5-1.js
./ch15/15.4/15.4.4/15.4.4.19/15.4.4.19-5-10.js
./ch15/15.4/15.4.4/15.4.4.19/15.4.4.19-5-11.js
./ch15/15.4/15.4.4/15.4.4.19/15.4.4.19-5-12.js
./ch15/15.4/15.4.4/15.4.4.19/15.4.4.19-5-13.js
./ch15/15.4/15.4.4/15.4.4.19/15.4.4.19-5-14.js
./ch15/15.4/15.4.4/15.4.4.19/15.4.4.19-5-15.js
./ch15/15.4/15.4.4/15.4.4.19/15.4.4.19-5-16.js
./ch15/15.4/15.4.4/15.4.4.19/15.4.4.19-5-17.js
./ch15/15.4/15.4.4/15.4.4.19/15.4.4.19-5-18.js
./ch15/15.4/15.4.4/15.4.4.19/15.4.4.19-5-19.js
./ch15/15.4/15.4.4/15.4.4.19/15.4.4.19-5-2.js
./ch15/15.4/15.4.4/15.4.4.19/15.4.4.19-5-21.js
./ch15/15.4/15.4.4/15.4.4.19/15.4.4.19-5-22.js
./ch15/15.4/15.4.4/15.4.4.19/15.4.4.19-5-23.js
./ch15/15.4/15.4.4/15.4.4.19/15.4.4.19-5-24.js
./ch15/15.4/15.4.4/15.4.4.19/15.4.4.19-5-3.js
./ch15/15.4/15.4.4/15.4.4.19/15.4.4.19-5-4.js
./ch15/15.4/15.4.4/15.4.4.19/15.4.4.19-5-5.js
./ch15/15.4/15.4.4/15.4.4.19/15.4.4.19-5-6.js
./ch15/15.4/15.4.4/15.4.4.19/15.4.4.19-5-7.js
./ch15/15.4/15.4.4/15.4.4.19/15.4.4.19-5-9.js
./ch15/15.4/15.4.4/15.4.4.19/15.4.4.19-6-2.js
./ch15/15.4/15.4.4/15.4.4.19/15.4.4.19-8-1.js
./ch15/15.4/15.4.4/15.4.4.19/15.4.4.19-8-2.js
./ch15/15.4/15.4.4/15.4.4.19/15.4.4.19-8-3.js
./ch15/15.4/15.4.4/15.4.4.19/15.4.4.19-8-4.js
./ch15/15.4/15.4.4/15.4.4.19/15.4.4.19-8-5.js
./ch15/15.4/15.4.4/15.4.4.19/15.4.4.19-8-6.js
./ch15/15.4/15.4.4/15.4.4.19/15.4.4.19-8-7.js
./ch15/15.4/15.4.4/15.4.4.19/15.4.4.19-8-9.js
./ch15/15.4/15.4.4/15.4.4.19/15.4.4.19-8-b-1.js
./ch15/15.4/15.4.4/15.4.4.19/15.4.4.19-8-b-10.js
./ch15/15.4/15.4.4/15.4.4.19/15.4.4.19-8-b-11.js
./ch15/15.4/15.4.4/15.4.4.19/15.4.4.19-8-b-12.js
./ch15/15.4/15.4.4/15.4.4.19/15.4.4.19-8-b-13.js
./ch15/15.4/15.4.4/15.4.4.19/15.4.4.19-8-b-15.js
./ch15/15.4/15.4.4/15.4.4.19/15.4.4.19-8-b-16.js
./ch15/15.4/15.4.4/15.4.4.19/15.4.4.19-8-b-2.js
./ch15/15.4/15.4.4/15.4.4.19/15.4.4.19-8-b-3.js
./ch15/15.4/15.4.4/15.4.4.19/15.4.4.19-8-b-4.js
./ch15/15.4/15.4.4/15.4.4.19/15.4.4.19-8-b-5.js
./ch15/15.4/15.4.4/15.4.4.19/15.4.4.19-8-b-6.js
./ch15/15.4/15.4.4/15.4.4.19/15.4.4.19-8-b-7.js
./ch15/15.4/15.4.4/15.4.4.19/15.4.4.19-8-b-8.js
./ch15/15.4/15.4.4/15.4.4.19/15.4.4.19-8-b-9.js
./ch15/15.4/15.4.4/15.4.4.19/15.4.4.19-8-c-i-1.js
./ch15/15.4/15.4.4/15.4.4.19/15.4.4.19-8-c-i-10.js
./ch15/15.4/15.4.4/15.4.4.19/15.4.4.19-8-c-i-11.js
./ch15/15.4/15.4.4/15.4.4.19/15.4.4.19-8-c-i-12.js
./ch15/15.4/15.4.4/15.4.4.19/15.4.4.19-8-c-i-13.js
./ch15/15.4/15.4.4/15.4.4.19/15.4.4.19-8-c-i-14.js
./ch15/15.4/15.4.4/15.4.4.19/15.4.4.19-8-c-i-15.js
./ch15/15.4/15.4.4/15.4.4.19/15.4.4.19-8-c-i-16.js
./ch15/15.4/15.4.4/15.4.4.19/15.4.4.19-8-c-i-17.js
./ch15/15.4/15.4.4/15.4.4.19/15.4.4.19-8-c-i-18.js
./ch15/15.4/15.4.4/15.4.4.19/15.4.4.19-8-c-i-19.js
./ch15/15.4/15.4.4/15.4.4.19/15.4.4.19-8-c-i-2.js
./ch15/15.4/15.4.4/15.4.4.19/15.4.4.19-8-c-i-20.js
./ch15/15.4/15.4.4/15.4.4.19/15.4.4.19-8-c-i-21.js
./ch15/15.4/15.4.4/15.4.4.19/15.4.4.19-8-c-i-22.js
./ch15/15.4/15.4.4/15.4.4.19/15.4.4.19-8-c-i-23.js
./ch15/15.4/15.4.4/15.4.4.19/15.4.4.19-8-c-i-25.js
./ch15/15.4/15.4.4/15.4.4.19/15.4.4.19-8-c-i-26.js
./ch15/15.4/15.4.4/15.4.4.19/15.4.4.19-8-c-i-27.js
./ch15/15.4/15.4.4/15.4.4.19/15.4.4.19-8-c-i-28.js
./ch15/15.4/15.4.4/15.4.4.19/15.4.4.19-8-c-i-29.js
./ch15/15.4/15.4.4/15.4.4.19/15.4.4.19-8-c-i-3.js
./ch15/15.4/15.4.4/15.4.4.19/15.4.4.19-8-c-i-30.js
./ch15/15.4/15.4.4/15.4.4.19/15.4.4.19-8-c-i-31.js
./ch15/15.4/15.4.4/15.4.4.19/15.4.4.19-8-c-i-4.js
./ch15/15.4/15.4.4/15.4.4.19/15.4.4.19-8-c-i-5.js
./ch15/15.4/15.4.4/15.4.4.19/15.4.4.19-8-c-i-6.js
./ch15/15.4/15.4.4/15.4.4.19/15.4.4.19-8-c-i-7.js
./ch15/15.4/15.4.4/15.4.4.19/15.4.4.19-8-c-i-8.js
./ch15/15.4/15.4.4/15.4.4.19/15.4.4.19-8-c-i-9.js
./ch15/15.4/15.4.4/15.4.4.19/15.4.4.19-8-c-ii-1.js
./ch15/15.4/15.4.4/15.4.4.19/15.4.4.19-8-c-ii-10.js
./ch15/15.4/15.4.4/15.4.4.19/15.4.4.19-8-c-ii-11.js
./ch15/15.4/15.4.4/15.4.4.19/15.4.4.19-8-c-ii-12.js
./ch15/15.4/15.4.4/15.4.4.19/15.4.4.19-8-c-ii-13.js
./ch15/15.4/15.4.4/15.4.4.19/15.4.4.19-8-c-ii-16.js
./ch15/15.4/15.4.4/15.4.4.19/15.4.4.19-8-c-ii-17.js
./ch15/15.4/15.4.4/15.4.4.19/15.4.4.19-8-c-ii-18.js
./ch15/15.4/15.4.4/15.4.4.19/15.4.4.19-8-c-ii-19.js
./ch15/15.4/15.4.4/15.4.4.19/15.4.4.19-8-c-ii-2.js
./ch15/15.4/15.4.4/15.4.4.19/15.4.4.19-8-c-ii-20.js
./ch15/15.4/15.4.4/15.4.4.19/15.4.4.19-8-c-ii-21.js
./ch15/15.4/15.4.4/15.4.4.19/15.4.4.19-8-c-ii-22.js
./ch15/15.4/15.4.4/15.4.4.19/15.4.4.19-8-c-ii-23.js
./ch15/15.4/15.4.4/15.4.4.19/15.4.4.19-8-c-ii-4.js
./ch15/15.4/15.4.4/15.4.4.19/15.4.4.19-8-c-ii-5.js
./ch15/15.4/15.4.4/15.4.4.19/15.4.4.19-8-c-ii-6.js
./ch15/15.4/15.4.4/15.4.4.19/15.4.4.19-8-c-ii-7.js
./ch15/15.4/15.4.4/15.4.4.19/15.4.4.19-8-c-iii-2.js
./ch15/15.4/15.4.4/15.4.4.19/15.4.4.19-8-c-iii-3.js
./ch15/15.4/15.4.4/15.4.4.19/15.4.4.19-8-c-iii-4.js
./ch15/15.4/15.4.4/15.4.4.19/15.4.4.19-8-c-iii-5.js
./ch15/15.4/15.4.4/15.4.4.19/15.4.4.19-9-10.js
./ch15/15.4/15.4.4/15.4.4.19/15.4.4.19-9-11.js
./ch15/15.4/15.4.4/15.4.4.19/15.4.4.19-9-12.js
./ch15/15.4/15.4.4/15.4.4.19/15.4.4.19-9-2.js
./ch15/15.4/15.4.4/15.4.4.19/15.4.4.19-9-3.js
./ch15/15.4/15.4.4/15.4.4.19/15.4.4.19-9-4.js
./ch15/15.4/15.4.4/15.4.4.19/15.4.4.19-9-6.js
./ch15/15.4/15.4.4/15.4.4.19/15.4.4.19-9-7.js
./ch15/15.4/15.4.4/15.4.4.19/15.4.4.19-9-8.js
./ch15/15.4/15.4.4/15.4.4.19/15.4.4.19-9-9.js
./ch15/15.4/15.4.4/15.4.4.2/S15.4.4.2_A1_T1.js
./ch15/15.4/15.4.4/15.4.4.2/S15.4.4.2_A1_T2.js
./ch15/15.4/15.4.4/15.4.4.2/S15.4.4.2_A1_T3.js
./ch15/15.4/15.4.4/15.4.4.2/S15.4.4.2_A1_T4.js
./ch15/15.4/15.4.4/15.4.4.2/S15.4.4.2_A3_T1.js
./ch15/15.4/15.4.4/15.4.4.2/S15.4.4.2_A4.2.js
./ch15/15.4/15.4.4/15.4.4.2/S15.4.4.2_A4.7.js
./ch15/15.4/15.4.4/15.4.4.20/15.4.4.20-0-1.js
./ch15/15.4/15.4.4/15.4.4.20/15.4.4.20-0-2.js
./ch15/15.4/15.4.4/15.4.4.20/15.4.4.20-1-1.js
./ch15/15.4/15.4.4/15.4.4.20/15.4.4.20-1-10.js
./ch15/15.4/15.4.4/15.4.4.20/15.4.4.20-1-11.js
./ch15/15.4/15.4.4/15.4.4.20/15.4.4.20-1-12.js
./ch15/15.4/15.4.4/15.4.4.20/15.4.4.20-1-13.js
./ch15/15.4/15.4.4/15.4.4.20/15.4.4.20-1-14.js
./ch15/15.4/15.4.4/15.4.4.20/15.4.4.20-1-15.js
./ch15/15.4/15.4.4/15.4.4.20/15.4.4.20-1-2.js
./ch15/15.4/15.4.4/15.4.4.20/15.4.4.20-1-3.js
./ch15/15.4/15.4.4/15.4.4.20/15.4.4.20-1-4.js
./ch15/15.4/15.4.4/15.4.4.20/15.4.4.20-1-5.js
./ch15/15.4/15.4.4/15.4.4.20/15.4.4.20-1-6.js
./ch15/15.4/15.4.4/15.4.4.20/15.4.4.20-1-7.js
./ch15/15.4/15.4.4/15.4.4.20/15.4.4.20-1-8.js
./ch15/15.4/15.4.4/15.4.4.20/15.4.4.20-1-9.js
./ch15/15.4/15.4.4/15.4.4.20/15.4.4.20-10-1.js
./ch15/15.4/15.4.4/15.4.4.20/15.4.4.20-10-2.js
./ch15/15.4/15.4.4/15.4.4.20/15.4.4.20-10-3.js
./ch15/15.4/15.4.4/15.4.4.20/15.4.4.20-10-4.js
./ch15/15.4/15.4.4/15.4.4.20/15.4.4.20-2-1.js
./ch15/15.4/15.4.4/15.4.4.20/15.4.4.20-2-10.js
./ch15/15.4/15.4.4/15.4.4.20/15.4.4.20-2-11.js
./ch15/15.4/15.4.4/15.4.4.20/15.4.4.20-2-12.js
./ch15/15.4/15.4.4/15.4.4.20/15.4.4.20-2-13.js
./ch15/15.4/15.4.4/15.4.4.20/15.4.4.20-2-14.js
./ch15/15.4/15.4.4/15.4.4.20/15.4.4.20-2-15.js
./ch15/15.4/15.4.4/15.4.4.20/15.4.4.20-2-17.js
./ch15/15.4/15.4.4/15.4.4.20/15.4.4.20-2-18.js
./ch15/15.4/15.4.4/15.4.4.20/15.4.4.20-2-19.js
./ch15/15.4/15.4.4/15.4.4.20/15.4.4.20-2-2.js
./ch15/15.4/15.4.4/15.4.4.20/15.4.4.20-2-3.js
./ch15/15.4/15.4.4/15.4.4.20/15.4.4.20-2-4.js
./ch15/15.4/15.4.4/15.4.4.20/15.4.4.20-2-5.js
./ch15/15.4/15.4.4/15.4.4.20/15.4.4.20-2-6.js
./ch15/15.4/15.4.4/15.4.4.20/15.4.4.20-2-7.js
./ch15/15.4/15.4.4/15.4.4.20/15.4.4.20-2-8.js
./ch15/15.4/15.4.4/15.4.4.20/15.4.4.20-2-9.js
./ch15/15.4/15.4.4/15.4.4.20/15.4.4.20-3-1.js
./ch15/15.4/15.4.4/15.4.4.20/15.4.4.20-3-10.js
./ch15/15.4/15.4.4/15.4.4.20/15.4.4.20-3-11.js
./ch15/15.4/15.4.4/15.4.4.20/15.4.4.20-3-12.js
./ch15/15.4/15.4.4/15.4.4.20/15.4.4.20-3-13.js
./ch15/15.4/15.4.4/15.4.4.20/15.4.4.20-3-14.js
./ch15/15.4/15.4.4/15.4.4.20/15.4.4.20-3-15.js
./ch15/15.4/15.4.4/15.4.4.20/15.4.4.20-3-16.js
./ch15/15.4/15.4.4/15.4.4.20/15.4.4.20-3-17.js
./ch15/15.4/15.4.4/15.4.4.20/15.4.4.20-3-18.js
./ch15/15.4/15.4.4/15.4.4.20/15.4.4.20-3-19.js
./ch15/15.4/15.4.4/15.4.4.20/15.4.4.20-3-2.js
./ch15/15.4/15.4.4/15.4.4.20/15.4.4.20-3-20.js
./ch15/15.4/15.4.4/15.4.4.20/15.4.4.20-3-21.js
./ch15/15.4/15.4.4/15.4.4.20/15.4.4.20-3-22.js
./ch15/15.4/15.4.4/15.4.4.20/15.4.4.20-3-23.js
./ch15/15.4/15.4.4/15.4.4.20/15.4.4.20-3-24.js
./ch15/15.4/15.4.4/15.4.4.20/15.4.4.20-3-25.js
./ch15/15.4/15.4.4/15.4.4.20/15.4.4.20-3-28.js
./ch15/15.4/15.4.4/15.4.4.20/15.4.4.20-3-29.js
./ch15/15.4/15.4.4/15.4.4.20/15.4.4.20-3-3.js
./ch15/15.4/15.4.4/15.4.4.20/15.4.4.20-3-4.js
./ch15/15.4/15.4.4/15.4.4.20/15.4.4.20-3-5.js
./ch15/15.4/15.4.4/15.4.4.20/15.4.4.20-3-6.js
./ch15/15.4/15.4.4/15.4.4.20/15.4.4.20-3-7.js
./ch15/15.4/15.4.4/15.4.4.20/15.4.4.20-3-8.js
./ch15/15.4/15.4.4/15.4.4.20/15.4.4.20-3-9.js
./ch15/15.4/15.4.4/15.4.4.20/15.4.4.20-4-1.js
./ch15/15.4/15.4.4/15.4.4.20/15.4.4.20-4-12.js
./ch15/15.4/15.4.4/15.4.4.20/15.4.4.20-4-15.js
./ch15/15.4/15.4.4/15.4.4.20/15.4.4.20-4-2.js
./ch15/15.4/15.4.4/15.4.4.20/15.4.4.20-4-3.js
./ch15/15.4/15.4.4/15.4.4.20/15.4.4.20-4-4.js
./ch15/15.4/15.4.4/15.4.4.20/15.4.4.20-4-5.js
./ch15/15.4/15.4.4/15.4.4.20/15.4.4.20-4-6.js
./ch15/15.4/15.4.4/15.4.4.20/15.4.4.20-4-7.js
./ch15/15.4/15.4.4/15.4.4.20/15.4.4.20-4-8.js
./ch15/15.4/15.4.4/15.4.4.20/15.4.4.20-4-9.js
./ch15/15.4/15.4.4/15.4.4.20/15.4.4.20-5-1-s.js
./ch15/15.4/15.4.4/15.4.4.20/15.4.4.20-5-1.js
./ch15/15.4/15.4.4/15.4.4.20/15.4.4.20-5-10.js
./ch15/15.4/15.4.4/15.4.4.20/15.4.4.20-5-11.js
./ch15/15.4/15.4.4/15.4.4.20/15.4.4.20-5-12.js
./ch15/15.4/15.4.4/15.4.4.20/15.4.4.20-5-13.js
./ch15/15.4/15.4.4/15.4.4.20/15.4.4.20-5-14.js
./ch15/15.4/15.4.4/15.4.4.20/15.4.4.20-5-15.js
./ch15/15.4/15.4.4/15.4.4.20/15.4.4.20-5-16.js
./ch15/15.4/15.4.4/15.4.4.20/15.4.4.20-5-17.js
./ch15/15.4/15.4.4/15.4.4.20/15.4.4.20-5-18.js
./ch15/15.4/15.4.4/15.4.4.20/15.4.4.20-5-19.js
./ch15/15.4/15.4.4/15.4.4.20/15.4.4.20-5-2.js
./ch15/15.4/15.4.4/15.4.4.20/15.4.4.20-5-21.js
./ch15/15.4/15.4.4/15.4.4.20/15.4.4.20-5-22.js
./ch15/15.4/15.4.4/15.4.4.20/15.4.4.20-5-23.js
./ch15/15.4/15.4.4/15.4.4.20/15.4.4.20-5-24.js
./ch15/15.4/15.4.4/15.4.4.20/15.4.4.20-5-27.js
./ch15/15.4/15.4.4/15.4.4.20/15.4.4.20-5-28.js
./ch15/15.4/15.4.4/15.4.4.20/15.4.4.20-5-29.js
./ch15/15.4/15.4.4/15.4.4.20/15.4.4.20-5-3.js
./ch15/15.4/15.4.4/15.4.4.20/15.4.4.20-5-30.js
./ch15/15.4/15.4.4/15.4.4.20/15.4.4.20-5-4.js
./ch15/15.4/15.4.4/15.4.4.20/15.4.4.20-5-5.js
./ch15/15.4/15.4.4/15.4.4.20/15.4.4.20-5-6.js
./ch15/15.4/15.4.4/15.4.4.20/15.4.4.20-5-7.js
./ch15/15.4/15.4.4/15.4.4.20/15.4.4.20-5-9.js
./ch15/15.4/15.4.4/15.4.4.20/15.4.4.20-6-1.js
./ch15/15.4/15.4.4/15.4.4.20/15.4.4.20-6-2.js
./ch15/15.4/15.4.4/15.4.4.20/15.4.4.20-6-3.js
./ch15/15.4/15.4.4/15.4.4.20/15.4.4.20-6-4.js
./ch15/15.4/15.4.4/15.4.4.20/15.4.4.20-6-5.js
./ch15/15.4/15.4.4/15.4.4.20/15.4.4.20-6-6.js
./ch15/15.4/15.4.4/15.4.4.20/15.4.4.20-6-7.js
./ch15/15.4/15.4.4/15.4.4.20/15.4.4.20-6-8.js
./ch15/15.4/15.4.4/15.4.4.20/15.4.4.20-9-1.js
./ch15/15.4/15.4.4/15.4.4.20/15.4.4.20-9-2.js
./ch15/15.4/15.4.4/15.4.4.20/15.4.4.20-9-3.js
./ch15/15.4/15.4.4/15.4.4.20/15.4.4.20-9-4.js
./ch15/15.4/15.4.4/15.4.4.20/15.4.4.20-9-5.js
./ch15/15.4/15.4.4/15.4.4.20/15.4.4.20-9-6.js
./ch15/15.4/15.4.4/15.4.4.20/15.4.4.20-9-7.js
./ch15/15.4/15.4.4/15.4.4.20/15.4.4.20-9-8.js
./ch15/15.4/15.4.4/15.4.4.20/15.4.4.20-9-9.js
./ch15/15.4/15.4.4/15.4.4.20/15.4.4.20-9-b-1.js
./ch15/15.4/15.4.4/15.4.4.20/15.4.4.20-9-b-10.js
./ch15/15.4/15.4.4/15.4.4.20/15.4.4.20-9-b-11.js
./ch15/15.4/15.4.4/15.4.4.20/15.4.4.20-9-b-12.js
./ch15/15.4/15.4.4/15.4.4.20/15.4.4.20-9-b-13.js
./ch15/15.4/15.4.4/15.4.4.20/15.4.4.20-9-b-14.js
./ch15/15.4/15.4.4/15.4.4.20/15.4.4.20-9-b-15.js
./ch15/15.4/15.4.4/15.4.4.20/15.4.4.20-9-b-16.js
./ch15/15.4/15.4.4/15.4.4.20/15.4.4.20-9-b-2.js
./ch15/15.4/15.4.4/15.4.4.20/15.4.4.20-9-b-3.js
./ch15/15.4/15.4.4/15.4.4.20/15.4.4.20-9-b-4.js
./ch15/15.4/15.4.4/15.4.4.20/15.4.4.20-9-b-5.js
./ch15/15.4/15.4.4/15.4.4.20/15.4.4.20-9-b-6.js
./ch15/15.4/15.4.4/15.4.4.20/15.4.4.20-9-b-7.js
./ch15/15.4/15.4.4/15.4.4.20/15.4.4.20-9-b-8.js
./ch15/15.4/15.4.4/15.4.4.20/15.4.4.20-9-b-9.js
./ch15/15.4/15.4.4/15.4.4.20/15.4.4.20-9-c-i-1.js
./ch15/15.4/15.4.4/15.4.4.20/15.4.4.20-9-c-i-10.js
./ch15/15.4/15.4.4/15.4.4.20/15.4.4.20-9-c-i-11.js
./ch15/15.4/15.4.4/15.4.4.20/15.4.4.20-9-c-i-12.js
./ch15/15.4/15.4.4/15.4.4.20/15.4.4.20-9-c-i-13.js
./ch15/15.4/15.4.4/15.4.4.20/15.4.4.20-9-c-i-14.js
./ch15/15.4/15.4.4/15.4.4.20/15.4.4.20-9-c-i-15.js
./ch15/15.4/15.4.4/15.4.4.20/15.4.4.20-9-c-i-16.js
./ch15/15.4/15.4.4/15.4.4.20/15.4.4.20-9-c-i-17.js
./ch15/15.4/15.4.4/15.4.4.20/15.4.4.20-9-c-i-18.js
./ch15/15.4/15.4.4/15.4.4.20/15.4.4.20-9-c-i-19.js
./ch15/15.4/15.4.4/15.4.4.20/15.4.4.20-9-c-i-2.js
./ch15/15.4/15.4.4/15.4.4.20/15.4.4.20-9-c-i-20.js
./ch15/15.4/15.4.4/15.4.4.20/15.4.4.20-9-c-i-21.js
./ch15/15.4/15.4.4/15.4.4.20/15.4.4.20-9-c-i-22.js
./ch15/15.4/15.4.4/15.4.4.20/15.4.4.20-9-c-i-23.js
./ch15/15.4/15.4.4/15.4.4.20/15.4.4.20-9-c-i-25.js
./ch15/15.4/15.4.4/15.4.4.20/15.4.4.20-9-c-i-26.js
./ch15/15.4/15.4.4/15.4.4.20/15.4.4.20-9-c-i-27.js
./ch15/15.4/15.4.4/15.4.4.20/15.4.4.20-9-c-i-28.js
./ch15/15.4/15.4.4/15.4.4.20/15.4.4.20-9-c-i-29.js
./ch15/15.4/15.4.4/15.4.4.20/15.4.4.20-9-c-i-3.js
./ch15/15.4/15.4.4/15.4.4.20/15.4.4.20-9-c-i-30.js
./ch15/15.4/15.4.4/15.4.4.20/15.4.4.20-9-c-i-31.js
./ch15/15.4/15.4.4/15.4.4.20/15.4.4.20-9-c-i-4.js
./ch15/15.4/15.4.4/15.4.4.20/15.4.4.20-9-c-i-5.js
./ch15/15.4/15.4.4/15.4.4.20/15.4.4.20-9-c-i-6.js
./ch15/15.4/15.4.4/15.4.4.20/15.4.4.20-9-c-i-7.js
./ch15/15.4/15.4.4/15.4.4.20/15.4.4.20-9-c-i-8.js
./ch15/15.4/15.4.4/15.4.4.20/15.4.4.20-9-c-i-9.js
./ch15/15.4/15.4.4/15.4.4.20/15.4.4.20-9-c-ii-1.js
./ch15/15.4/15.4.4/15.4.4.20/15.4.4.20-9-c-ii-10.js
./ch15/15.4/15.4.4/15.4.4.20/15.4.4.20-9-c-ii-11.js
./ch15/15.4/15.4.4/15.4.4.20/15.4.4.20-9-c-ii-12.js
./ch15/15.4/15.4.4/15.4.4.20/15.4.4.20-9-c-ii-13.js
./ch15/15.4/15.4.4/15.4.4.20/15.4.4.20-9-c-ii-16.js
./ch15/15.4/15.4.4/15.4.4.20/15.4.4.20-9-c-ii-17.js
./ch15/15.4/15.4.4/15.4.4.20/15.4.4.20-9-c-ii-18.js
./ch15/15.4/15.4.4/15.4.4.20/15.4.4.20-9-c-ii-19.js
./ch15/15.4/15.4.4/15.4.4.20/15.4.4.20-9-c-ii-2.js
./ch15/15.4/15.4.4/15.4.4.20/15.4.4.20-9-c-ii-20.js
./ch15/15.4/15.4.4/15.4.4.20/15.4.4.20-9-c-ii-21.js
./ch15/15.4/15.4.4/15.4.4.20/15.4.4.20-9-c-ii-22.js
./ch15/15.4/15.4.4/15.4.4.20/15.4.4.20-9-c-ii-23.js
./ch15/15.4/15.4.4/15.4.4.20/15.4.4.20-9-c-ii-4.js
./ch15/15.4/15.4.4/15.4.4.20/15.4.4.20-9-c-ii-5.js
./ch15/15.4/15.4.4/15.4.4.20/15.4.4.20-9-c-ii-6.js
./ch15/15.4/15.4.4/15.4.4.20/15.4.4.20-9-c-ii-7.js
./ch15/15.4/15.4.4/15.4.4.20/15.4.4.20-9-c-ii-8.js
./ch15/15.4/15.4.4/15.4.4.20/15.4.4.20-9-c-ii-9.js
./ch15/15.4/15.4.4/15.4.4.20/15.4.4.20-9-c-iii-1-1.js
./ch15/15.4/15.4.4/15.4.4.20/15.4.4.20-9-c-iii-1-2.js
./ch15/15.4/15.4.4/15.4.4.20/15.4.4.20-9-c-iii-1-3.js
./ch15/15.4/15.4.4/15.4.4.20/15.4.4.20-9-c-iii-1-4.js
./ch15/15.4/15.4.4/15.4.4.20/15.4.4.20-9-c-iii-1-5.js
./ch15/15.4/15.4.4/15.4.4.20/15.4.4.20-9-c-iii-1-6.js
./ch15/15.4/15.4.4/15.4.4.20/15.4.4.20-9-c-iii-1.js
./ch15/15.4/15.4.4/15.4.4.20/15.4.4.20-9-c-iii-10.js
./ch15/15.4/15.4.4/15.4.4.20/15.4.4.20-9-c-iii-11.js
./ch15/15.4/15.4.4/15.4.4.20/15.4.4.20-9-c-iii-12.js
./ch15/15.4/15.4.4/15.4.4.20/15.4.4.20-9-c-iii-13.js
./ch15/15.4/15.4.4/15.4.4.20/15.4.4.20-9-c-iii-14.js
./ch15/15.4/15.4.4/15.4.4.20/15.4.4.20-9-c-iii-15.js
./ch15/15.4/15.4.4/15.4.4.20/15.4.4.20-9-c-iii-16.js
./ch15/15.4/15.4.4/15.4.4.20/15.4.4.20-9-c-iii-17.js
./ch15/15.4/15.4.4/15.4.4.20/15.4.4.20-9-c-iii-18.js
./ch15/15.4/15.4.4/15.4.4.20/15.4.4.20-9-c-iii-19.js
./ch15/15.4/15.4.4/15.4.4.20/15.4.4.20-9-c-iii-2.js
./ch15/15.4/15.4.4/15.4.4.20/15.4.4.20-9-c-iii-20.js
./ch15/15.4/15.4.4/15.4.4.20/15.4.4.20-9-c-iii-21.js
./ch15/15.4/15.4.4/15.4.4.20/15.4.4.20-9-c-iii-22.js
./ch15/15.4/15.4.4/15.4.4.20/15.4.4.20-9-c-iii-23.js
./ch15/15.4/15.4.4/15.4.4.20/15.4.4.20-9-c-iii-24.js
./ch15/15.4/15.4.4/15.4.4.20/15.4.4.20-9-c-iii-25.js
./ch15/15.4/15.4.4/15.4.4.20/15.4.4.20-9-c-iii-26.js
./ch15/15.4/15.4.4/15.4.4.20/15.4.4.20-9-c-iii-28.js
./ch15/15.4/15.4.4/15.4.4.20/15.4.4.20-9-c-iii-29.js
./ch15/15.4/15.4.4/15.4.4.20/15.4.4.20-9-c-iii-3.js
./ch15/15.4/15.4.4/15.4.4.20/15.4.4.20-9-c-iii-30.js
./ch15/15.4/15.4.4/15.4.4.20/15.4.4.20-9-c-iii-4.js
./ch15/15.4/15.4.4/15.4.4.20/15.4.4.20-9-c-iii-5.js
./ch15/15.4/15.4.4/15.4.4.20/15.4.4.20-9-c-iii-6.js
./ch15/15.4/15.4.4/15.4.4.20/15.4.4.20-9-c-iii-7.js
./ch15/15.4/15.4.4/15.4.4.20/15.4.4.20-9-c-iii-8.js
./ch15/15.4/15.4.4/15.4.4.20/15.4.4.20-9-c-iii-9.js
./ch15/15.4/15.4.4/15.4.4.21/15.4.4.21-0-1.js
./ch15/15.4/15.4.4/15.4.4.21/15.4.4.21-0-2.js
./ch15/15.4/15.4.4/15.4.4.21/15.4.4.21-1-1.js
./ch15/15.4/15.4.4/15.4.4.21/15.4.4.21-1-10.js
./ch15/15.4/15.4.4/15.4.4.21/15.4.4.21-1-11.js
./ch15/15.4/15.4.4/15.4.4.21/15.4.4.21-1-12.js
./ch15/15.4/15.4.4/15.4.4.21/15.4.4.21-1-13.js
./ch15/15.4/15.4.4/15.4.4.21/15.4.4.21-1-14.js
./ch15/15.4/15.4.4/15.4.4.21/15.4.4.21-1-15.js
./ch15/15.4/15.4.4/15.4.4.21/15.4.4.21-1-2.js
./ch15/15.4/15.4.4/15.4.4.21/15.4.4.21-1-3.js
./ch15/15.4/15.4.4/15.4.4.21/15.4.4.21-1-4.js
./ch15/15.4/15.4.4/15.4.4.21/15.4.4.21-1-5.js
./ch15/15.4/15.4.4/15.4.4.21/15.4.4.21-1-6.js
./ch15/15.4/15.4.4/15.4.4.21/15.4.4.21-1-7.js
./ch15/15.4/15.4.4/15.4.4.21/15.4.4.21-1-8.js
./ch15/15.4/15.4.4/15.4.4.21/15.4.4.21-1-9.js
./ch15/15.4/15.4.4/15.4.4.21/15.4.4.21-10-1.js
./ch15/15.4/15.4.4/15.4.4.21/15.4.4.21-10-2.js
./ch15/15.4/15.4.4/15.4.4.21/15.4.4.21-10-3.js
./ch15/15.4/15.4.4/15.4.4.21/15.4.4.21-10-4.js
./ch15/15.4/15.4.4/15.4.4.21/15.4.4.21-10-5.js
./ch15/15.4/15.4.4/15.4.4.21/15.4.4.21-10-6.js
./ch15/15.4/15.4.4/15.4.4.21/15.4.4.21-10-7.js
./ch15/15.4/15.4.4/15.4.4.21/15.4.4.21-10-8.js
./ch15/15.4/15.4.4/15.4.4.21/15.4.4.21-2-1.js
./ch15/15.4/15.4.4/15.4.4.21/15.4.4.21-2-10.js
./ch15/15.4/15.4.4/15.4.4.21/15.4.4.21-2-11.js
./ch15/15.4/15.4.4/15.4.4.21/15.4.4.21-2-12.js
./ch15/15.4/15.4.4/15.4.4.21/15.4.4.21-2-13.js
./ch15/15.4/15.4.4/15.4.4.21/15.4.4.21-2-14.js
./ch15/15.4/15.4.4/15.4.4.21/15.4.4.21-2-15.js
./ch15/15.4/15.4.4/15.4.4.21/15.4.4.21-2-17.js
./ch15/15.4/15.4.4/15.4.4.21/15.4.4.21-2-18.js
./ch15/15.4/15.4.4/15.4.4.21/15.4.4.21-2-19.js
./ch15/15.4/15.4.4/15.4.4.21/15.4.4.21-2-2.js
./ch15/15.4/15.4.4/15.4.4.21/15.4.4.21-2-3.js
./ch15/15.4/15.4.4/15.4.4.21/15.4.4.21-2-4.js
./ch15/15.4/15.4.4/15.4.4.21/15.4.4.21-2-5.js
./ch15/15.4/15.4.4/15.4.4.21/15.4.4.21-2-6.js
./ch15/15.4/15.4.4/15.4.4.21/15.4.4.21-2-7.js
./ch15/15.4/15.4.4/15.4.4.21/15.4.4.21-2-8.js
./ch15/15.4/15.4.4/15.4.4.21/15.4.4.21-2-9.js
./ch15/15.4/15.4.4/15.4.4.21/15.4.4.21-3-1.js
./ch15/15.4/15.4.4/15.4.4.21/15.4.4.21-3-10.js
./ch15/15.4/15.4.4/15.4.4.21/15.4.4.21-3-11.js
./ch15/15.4/15.4.4/15.4.4.21/15.4.4.21-3-12.js
./ch15/15.4/15.4.4/15.4.4.21/15.4.4.21-3-13.js
./ch15/15.4/15.4.4/15.4.4.21/15.4.4.21-3-14.js
./ch15/15.4/15.4.4/15.4.4.21/15.4.4.21-3-15.js
./ch15/15.4/15.4.4/15.4.4.21/15.4.4.21-3-16.js
./ch15/15.4/15.4.4/15.4.4.21/15.4.4.21-3-17.js
./ch15/15.4/15.4.4/15.4.4.21/15.4.4.21-3-18.js
./ch15/15.4/15.4.4/15.4.4.21/15.4.4.21-3-19.js
./ch15/15.4/15.4.4/15.4.4.21/15.4.4.21-3-2.js
./ch15/15.4/15.4.4/15.4.4.21/15.4.4.21-3-20.js
./ch15/15.4/15.4.4/15.4.4.21/15.4.4.21-3-21.js
./ch15/15.4/15.4.4/15.4.4.21/15.4.4.21-3-22.js
./ch15/15.4/15.4.4/15.4.4.21/15.4.4.21-3-23.js
./ch15/15.4/15.4.4/15.4.4.21/15.4.4.21-3-24.js
./ch15/15.4/15.4.4/15.4.4.21/15.4.4.21-3-25.js
./ch15/15.4/15.4.4/15.4.4.21/15.4.4.21-3-28.js
./ch15/15.4/15.4.4/15.4.4.21/15.4.4.21-3-29.js
./ch15/15.4/15.4.4/15.4.4.21/15.4.4.21-3-3.js
./ch15/15.4/15.4.4/15.4.4.21/15.4.4.21-3-4.js
./ch15/15.4/15.4.4/15.4.4.21/15.4.4.21-3-5.js
./ch15/15.4/15.4.4/15.4.4.21/15.4.4.21-3-6.js
./ch15/15.4/15.4.4/15.4.4.21/15.4.4.21-3-7.js
./ch15/15.4/15.4.4/15.4.4.21/15.4.4.21-3-8.js
./ch15/15.4/15.4.4/15.4.4.21/15.4.4.21-3-9.js
./ch15/15.4/15.4.4/15.4.4.21/15.4.4.21-4-1.js
./ch15/15.4/15.4.4/15.4.4.21/15.4.4.21-4-12.js
./ch15/15.4/15.4.4/15.4.4.21/15.4.4.21-4-15.js
./ch15/15.4/15.4.4/15.4.4.21/15.4.4.21-4-2.js
./ch15/15.4/15.4.4/15.4.4.21/15.4.4.21-4-3.js
./ch15/15.4/15.4.4/15.4.4.21/15.4.4.21-4-4.js
./ch15/15.4/15.4.4/15.4.4.21/15.4.4.21-4-5.js
./ch15/15.4/15.4.4/15.4.4.21/15.4.4.21-4-6.js
./ch15/15.4/15.4.4/15.4.4.21/15.4.4.21-4-7.js
./ch15/15.4/15.4.4/15.4.4.21/15.4.4.21-4-8.js
./ch15/15.4/15.4.4/15.4.4.21/15.4.4.21-4-9.js
./ch15/15.4/15.4.4/15.4.4.21/15.4.4.21-5-1.js
./ch15/15.4/15.4.4/15.4.4.21/15.4.4.21-5-10.js
./ch15/15.4/15.4.4/15.4.4.21/15.4.4.21-5-11.js
./ch15/15.4/15.4.4/15.4.4.21/15.4.4.21-5-2.js
./ch15/15.4/15.4.4/15.4.4.21/15.4.4.21-5-3.js
./ch15/15.4/15.4.4/15.4.4.21/15.4.4.21-5-4.js
./ch15/15.4/15.4.4/15.4.4.21/15.4.4.21-5-5.js
./ch15/15.4/15.4.4/15.4.4.21/15.4.4.21-5-6.js
./ch15/15.4/15.4.4/15.4.4.21/15.4.4.21-5-7.js
./ch15/15.4/15.4.4/15.4.4.21/15.4.4.21-5-8.js
./ch15/15.4/15.4.4/15.4.4.21/15.4.4.21-5-9.js
./ch15/15.4/15.4.4/15.4.4.21/15.4.4.21-7-1.js
./ch15/15.4/15.4.4/15.4.4.21/15.4.4.21-7-10.js
./ch15/15.4/15.4.4/15.4.4.21/15.4.4.21-7-11.js
./ch15/15.4/15.4.4/15.4.4.21/15.4.4.21-7-2.js
./ch15/15.4/15.4.4/15.4.4.21/15.4.4.21-7-3.js
./ch15/15.4/15.4.4/15.4.4.21/15.4.4.21-7-4.js
./ch15/15.4/15.4.4/15.4.4.21/15.4.4.21-7-5.js
./ch15/15.4/15.4.4/15.4.4.21/15.4.4.21-7-6.js
./ch15/15.4/15.4.4/15.4.4.21/15.4.4.21-7-7.js
./ch15/15.4/15.4.4/15.4.4.21/15.4.4.21-7-8.js
./ch15/15.4/15.4.4/15.4.4.21/15.4.4.21-7-9.js
./ch15/15.4/15.4.4/15.4.4.21/15.4.4.21-8-b-2.js
./ch15/15.4/15.4.4/15.4.4.21/15.4.4.21-8-b-3.js
./ch15/15.4/15.4.4/15.4.4.21/15.4.4.21-8-b-ii-1.js
./ch15/15.4/15.4.4/15.4.4.21/15.4.4.21-8-b-ii-2.js
./ch15/15.4/15.4.4/15.4.4.21/15.4.4.21-8-b-iii-1-1.js
./ch15/15.4/15.4.4/15.4.4.21/15.4.4.21-8-b-iii-1-10.js
./ch15/15.4/15.4.4/15.4.4.21/15.4.4.21-8-b-iii-1-11.js
./ch15/15.4/15.4.4/15.4.4.21/15.4.4.21-8-b-iii-1-12.js
./ch15/15.4/15.4.4/15.4.4.21/15.4.4.21-8-b-iii-1-13.js
./ch15/15.4/15.4.4/15.4.4.21/15.4.4.21-8-b-iii-1-14.js
./ch15/15.4/15.4.4/15.4.4.21/15.4.4.21-8-b-iii-1-15.js
./ch15/15.4/15.4.4/15.4.4.21/15.4.4.21-8-b-iii-1-16.js
./ch15/15.4/15.4.4/15.4.4.21/15.4.4.21-8-b-iii-1-17.js
./ch15/15.4/15.4.4/15.4.4.21/15.4.4.21-8-b-iii-1-18.js
./ch15/15.4/15.4.4/15.4.4.21/15.4.4.21-8-b-iii-1-19.js
./ch15/15.4/15.4.4/15.4.4.21/15.4.4.21-8-b-iii-1-2.js
./ch15/15.4/15.4.4/15.4.4.21/15.4.4.21-8-b-iii-1-20.js
./ch15/15.4/15.4.4/15.4.4.21/15.4.4.21-8-b-iii-1-21.js
./ch15/15.4/15.4.4/15.4.4.21/15.4.4.21-8-b-iii-1-22.js
./ch15/15.4/15.4.4/15.4.4.21/15.4.4.21-8-b-iii-1-23.js
./ch15/15.4/15.4.4/15.4.4.21/15.4.4.21-8-b-iii-1-25.js
./ch15/15.4/15.4.4/15.4.4.21/15.4.4.21-8-b-iii-1-26.js
./ch15/15.4/15.4.4/15.4.4.21/15.4.4.21-8-b-iii-1-27.js
./ch15/15.4/15.4.4/15.4.4.21/15.4.4.21-8-b-iii-1-28.js
./ch15/15.4/15.4.4/15.4.4.21/15.4.4.21-8-b-iii-1-29.js
./ch15/15.4/15.4.4/15.4.4.21/15.4.4.21-8-b-iii-1-3.js
./ch15/15.4/15.4.4/15.4.4.21/15.4.4.21-8-b-iii-1-30.js
./ch15/15.4/15.4.4/15.4.4.21/15.4.4.21-8-b-iii-1-31.js
./ch15/15.4/15.4.4/15.4.4.21/15.4.4.21-8-b-iii-1-32.js
./ch15/15.4/15.4.4/15.4.4.21/15.4.4.21-8-b-iii-1-33.js
./ch15/15.4/15.4.4/15.4.4.21/15.4.4.21-8-b-iii-1-4.js
./ch15/15.4/15.4.4/15.4.4.21/15.4.4.21-8-b-iii-1-5.js
./ch15/15.4/15.4.4/15.4.4.21/15.4.4.21-8-b-iii-1-6.js
./ch15/15.4/15.4.4/15.4.4.21/15.4.4.21-8-b-iii-1-7.js
./ch15/15.4/15.4.4/15.4.4.21/15.4.4.21-8-b-iii-1-8.js
./ch15/15.4/15.4.4/15.4.4.21/15.4.4.21-8-b-iii-1-9.js
./ch15/15.4/15.4.4/15.4.4.21/15.4.4.21-8-c-1.js
./ch15/15.4/15.4.4/15.4.4.21/15.4.4.21-8-c-2.js
./ch15/15.4/15.4.4/15.4.4.21/15.4.4.21-8-c-3.js
./ch15/15.4/15.4.4/15.4.4.21/15.4.4.21-8-c-4.js
./ch15/15.4/15.4.4/15.4.4.21/15.4.4.21-8-c-5.js
./ch15/15.4/15.4.4/15.4.4.21/15.4.4.21-8-c-6.js
./ch15/15.4/15.4.4/15.4.4.21/15.4.4.21-9-1.js
./ch15/15.4/15.4.4/15.4.4.21/15.4.4.21-9-10.js
./ch15/15.4/15.4.4/15.4.4.21/15.4.4.21-9-2.js
./ch15/15.4/15.4.4/15.4.4.21/15.4.4.21-9-3.js
./ch15/15.4/15.4.4/15.4.4.21/15.4.4.21-9-4.js
./ch15/15.4/15.4.4/15.4.4.21/15.4.4.21-9-5.js
./ch15/15.4/15.4.4/15.4.4.21/15.4.4.21-9-6.js
./ch15/15.4/15.4.4/15.4.4.21/15.4.4.21-9-7.js
./ch15/15.4/15.4.4/15.4.4.21/15.4.4.21-9-8.js
./ch15/15.4/15.4.4/15.4.4.21/15.4.4.21-9-9.js
./ch15/15.4/15.4.4/15.4.4.21/15.4.4.21-9-b-1.js
./ch15/15.4/15.4.4/15.4.4.21/15.4.4.21-9-b-10.js
./ch15/15.4/15.4.4/15.4.4.21/15.4.4.21-9-b-11.js
./ch15/15.4/15.4.4/15.4.4.21/15.4.4.21-9-b-12.js
./ch15/15.4/15.4.4/15.4.4.21/15.4.4.21-9-b-13.js
./ch15/15.4/15.4.4/15.4.4.21/15.4.4.21-9-b-14.js
./ch15/15.4/15.4.4/15.4.4.21/15.4.4.21-9-b-15.js
./ch15/15.4/15.4.4/15.4.4.21/15.4.4.21-9-b-16.js
./ch15/15.4/15.4.4/15.4.4.21/15.4.4.21-9-b-17.js
./ch15/15.4/15.4.4/15.4.4.21/15.4.4.21-9-b-18.js
./ch15/15.4/15.4.4/15.4.4.21/15.4.4.21-9-b-19.js
./ch15/15.4/15.4.4/15.4.4.21/15.4.4.21-9-b-2.js
./ch15/15.4/15.4.4/15.4.4.21/15.4.4.21-9-b-20.js
./ch15/15.4/15.4.4/15.4.4.21/15.4.4.21-9-b-21.js
./ch15/15.4/15.4.4/15.4.4.21/15.4.4.21-9-b-22.js
./ch15/15.4/15.4.4/15.4.4.21/15.4.4.21-9-b-23.js
./ch15/15.4/15.4.4/15.4.4.21/15.4.4.21-9-b-24.js
./ch15/15.4/15.4.4/15.4.4.21/15.4.4.21-9-b-25.js
./ch15/15.4/15.4.4/15.4.4.21/15.4.4.21-9-b-26.js
./ch15/15.4/15.4.4/15.4.4.21/15.4.4.21-9-b-27.js
./ch15/15.4/15.4.4/15.4.4.21/15.4.4.21-9-b-28.js
./ch15/15.4/15.4.4/15.4.4.21/15.4.4.21-9-b-29.js
./ch15/15.4/15.4.4/15.4.4.21/15.4.4.21-9-b-3.js
./ch15/15.4/15.4.4/15.4.4.21/15.4.4.21-9-b-4.js
./ch15/15.4/15.4.4/15.4.4.21/15.4.4.21-9-b-5.js
./ch15/15.4/15.4.4/15.4.4.21/15.4.4.21-9-b-6.js
./ch15/15.4/15.4.4/15.4.4.21/15.4.4.21-9-b-7.js
./ch15/15.4/15.4.4/15.4.4.21/15.4.4.21-9-b-8.js
./ch15/15.4/15.4.4/15.4.4.21/15.4.4.21-9-b-9.js
./ch15/15.4/15.4.4/15.4.4.21/15.4.4.21-9-c-1.js
./ch15/15.4/15.4.4/15.4.4.21/15.4.4.21-9-c-i-1.js
./ch15/15.4/15.4.4/15.4.4.21/15.4.4.21-9-c-i-10.js
./ch15/15.4/15.4.4/15.4.4.21/15.4.4.21-9-c-i-11.js
./ch15/15.4/15.4.4/15.4.4.21/15.4.4.21-9-c-i-12.js
./ch15/15.4/15.4.4/15.4.4.21/15.4.4.21-9-c-i-13.js
./ch15/15.4/15.4.4/15.4.4.21/15.4.4.21-9-c-i-14.js
./ch15/15.4/15.4.4/15.4.4.21/15.4.4.21-9-c-i-15.js
./ch15/15.4/15.4.4/15.4.4.21/15.4.4.21-9-c-i-16.js
./ch15/15.4/15.4.4/15.4.4.21/15.4.4.21-9-c-i-17.js
./ch15/15.4/15.4.4/15.4.4.21/15.4.4.21-9-c-i-18.js
./ch15/15.4/15.4.4/15.4.4.21/15.4.4.21-9-c-i-19.js
./ch15/15.4/15.4.4/15.4.4.21/15.4.4.21-9-c-i-2.js
./ch15/15.4/15.4.4/15.4.4.21/15.4.4.21-9-c-i-20.js
./ch15/15.4/15.4.4/15.4.4.21/15.4.4.21-9-c-i-21.js
./ch15/15.4/15.4.4/15.4.4.21/15.4.4.21-9-c-i-22.js
./ch15/15.4/15.4.4/15.4.4.21/15.4.4.21-9-c-i-23.js
./ch15/15.4/15.4.4/15.4.4.21/15.4.4.21-9-c-i-25.js
./ch15/15.4/15.4.4/15.4.4.21/15.4.4.21-9-c-i-26.js
./ch15/15.4/15.4.4/15.4.4.21/15.4.4.21-9-c-i-27.js
./ch15/15.4/15.4.4/15.4.4.21/15.4.4.21-9-c-i-28.js
./ch15/15.4/15.4.4/15.4.4.21/15.4.4.21-9-c-i-29.js
./ch15/15.4/15.4.4/15.4.4.21/15.4.4.21-9-c-i-3.js
./ch15/15.4/15.4.4/15.4.4.21/15.4.4.21-9-c-i-30.js
./ch15/15.4/15.4.4/15.4.4.21/15.4.4.21-9-c-i-31.js
./ch15/15.4/15.4.4/15.4.4.21/15.4.4.21-9-c-i-32.js
./ch15/15.4/15.4.4/15.4.4.21/15.4.4.21-9-c-i-33.js
./ch15/15.4/15.4.4/15.4.4.21/15.4.4.21-9-c-i-4.js
./ch15/15.4/15.4.4/15.4.4.21/15.4.4.21-9-c-i-5.js
./ch15/15.4/15.4.4/15.4.4.21/15.4.4.21-9-c-i-6.js
./ch15/15.4/15.4.4/15.4.4.21/15.4.4.21-9-c-i-7.js
./ch15/15.4/15.4.4/15.4.4.21/15.4.4.21-9-c-i-8.js
./ch15/15.4/15.4.4/15.4.4.21/15.4.4.21-9-c-i-9.js
./ch15/15.4/15.4.4/15.4.4.21/15.4.4.21-9-c-ii-1.js
./ch15/15.4/15.4.4/15.4.4.21/15.4.4.21-9-c-ii-10.js
./ch15/15.4/15.4.4/15.4.4.21/15.4.4.21-9-c-ii-11.js
./ch15/15.4/15.4.4/15.4.4.21/15.4.4.21-9-c-ii-12.js
./ch15/15.4/15.4.4/15.4.4.21/15.4.4.21-9-c-ii-13.js
./ch15/15.4/15.4.4/15.4.4.21/15.4.4.21-9-c-ii-14.js
./ch15/15.4/15.4.4/15.4.4.21/15.4.4.21-9-c-ii-16.js
./ch15/15.4/15.4.4/15.4.4.21/15.4.4.21-9-c-ii-17.js
./ch15/15.4/15.4.4/15.4.4.21/15.4.4.21-9-c-ii-18.js
./ch15/15.4/15.4.4/15.4.4.21/15.4.4.21-9-c-ii-19.js
./ch15/15.4/15.4.4/15.4.4.21/15.4.4.21-9-c-ii-2.js
./ch15/15.4/15.4.4/15.4.4.21/15.4.4.21-9-c-ii-20.js
./ch15/15.4/15.4.4/15.4.4.21/15.4.4.21-9-c-ii-21.js
./ch15/15.4/15.4.4/15.4.4.21/15.4.4.21-9-c-ii-22.js
./ch15/15.4/15.4.4/15.4.4.21/15.4.4.21-9-c-ii-23.js
./ch15/15.4/15.4.4/15.4.4.21/15.4.4.21-9-c-ii-24.js
./ch15/15.4/15.4.4/15.4.4.21/15.4.4.21-9-c-ii-25.js
./ch15/15.4/15.4.4/15.4.4.21/15.4.4.21-9-c-ii-26.js
./ch15/15.4/15.4.4/15.4.4.21/15.4.4.21-9-c-ii-27.js
./ch15/15.4/15.4.4/15.4.4.21/15.4.4.21-9-c-ii-28.js
./ch15/15.4/15.4.4/15.4.4.21/15.4.4.21-9-c-ii-29.js
./ch15/15.4/15.4.4/15.4.4.21/15.4.4.21-9-c-ii-3.js
./ch15/15.4/15.4.4/15.4.4.21/15.4.4.21-9-c-ii-30.js
./ch15/15.4/15.4.4/15.4.4.21/15.4.4.21-9-c-ii-31.js
./ch15/15.4/15.4.4/15.4.4.21/15.4.4.21-9-c-ii-32.js
./ch15/15.4/15.4.4/15.4.4.21/15.4.4.21-9-c-ii-33.js
./ch15/15.4/15.4.4/15.4.4.21/15.4.4.21-9-c-ii-34.js
./ch15/15.4/15.4.4/15.4.4.21/15.4.4.21-9-c-ii-35.js
./ch15/15.4/15.4.4/15.4.4.21/15.4.4.21-9-c-ii-37.js
./ch15/15.4/15.4.4/15.4.4.21/15.4.4.21-9-c-ii-4-s.js
./ch15/15.4/15.4.4/15.4.4.21/15.4.4.21-9-c-ii-4.js
./ch15/15.4/15.4.4/15.4.4.21/15.4.4.21-9-c-ii-5.js
./ch15/15.4/15.4.4/15.4.4.21/15.4.4.21-9-c-ii-7.js
./ch15/15.4/15.4.4/15.4.4.21/15.4.4.21-9-c-ii-8.js
./ch15/15.4/15.4.4/15.4.4.21/15.4.4.21-9-c-ii-9.js
./ch15/15.4/15.4.4/15.4.4.22/15.4.4.22-0-1.js
./ch15/15.4/15.4.4/15.4.4.22/15.4.4.22-0-2.js
./ch15/15.4/15.4.4/15.4.4.22/15.4.4.22-1-1.js
./ch15/15.4/15.4.4/15.4.4.22/15.4.4.22-1-10.js
./ch15/15.4/15.4.4/15.4.4.22/15.4.4.22-1-11.js
./ch15/15.4/15.4.4/15.4.4.22/15.4.4.22-1-12.js
./ch15/15.4/15.4.4/15.4.4.22/15.4.4.22-1-13.js
./ch15/15.4/15.4.4/15.4.4.22/15.4.4.22-1-14.js
./ch15/15.4/15.4.4/15.4.4.22/15.4.4.22-1-15.js
./ch15/15.4/15.4.4/15.4.4.22/15.4.4.22-1-2.js
./ch15/15.4/15.4.4/15.4.4.22/15.4.4.22-1-3.js
./ch15/15.4/15.4.4/15.4.4.22/15.4.4.22-1-4.js
./ch15/15.4/15.4.4/15.4.4.22/15.4.4.22-1-5.js
./ch15/15.4/15.4.4/15.4.4.22/15.4.4.22-1-6.js
./ch15/15.4/15.4.4/15.4.4.22/15.4.4.22-1-7.js
./ch15/15.4/15.4.4/15.4.4.22/15.4.4.22-1-8.js
./ch15/15.4/15.4.4/15.4.4.22/15.4.4.22-1-9.js
./ch15/15.4/15.4.4/15.4.4.22/15.4.4.22-10-1.js
./ch15/15.4/15.4.4/15.4.4.22/15.4.4.22-10-2.js
./ch15/15.4/15.4.4/15.4.4.22/15.4.4.22-10-3.js
./ch15/15.4/15.4.4/15.4.4.22/15.4.4.22-10-4.js
./ch15/15.4/15.4.4/15.4.4.22/15.4.4.22-10-5.js
./ch15/15.4/15.4.4/15.4.4.22/15.4.4.22-10-6.js
./ch15/15.4/15.4.4/15.4.4.22/15.4.4.22-10-7.js
./ch15/15.4/15.4.4/15.4.4.22/15.4.4.22-10-8.js
./ch15/15.4/15.4.4/15.4.4.22/15.4.4.22-2-1.js
./ch15/15.4/15.4.4/15.4.4.22/15.4.4.22-2-10.js
./ch15/15.4/15.4.4/15.4.4.22/15.4.4.22-2-11.js
./ch15/15.4/15.4.4/15.4.4.22/15.4.4.22-2-12.js
./ch15/15.4/15.4.4/15.4.4.22/15.4.4.22-2-13.js
./ch15/15.4/15.4.4/15.4.4.22/15.4.4.22-2-14.js
./ch15/15.4/15.4.4/15.4.4.22/15.4.4.22-2-15.js
./ch15/15.4/15.4.4/15.4.4.22/15.4.4.22-2-17.js
./ch15/15.4/15.4.4/15.4.4.22/15.4.4.22-2-18.js
./ch15/15.4/15.4.4/15.4.4.22/15.4.4.22-2-19.js
./ch15/15.4/15.4.4/15.4.4.22/15.4.4.22-2-2.js
./ch15/15.4/15.4.4/15.4.4.22/15.4.4.22-2-3.js
./ch15/15.4/15.4.4/15.4.4.22/15.4.4.22-2-4.js
./ch15/15.4/15.4.4/15.4.4.22/15.4.4.22-2-5.js
./ch15/15.4/15.4.4/15.4.4.22/15.4.4.22-2-6.js
./ch15/15.4/15.4.4/15.4.4.22/15.4.4.22-2-7.js
./ch15/15.4/15.4.4/15.4.4.22/15.4.4.22-2-8.js
./ch15/15.4/15.4.4/15.4.4.22/15.4.4.22-2-9.js
./ch15/15.4/15.4.4/15.4.4.22/15.4.4.22-3-1.js
./ch15/15.4/15.4.4/15.4.4.22/15.4.4.22-3-10.js
./ch15/15.4/15.4.4/15.4.4.22/15.4.4.22-3-11.js
./ch15/15.4/15.4.4/15.4.4.22/15.4.4.22-3-12.js
./ch15/15.4/15.4.4/15.4.4.22/15.4.4.22-3-13.js
./ch15/15.4/15.4.4/15.4.4.22/15.4.4.22-3-14.js
./ch15/15.4/15.4.4/15.4.4.22/15.4.4.22-3-15.js
./ch15/15.4/15.4.4/15.4.4.22/15.4.4.22-3-16.js
./ch15/15.4/15.4.4/15.4.4.22/15.4.4.22-3-17.js
./ch15/15.4/15.4.4/15.4.4.22/15.4.4.22-3-18.js
./ch15/15.4/15.4.4/15.4.4.22/15.4.4.22-3-19.js
./ch15/15.4/15.4.4/15.4.4.22/15.4.4.22-3-2.js
./ch15/15.4/15.4.4/15.4.4.22/15.4.4.22-3-20.js
./ch15/15.4/15.4.4/15.4.4.22/15.4.4.22-3-21.js
./ch15/15.4/15.4.4/15.4.4.22/15.4.4.22-3-22.js
./ch15/15.4/15.4.4/15.4.4.22/15.4.4.22-3-23.js
./ch15/15.4/15.4.4/15.4.4.22/15.4.4.22-3-24.js
./ch15/15.4/15.4.4/15.4.4.22/15.4.4.22-3-25.js
./ch15/15.4/15.4.4/15.4.4.22/15.4.4.22-3-28.js
./ch15/15.4/15.4.4/15.4.4.22/15.4.4.22-3-29.js
./ch15/15.4/15.4.4/15.4.4.22/15.4.4.22-3-3.js
./ch15/15.4/15.4.4/15.4.4.22/15.4.4.22-3-4.js
./ch15/15.4/15.4.4/15.4.4.22/15.4.4.22-3-5.js
./ch15/15.4/15.4.4/15.4.4.22/15.4.4.22-3-6.js
./ch15/15.4/15.4.4/15.4.4.22/15.4.4.22-3-7.js
./ch15/15.4/15.4.4/15.4.4.22/15.4.4.22-3-8.js
./ch15/15.4/15.4.4/15.4.4.22/15.4.4.22-3-9.js
./ch15/15.4/15.4.4/15.4.4.22/15.4.4.22-4-1.js
./ch15/15.4/15.4.4/15.4.4.22/15.4.4.22-4-12.js
./ch15/15.4/15.4.4/15.4.4.22/15.4.4.22-4-15.js
./ch15/15.4/15.4.4/15.4.4.22/15.4.4.22-4-2.js
./ch15/15.4/15.4.4/15.4.4.22/15.4.4.22-4-3.js
./ch15/15.4/15.4.4/15.4.4.22/15.4.4.22-4-4.js
./ch15/15.4/15.4.4/15.4.4.22/15.4.4.22-4-5.js
./ch15/15.4/15.4.4/15.4.4.22/15.4.4.22-4-6.js
./ch15/15.4/15.4.4/15.4.4.22/15.4.4.22-4-7.js
./ch15/15.4/15.4.4/15.4.4.22/15.4.4.22-4-8.js
./ch15/15.4/15.4.4/15.4.4.22/15.4.4.22-4-9.js
./ch15/15.4/15.4.4/15.4.4.22/15.4.4.22-5-1.js
./ch15/15.4/15.4.4/15.4.4.22/15.4.4.22-5-10.js
./ch15/15.4/15.4.4/15.4.4.22/15.4.4.22-5-11.js
./ch15/15.4/15.4.4/15.4.4.22/15.4.4.22-5-2.js
./ch15/15.4/15.4.4/15.4.4.22/15.4.4.22-5-3.js
./ch15/15.4/15.4.4/15.4.4.22/15.4.4.22-5-4.js
./ch15/15.4/15.4.4/15.4.4.22/15.4.4.22-5-5.js
./ch15/15.4/15.4.4/15.4.4.22/15.4.4.22-5-6.js
./ch15/15.4/15.4.4/15.4.4.22/15.4.4.22-5-7.js
./ch15/15.4/15.4.4/15.4.4.22/15.4.4.22-5-8.js
./ch15/15.4/15.4.4/15.4.4.22/15.4.4.22-5-9.js
./ch15/15.4/15.4.4/15.4.4.22/15.4.4.22-7-1.js
./ch15/15.4/15.4.4/15.4.4.22/15.4.4.22-7-10.js
./ch15/15.4/15.4.4/15.4.4.22/15.4.4.22-7-11.js
./ch15/15.4/15.4.4/15.4.4.22/15.4.4.22-7-2.js
./ch15/15.4/15.4.4/15.4.4.22/15.4.4.22-7-3.js
./ch15/15.4/15.4.4/15.4.4.22/15.4.4.22-7-4.js
./ch15/15.4/15.4.4/15.4.4.22/15.4.4.22-7-5.js
./ch15/15.4/15.4.4/15.4.4.22/15.4.4.22-7-6.js
./ch15/15.4/15.4.4/15.4.4.22/15.4.4.22-7-7.js
./ch15/15.4/15.4.4/15.4.4.22/15.4.4.22-7-8.js
./ch15/15.4/15.4.4/15.4.4.22/15.4.4.22-7-9.js
./ch15/15.4/15.4.4/15.4.4.22/15.4.4.22-8-b-2.js
./ch15/15.4/15.4.4/15.4.4.22/15.4.4.22-8-b-3.js
./ch15/15.4/15.4.4/15.4.4.22/15.4.4.22-8-b-ii-1.js
./ch15/15.4/15.4.4/15.4.4.22/15.4.4.22-8-b-ii-2.js
./ch15/15.4/15.4.4/15.4.4.22/15.4.4.22-8-b-iii-1-1.js
./ch15/15.4/15.4.4/15.4.4.22/15.4.4.22-8-b-iii-1-10.js
./ch15/15.4/15.4.4/15.4.4.22/15.4.4.22-8-b-iii-1-11.js
./ch15/15.4/15.4.4/15.4.4.22/15.4.4.22-8-b-iii-1-12.js
./ch15/15.4/15.4.4/15.4.4.22/15.4.4.22-8-b-iii-1-13.js
./ch15/15.4/15.4.4/15.4.4.22/15.4.4.22-8-b-iii-1-14.js
./ch15/15.4/15.4.4/15.4.4.22/15.4.4.22-8-b-iii-1-15.js
./ch15/15.4/15.4.4/15.4.4.22/15.4.4.22-8-b-iii-1-16.js
./ch15/15.4/15.4.4/15.4.4.22/15.4.4.22-8-b-iii-1-17.js
./ch15/15.4/15.4.4/15.4.4.22/15.4.4.22-8-b-iii-1-18.js
./ch15/15.4/15.4.4/15.4.4.22/15.4.4.22-8-b-iii-1-19.js
./ch15/15.4/15.4.4/15.4.4.22/15.4.4.22-8-b-iii-1-2.js
./ch15/15.4/15.4.4/15.4.4.22/15.4.4.22-8-b-iii-1-20.js
./ch15/15.4/15.4.4/15.4.4.22/15.4.4.22-8-b-iii-1-21.js
./ch15/15.4/15.4.4/15.4.4.22/15.4.4.22-8-b-iii-1-22.js
./ch15/15.4/15.4.4/15.4.4.22/15.4.4.22-8-b-iii-1-23.js
./ch15/15.4/15.4.4/15.4.4.22/15.4.4.22-8-b-iii-1-25.js
./ch15/15.4/15.4.4/15.4.4.22/15.4.4.22-8-b-iii-1-26.js
./ch15/15.4/15.4.4/15.4.4.22/15.4.4.22-8-b-iii-1-27.js
./ch15/15.4/15.4.4/15.4.4.22/15.4.4.22-8-b-iii-1-28.js
./ch15/15.4/15.4.4/15.4.4.22/15.4.4.22-8-b-iii-1-29.js
./ch15/15.4/15.4.4/15.4.4.22/15.4.4.22-8-b-iii-1-3.js
./ch15/15.4/15.4.4/15.4.4.22/15.4.4.22-8-b-iii-1-30.js
./ch15/15.4/15.4.4/15.4.4.22/15.4.4.22-8-b-iii-1-31.js
./ch15/15.4/15.4.4/15.4.4.22/15.4.4.22-8-b-iii-1-32.js
./ch15/15.4/15.4.4/15.4.4.22/15.4.4.22-8-b-iii-1-33.js
./ch15/15.4/15.4.4/15.4.4.22/15.4.4.22-8-b-iii-1-4.js
./ch15/15.4/15.4.4/15.4.4.22/15.4.4.22-8-b-iii-1-5.js
./ch15/15.4/15.4.4/15.4.4.22/15.4.4.22-8-b-iii-1-6.js
./ch15/15.4/15.4.4/15.4.4.22/15.4.4.22-8-b-iii-1-7.js
./ch15/15.4/15.4.4/15.4.4.22/15.4.4.22-8-b-iii-1-8.js
./ch15/15.4/15.4.4/15.4.4.22/15.4.4.22-8-b-iii-1-9.js
./ch15/15.4/15.4.4/15.4.4.22/15.4.4.22-8-c-1.js
./ch15/15.4/15.4.4/15.4.4.22/15.4.4.22-8-c-2.js
./ch15/15.4/15.4.4/15.4.4.22/15.4.4.22-8-c-3.js
./ch15/15.4/15.4.4/15.4.4.22/15.4.4.22-8-c-4.js
./ch15/15.4/15.4.4/15.4.4.22/15.4.4.22-8-c-5.js
./ch15/15.4/15.4.4/15.4.4.22/15.4.4.22-8-c-6.js
./ch15/15.4/15.4.4/15.4.4.22/15.4.4.22-9-1.js
./ch15/15.4/15.4.4/15.4.4.22/15.4.4.22-9-2.js
./ch15/15.4/15.4.4/15.4.4.22/15.4.4.22-9-3.js
./ch15/15.4/15.4.4/15.4.4.22/15.4.4.22-9-4.js
./ch15/15.4/15.4.4/15.4.4.22/15.4.4.22-9-5.js
./ch15/15.4/15.4.4/15.4.4.22/15.4.4.22-9-6.js
./ch15/15.4/15.4.4/15.4.4.22/15.4.4.22-9-7.js
./ch15/15.4/15.4.4/15.4.4.22/15.4.4.22-9-8.js
./ch15/15.4/15.4.4/15.4.4.22/15.4.4.22-9-9.js
./ch15/15.4/15.4.4/15.4.4.22/15.4.4.22-9-b-1.js
./ch15/15.4/15.4.4/15.4.4.22/15.4.4.22-9-b-10.js
./ch15/15.4/15.4.4/15.4.4.22/15.4.4.22-9-b-11.js
./ch15/15.4/15.4.4/15.4.4.22/15.4.4.22-9-b-12.js
./ch15/15.4/15.4.4/15.4.4.22/15.4.4.22-9-b-13.js
./ch15/15.4/15.4.4/15.4.4.22/15.4.4.22-9-b-14.js
./ch15/15.4/15.4.4/15.4.4.22/15.4.4.22-9-b-15.js
./ch15/15.4/15.4.4/15.4.4.22/15.4.4.22-9-b-16.js
./ch15/15.4/15.4.4/15.4.4.22/15.4.4.22-9-b-17.js
./ch15/15.4/15.4.4/15.4.4.22/15.4.4.22-9-b-18.js
./ch15/15.4/15.4.4/15.4.4.22/15.4.4.22-9-b-19.js
./ch15/15.4/15.4.4/15.4.4.22/15.4.4.22-9-b-2.js
./ch15/15.4/15.4.4/15.4.4.22/15.4.4.22-9-b-20.js
./ch15/15.4/15.4.4/15.4.4.22/15.4.4.22-9-b-21.js
./ch15/15.4/15.4.4/15.4.4.22/15.4.4.22-9-b-22.js
./ch15/15.4/15.4.4/15.4.4.22/15.4.4.22-9-b-23.js
./ch15/15.4/15.4.4/15.4.4.22/15.4.4.22-9-b-24.js
./ch15/15.4/15.4.4/15.4.4.22/15.4.4.22-9-b-25.js
./ch15/15.4/15.4.4/15.4.4.22/15.4.4.22-9-b-26.js
./ch15/15.4/15.4.4/15.4.4.22/15.4.4.22-9-b-27.js
./ch15/15.4/15.4.4/15.4.4.22/15.4.4.22-9-b-28.js
./ch15/15.4/15.4.4/15.4.4.22/15.4.4.22-9-b-29.js
./ch15/15.4/15.4.4/15.4.4.22/15.4.4.22-9-b-3.js
./ch15/15.4/15.4.4/15.4.4.22/15.4.4.22-9-b-4.js
./ch15/15.4/15.4.4/15.4.4.22/15.4.4.22-9-b-5.js
./ch15/15.4/15.4.4/15.4.4.22/15.4.4.22-9-b-6.js
./ch15/15.4/15.4.4/15.4.4.22/15.4.4.22-9-b-7.js
./ch15/15.4/15.4.4/15.4.4.22/15.4.4.22-9-b-8.js
./ch15/15.4/15.4.4/15.4.4.22/15.4.4.22-9-b-9.js
./ch15/15.4/15.4.4/15.4.4.22/15.4.4.22-9-c-1.js
./ch15/15.4/15.4.4/15.4.4.22/15.4.4.22-9-c-i-1.js
./ch15/15.4/15.4.4/15.4.4.22/15.4.4.22-9-c-i-10.js
./ch15/15.4/15.4.4/15.4.4.22/15.4.4.22-9-c-i-11.js
./ch15/15.4/15.4.4/15.4.4.22/15.4.4.22-9-c-i-12.js
./ch15/15.4/15.4.4/15.4.4.22/15.4.4.22-9-c-i-13.js
./ch15/15.4/15.4.4/15.4.4.22/15.4.4.22-9-c-i-14.js
./ch15/15.4/15.4.4/15.4.4.22/15.4.4.22-9-c-i-15.js
./ch15/15.4/15.4.4/15.4.4.22/15.4.4.22-9-c-i-16.js
./ch15/15.4/15.4.4/15.4.4.22/15.4.4.22-9-c-i-17.js
./ch15/15.4/15.4.4/15.4.4.22/15.4.4.22-9-c-i-18.js
./ch15/15.4/15.4.4/15.4.4.22/15.4.4.22-9-c-i-19.js
./ch15/15.4/15.4.4/15.4.4.22/15.4.4.22-9-c-i-2.js
./ch15/15.4/15.4.4/15.4.4.22/15.4.4.22-9-c-i-20.js
./ch15/15.4/15.4.4/15.4.4.22/15.4.4.22-9-c-i-21.js
./ch15/15.4/15.4.4/15.4.4.22/15.4.4.22-9-c-i-22.js
./ch15/15.4/15.4.4/15.4.4.22/15.4.4.22-9-c-i-23.js
./ch15/15.4/15.4.4/15.4.4.22/15.4.4.22-9-c-i-25.js
./ch15/15.4/15.4.4/15.4.4.22/15.4.4.22-9-c-i-26.js
./ch15/15.4/15.4.4/15.4.4.22/15.4.4.22-9-c-i-27.js
./ch15/15.4/15.4.4/15.4.4.22/15.4.4.22-9-c-i-28.js
./ch15/15.4/15.4.4/15.4.4.22/15.4.4.22-9-c-i-29.js
./ch15/15.4/15.4.4/15.4.4.22/15.4.4.22-9-c-i-3.js
./ch15/15.4/15.4.4/15.4.4.22/15.4.4.22-9-c-i-30.js
./ch15/15.4/15.4.4/15.4.4.22/15.4.4.22-9-c-i-31.js
./ch15/15.4/15.4.4/15.4.4.22/15.4.4.22-9-c-i-32.js
./ch15/15.4/15.4.4/15.4.4.22/15.4.4.22-9-c-i-33.js
./ch15/15.4/15.4.4/15.4.4.22/15.4.4.22-9-c-i-4.js
./ch15/15.4/15.4.4/15.4.4.22/15.4.4.22-9-c-i-5.js
./ch15/15.4/15.4.4/15.4.4.22/15.4.4.22-9-c-i-6.js
./ch15/15.4/15.4.4/15.4.4.22/15.4.4.22-9-c-i-7.js
./ch15/15.4/15.4.4/15.4.4.22/15.4.4.22-9-c-i-8.js
./ch15/15.4/15.4.4/15.4.4.22/15.4.4.22-9-c-i-9.js
./ch15/15.4/15.4.4/15.4.4.22/15.4.4.22-9-c-ii-1.js
./ch15/15.4/15.4.4/15.4.4.22/15.4.4.22-9-c-ii-10.js
./ch15/15.4/15.4.4/15.4.4.22/15.4.4.22-9-c-ii-11.js
./ch15/15.4/15.4.4/15.4.4.22/15.4.4.22-9-c-ii-12.js
./ch15/15.4/15.4.4/15.4.4.22/15.4.4.22-9-c-ii-13.js
./ch15/15.4/15.4.4/15.4.4.22/15.4.4.22-9-c-ii-14.js
./ch15/15.4/15.4.4/15.4.4.22/15.4.4.22-9-c-ii-16.js
./ch15/15.4/15.4.4/15.4.4.22/15.4.4.22-9-c-ii-17.js
./ch15/15.4/15.4.4/15.4.4.22/15.4.4.22-9-c-ii-18.js
./ch15/15.4/15.4.4/15.4.4.22/15.4.4.22-9-c-ii-19.js
./ch15/15.4/15.4.4/15.4.4.22/15.4.4.22-9-c-ii-2.js
./ch15/15.4/15.4.4/15.4.4.22/15.4.4.22-9-c-ii-20.js
./ch15/15.4/15.4.4/15.4.4.22/15.4.4.22-9-c-ii-21.js
./ch15/15.4/15.4.4/15.4.4.22/15.4.4.22-9-c-ii-22.js
./ch15/15.4/15.4.4/15.4.4.22/15.4.4.22-9-c-ii-23.js
./ch15/15.4/15.4.4/15.4.4.22/15.4.4.22-9-c-ii-24.js
./ch15/15.4/15.4.4/15.4.4.22/15.4.4.22-9-c-ii-25.js
./ch15/15.4/15.4.4/15.4.4.22/15.4.4.22-9-c-ii-26.js
./ch15/15.4/15.4.4/15.4.4.22/15.4.4.22-9-c-ii-27.js
./ch15/15.4/15.4.4/15.4.4.22/15.4.4.22-9-c-ii-28.js
./ch15/15.4/15.4.4/15.4.4.22/15.4.4.22-9-c-ii-29.js
./ch15/15.4/15.4.4/15.4.4.22/15.4.4.22-9-c-ii-3.js
./ch15/15.4/15.4.4/15.4.4.22/15.4.4.22-9-c-ii-30.js
./ch15/15.4/15.4.4/15.4.4.22/15.4.4.22-9-c-ii-31.js
./ch15/15.4/15.4.4/15.4.4.22/15.4.4.22-9-c-ii-32.js
./ch15/15.4/15.4.4/15.4.4.22/15.4.4.22-9-c-ii-33.js
./ch15/15.4/15.4.4/15.4.4.22/15.4.4.22-9-c-ii-34.js
./ch15/15.4/15.4.4/15.4.4.22/15.4.4.22-9-c-ii-35.js
./ch15/15.4/15.4.4/15.4.4.22/15.4.4.22-9-c-ii-37.js
./ch15/15.4/15.4.4/15.4.4.22/15.4.4.22-9-c-ii-4-s.js
./ch15/15.4/15.4.4/15.4.4.22/15.4.4.22-9-c-ii-4.js
./ch15/15.4/15.4.4/15.4.4.22/15.4.4.22-9-c-ii-5.js
./ch15/15.4/15.4.4/15.4.4.22/15.4.4.22-9-c-ii-8.js
./ch15/15.4/15.4.4/15.4.4.22/15.4.4.22-9-c-ii-9.js
./ch15/15.4/15.4.4/15.4.4.3/S15.4.4.3_A1_T1.js
./ch15/15.4/15.4.4/15.4.4.3/S15.4.4.3_A3_T1.js
./ch15/15.4/15.4.4/15.4.4.3/S15.4.4.3_A4.1.js
./ch15/15.4/15.4.4/15.4.4.3/S15.4.4.3_A4.2.js
./ch15/15.4/15.4.4/15.4.4.3/S15.4.4.3_A4.3.js
./ch15/15.4/15.4.4/15.4.4.3/S15.4.4.3_A4.4.js
./ch15/15.4/15.4.4/15.4.4.3/S15.4.4.3_A4.6.js
./ch15/15.4/15.4.4/15.4.4.3/S15.4.4.3_A4.7.js
./ch15/15.4/15.4.4/15.4.4.4/15.4.4.4-5-b-iii-3-b-1.js
./ch15/15.4/15.4.4/15.4.4.4/15.4.4.4-5-c-i-1.js
./ch15/15.4/15.4.4/15.4.4.4/S15.4.4.4_A1_T1.js
./ch15/15.4/15.4.4/15.4.4.4/S15.4.4.4_A1_T2.js
./ch15/15.4/15.4.4/15.4.4.4/S15.4.4.4_A1_T3.js
./ch15/15.4/15.4.4/15.4.4.4/S15.4.4.4_A1_T4.js
./ch15/15.4/15.4.4/15.4.4.4/S15.4.4.4_A2_T1.js
./ch15/15.4/15.4.4/15.4.4.4/S15.4.4.4_A2_T2.js
./ch15/15.4/15.4.4/15.4.4.4/S15.4.4.4_A3_T1.js
./ch15/15.4/15.4.4/15.4.4.4/S15.4.4.4_A4.2.js
./ch15/15.4/15.4.4/15.4.4.4/S15.4.4.4_A4.7.js
./ch15/15.4/15.4.4/15.4.4.5/S15.4.4.5_A1.1_T1.js
./ch15/15.4/15.4.4/15.4.4.5/S15.4.4.5_A1.2_T1.js
./ch15/15.4/15.4.4/15.4.4.5/S15.4.4.5_A1.2_T2.js
./ch15/15.4/15.4.4/15.4.4.5/S15.4.4.5_A1.3_T1.js
./ch15/15.4/15.4.4/15.4.4.5/S15.4.4.5_A2_T2.js
./ch15/15.4/15.4.4/15.4.4.5/S15.4.4.5_A2_T3.js
./ch15/15.4/15.4.4/15.4.4.5/S15.4.4.5_A3.1_T1.js
./ch15/15.4/15.4.4/15.4.4.5/S15.4.4.5_A3.1_T2.js
./ch15/15.4/15.4.4/15.4.4.5/S15.4.4.5_A3.2_T1.js
./ch15/15.4/15.4.4/15.4.4.5/S15.4.4.5_A3.2_T2.js
./ch15/15.4/15.4.4/15.4.4.5/S15.4.4.5_A4_T1.js
./ch15/15.4/15.4.4/15.4.4.5/S15.4.4.5_A4_T2.js
./ch15/15.4/15.4.4/15.4.4.5/S15.4.4.5_A4_T3.js
./ch15/15.4/15.4.4/15.4.4.5/S15.4.4.5_A5_T1.js
./ch15/15.4/15.4.4/15.4.4.5/S15.4.4.5_A6.2.js
./ch15/15.4/15.4.4/15.4.4.5/S15.4.4.5_A6.7.js
./ch15/15.4/15.4.4/15.4.4.6/S15.4.4.6_A1.1_T1.js
./ch15/15.4/15.4.4/15.4.4.6/S15.4.4.6_A1.2_T1.js
./ch15/15.4/15.4.4/15.4.4.6/S15.4.4.6_A2_T2.js
./ch15/15.4/15.4.4/15.4.4.6/S15.4.4.6_A2_T3.js
./ch15/15.4/15.4.4/15.4.4.6/S15.4.4.6_A2_T4.js
./ch15/15.4/15.4.4/15.4.4.6/S15.4.4.6_A3_T1.js
./ch15/15.4/15.4.4/15.4.4.6/S15.4.4.6_A3_T2.js
./ch15/15.4/15.4.4/15.4.4.6/S15.4.4.6_A3_T3.js
./ch15/15.4/15.4.4/15.4.4.6/S15.4.4.6_A4_T1.js
./ch15/15.4/15.4.4/15.4.4.6/S15.4.4.6_A4_T2.js
./ch15/15.4/15.4.4/15.4.4.6/S15.4.4.6_A5.2.js
./ch15/15.4/15.4.4/15.4.4.6/S15.4.4.6_A5.7.js
./ch15/15.4/15.4.4/15.4.4.7/S15.4.4.7_A1_T1.js
./ch15/15.4/15.4.4/15.4.4.7/S15.4.4.7_A1_T2.js
./ch15/15.4/15.4.4/15.4.4.7/S15.4.4.7_A2_T2.js
./ch15/15.4/15.4.4/15.4.4.7/S15.4.4.7_A3.js
./ch15/15.4/15.4.4/15.4.4.7/S15.4.4.7_A5_T1.js
./ch15/15.4/15.4.4/15.4.4.7/S15.4.4.7_A6.2.js
./ch15/15.4/15.4.4/15.4.4.7/S15.4.4.7_A6.7.js
./ch15/15.4/15.4.4/15.4.4.8/S15.4.4.8_A1_T1.js
./ch15/15.4/15.4.4/15.4.4.8/S15.4.4.8_A1_T2.js
./ch15/15.4/15.4.4/15.4.4.8/S15.4.4.8_A2_T1.js
./ch15/15.4/15.4.4/15.4.4.8/S15.4.4.8_A2_T2.js
./ch15/15.4/15.4.4/15.4.4.8/S15.4.4.8_A2_T3.js
./ch15/15.4/15.4.4/15.4.4.8/S15.4.4.8_A3_T1.js
./ch15/15.4/15.4.4/15.4.4.8/S15.4.4.8_A3_T2.js
./ch15/15.4/15.4.4/15.4.4.8/S15.4.4.8_A3_T3.js
./ch15/15.4/15.4.4/15.4.4.8/S15.4.4.8_A4_T1.js
./ch15/15.4/15.4.4/15.4.4.8/S15.4.4.8_A4_T2.js
./ch15/15.4/15.4.4/15.4.4.8/S15.4.4.8_A5.2.js
./ch15/15.4/15.4.4/15.4.4.8/S15.4.4.8_A5.7.js
./ch15/15.4/15.4.4/15.4.4.9/S15.4.4.9_A1.1_T1.js
./ch15/15.4/15.4.4/15.4.4.9/S15.4.4.9_A1.2_T1.js
./ch15/15.4/15.4.4/15.4.4.9/S15.4.4.9_A2_T2.js
./ch15/15.4/15.4.4/15.4.4.9/S15.4.4.9_A2_T3.js
./ch15/15.4/15.4.4/15.4.4.9/S15.4.4.9_A2_T4.js
./ch15/15.4/15.4.4/15.4.4.9/S15.4.4.9_A2_T5.js
./ch15/15.4/15.4.4/15.4.4.9/S15.4.4.9_A3_T1.js
./ch15/15.4/15.4.4/15.4.4.9/S15.4.4.9_A3_T2.js
./ch15/15.4/15.4.4/15.4.4.9/S15.4.4.9_A3_T3.js
./ch15/15.4/15.4.4/15.4.4.9/S15.4.4.9_A4_T1.js
./ch15/15.4/15.4.4/15.4.4.9/S15.4.4.9_A4_T2.js
./ch15/15.4/15.4.4/15.4.4.9/S15.4.4.9_A5.2.js
./ch15/15.4/15.4.4/15.4.4.9/S15.4.4.9_A5.7.js
./ch15/15.4/15.4.5/15.4.5.1/15.4.5.1-3.d-1.js
./ch15/15.4/15.4.5/15.4.5.1/15.4.5.1-3.d-2.js
./ch15/15.4/15.4.5/15.4.5.1/15.4.5.1-5-1.js
./ch15/15.4/15.4.5/15.4.5.1/15.4.5.1-5-2.js
./ch15/15.4/15.4.5/15.4.5.1/S15.4.5.1_A1.1_T1.js
./ch15/15.4/15.4.5/15.4.5.1/S15.4.5.1_A1.1_T2.js
./ch15/15.4/15.4.5/15.4.5.1/S15.4.5.1_A1.2_T1.js
./ch15/15.4/15.4.5/15.4.5.1/S15.4.5.1_A1.2_T2.js
./ch15/15.4/15.4.5/15.4.5.1/S15.4.5.1_A1.2_T3.js
./ch15/15.4/15.4.5/15.4.5.1/S15.4.5.1_A1.3_T1.js
./ch15/15.4/15.4.5/15.4.5.1/S15.4.5.1_A1.3_T2.js
./ch15/15.4/15.4.5/15.4.5.1/S15.4.5.1_A2.1_T1.js
./ch15/15.4/15.4.5/15.4.5.1/S15.4.5.1_A2.2_T1.js
./ch15/15.4/15.4.5/15.4.5.1/S15.4.5.1_A2.3_T1.js
./ch15/15.4/15.4.5/15.4.5.2/S15.4.5.2_A1_T1.js
./ch15/15.4/15.4.5/15.4.5.2/S15.4.5.2_A1_T2.js
./ch15/15.4/15.4.5/15.4.5.2/S15.4.5.2_A2_T1.js
./ch15/15.4/15.4.5/15.4.5.2/S15.4.5.2_A3_T1.js
./ch15/15.4/15.4.5/15.4.5.2/S15.4.5.2_A3_T2.js
./ch15/15.4/15.4.5/15.4.5.2/S15.4.5.2_A3_T3.js
./ch15/15.4/15.4.5/15.4.5.2/S15.4.5.2_A3_T4.js
./ch15/15.5/15.5.4/15.5.4.10/S15.5.4.10_A1_T1.js
./ch15/15.5/15.5.4/15.5.4.10/S15.5.4.10_A1_T10.js
./ch15/15.5/15.5.4/15.5.4.10/S15.5.4.10_A1_T11.js
./ch15/15.5/15.5.4/15.5.4.10/S15.5.4.10_A1_T12.js
./ch15/15.5/15.5.4/15.5.4.10/S15.5.4.10_A1_T14.js
./ch15/15.5/15.5.4/15.5.4.10/S15.5.4.10_A1_T2.js
./ch15/15.5/15.5.4/15.5.4.10/S15.5.4.10_A1_T3.js
./ch15/15.5/15.5.4/15.5.4.10/S15.5.4.10_A1_T4.js
./ch15/15.5/15.5.4/15.5.4.10/S15.5.4.10_A1_T6.js
./ch15/15.5/15.5.4/15.5.4.10/S15.5.4.10_A1_T7.js
./ch15/15.5/15.5.4/15.5.4.10/S15.5.4.10_A1_T8.js
./ch15/15.5/15.5.4/15.5.4.10/S15.5.4.10_A1_T9.js
./ch15/15.5/15.5.4/15.5.4.10/S15.5.4.10_A2_T10.js
./ch15/15.5/15.5.4/15.5.4.10/S15.5.4.10_A2_T11.js
./ch15/15.5/15.5.4/15.5.4.10/S15.5.4.10_A2_T17.js
./ch15/15.5/15.5.4/15.5.4.10/S15.5.4.10_A2_T18.js
./ch15/15.5/15.5.4/15.5.4.10/S15.5.4.10_A2_T2.js
./ch15/15.5/15.5.4/15.5.4.10/S15.5.4.10_A2_T3.js
./ch15/15.5/15.5.4/15.5.4.10/S15.5.4.10_A2_T4.js
./ch15/15.5/15.5.4/15.5.4.10/S15.5.4.10_A2_T5.js
./ch15/15.5/15.5.4/15.5.4.10/S15.5.4.10_A2_T6.js
./ch15/15.5/15.5.4/15.5.4.10/S15.5.4.10_A2_T8.js
./ch15/15.5/15.5.4/15.5.4.10/S15.5.4.10_A2_T9.js
./ch15/15.5/15.5.4/15.5.4.10/S15.5.4.10_A7.js
./ch15/15.5/15.5.4/15.5.4.10/S15.5.4.10_A9.js
./ch15/15.5/15.5.4/15.5.4.11/15.5.4.11-1.js
./ch15/15.5/15.5.4/15.5.4.11/S15.5.4.11_A12.js
./ch15/15.5/15.5.4/15.5.4.11/S15.5.4.11_A1_T1.js
./ch15/15.5/15.5.4/15.5.4.11/S15.5.4.11_A1_T10.js
./ch15/15.5/15.5.4/15.5.4.11/S15.5.4.11_A1_T11.js
./ch15/15.5/15.5.4/15.5.4.11/S15.5.4.11_A1_T12.js
./ch15/15.5/15.5.4/15.5.4.11/S15.5.4.11_A1_T14.js
./ch15/15.5/15.5.4/15.5.4.11/S15.5.4.11_A1_T15.js
./ch15/15.5/15.5.4/15.5.4.11/S15.5.4.11_A1_T16.js
./ch15/15.5/15.5.4/15.5.4.11/S15.5.4.11_A1_T17.js
./ch15/15.5/15.5.4/15.5.4.11/S15.5.4.11_A1_T2.js
./ch15/15.5/15.5.4/15.5.4.11/S15.5.4.11_A1_T6.js
./ch15/15.5/15.5.4/15.5.4.11/S15.5.4.11_A1_T7.js
./ch15/15.5/15.5.4/15.5.4.11/S15.5.4.11_A1_T8.js
./ch15/15.5/15.5.4/15.5.4.11/S15.5.4.11_A1_T9.js
./ch15/15.5/15.5.4/15.5.4.11/S15.5.4.11_A4_T1.js
./ch15/15.5/15.5.4/15.5.4.11/S15.5.4.11_A4_T2.js
./ch15/15.5/15.5.4/15.5.4.11/S15.5.4.11_A4_T3.js
./ch15/15.5/15.5.4/15.5.4.11/S15.5.4.11_A4_T4.js
./ch15/15.5/15.5.4/15.5.4.11/S15.5.4.11_A5_T1.js
./ch15/15.5/15.5.4/15.5.4.11/S15.5.4.11_A7.js
./ch15/15.5/15.5.4/15.5.4.11/S15.5.4.11_A8.js
./ch15/15.5/15.5.4/15.5.4.11/S15.5.4.11_A9.js
./ch15/15.5/15.5.4/15.5.4.12/S15.5.4.12_A1_T1.js
./ch15/15.5/15.5.4/15.5.4.12/S15.5.4.12_A1_T10.js
./ch15/15.5/15.5.4/15.5.4.12/S15.5.4.12_A1_T11.js
./ch15/15.5/15.5.4/15.5.4.12/S15.5.4.12_A1_T12.js
./ch15/15.5/15.5.4/15.5.4.12/S15.5.4.12_A1_T14.js
./ch15/15.5/15.5.4/15.5.4.12/S15.5.4.12_A1_T2.js
./ch15/15.5/15.5.4/15.5.4.12/S15.5.4.12_A1_T6.js
./ch15/15.5/15.5.4/15.5.4.12/S15.5.4.12_A1_T8.js
./ch15/15.5/15.5.4/15.5.4.12/S15.5.4.12_A1_T9.js
./ch15/15.5/15.5.4/15.5.4.12/S15.5.4.12_A2_T1.js
./ch15/15.5/15.5.4/15.5.4.12/S15.5.4.12_A2_T2.js
./ch15/15.5/15.5.4/15.5.4.12/S15.5.4.12_A2_T3.js
./ch15/15.5/15.5.4/15.5.4.12/S15.5.4.12_A2_T4.js
./ch15/15.5/15.5.4/15.5.4.12/S15.5.4.12_A2_T5.js
./ch15/15.5/15.5.4/15.5.4.12/S15.5.4.12_A2_T6.js
./ch15/15.5/15.5.4/15.5.4.12/S15.5.4.12_A2_T7.js
./ch15/15.5/15.5.4/15.5.4.12/S15.5.4.12_A3_T1.js
./ch15/15.5/15.5.4/15.5.4.12/S15.5.4.12_A3_T2.js
./ch15/15.5/15.5.4/15.5.4.12/S15.5.4.12_A7.js
./ch15/15.5/15.5.4/15.5.4.12/S15.5.4.12_A9.js
./ch15/15.5/15.5.4/15.5.4.13/S15.5.4.13_A1_T1.js
./ch15/15.5/15.5.4/15.5.4.13/S15.5.4.13_A1_T10.js
./ch15/15.5/15.5.4/15.5.4.13/S15.5.4.13_A1_T11.js
./ch15/15.5/15.5.4/15.5.4.13/S15.5.4.13_A1_T12.js
./ch15/15.5/15.5.4/15.5.4.13/S15.5.4.13_A1_T15.js
./ch15/15.5/15.5.4/15.5.4.13/S15.5.4.13_A1_T2.js
./ch15/15.5/15.5.4/15.5.4.13/S15.5.4.13_A1_T5.js
./ch15/15.5/15.5.4/15.5.4.13/S15.5.4.13_A1_T6.js
./ch15/15.5/15.5.4/15.5.4.13/S15.5.4.13_A1_T7.js
./ch15/15.5/15.5.4/15.5.4.13/S15.5.4.13_A1_T8.js
./ch15/15.5/15.5.4/15.5.4.13/S15.5.4.13_A1_T9.js
./ch15/15.5/15.5.4/15.5.4.13/S15.5.4.13_A2_T1.js
./ch15/15.5/15.5.4/15.5.4.13/S15.5.4.13_A2_T2.js
./ch15/15.5/15.5.4/15.5.4.13/S15.5.4.13_A2_T3.js
./ch15/15.5/15.5.4/15.5.4.13/S15.5.4.13_A2_T4.js
./ch15/15.5/15.5.4/15.5.4.13/S15.5.4.13_A2_T5.js
./ch15/15.5/15.5.4/15.5.4.13/S15.5.4.13_A2_T6.js
./ch15/15.5/15.5.4/15.5.4.13/S15.5.4.13_A2_T7.js
./ch15/15.5/15.5.4/15.5.4.13/S15.5.4.13_A2_T8.js
./ch15/15.5/15.5.4/15.5.4.13/S15.5.4.13_A2_T9.js
./ch15/15.5/15.5.4/15.5.4.13/S15.5.4.13_A3_T1.js
./ch15/15.5/15.5.4/15.5.4.13/S15.5.4.13_A3_T2.js
./ch15/15.5/15.5.4/15.5.4.13/S15.5.4.13_A3_T4.js
./ch15/15.5/15.5.4/15.5.4.13/S15.5.4.13_A7.js
./ch15/15.5/15.5.4/15.5.4.13/S15.5.4.13_A9.js
./ch15/15.5/15.5.4/15.5.4.14/S15.5.4.14_A1_T1.js
./ch15/15.5/15.5.4/15.5.4.14/S15.5.4.14_A1_T10.js
./ch15/15.5/15.5.4/15.5.4.14/S15.5.4.14_A1_T11.js
./ch15/15.5/15.5.4/15.5.4.14/S15.5.4.14_A1_T12.js
./ch15/15.5/15.5.4/15.5.4.14/S15.5.4.14_A1_T13.js
./ch15/15.5/15.5.4/15.5.4.14/S15.5.4.14_A1_T14.js
./ch15/15.5/15.5.4/15.5.4.14/S15.5.4.14_A1_T15.js
./ch15/15.5/15.5.4/15.5.4.14/S15.5.4.14_A1_T16.js
./ch15/15.5/15.5.4/15.5.4.14/S15.5.4.14_A1_T17.js
./ch15/15.5/15.5.4/15.5.4.14/S15.5.4.14_A1_T18.js
./ch15/15.5/15.5.4/15.5.4.14/S15.5.4.14_A1_T2.js
./ch15/15.5/15.5.4/15.5.4.14/S15.5.4.14_A1_T3.js
./ch15/15.5/15.5.4/15.5.4.14/S15.5.4.14_A1_T4.js
./ch15/15.5/15.5.4/15.5.4.14/S15.5.4.14_A1_T5.js
./ch15/15.5/15.5.4/15.5.4.14/S15.5.4.14_A1_T6.js
./ch15/15.5/15.5.4/15.5.4.14/S15.5.4.14_A1_T7.js
./ch15/15.5/15.5.4/15.5.4.14/S15.5.4.14_A1_T8.js
./ch15/15.5/15.5.4/15.5.4.14/S15.5.4.14_A1_T9.js
./ch15/15.5/15.5.4/15.5.4.14/S15.5.4.14_A2_T1.js
./ch15/15.5/15.5.4/15.5.4.14/S15.5.4.14_A2_T10.js
./ch15/15.5/15.5.4/15.5.4.14/S15.5.4.14_A2_T11.js
./ch15/15.5/15.5.4/15.5.4.14/S15.5.4.14_A2_T12.js
./ch15/15.5/15.5.4/15.5.4.14/S15.5.4.14_A2_T13.js
./ch15/15.5/15.5.4/15.5.4.14/S15.5.4.14_A2_T14.js
./ch15/15.5/15.5.4/15.5.4.14/S15.5.4.14_A2_T15.js
./ch15/15.5/15.5.4/15.5.4.14/S15.5.4.14_A2_T16.js
./ch15/15.5/15.5.4/15.5.4.14/S15.5.4.14_A2_T17.js
./ch15/15.5/15.5.4/15.5.4.14/S15.5.4.14_A2_T18.js
./ch15/15.5/15.5.4/15.5.4.14/S15.5.4.14_A2_T19.js
./ch15/15.5/15.5.4/15.5.4.14/S15.5.4.14_A2_T2.js
./ch15/15.5/15.5.4/15.5.4.14/S15.5.4.14_A2_T20.js
./ch15/15.5/15.5.4/15.5.4.14/S15.5.4.14_A2_T21.js
./ch15/15.5/15.5.4/15.5.4.14/S15.5.4.14_A2_T22.js
./ch15/15.5/15.5.4/15.5.4.14/S15.5.4.14_A2_T23.js
./ch15/15.5/15.5.4/15.5.4.14/S15.5.4.14_A2_T24.js
./ch15/15.5/15.5.4/15.5.4.14/S15.5.4.14_A2_T25.js
./ch15/15.5/15.5.4/15.5.4.14/S15.5.4.14_A2_T26.js
./ch15/15.5/15.5.4/15.5.4.14/S15.5.4.14_A2_T27.js
./ch15/15.5/15.5.4/15.5.4.14/S15.5.4.14_A2_T28.js
./ch15/15.5/15.5.4/15.5.4.14/S15.5.4.14_A2_T29.js
./ch15/15.5/15.5.4/15.5.4.14/S15.5.4.14_A2_T3.js
./ch15/15.5/15.5.4/15.5.4.14/S15.5.4.14_A2_T30.js
./ch15/15.5/15.5.4/15.5.4.14/S15.5.4.14_A2_T31.js
./ch15/15.5/15.5.4/15.5.4.14/S15.5.4.14_A2_T32.js
./ch15/15.5/15.5.4/15.5.4.14/S15.5.4.14_A2_T33.js
./ch15/15.5/15.5.4/15.5.4.14/S15.5.4.14_A2_T34.js
./ch15/15.5/15.5.4/15.5.4.14/S15.5.4.14_A2_T35.js
./ch15/15.5/15.5.4/15.5.4.14/S15.5.4.14_A2_T36.js
./ch15/15.5/15.5.4/15.5.4.14/S15.5.4.14_A2_T37.js
./ch15/15.5/15.5.4/15.5.4.14/S15.5.4.14_A2_T38.js
./ch15/15.5/15.5.4/15.5.4.14/S15.5.4.14_A2_T39.js
./ch15/15.5/15.5.4/15.5.4.14/S15.5.4.14_A2_T4.js
./ch15/15.5/15.5.4/15.5.4.14/S15.5.4.14_A2_T40.js
./ch15/15.5/15.5.4/15.5.4.14/S15.5.4.14_A2_T41.js
./ch15/15.5/15.5.4/15.5.4.14/S15.5.4.14_A2_T42.js
./ch15/15.5/15.5.4/15.5.4.14/S15.5.4.14_A2_T43.js
./ch15/15.5/15.5.4/15.5.4.14/S15.5.4.14_A2_T5.js
./ch15/15.5/15.5.4/15.5.4.14/S15.5.4.14_A2_T6.js
./ch15/15.5/15.5.4/15.5.4.14/S15.5.4.14_A2_T7.js
./ch15/15.5/15.5.4/15.5.4.14/S15.5.4.14_A2_T8.js
./ch15/15.5/15.5.4/15.5.4.14/S15.5.4.14_A2_T9.js
./ch15/15.5/15.5.4/15.5.4.14/S15.5.4.14_A3_T1.js
./ch15/15.5/15.5.4/15.5.4.14/S15.5.4.14_A3_T10.js
./ch15/15.5/15.5.4/15.5.4.14/S15.5.4.14_A3_T11.js
./ch15/15.5/15.5.4/15.5.4.14/S15.5.4.14_A3_T2.js
./ch15/15.5/15.5.4/15.5.4.14/S15.5.4.14_A3_T3.js
./ch15/15.5/15.5.4/15.5.4.14/S15.5.4.14_A3_T4.js
./ch15/15.5/15.5.4/15.5.4.14/S15.5.4.14_A3_T5.js
./ch15/15.5/15.5.4/15.5.4.14/S15.5.4.14_A3_T6.js
./ch15/15.5/15.5.4/15.5.4.14/S15.5.4.14_A3_T7.js
./ch15/15.5/15.5.4/15.5.4.14/S15.5.4.14_A3_T8.js
./ch15/15.5/15.5.4/15.5.4.14/S15.5.4.14_A3_T9.js
./ch15/15.5/15.5.4/15.5.4.14/S15.5.4.14_A4_T1.js
./ch15/15.5/15.5.4/15.5.4.14/S15.5.4.14_A4_T10.js
./ch15/15.5/15.5.4/15.5.4.14/S15.5.4.14_A4_T11.js
./ch15/15.5/15.5.4/15.5.4.14/S15.5.4.14_A4_T12.js
./ch15/15.5/15.5.4/15.5.4.14/S15.5.4.14_A4_T13.js
./ch15/15.5/15.5.4/15.5.4.14/S15.5.4.14_A4_T14.js
./ch15/15.5/15.5.4/15.5.4.14/S15.5.4.14_A4_T15.js
./ch15/15.5/15.5.4/15.5.4.14/S15.5.4.14_A4_T16.js
./ch15/15.5/15.5.4/15.5.4.14/S15.5.4.14_A4_T17.js
./ch15/15.5/15.5.4/15.5.4.14/S15.5.4.14_A4_T18.js
./ch15/15.5/15.5.4/15.5.4.14/S15.5.4.14_A4_T19.js
./ch15/15.5/15.5.4/15.5.4.14/S15.5.4.14_A4_T2.js
./ch15/15.5/15.5.4/15.5.4.14/S15.5.4.14_A4_T20.js
./ch15/15.5/15.5.4/15.5.4.14/S15.5.4.14_A4_T21.js
./ch15/15.5/15.5.4/15.5.4.14/S15.5.4.14_A4_T22.js
./ch15/15.5/15.5.4/15.5.4.14/S15.5.4.14_A4_T23.js
./ch15/15.5/15.5.4/15.5.4.14/S15.5.4.14_A4_T24.js
./ch15/15.5/15.5.4/15.5.4.14/S15.5.4.14_A4_T25.js
./ch15/15.5/15.5.4/15.5.4.14/S15.5.4.14_A4_T3.js
./ch15/15.5/15.5.4/15.5.4.14/S15.5.4.14_A4_T4.js
./ch15/15.5/15.5.4/15.5.4.14/S15.5.4.14_A4_T5.js
./ch15/15.5/15.5.4/15.5.4.14/S15.5.4.14_A4_T6.js
./ch15/15.5/15.5.4/15.5.4.14/S15.5.4.14_A4_T7.js
./ch15/15.5/15.5.4/15.5.4.14/S15.5.4.14_A4_T8.js
./ch15/15.5/15.5.4/15.5.4.14/S15.5.4.14_A4_T9.js
./ch15/15.5/15.5.4/15.5.4.14/S15.5.4.14_A7.js
./ch15/15.5/15.5.4/15.5.4.14/S15.5.4.14_A9.js
./ch15/15.5/15.5.4/15.5.4.15/S15.5.4.15_A1_T1.js
./ch15/15.5/15.5.4/15.5.4.15/S15.5.4.15_A1_T10.js
./ch15/15.5/15.5.4/15.5.4.15/S15.5.4.15_A1_T11.js
./ch15/15.5/15.5.4/15.5.4.15/S15.5.4.15_A1_T12.js
./ch15/15.5/15.5.4/15.5.4.15/S15.5.4.15_A1_T15.js
./ch15/15.5/15.5.4/15.5.4.15/S15.5.4.15_A1_T2.js
./ch15/15.5/15.5.4/15.5.4.15/S15.5.4.15_A1_T5.js
./ch15/15.5/15.5.4/15.5.4.15/S15.5.4.15_A1_T6.js
./ch15/15.5/15.5.4/15.5.4.15/S15.5.4.15_A1_T7.js
./ch15/15.5/15.5.4/15.5.4.15/S15.5.4.15_A1_T8.js
./ch15/15.5/15.5.4/15.5.4.15/S15.5.4.15_A1_T9.js
./ch15/15.5/15.5.4/15.5.4.15/S15.5.4.15_A2_T1.js
./ch15/15.5/15.5.4/15.5.4.15/S15.5.4.15_A2_T10.js
./ch15/15.5/15.5.4/15.5.4.15/S15.5.4.15_A2_T2.js
./ch15/15.5/15.5.4/15.5.4.15/S15.5.4.15_A2_T3.js
./ch15/15.5/15.5.4/15.5.4.15/S15.5.4.15_A2_T4.js
./ch15/15.5/15.5.4/15.5.4.15/S15.5.4.15_A2_T5.js
./ch15/15.5/15.5.4/15.5.4.15/S15.5.4.15_A2_T6.js
./ch15/15.5/15.5.4/15.5.4.15/S15.5.4.15_A2_T7.js
./ch15/15.5/15.5.4/15.5.4.15/S15.5.4.15_A2_T8.js
./ch15/15.5/15.5.4/15.5.4.15/S15.5.4.15_A2_T9.js
./ch15/15.5/15.5.4/15.5.4.15/S15.5.4.15_A3_T1.js
./ch15/15.5/15.5.4/15.5.4.15/S15.5.4.15_A3_T10.js
./ch15/15.5/15.5.4/15.5.4.15/S15.5.4.15_A3_T11.js
./ch15/15.5/15.5.4/15.5.4.15/S15.5.4.15_A3_T2.js
./ch15/15.5/15.5.4/15.5.4.15/S15.5.4.15_A3_T3.js
./ch15/15.5/15.5.4/15.5.4.15/S15.5.4.15_A3_T4.js
./ch15/15.5/15.5.4/15.5.4.15/S15.5.4.15_A3_T5.js
./ch15/15.5/15.5.4/15.5.4.15/S15.5.4.15_A3_T6.js
./ch15/15.5/15.5.4/15.5.4.15/S15.5.4.15_A3_T8.js
./ch15/15.5/15.5.4/15.5.4.15/S15.5.4.15_A7.js
./ch15/15.5/15.5.4/15.5.4.15/S15.5.4.15_A9.js
./ch15/15.5/15.5.4/15.5.4.16/S15.5.4.16_A1_T1.js
./ch15/15.5/15.5.4/15.5.4.16/S15.5.4.16_A1_T14.js
./ch15/15.5/15.5.4/15.5.4.16/S15.5.4.16_A1_T2.js
./ch15/15.5/15.5.4/15.5.4.16/S15.5.4.16_A1_T6.js
./ch15/15.5/15.5.4/15.5.4.16/S15.5.4.16_A1_T7.js
./ch15/15.5/15.5.4/15.5.4.16/S15.5.4.16_A1_T8.js
./ch15/15.5/15.5.4/15.5.4.16/S15.5.4.16_A1_T9.js
./ch15/15.5/15.5.4/15.5.4.16/S15.5.4.16_A2_T1.js
./ch15/15.5/15.5.4/15.5.4.16/S15.5.4.16_A7.js
./ch15/15.5/15.5.4/15.5.4.16/S15.5.4.16_A9.js
./ch15/15.5/15.5.4/15.5.4.17/S15.5.4.17_A10.js
./ch15/15.5/15.5.4/15.5.4.17/S15.5.4.17_A1_T1.js
./ch15/15.5/15.5.4/15.5.4.17/S15.5.4.17_A1_T14.js
./ch15/15.5/15.5.4/15.5.4.17/S15.5.4.17_A1_T2.js
./ch15/15.5/15.5.4/15.5.4.17/S15.5.4.17_A1_T6.js
./ch15/15.5/15.5.4/15.5.4.17/S15.5.4.17_A1_T7.js
./ch15/15.5/15.5.4/15.5.4.17/S15.5.4.17_A1_T8.js
./ch15/15.5/15.5.4/15.5.4.17/S15.5.4.17_A1_T9.js
./ch15/15.5/15.5.4/15.5.4.17/S15.5.4.17_A2_T1.js
./ch15/15.5/15.5.4/15.5.4.17/S15.5.4.17_A7.js
./ch15/15.5/15.5.4/15.5.4.17/S15.5.4.17_A9.js
./ch15/15.5/15.5.4/15.5.4.18/S15.5.4.18_A1_T1.js
./ch15/15.5/15.5.4/15.5.4.18/S15.5.4.18_A1_T14.js
./ch15/15.5/15.5.4/15.5.4.18/S15.5.4.18_A1_T2.js
./ch15/15.5/15.5.4/15.5.4.18/S15.5.4.18_A1_T6.js
./ch15/15.5/15.5.4/15.5.4.18/S15.5.4.18_A1_T7.js
./ch15/15.5/15.5.4/15.5.4.18/S15.5.4.18_A1_T8.js
./ch15/15.5/15.5.4/15.5.4.18/S15.5.4.18_A1_T9.js
./ch15/15.5/15.5.4/15.5.4.18/S15.5.4.18_A2_T1.js
./ch15/15.5/15.5.4/15.5.4.18/S15.5.4.18_A7.js
./ch15/15.5/15.5.4/15.5.4.18/S15.5.4.18_A9.js
./ch15/15.5/15.5.4/15.5.4.19/S15.5.4.19_A1_T1.js
./ch15/15.5/15.5.4/15.5.4.19/S15.5.4.19_A1_T14.js
./ch15/15.5/15.5.4/15.5.4.19/S15.5.4.19_A1_T2.js
./ch15/15.5/15.5.4/15.5.4.19/S15.5.4.19_A1_T6.js
./ch15/15.5/15.5.4/15.5.4.19/S15.5.4.19_A1_T7.js
./ch15/15.5/15.5.4/15.5.4.19/S15.5.4.19_A1_T8.js
./ch15/15.5/15.5.4/15.5.4.19/S15.5.4.19_A1_T9.js
./ch15/15.5/15.5.4/15.5.4.19/S15.5.4.19_A2_T1.js
./ch15/15.5/15.5.4/15.5.4.19/S15.5.4.19_A7.js
./ch15/15.5/15.5.4/15.5.4.19/S15.5.4.19_A9.js
./ch15/15.5/15.5.4/15.5.4.20/15.5.4.20-1-6.js
./ch15/15.5/15.5.4/15.5.4.20/15.5.4.20-1-9.js
./ch15/15.5/15.5.4/15.5.4.20/15.5.4.20-2-35.js
./ch15/15.5/15.5.4/15.5.4.20/15.5.4.20-2-36.js
./ch15/15.5/15.5.4/15.5.4.20/15.5.4.20-2-37.js
./ch15/15.5/15.5.4/15.5.4.20/15.5.4.20-2-43.js
./ch15/15.5/15.5.4/15.5.4.20/15.5.4.20-2-49.js
./ch15/15.5/15.5.4/15.5.4.20/15.5.4.20-2-50.js
./ch15/15.5/15.5.4/15.5.4.4/S15.5.4.4_A1.1.js
./ch15/15.5/15.5.4/15.5.4.4/S15.5.4.4_A1_T1.js
./ch15/15.5/15.5.4/15.5.4.4/S15.5.4.4_A1_T10.js
./ch15/15.5/15.5.4/15.5.4.4/S15.5.4.4_A1_T2.js
./ch15/15.5/15.5.4/15.5.4.4/S15.5.4.4_A1_T6.js
./ch15/15.5/15.5.4/15.5.4.4/S15.5.4.4_A1_T8.js
./ch15/15.5/15.5.4/15.5.4.4/S15.5.4.4_A1_T9.js
./ch15/15.5/15.5.4/15.5.4.4/S15.5.4.4_A2.js
./ch15/15.5/15.5.4/15.5.4.4/S15.5.4.4_A3.js
./ch15/15.5/15.5.4/15.5.4.4/S15.5.4.4_A4_T1.js
./ch15/15.5/15.5.4/15.5.4.4/S15.5.4.4_A4_T2.js
./ch15/15.5/15.5.4/15.5.4.4/S15.5.4.4_A4_T3.js
./ch15/15.5/15.5.4/15.5.4.4/S15.5.4.4_A7.js
./ch15/15.5/15.5.4/15.5.4.4/S15.5.4.4_A9.js
./ch15/15.5/15.5.4/15.5.4.5/S15.5.4.5_A1.1.js
./ch15/15.5/15.5.4/15.5.4.5/S15.5.4.5_A1_T1.js
./ch15/15.5/15.5.4/15.5.4.5/S15.5.4.5_A1_T10.js
./ch15/15.5/15.5.4/15.5.4.5/S15.5.4.5_A1_T2.js
./ch15/15.5/15.5.4/15.5.4.5/S15.5.4.5_A1_T6.js
./ch15/15.5/15.5.4/15.5.4.5/S15.5.4.5_A1_T8.js
./ch15/15.5/15.5.4/15.5.4.5/S15.5.4.5_A1_T9.js
./ch15/15.5/15.5.4/15.5.4.5/S15.5.4.5_A2.js
./ch15/15.5/15.5.4/15.5.4.5/S15.5.4.5_A3.js
./ch15/15.5/15.5.4/15.5.4.5/S15.5.4.5_A7.js
./ch15/15.5/15.5.4/15.5.4.5/S15.5.4.5_A9.js
./ch15/15.5/15.5.4/15.5.4.6/S15.5.4.6_A1_T1.js
./ch15/15.5/15.5.4/15.5.4.6/S15.5.4.6_A1_T10.js
./ch15/15.5/15.5.4/15.5.4.6/S15.5.4.6_A1_T2.js
./ch15/15.5/15.5.4/15.5.4.6/S15.5.4.6_A1_T6.js
./ch15/15.5/15.5.4/15.5.4.6/S15.5.4.6_A1_T8.js
./ch15/15.5/15.5.4/15.5.4.6/S15.5.4.6_A1_T9.js
./ch15/15.5/15.5.4/15.5.4.6/S15.5.4.6_A2.js
./ch15/15.5/15.5.4/15.5.4.6/S15.5.4.6_A3.js
./ch15/15.5/15.5.4/15.5.4.6/S15.5.4.6_A4_T1.js
./ch15/15.5/15.5.4/15.5.4.6/S15.5.4.6_A4_T2.js
./ch15/15.5/15.5.4/15.5.4.6/S15.5.4.6_A7.js
./ch15/15.5/15.5.4/15.5.4.6/S15.5.4.6_A8.js
./ch15/15.5/15.5.4/15.5.4.6/S15.5.4.6_A9.js
./ch15/15.5/15.5.4/15.5.4.7/S15.5.4.7_A1_T1.js
./ch15/15.5/15.5.4/15.5.4.7/S15.5.4.7_A1_T10.js
./ch15/15.5/15.5.4/15.5.4.7/S15.5.4.7_A1_T11.js
./ch15/15.5/15.5.4/15.5.4.7/S15.5.4.7_A1_T12.js
./ch15/15.5/15.5.4/15.5.4.7/S15.5.4.7_A1_T2.js
./ch15/15.5/15.5.4/15.5.4.7/S15.5.4.7_A1_T6.js
./ch15/15.5/15.5.4/15.5.4.7/S15.5.4.7_A1_T8.js
./ch15/15.5/15.5.4/15.5.4.7/S15.5.4.7_A1_T9.js
./ch15/15.5/15.5.4/15.5.4.7/S15.5.4.7_A4_T1.js
./ch15/15.5/15.5.4/15.5.4.7/S15.5.4.7_A4_T2.js
./ch15/15.5/15.5.4/15.5.4.7/S15.5.4.7_A4_T4.js
./ch15/15.5/15.5.4/15.5.4.7/S15.5.4.7_A4_T5.js
./ch15/15.5/15.5.4/15.5.4.7/S15.5.4.7_A5_T1.js
./ch15/15.5/15.5.4/15.5.4.7/S15.5.4.7_A5_T2.js
./ch15/15.5/15.5.4/15.5.4.7/S15.5.4.7_A5_T3.js
./ch15/15.5/15.5.4/15.5.4.7/S15.5.4.7_A5_T4.js
./ch15/15.5/15.5.4/15.5.4.7/S15.5.4.7_A5_T5.js
./ch15/15.5/15.5.4/15.5.4.7/S15.5.4.7_A5_T6.js
./ch15/15.5/15.5.4/15.5.4.7/S15.5.4.7_A7.js
./ch15/15.5/15.5.4/15.5.4.7/S15.5.4.7_A9.js
./ch15/15.5/15.5.4/15.5.4.8/S15.5.4.8_A1_T1.js
./ch15/15.5/15.5.4/15.5.4.8/S15.5.4.8_A1_T10.js
./ch15/15.5/15.5.4/15.5.4.8/S15.5.4.8_A1_T12.js
./ch15/15.5/15.5.4/15.5.4.8/S15.5.4.8_A1_T2.js
./ch15/15.5/15.5.4/15.5.4.8/S15.5.4.8_A1_T6.js
./ch15/15.5/15.5.4/15.5.4.8/S15.5.4.8_A1_T8.js
./ch15/15.5/15.5.4/15.5.4.8/S15.5.4.8_A1_T9.js
./ch15/15.5/15.5.4/15.5.4.8/S15.5.4.8_A4_T1.js
./ch15/15.5/15.5.4/15.5.4.8/S15.5.4.8_A4_T2.js
./ch15/15.5/15.5.4/15.5.4.8/S15.5.4.8_A4_T4.js
./ch15/15.5/15.5.4/15.5.4.8/S15.5.4.8_A4_T5.js
./ch15/15.5/15.5.4/15.5.4.8/S15.5.4.8_A7.js
./ch15/15.5/15.5.4/15.5.4.8/S15.5.4.8_A8.js
./ch15/15.5/15.5.4/15.5.4.8/S15.5.4.8_A9.js
./ch15/15.5/15.5.4/15.5.4.9/15.5.4.9_3.js
./ch15/15.5/15.5.4/15.5.4.9/15.5.4.9_CE.js
./ch15/15.5/15.5.4/15.5.4.9/S15.5.4.9_A1_T1.js
./ch15/15.5/15.5.4/15.5.4.9/S15.5.4.9_A7.js
./ch15/15.5/15.5.4/15.5.4.9/S15.5.4.9_A9.js
./ch15/15.5/15.5.5/15.5.5.2/15.5.5.5.2-1-1.js
./ch15/15.5/15.5.5/15.5.5.2/15.5.5.5.2-3-1.js
./ch15/15.5/15.5.5/15.5.5.2/15.5.5.5.2-3-3.js
./ch15/15.5/15.5.5/15.5.5.2/15.5.5.5.2-3-4.js
./ch15/15.5/15.5.5/15.5.5.2/15.5.5.5.2-3-5.js
./ch15/15.5/15.5.5/15.5.5.2/15.5.5.5.2-7-1.js
./ch15/15.5/15.5.5/15.5.5.2/15.5.5.5.2-7-3.js
./ch15/15.6/15.6.3/15.6.3.1/S15.6.3.1_A1.js
./ch15/15.6/15.6.3/15.6.3.1/S15.6.3.1_A2.js
./ch15/15.6/15.6.3/15.6.3.1/S15.6.3.1_A3.js
./ch15/15.7/15.7.3/15.7.3.1/15.7.3.1-2.js
./ch15/15.7/15.7.3/15.7.3.1/S15.7.3.1_A1_T2.js
./ch15/15.7/15.7.3/15.7.3.1/S15.7.3.1_A2_T1.js
./ch15/15.7/15.7.3/15.7.3.2/S15.7.3.2_A1.js
./ch15/15.7/15.7.3/15.7.3.2/S15.7.3.2_A3.js
./ch15/15.7/15.7.3/15.7.3.3/S15.7.3.3_A1.js
./ch15/15.7/15.7.3/15.7.3.3/S15.7.3.3_A3.js
./ch15/15.7/15.7.3/15.7.3.4/S15.7.3.4_A3.js
./ch15/15.7/15.7.3/15.7.3.5/S15.7.3.5_A3.js
./ch15/15.7/15.7.3/15.7.3.6/S15.7.3.6_A3.js
./ch15/15.7/15.7.4/15.7.4.2/S15.7.4.2_A1_T01.js
./ch15/15.7/15.7.4/15.7.4.2/S15.7.4.2_A1_T02.js
./ch15/15.7/15.7.4/15.7.4.2/S15.7.4.2_A1_T03.js
./ch15/15.7/15.7.4/15.7.4.2/S15.7.4.2_A2_T01.js
./ch15/15.7/15.7.4/15.7.4.2/S15.7.4.2_A2_T02.js
./ch15/15.7/15.7.4/15.7.4.2/S15.7.4.2_A2_T03.js
./ch15/15.7/15.7.4/15.7.4.2/S15.7.4.2_A2_T04.js
./ch15/15.7/15.7.4/15.7.4.2/S15.7.4.2_A2_T05.js
./ch15/15.7/15.7.4/15.7.4.2/S15.7.4.2_A2_T06.js
./ch15/15.7/15.7.4/15.7.4.2/S15.7.4.2_A2_T07.js
./ch15/15.7/15.7.4/15.7.4.2/S15.7.4.2_A2_T08.js
./ch15/15.7/15.7.4/15.7.4.2/S15.7.4.2_A2_T09.js
./ch15/15.7/15.7.4/15.7.4.2/S15.7.4.2_A2_T10.js
./ch15/15.7/15.7.4/15.7.4.2/S15.7.4.2_A2_T11.js
./ch15/15.7/15.7.4/15.7.4.2/S15.7.4.2_A2_T12.js
./ch15/15.7/15.7.4/15.7.4.2/S15.7.4.2_A2_T13.js
./ch15/15.7/15.7.4/15.7.4.2/S15.7.4.2_A2_T14.js
./ch15/15.7/15.7.4/15.7.4.2/S15.7.4.2_A2_T15.js
./ch15/15.7/15.7.4/15.7.4.2/S15.7.4.2_A2_T16.js
./ch15/15.7/15.7.4/15.7.4.2/S15.7.4.2_A2_T17.js
./ch15/15.7/15.7.4/15.7.4.2/S15.7.4.2_A2_T18.js
./ch15/15.7/15.7.4/15.7.4.2/S15.7.4.2_A2_T19.js
./ch15/15.7/15.7.4/15.7.4.2/S15.7.4.2_A2_T20.js
./ch15/15.7/15.7.4/15.7.4.2/S15.7.4.2_A2_T21.js
./ch15/15.7/15.7.4/15.7.4.2/S15.7.4.2_A2_T22.js
./ch15/15.7/15.7.4/15.7.4.2/S15.7.4.2_A2_T23.js
./ch15/15.7/15.7.4/15.7.4.2/S15.7.4.2_A2_T24.js
./ch15/15.7/15.7.4/15.7.4.2/S15.7.4.2_A2_T25.js
./ch15/15.7/15.7.4/15.7.4.2/S15.7.4.2_A2_T26.js
./ch15/15.7/15.7.4/15.7.4.2/S15.7.4.2_A2_T27.js
./ch15/15.7/15.7.4/15.7.4.2/S15.7.4.2_A2_T28.js
./ch15/15.7/15.7.4/15.7.4.2/S15.7.4.2_A2_T29.js
./ch15/15.7/15.7.4/15.7.4.2/S15.7.4.2_A2_T30.js
./ch15/15.7/15.7.4/15.7.4.2/S15.7.4.2_A2_T31.js
./ch15/15.7/15.7.4/15.7.4.2/S15.7.4.2_A2_T32.js
./ch15/15.7/15.7.4/15.7.4.2/S15.7.4.2_A2_T33.js
./ch15/15.7/15.7.4/15.7.4.2/S15.7.4.2_A2_T34.js
./ch15/15.7/15.7.4/15.7.4.2/S15.7.4.2_A4_T01.js
./ch15/15.7/15.7.4/15.7.4.2/S15.7.4.2_A4_T02.js
./ch15/15.7/15.7.4/15.7.4.2/S15.7.4.2_A4_T03.js
./ch15/15.7/15.7.4/15.7.4.2/S15.7.4.2_A4_T04.js
./ch15/15.7/15.7.4/15.7.4.4/S15.7.4.4_A1_T01.js
./ch15/15.7/15.7.4/15.7.4.4/S15.7.4.4_A1_T02.js
./ch15/15.7/15.7.4/15.7.4.4/S15.7.4.4_A2_T01.js
./ch15/15.7/15.7.4/15.7.4.4/S15.7.4.4_A2_T02.js
./ch15/15.7/15.7.4/15.7.4.4/S15.7.4.4_A2_T03.js
./ch15/15.7/15.7.4/15.7.4.4/S15.7.4.4_A2_T04.js
./ch15/15.7/15.7.4/15.7.4.5/S15.7.4.5_A1.1_T02.js
./ch15/15.7/15.7.4/15.7.4.5/S15.7.4.5_A1.3_T01.js
./ch15/15.7/15.7.4/15.7.4.5/S15.7.4.5_A1.3_T02.js
./ch15/15.7/15.7.4/15.7.4.5/S15.7.4.5_A1.4_T01.js
./ch15/15.8/15.8.1/15.8.1.1/S15.8.1.1_A1.js
./ch15/15.8/15.8.1/15.8.1.1/S15.8.1.1_A3.js
./ch15/15.8/15.8.1/15.8.1.2/S15.8.1.2_A1.js
./ch15/15.8/15.8.1/15.8.1.2/S15.8.1.2_A3.js
./ch15/15.8/15.8.1/15.8.1.3/S15.8.1.3_A1.js
./ch15/15.8/15.8.1/15.8.1.3/S15.8.1.3_A3.js
./ch15/15.8/15.8.1/15.8.1.4/S15.8.1.4_A1.js
./ch15/15.8/15.8.1/15.8.1.4/S15.8.1.4_A3.js
./ch15/15.8/15.8.1/15.8.1.5/S15.8.1.5_A1.js
./ch15/15.8/15.8.1/15.8.1.5/S15.8.1.5_A3.js
./ch15/15.8/15.8.1/15.8.1.6/S15.8.1.6_A1.js
./ch15/15.8/15.8.1/15.8.1.6/S15.8.1.6_A3.js
./ch15/15.8/15.8.1/15.8.1.7/S15.8.1.7_A1.js
./ch15/15.8/15.8.1/15.8.1.7/S15.8.1.7_A3.js
./ch15/15.8/15.8.1/15.8.1.8/S15.8.1.8_A1.js
./ch15/15.8/15.8.1/15.8.1.8/S15.8.1.8_A3.js
./ch15/15.8/15.8.2/15.8.2.10/S15.8.2.10_A6.js
./ch15/15.8/15.8.2/15.8.2.11/S15.8.2.11_A2.js
./ch15/15.8/15.8.2/15.8.2.12/S15.8.2.12_A2.js
./ch15/15.8/15.8.2/15.8.2.13/S15.8.2.13_A1.js
./ch15/15.8/15.8.2/15.8.2.13/S15.8.2.13_A10.js
./ch15/15.8/15.8.2/15.8.2.13/S15.8.2.13_A11.js
./ch15/15.8/15.8.2/15.8.2.13/S15.8.2.13_A12.js
./ch15/15.8/15.8.2/15.8.2.13/S15.8.2.13_A13.js
./ch15/15.8/15.8.2/15.8.2.13/S15.8.2.13_A14.js
./ch15/15.8/15.8.2/15.8.2.13/S15.8.2.13_A15.js
./ch15/15.8/15.8.2/15.8.2.13/S15.8.2.13_A16.js
./ch15/15.8/15.8.2/15.8.2.13/S15.8.2.13_A17.js
./ch15/15.8/15.8.2/15.8.2.13/S15.8.2.13_A18.js
./ch15/15.8/15.8.2/15.8.2.13/S15.8.2.13_A19.js
./ch15/15.8/15.8.2/15.8.2.13/S15.8.2.13_A2.js
./ch15/15.8/15.8.2/15.8.2.13/S15.8.2.13_A20.js
./ch15/15.8/15.8.2/15.8.2.13/S15.8.2.13_A21.js
./ch15/15.8/15.8.2/15.8.2.13/S15.8.2.13_A22.js
./ch15/15.8/15.8.2/15.8.2.13/S15.8.2.13_A23.js
./ch15/15.8/15.8.2/15.8.2.13/S15.8.2.13_A24.js
./ch15/15.8/15.8.2/15.8.2.13/S15.8.2.13_A3.js
./ch15/15.8/15.8.2/15.8.2.13/S15.8.2.13_A4.js
./ch15/15.8/15.8.2/15.8.2.13/S15.8.2.13_A5.js
./ch15/15.8/15.8.2/15.8.2.13/S15.8.2.13_A6.js
./ch15/15.8/15.8.2/15.8.2.13/S15.8.2.13_A7.js
./ch15/15.8/15.8.2/15.8.2.13/S15.8.2.13_A8.js
./ch15/15.8/15.8.2/15.8.2.13/S15.8.2.13_A9.js
./ch15/15.8/15.8.2/15.8.2.14/S15.8.2.14_A1.js
./ch15/15.8/15.8.2/15.8.2.15/S15.8.2.15_A6.js
./ch15/15.8/15.8.2/15.8.2.16/S15.8.2.16_A6.js
./ch15/15.8/15.8.2/15.8.2.16/S15.8.2.16_A7.js
./ch15/15.8/15.8.2/15.8.2.17/S15.8.2.17_A6.js
./ch15/15.8/15.8.2/15.8.2.18/S15.8.2.18_A6.js
./ch15/15.8/15.8.2/15.8.2.18/S15.8.2.18_A7.js
./ch15/15.8/15.8.2/15.8.2.2/S15.8.2.2_A5.js
./ch15/15.8/15.8.2/15.8.2.3/S15.8.2.3_A6.js
./ch15/15.8/15.8.2/15.8.2.4/S15.8.2.4_A4.js
./ch15/15.8/15.8.2/15.8.2.4/S15.8.2.4_A5.js
./ch15/15.8/15.8.2/15.8.2.4/S15.8.2.4_A6.js
./ch15/15.8/15.8.2/15.8.2.5/S15.8.2.5_A1.js
./ch15/15.8/15.8.2/15.8.2.5/S15.8.2.5_A10.js
./ch15/15.8/15.8.2/15.8.2.5/S15.8.2.5_A11.js
./ch15/15.8/15.8.2/15.8.2.5/S15.8.2.5_A12.js
./ch15/15.8/15.8.2/15.8.2.5/S15.8.2.5_A13.js
./ch15/15.8/15.8.2/15.8.2.5/S15.8.2.5_A14.js
./ch15/15.8/15.8.2/15.8.2.5/S15.8.2.5_A15.js
./ch15/15.8/15.8.2/15.8.2.5/S15.8.2.5_A16.js
./ch15/15.8/15.8.2/15.8.2.5/S15.8.2.5_A17.js
./ch15/15.8/15.8.2/15.8.2.5/S15.8.2.5_A18.js
./ch15/15.8/15.8.2/15.8.2.5/S15.8.2.5_A19.js
./ch15/15.8/15.8.2/15.8.2.5/S15.8.2.5_A2.js
./ch15/15.8/15.8.2/15.8.2.5/S15.8.2.5_A20.js
./ch15/15.8/15.8.2/15.8.2.5/S15.8.2.5_A21.js
./ch15/15.8/15.8.2/15.8.2.5/S15.8.2.5_A22.js
./ch15/15.8/15.8.2/15.8.2.5/S15.8.2.5_A23.js
./ch15/15.8/15.8.2/15.8.2.5/S15.8.2.5_A24.js
./ch15/15.8/15.8.2/15.8.2.5/S15.8.2.5_A3.js
./ch15/15.8/15.8.2/15.8.2.5/S15.8.2.5_A4.js
./ch15/15.8/15.8.2/15.8.2.5/S15.8.2.5_A5.js
./ch15/15.8/15.8.2/15.8.2.5/S15.8.2.5_A6.js
./ch15/15.8/15.8.2/15.8.2.5/S15.8.2.5_A7.js
./ch15/15.8/15.8.2/15.8.2.5/S15.8.2.5_A8.js
./ch15/15.8/15.8.2/15.8.2.5/S15.8.2.5_A9.js
./ch15/15.8/15.8.2/15.8.2.6/S15.8.2.6_A7.js
./ch15/15.8/15.8.2/15.8.2.7/S15.8.2.7_A6.js
./ch15/15.8/15.8.2/15.8.2.7/S15.8.2.7_A7.js
./ch15/15.8/15.8.2/15.8.2.8/S15.8.2.8_A6.js
./ch15/15.8/15.8.2/15.8.2.9/S15.8.2.9_A7.js
./ch15/15.9/15.9.1/15.9.1.15/15.9.1.15-1.js
./ch15/15.9/15.9.4/15.9.4.1/S15.9.4.1_A1_T1.js
./ch15/15.9/15.9.4/15.9.4.1/S15.9.4.1_A1_T2.js
./ch15/15.9/15.9.4/15.9.4.2/S15.9.4.2_A1_T1.js
./ch15/15.9/15.9.4/15.9.4.2/S15.9.4.2_A1_T2.js
./ch15/15.9/15.9.4/15.9.4.2/S15.9.4.2_A3_T1.js
./ch15/15.9/15.9.4/15.9.4.2/S15.9.4.2_A3_T2.js
./ch15/15.9/15.9.4/15.9.4.3/S15.9.4.3_A1_T1.js
./ch15/15.9/15.9.4/15.9.4.3/S15.9.4.3_A1_T2.js
./ch15/15.9/15.9.4/15.9.4.3/S15.9.4.3_A3_T1.js
./ch15/15.9/15.9.4/15.9.4.3/S15.9.4.3_A3_T2.js
./ch15/15.9/15.9.5/15.9.5.1/S15.9.5.1_A1_T1.js
./ch15/15.9/15.9.5/15.9.5.1/S15.9.5.1_A1_T2.js
./ch15/15.9/15.9.5/15.9.5.1/S15.9.5.1_A3_T1.js
./ch15/15.9/15.9.5/15.9.5.1/S15.9.5.1_A3_T2.js
./ch15/15.9/15.9.5/15.9.5.10/S15.9.5.10_A1_T1.js
./ch15/15.9/15.9.5/15.9.5.10/S15.9.5.10_A1_T2.js
./ch15/15.9/15.9.5/15.9.5.10/S15.9.5.10_A3_T1.js
./ch15/15.9/15.9.5/15.9.5.10/S15.9.5.10_A3_T2.js
./ch15/15.9/15.9.5/15.9.5.11/S15.9.5.11_A1_T1.js
./ch15/15.9/15.9.5/15.9.5.11/S15.9.5.11_A1_T2.js
./ch15/15.9/15.9.5/15.9.5.11/S15.9.5.11_A3_T1.js
./ch15/15.9/15.9.5/15.9.5.11/S15.9.5.11_A3_T2.js
./ch15/15.9/15.9.5/15.9.5.12/S15.9.5.12_A1_T1.js
./ch15/15.9/15.9.5/15.9.5.12/S15.9.5.12_A1_T2.js
./ch15/15.9/15.9.5/15.9.5.12/S15.9.5.12_A3_T1.js
./ch15/15.9/15.9.5/15.9.5.12/S15.9.5.12_A3_T2.js
./ch15/15.9/15.9.5/15.9.5.13/S15.9.5.13_A1_T1.js
./ch15/15.9/15.9.5/15.9.5.13/S15.9.5.13_A1_T2.js
./ch15/15.9/15.9.5/15.9.5.13/S15.9.5.13_A3_T1.js
./ch15/15.9/15.9.5/15.9.5.13/S15.9.5.13_A3_T2.js
./ch15/15.9/15.9.5/15.9.5.14/S15.9.5.14_A1_T1.js
./ch15/15.9/15.9.5/15.9.5.14/S15.9.5.14_A1_T2.js
./ch15/15.9/15.9.5/15.9.5.14/S15.9.5.14_A3_T1.js
./ch15/15.9/15.9.5/15.9.5.14/S15.9.5.14_A3_T2.js
./ch15/15.9/15.9.5/15.9.5.15/S15.9.5.15_A1_T1.js
./ch15/15.9/15.9.5/15.9.5.15/S15.9.5.15_A1_T2.js
./ch15/15.9/15.9.5/15.9.5.15/S15.9.5.15_A3_T1.js
./ch15/15.9/15.9.5/15.9.5.15/S15.9.5.15_A3_T2.js
./ch15/15.9/15.9.5/15.9.5.16/S15.9.5.16_A1_T1.js
./ch15/15.9/15.9.5/15.9.5.16/S15.9.5.16_A1_T2.js
./ch15/15.9/15.9.5/15.9.5.16/S15.9.5.16_A3_T1.js
./ch15/15.9/15.9.5/15.9.5.16/S15.9.5.16_A3_T2.js
./ch15/15.9/15.9.5/15.9.5.17/S15.9.5.17_A1_T1.js
./ch15/15.9/15.9.5/15.9.5.17/S15.9.5.17_A1_T2.js
./ch15/15.9/15.9.5/15.9.5.17/S15.9.5.17_A3_T1.js
./ch15/15.9/15.9.5/15.9.5.17/S15.9.5.17_A3_T2.js
./ch15/15.9/15.9.5/15.9.5.18/S15.9.5.18_A1_T1.js
./ch15/15.9/15.9.5/15.9.5.18/S15.9.5.18_A1_T2.js
./ch15/15.9/15.9.5/15.9.5.18/S15.9.5.18_A3_T1.js
./ch15/15.9/15.9.5/15.9.5.18/S15.9.5.18_A3_T2.js
./ch15/15.9/15.9.5/15.9.5.19/S15.9.5.19_A1_T1.js
./ch15/15.9/15.9.5/15.9.5.19/S15.9.5.19_A1_T2.js
./ch15/15.9/15.9.5/15.9.5.19/S15.9.5.19_A3_T1.js
./ch15/15.9/15.9.5/15.9.5.19/S15.9.5.19_A3_T2.js
./ch15/15.9/15.9.5/15.9.5.2/S15.9.5.2_A1_T1.js
./ch15/15.9/15.9.5/15.9.5.2/S15.9.5.2_A1_T2.js
./ch15/15.9/15.9.5/15.9.5.2/S15.9.5.2_A3_T1.js
./ch15/15.9/15.9.5/15.9.5.2/S15.9.5.2_A3_T2.js
./ch15/15.9/15.9.5/15.9.5.20/S15.9.5.20_A1_T1.js
./ch15/15.9/15.9.5/15.9.5.20/S15.9.5.20_A1_T2.js
./ch15/15.9/15.9.5/15.9.5.20/S15.9.5.20_A3_T1.js
./ch15/15.9/15.9.5/15.9.5.20/S15.9.5.20_A3_T2.js
./ch15/15.9/15.9.5/15.9.5.21/S15.9.5.21_A1_T1.js
./ch15/15.9/15.9.5/15.9.5.21/S15.9.5.21_A1_T2.js
./ch15/15.9/15.9.5/15.9.5.21/S15.9.5.21_A3_T1.js
./ch15/15.9/15.9.5/15.9.5.21/S15.9.5.21_A3_T2.js
./ch15/15.9/15.9.5/15.9.5.22/S15.9.5.22_A1_T1.js
./ch15/15.9/15.9.5/15.9.5.22/S15.9.5.22_A1_T2.js
./ch15/15.9/15.9.5/15.9.5.22/S15.9.5.22_A3_T1.js
./ch15/15.9/15.9.5/15.9.5.22/S15.9.5.22_A3_T2.js
./ch15/15.9/15.9.5/15.9.5.23/S15.9.5.23_A1_T1.js
./ch15/15.9/15.9.5/15.9.5.23/S15.9.5.23_A1_T2.js
./ch15/15.9/15.9.5/15.9.5.23/S15.9.5.23_A3_T1.js
./ch15/15.9/15.9.5/15.9.5.23/S15.9.5.23_A3_T2.js
./ch15/15.9/15.9.5/15.9.5.24/S15.9.5.24_A1_T1.js
./ch15/15.9/15.9.5/15.9.5.24/S15.9.5.24_A1_T2.js
./ch15/15.9/15.9.5/15.9.5.24/S15.9.5.24_A3_T1.js
./ch15/15.9/15.9.5/15.9.5.24/S15.9.5.24_A3_T2.js
./ch15/15.9/15.9.5/15.9.5.25/S15.9.5.25_A1_T1.js
./ch15/15.9/15.9.5/15.9.5.25/S15.9.5.25_A1_T2.js
./ch15/15.9/15.9.5/15.9.5.25/S15.9.5.25_A3_T1.js
./ch15/15.9/15.9.5/15.9.5.25/S15.9.5.25_A3_T2.js
./ch15/15.9/15.9.5/15.9.5.26/S15.9.5.26_A1_T1.js
./ch15/15.9/15.9.5/15.9.5.26/S15.9.5.26_A1_T2.js
./ch15/15.9/15.9.5/15.9.5.26/S15.9.5.26_A3_T1.js
./ch15/15.9/15.9.5/15.9.5.26/S15.9.5.26_A3_T2.js
./ch15/15.9/15.9.5/15.9.5.27/S15.9.5.27_A1_T1.js
./ch15/15.9/15.9.5/15.9.5.27/S15.9.5.27_A1_T2.js
./ch15/15.9/15.9.5/15.9.5.27/S15.9.5.27_A3_T1.js
./ch15/15.9/15.9.5/15.9.5.27/S15.9.5.27_A3_T2.js
./ch15/15.9/15.9.5/15.9.5.28/S15.9.5.28_A1_T1.js
./ch15/15.9/15.9.5/15.9.5.28/S15.9.5.28_A1_T2.js
./ch15/15.9/15.9.5/15.9.5.28/S15.9.5.28_A3_T1.js
./ch15/15.9/15.9.5/15.9.5.28/S15.9.5.28_A3_T2.js
./ch15/15.9/15.9.5/15.9.5.29/S15.9.5.29_A1_T1.js
./ch15/15.9/15.9.5/15.9.5.29/S15.9.5.29_A1_T2.js
./ch15/15.9/15.9.5/15.9.5.29/S15.9.5.29_A3_T1.js
./ch15/15.9/15.9.5/15.9.5.29/S15.9.5.29_A3_T2.js
./ch15/15.9/15.9.5/15.9.5.3/S15.9.5.3_A1_T1.js
./ch15/15.9/15.9.5/15.9.5.3/S15.9.5.3_A1_T2.js
./ch15/15.9/15.9.5/15.9.5.3/S15.9.5.3_A3_T1.js
./ch15/15.9/15.9.5/15.9.5.3/S15.9.5.3_A3_T2.js
./ch15/15.9/15.9.5/15.9.5.30/S15.9.5.30_A1_T1.js
./ch15/15.9/15.9.5/15.9.5.30/S15.9.5.30_A1_T2.js
./ch15/15.9/15.9.5/15.9.5.30/S15.9.5.30_A3_T1.js
./ch15/15.9/15.9.5/15.9.5.30/S15.9.5.30_A3_T2.js
./ch15/15.9/15.9.5/15.9.5.31/S15.9.5.31_A1_T1.js
./ch15/15.9/15.9.5/15.9.5.31/S15.9.5.31_A1_T2.js
./ch15/15.9/15.9.5/15.9.5.31/S15.9.5.31_A3_T1.js
./ch15/15.9/15.9.5/15.9.5.31/S15.9.5.31_A3_T2.js
./ch15/15.9/15.9.5/15.9.5.32/S15.9.5.32_A1_T1.js
./ch15/15.9/15.9.5/15.9.5.32/S15.9.5.32_A1_T2.js
./ch15/15.9/15.9.5/15.9.5.32/S15.9.5.32_A3_T1.js
./ch15/15.9/15.9.5/15.9.5.32/S15.9.5.32_A3_T2.js
./ch15/15.9/15.9.5/15.9.5.33/S15.9.5.33_A1_T1.js
./ch15/15.9/15.9.5/15.9.5.33/S15.9.5.33_A1_T2.js
./ch15/15.9/15.9.5/15.9.5.33/S15.9.5.33_A3_T1.js
./ch15/15.9/15.9.5/15.9.5.33/S15.9.5.33_A3_T2.js
./ch15/15.9/15.9.5/15.9.5.34/S15.9.5.34_A1_T1.js
./ch15/15.9/15.9.5/15.9.5.34/S15.9.5.34_A1_T2.js
./ch15/15.9/15.9.5/15.9.5.34/S15.9.5.34_A3_T1.js
./ch15/15.9/15.9.5/15.9.5.34/S15.9.5.34_A3_T2.js
./ch15/15.9/15.9.5/15.9.5.35/S15.9.5.35_A1_T1.js
./ch15/15.9/15.9.5/15.9.5.35/S15.9.5.35_A1_T2.js
./ch15/15.9/15.9.5/15.9.5.35/S15.9.5.35_A3_T1.js
./ch15/15.9/15.9.5/15.9.5.35/S15.9.5.35_A3_T2.js
./ch15/15.9/15.9.5/15.9.5.36/S15.9.5.36_A1_T1.js
./ch15/15.9/15.9.5/15.9.5.36/S15.9.5.36_A1_T2.js
./ch15/15.9/15.9.5/15.9.5.36/S15.9.5.36_A3_T1.js
./ch15/15.9/15.9.5/15.9.5.36/S15.9.5.36_A3_T2.js
./ch15/15.9/15.9.5/15.9.5.37/S15.9.5.37_A1_T1.js
./ch15/15.9/15.9.5/15.9.5.37/S15.9.5.37_A1_T2.js
./ch15/15.9/15.9.5/15.9.5.37/S15.9.5.37_A3_T1.js
./ch15/15.9/15.9.5/15.9.5.37/S15.9.5.37_A3_T2.js
./ch15/15.9/15.9.5/15.9.5.38/S15.9.5.38_A1_T1.js
./ch15/15.9/15.9.5/15.9.5.38/S15.9.5.38_A1_T2.js
./ch15/15.9/15.9.5/15.9.5.38/S15.9.5.38_A3_T1.js
./ch15/15.9/15.9.5/15.9.5.38/S15.9.5.38_A3_T2.js
./ch15/15.9/15.9.5/15.9.5.39/S15.9.5.39_A1_T1.js
./ch15/15.9/15.9.5/15.9.5.39/S15.9.5.39_A1_T2.js
./ch15/15.9/15.9.5/15.9.5.39/S15.9.5.39_A3_T1.js
./ch15/15.9/15.9.5/15.9.5.39/S15.9.5.39_A3_T2.js
./ch15/15.9/15.9.5/15.9.5.4/S15.9.5.4_A1_T1.js
./ch15/15.9/15.9.5/15.9.5.4/S15.9.5.4_A1_T2.js
./ch15/15.9/15.9.5/15.9.5.4/S15.9.5.4_A3_T1.js
./ch15/15.9/15.9.5/15.9.5.4/S15.9.5.4_A3_T2.js
./ch15/15.9/15.9.5/15.9.5.40/S15.9.5.40_A1_T1.js
./ch15/15.9/15.9.5/15.9.5.40/S15.9.5.40_A1_T2.js
./ch15/15.9/15.9.5/15.9.5.40/S15.9.5.40_A3_T1.js
./ch15/15.9/15.9.5/15.9.5.40/S15.9.5.40_A3_T2.js
./ch15/15.9/15.9.5/15.9.5.41/S15.9.5.41_A1_T1.js
./ch15/15.9/15.9.5/15.9.5.41/S15.9.5.41_A1_T2.js
./ch15/15.9/15.9.5/15.9.5.41/S15.9.5.41_A3_T1.js
./ch15/15.9/15.9.5/15.9.5.41/S15.9.5.41_A3_T2.js
./ch15/15.9/15.9.5/15.9.5.42/S15.9.5.42_A1_T1.js
./ch15/15.9/15.9.5/15.9.5.42/S15.9.5.42_A1_T2.js
./ch15/15.9/15.9.5/15.9.5.42/S15.9.5.42_A3_T1.js
./ch15/15.9/15.9.5/15.9.5.42/S15.9.5.42_A3_T2.js
./ch15/15.9/15.9.5/15.9.5.43/15.9.5.43-0-10.js
./ch15/15.9/15.9.5/15.9.5.43/15.9.5.43-0-11.js
./ch15/15.9/15.9.5/15.9.5.43/15.9.5.43-0-12.js
./ch15/15.9/15.9.5/15.9.5.43/15.9.5.43-0-13.js
./ch15/15.9/15.9.5/15.9.5.43/15.9.5.43-0-14.js
./ch15/15.9/15.9.5/15.9.5.43/15.9.5.43-0-15.js
./ch15/15.9/15.9.5/15.9.5.43/15.9.5.43-0-16.js
./ch15/15.9/15.9.5/15.9.5.43/15.9.5.43-0-4.js
./ch15/15.9/15.9.5/15.9.5.43/15.9.5.43-0-5.js
./ch15/15.9/15.9.5/15.9.5.43/15.9.5.43-0-8.js
./ch15/15.9/15.9.5/15.9.5.43/15.9.5.43-0-9.js
./ch15/15.9/15.9.5/15.9.5.5/S15.9.5.5_A1_T1.js
./ch15/15.9/15.9.5/15.9.5.5/S15.9.5.5_A1_T2.js
./ch15/15.9/15.9.5/15.9.5.5/S15.9.5.5_A3_T1.js
./ch15/15.9/15.9.5/15.9.5.5/S15.9.5.5_A3_T2.js
./ch15/15.9/15.9.5/15.9.5.6/S15.9.5.6_A1_T1.js
./ch15/15.9/15.9.5/15.9.5.6/S15.9.5.6_A1_T2.js
./ch15/15.9/15.9.5/15.9.5.6/S15.9.5.6_A3_T1.js
./ch15/15.9/15.9.5/15.9.5.6/S15.9.5.6_A3_T2.js
./ch15/15.9/15.9.5/15.9.5.7/S15.9.5.7_A1_T1.js
./ch15/15.9/15.9.5/15.9.5.7/S15.9.5.7_A1_T2.js
./ch15/15.9/15.9.5/15.9.5.7/S15.9.5.7_A3_T1.js
./ch15/15.9/15.9.5/15.9.5.7/S15.9.5.7_A3_T2.js
./ch15/15.9/15.9.5/15.9.5.8/S15.9.5.8_A1_T1.js
./ch15/15.9/15.9.5/15.9.5.8/S15.9.5.8_A1_T2.js
./ch15/15.9/15.9.5/15.9.5.8/S15.9.5.8_A3_T1.js
./ch15/15.9/15.9.5/15.9.5.8/S15.9.5.8_A3_T2.js
./ch15/15.9/15.9.5/15.9.5.9/S15.9.5.9_A1_T1.js
./ch15/15.9/15.9.5/15.9.5.9/S15.9.5.9_A1_T2.js
./ch15/15.9/15.9.5/15.9.5.9/S15.9.5.9_A3_T1.js
./ch15/15.9/15.9.5/15.9.5.9/S15.9.5.9_A3_T2.js
./ch10/10.2/10.2.1/10.2.1.1/10.2.1.1.3/10.2.1.1.3-4-16-s.js
./ch10/10.2/10.2.1/10.2.1.1/10.2.1.1.3/10.2.1.1.3-4-18-s.js
./ch10/10.2/10.2.1/10.2.1.1/10.2.1.1.3/10.2.1.1.3-4-22-s.js
./ch10/10.2/10.2.1/10.2.1.1/10.2.1.1.3/10.2.1.1.3-4-27-s.js